2026-08-29 12:49:04,116 INFO:main.py:246:print_splash_screen:PDB2PQR v3.7.1: biomolecular structure conversion software.
2026-08-29 12:49:04,116 INFO:main.py:248:print_splash_screen:Please cite:  Jurrus E, et al.  Improvements to the APBS biomolecular solvation software suite.  Protein Sci 27 112-128 (2018).
2026-08-29 12:49:04,116 INFO:main.py:248:print_splash_screen:Please cite:  Dolinsky TJ, et al.  PDB2PQR: expanding and upgrading automated preparation of biomolecular structures for molecular simulations. Nucleic Acids Res 35 W522-W525 (2007).
2026-08-29 12:49:04,116 INFO:main.py:770:main_driver:Checking and transforming input arguments.
2026-08-29 12:49:04,116 INFO:main.py:774:main_driver:Loading topology files.
2026-08-29 12:49:04,144 INFO:main.py:776:main_driver:Loading molecule: /Users/anishsharma/Library/Mobile Documents/com~apple~CloudDocs/ebv_ms_publication/processed/pmhc_surface_electrostatics_pilot_2026-08-29/prepared_structures/HY15_SEQ_02/HY15_SEQ_02__ebv__EBV_IEDB_1a9b8e312086__s0__hla_only.pdb
2026-08-29 12:49:04,150 INFO:main.py:781:main_driver:Setting up molecule.
2026-08-29 12:49:04,155 INFO:main.py:423:setup_molecule:Created biomolecule object with 367 residues and 3022 atoms.
2026-08-29 12:49:04,155 INFO:main.py:785:main_driver:Setting termini states for biomolecule chains.
2026-08-29 12:49:04,159 INFO:main.py:616:non_trivial:Loading forcefield.
2026-08-29 12:49:04,164 INFO:main.py:620:non_trivial:Loading hydrogen topology definitions.
2026-08-29 12:49:04,165 INFO:main.py:474:is_repairable:This biomolecule is clean.  No repair needed.
2026-08-29 12:49:04,165 INFO:main.py:635:non_trivial:Updating disulfide bridges.
2026-08-29 12:49:04,166 INFO:main.py:638:non_trivial:Debumping biomolecule.
2026-08-29 12:49:04,213 INFO:main.py:645:non_trivial:Assigning titration states with PROPKA.
2026-08-29 12:49:04,222 INFO:output.py:74:print_header:
propka3.5.1                                                                                  2026-08-29

-------------------------------------------------------------------------------
--                                                                           --
--  PROPKA: A PROTEIN PKA PREDICTOR                                          --
--                                                                           --
--  VERSION 1.0,  04/25/2004,  IOWA CITY                                     --
--  BY HUI LI                                                                --
--                                                                           --
--  VERSION 2.0,  11/05/2007, IOWA CITY/COPENHAGEN                           --
--  BY DELPHINE C. BAS AND DAVID M. ROGERS                                   --
--                                                                           --
--  VERSION 3.0,  01/06/2011, COPENHAGEN                                     --
--  BY MATS H.M. OLSSON AND CHRESTEN R. SONDERGARD                           --
--                                                                           --
--  VERSION 3.1,  07/01/2011, COPENHAGEN                                     --
--  BY CHRESTEN R. SONDERGARD AND MATS H.M. OLSSON                           --
--                                                                           --
--  VERSION 3.2,  06/17/2020, PLANET EARTH                                   --
--  SEE ABOVE FOR AUTHORS                                                    --
--                                                                           --
-------------------------------------------------------------------------------


-------------------------------------------------------------------------------
References:

Very Fast Empirical Prediction and Rationalization of Protein pKa Values.
Hui Li, Andrew D. Robertson and Jan H. Jensen. PROTEINS: Structure, Function,
and Bioinformatics. 61:704-721 (2005)

Very Fast Prediction and Rationalization of pKa Values for Protein-Ligand
Complexes.  Delphine C. Bas, David M. Rogers and Jan H. Jensen.  PROTEINS:
Structure, Function, and Bioinformatics 73:765-783 (2008)

PROPKA3: Consistent Treatment of Internal and Surface Residues in Empirical
pKa predictions.  Mats H.M. Olsson, Chresten R. Sondergard, Michal Rostkowski,
and Jan H. Jensen.  Journal of Chemical Theory and Computation, 7(2):525-537
(2011)

Improved Treatment of Ligands and Coupling Effects in Empirical Calculation
and Rationalization of pKa Values.  Chresten R. Sondergaard, Mats H.M. Olsson,
Michal Rostkowski, and Jan H. Jensen.  Journal of Chemical Theory and
Computation, (2011)
-------------------------------------------------------------------------------



2026-08-29 12:49:04,288 INFO:conformation_container.py:124:find_covalently_coupled_groups:Coupling map:
Covalent coupling map for Conformation container 1A with 3599 atoms and 915 groups
            N+    1 B | ASP   1 B | 
N+    1 B             |     X     | 
ASP   1 B       X     |           | 
2026-08-29 12:49:04,288 INFO:conformation_container.py:213:calculate_pka:Calculating pKas for Conformation container 1A with 3599 atoms and 915 groups
2026-08-29 12:49:04,980 INFO:conformation_container.py:235:calculate_pka:Removing penalised groups!!!
2026-08-29 12:49:05,011 INFO:output.py:225:print_pka_section:pKa determinants:

---------  -----   ------   ---------------------    --------------    --------------    --------------
                            DESOLVATION  EFFECTS       SIDECHAIN          BACKBONE        COULOMBIC
 RESIDUE    pKa    BURIED     REGULAR      RE        HYDROGEN BOND     HYDROGEN BOND      INTERACTION
---------  -----   ------   ---------   ---------    --------------    --------------    --------------

ASP  14 A   2.80    28 %    1.49  361   0.05    0   -1.52 ARG   5 B   -0.40 ASP  14 A   -0.02 N+    1 B
ASP  14 A                                            0.00 XXX   0 X    0.00 XXX   0 X   -0.14 ARG   3 B
ASP  14 A                                            0.00 XXX   0 X    0.00 XXX   0 X   -0.47 ARG   5 B

ASP  22 A   6.60   100 %    3.21  623   0.87    0    0.00 XXX   0 X   -0.71 GLY  25 A   -0.16 LYS  11 B
ASP  22 A                                            0.00 XXX   0 X    0.00 XXX   0 X    0.38 ASP  24 A
ASP  22 A                                            0.00 XXX   0 X    0.00 XXX   0 X    0.13 GLU  27 A
ASP  22 A                                            0.00 XXX   0 X    0.00 XXX   0 X    0.15 GLU 138 A
ASP  22 A                                            0.00 XXX   0 X    0.00 XXX   0 X    0.01 GLU  13 B
ASP  22 A                                            0.00 XXX   0 X    0.00 XXX   0 X   -1.07 ARG 143 A

ASP  24 A   3.88    78 %    2.61  501   0.74    0   -1.60 HIS   2 A   -0.79 VAL   3 A   -0.17 N+    1 A
ASP  24 A                                            0.00 XXX   0 X    0.00 XXX   0 X   -0.02 HIS  15 B
ASP  24 A                                            0.00 XXX   0 X    0.00 XXX   0 X   -0.70 HIS   2 A

ASP  26 A   7.34    98 %    3.42  555   0.65    0   -0.47 GLN 148 B   -0.21 TRP 152 B   -0.19 ARG  41 A
ASP  26 A                                            0.00 XXX   0 X    0.00 XXX   0 X   -0.48 ARG 143 A
ASP  26 A                                            0.00 XXX   0 X    0.00 XXX   0 X   -0.17 ARG  92 B
ASP  26 A                                            0.00 XXX   0 X    0.00 XXX   0 X    0.14 ASP  24 A
ASP  26 A                                            0.00 XXX   0 X    0.00 XXX   0 X    0.02 GLU  27 A
ASP  26 A                                            0.00 XXX   0 X    0.00 XXX   0 X    0.31 ASP 151 B
ASP  26 A                                            0.00 XXX   0 X    0.00 XXX   0 X    0.53 ASP  22 A

ASP  32 A   2.83     0 %    0.48  274   0.00    0    0.00 XXX   0 X   -0.25 ALA  34 A   -0.21 LYS  35 A
ASP  32 A                                            0.00 XXX   0 X   -0.85 LYS  35 A   -0.15 HIS  30 A

ASP  63 A  10.12*   88 %    3.27  527   0.66    0    1.64 GLU   8 A    0.00 XXX   0 X   -0.84 ARG  12 B
ASP  63 A                                            0.00 XXX   0 X    0.00 XXX   0 X    0.02 ASP  27 B
ASP  63 A                                            0.00 XXX   0 X    0.00 XXX   0 X    1.55 GLU   8 A

ASP 107 A   4.72    54 %    2.30  433   0.17    0   -0.28 ARG 137 A   -0.48 LYS 108 A   -0.25 LYS 108 A
ASP 107 A                                            0.00 XXX   0 X    0.00 XXX   0 X   -0.32 ARG 143 A
ASP 107 A                                            0.00 XXX   0 X    0.00 XXX   0 X    0.19 GLU  85 A
ASP 107 A                                            0.00 XXX   0 X    0.00 XXX   0 X    0.16 ASP 139 A
ASP 107 A                                            0.00 XXX   0 X    0.00 XXX   0 X   -0.57 ARG 137 A

ASP 139 A   2.02    25 %    1.31  351   0.00    0   -1.32 ARG 137 A   -0.16 ASP 139 A   -0.10 LYS 108 A
ASP 139 A                                            0.00 XXX   0 X   -0.70 LEU 141 A   -0.02 ARG 143 A
ASP 139 A                                            0.00 XXX   0 X    0.00 XXX   0 X   -0.14 LYS  11 B
ASP 139 A                                            0.00 XXX   0 X    0.00 XXX   0 X   -0.17 HIS 140 A
ASP 139 A                                            0.00 XXX   0 X    0.00 XXX   0 X   -0.48 ARG 137 A

ASP 156 A   3.02     2 %    0.54  288   0.00    0   -0.12 ARG 120 A    0.00 XXX   0 X   -0.37 ARG 120 A
ASP 156 A                                           -0.83 ASN 121 A    0.00 XXX   0 X    0.00 XXX   0 X

ASP 159 A   3.89    18 %    0.96  333   0.24    0   -0.73 HIS 174 A    0.00 XXX   0 X    0.04 GLU 176 A
ASP 159 A                                            0.00 XXX   0 X    0.00 XXX   0 X   -0.40 HIS 174 A

ASP 168 A   3.92     0 %    0.12  147   0.00    0    0.00 XXX   0 X    0.00 XXX   0 X    0.00 XXX   0 X

ASP 178 A   4.38     0 %    0.24  265   0.00    0    0.00 XXX   0 X    0.00 XXX   0 X   -0.05 LYS 104 B
ASP 178 A                                            0.00 XXX   0 X    0.00 XXX   0 X   -0.02 HIS 174 A
ASP 178 A                                            0.00 XXX   0 X    0.00 XXX   0 X    0.15 GLU 176 A
ASP 178 A                                            0.00 XXX   0 X    0.00 XXX   0 X    0.26 C-  178 A

GLU   1 A   4.25     0 %    0.30  278   0.00    0    0.00 XXX   0 X   -0.07 ASN  18 B   -0.22 N+    1 A
GLU   1 A                                            0.00 XXX   0 X    0.00 XXX   0 X   -0.32 HIS   2 A
GLU   1 A                                            0.00 XXX   0 X    0.00 XXX   0 X    0.06 ASP  24 A

GLU   8 A   3.10*   97 %    3.59  553   0.28    0   -0.75 GLN   6 A    0.00 XXX   0 X   -2.03 ARG  12 B
GLU   8 A                                           -0.75 ASN  59 A    0.00 XXX   0 X    0.00 XXX   0 X
GLU   8 A                                           -1.64 ASP  63 A    0.00 XXX   0 X    0.00 XXX   0 X
GLU   8 A                                           -0.09 ARG  12 B    0.00 XXX   0 X    0.00 XXX   0 X

GLU  18 A   8.22   100 %    3.49  588   0.64    0    0.00 XXX   0 X   -0.34 PHE 134 A   -0.39 LYS 144 A
GLU  18 A                                            0.00 XXX   0 X    0.00 XXX   0 X    0.29 GLU  27 A
GLU  18 A                                            0.00 XXX   0 X    0.00 XXX   0 X    0.04 GLU 131 A

GLU  27 A   4.60   100 %    3.18  567   0.24    0   -1.60 HIS  30 A    0.00 XXX   0 X   -0.00 ARG 143 A
GLU  27 A                                            0.00 XXX   0 X    0.00 XXX   0 X   -0.01 LYS 144 A
GLU  27 A                                            0.00 XXX   0 X    0.00 XXX   0 X   -1.12 HIS  30 A
GLU  27 A                                            0.00 XXX   0 X    0.00 XXX   0 X   -0.59 ARG  41 A

GLU  37 A   4.71     0 %    0.28  208   0.00    0    0.00 XXX   0 X    0.00 XXX   0 X   -0.23 LYS  35 A
GLU  37 A                                            0.00 XXX   0 X    0.00 XXX   0 X   -0.01 HIS  30 A
GLU  37 A                                            0.00 XXX   0 X    0.00 XXX   0 X    0.16 ASP  32 A

GLU  43 A   3.99     0 %    0.34  173   0.00    0   -0.61 ARG  47 A    0.00 XXX   0 X    0.14 GLU  44 A
GLU  43 A                                            0.00 XXX   0 X    0.00 XXX   0 X   -0.38 ARG  47 A

GLU  44 A   3.84     3 %    0.44  290   0.00    0    0.00 XXX   0 X   -0.77 GLU  44 A   -0.15 ARG  47 A
GLU  44 A                                            0.00 XXX   0 X    0.00 XXX   0 X   -0.17 ARG  92 B

GLU  52 A   3.96     0 %    0.25  203   0.00    0    0.00 XXX   0 X   -0.79 GLN  54 A    0.00 XXX   0 X

GLU  68 A   4.60     0 %    0.27  261   0.00    0    0.00 XXX   0 X    0.00 XXX   0 X   -0.17 LYS  64 A

GLU  85 A   4.16     0 %    0.35  276   0.00    0   -0.21 LYS 108 A    0.00 XXX   0 X   -0.10 ARG 137 A
GLU  85 A                                            0.00 XXX   0 X    0.00 XXX   0 X   -0.02 LYS 173 A
GLU  85 A                                            0.00 XXX   0 X    0.00 XXX   0 X    0.02 ASP 139 A
GLU  85 A                                            0.00 XXX   0 X    0.00 XXX   0 X   -0.38 LYS 108 A

GLU  95 A   4.53     0 %    0.21  259   0.00    0    0.00 XXX   0 X    0.00 XXX   0 X   -0.17 LYS  97 B

GLU  98 A   4.75     0 %    0.20  156   0.00    0    0.00 XXX   0 X    0.00 XXX   0 X   -0.06 ARG  97 A
GLU  98 A                                            0.00 XXX   0 X    0.00 XXX   0 X   -0.05 LYS  97 B
GLU  98 A                                            0.00 XXX   0 X    0.00 XXX   0 X    0.16 GLU  95 A

GLU 131 A   3.31*   45 %    0.97  407   0.14    0   -0.85 LYS 144 A    0.00 XXX   0 X   -0.81 LYS 144 A
GLU 131 A                                            0.00 XXX   0 X    0.00 XXX   0 X   -0.64 HIS 146 A

GLU 138 A   5.09    50 %    0.81  421   0.00    0    0.00 XXX   0 X    0.00 XXX   0 X   -0.02 ARG 137 A
GLU 138 A                                            0.00 XXX   0 X    0.00 XXX   0 X   -0.02 ARG 143 A
GLU 138 A                                            0.00 XXX   0 X    0.00 XXX   0 X   -0.35 LYS  11 B
GLU 138 A                                            0.00 XXX   0 X    0.00 XXX   0 X   -0.25 ARG  28 B
GLU 138 A                                            0.00 XXX   0 X    0.00 XXX   0 X    0.05 ASP 139 A
GLU 138 A                                            0.00 XXX   0 X    0.00 XXX   0 X   -0.21 HIS  15 B
GLU 138 A                                            0.00 XXX   0 X    0.00 XXX   0 X    0.59 GLU  13 B

GLU 155 A   4.43     0 %    0.13  146   0.00    0   -0.27 THR 154 A    0.00 XXX   0 X    0.07 ASP 156 A

GLU 163 A   3.15     0 %    0.41  280   0.00    0   -0.78 ASN 115 A    0.00 XXX   0 X   -0.38 ARG 161 A
GLU 163 A                                           -0.60 ARG 161 A    0.00 XXX   0 X    0.00 XXX   0 X

GLU 169 A   4.61     0 %    0.11  128   0.00    0    0.00 XXX   0 X    0.00 XXX   0 X    0.00 XXX   0 X

GLU 176 A   3.74     0 %    0.28  225   0.00    0   -0.83 HIS 174 A    0.00 XXX   0 X    0.06 C-  178 A
GLU 176 A                                            0.00 XXX   0 X    0.00 XXX   0 X   -0.27 HIS 174 A

C-  178 A   3.35     0 %    0.37  229   0.00    0    0.00 XXX   0 X    0.00 XXX   0 X   -0.22 LYS 104 B

HIS   2 A   7.45    50 %   -1.48  420   0.00    0    1.60 ASP  24 A    0.00 XXX   0 X   -0.21 N+    1 A
HIS   2 A                                            0.00 XXX   0 X    0.00 XXX   0 X    0.32 GLU   1 A
HIS   2 A                                            0.00 XXX   0 X    0.00 XXX   0 X    0.02 GLU  86 B
HIS   2 A                                            0.00 XXX   0 X    0.00 XXX   0 X    0.70 ASP  24 A

HIS  30 A   7.31    72 %   -2.00  483   0.00    0    1.60 GLU  27 A    0.00 XXX   0 X   -0.06 ARG  41 A
HIS  30 A                                            0.00 XXX   0 X    0.00 XXX   0 X   -0.01 LYS 144 A
HIS  30 A                                            0.00 XXX   0 X    0.00 XXX   0 X    0.15 ASP  32 A
HIS  30 A                                            0.00 XXX   0 X    0.00 XXX   0 X    0.01 GLU  37 A
HIS  30 A                                            0.00 XXX   0 X    0.00 XXX   0 X    1.12 GLU  27 A

HIS 140 A   3.20    66 %   -2.32  465   0.00    0    0.00 XXX   0 X    0.00 ASP 139 A   -0.00 ARG 137 A
HIS 140 A                                            0.00 XXX   0 X    0.00 XXX   0 X   -1.11 LYS  11 B
HIS 140 A                                            0.00 XXX   0 X    0.00 XXX   0 X   -0.51 ARG  28 B
HIS 140 A                                            0.00 XXX   0 X    0.00 XXX   0 X   -0.04 ARG  38 B
HIS 140 A                                            0.00 XXX   0 X    0.00 XXX   0 X    0.17 ASP 139 A
HIS 140 A                                            0.00 XXX   0 X    0.00 XXX   0 X    0.25 GLU  13 B
HIS 140 A                                            0.00 XXX   0 X    0.00 XXX   0 X    0.27 GLU  35 B

HIS 146 A   3.61*   75 %   -2.46  490   0.00    0    0.00 XXX   0 X    0.00 XXX   0 X   -1.08 LYS 144 A
HIS 146 A                                            0.00 XXX   0 X    0.00 XXX   0 X    0.64 GLU 131 A

HIS 164 A   4.68    72 %   -2.44  484   0.00    0    0.00 XXX   0 X    0.62 PRO 111 A    0.00 XXX   0 X

HIS 174 A   8.20     7 %   -0.55  301   0.00    0    0.73 ASP 159 A    0.00 XXX   0 X    0.02 ASP 178 A
HIS 174 A                                            0.83 GLU 176 A    0.00 XXX   0 X    0.40 ASP 159 A
HIS 174 A                                            0.00 XXX   0 X    0.00 XXX   0 X    0.27 GLU 176 A

CYS 104 A  99.99     0 %    0.00    0   0.00    0    0.00 XXX   0 X    0.00 XXX   0 X    0.00 XXX   0 X

CYS 160 A  99.99     0 %    0.00    0   0.00    0    0.00 XXX   0 X    0.00 XXX   0 X    0.00 XXX   0 X

TYR  10 A  10.82    22 %    1.14  344   0.00    0   -0.02 LYS  64 A    0.00 XXX   0 X    0.01 ASP  14 A
TYR  10 A                                            0.00 XXX   0 X    0.00 XXX   0 X    0.08 GLU  68 A
TYR  10 A                                            0.00 XXX   0 X    0.00 XXX   0 X   -0.40 LYS  64 A

TYR  76 A  10.07     0 %    0.23  187   0.00    0    0.00 XXX   0 X    0.00 XXX   0 X    0.01 GLU  68 A
TYR  76 A                                            0.00 XXX   0 X    0.00 XXX   0 X   -0.16 LYS  72 A

TYR 147 A  13.29    89 %    3.59  531   0.00    0   -0.46 ARG  41 A    0.00 XXX   0 X    0.22 ASP  26 A
TYR 147 A                                            0.00 XXX   0 X    0.00 XXX   0 X    0.10 GLU  27 A
TYR 147 A                                            0.00 XXX   0 X    0.00 XXX   0 X   -0.93 ARG  41 A
TYR 147 A                                            0.00 XXX   0 X    0.00 XXX   0 X   -0.03 ARG 143 A
TYR 147 A                                            0.00 XXX   0 X    0.00 XXX   0 X    0.80 ASP 151 B

TYR 158 A  11.58    37 %    1.48  386   0.00    0    0.00 XXX   0 X    0.00 XXX   0 X   -0.25 ARG 120 A
TYR 158 A                                            0.00 XXX   0 X    0.00 XXX   0 X    0.35 ASP 156 A

LYS  35 A  10.83     0 %   -0.11  136   0.00    0    0.00 XXX   0 X    0.00 XXX   0 X    0.21 ASP  32 A
LYS  35 A                                            0.00 XXX   0 X    0.00 XXX   0 X    0.23 GLU  37 A

LYS  36 A  10.38     0 %   -0.12  148   0.00    0    0.00 XXX   0 X    0.00 XXX   0 X    0.00 XXX   0 X

LYS  64 A  10.84     0 %   -0.24  240   0.00    0    0.02 TYR  10 A    0.00 XXX   0 X    0.17 GLU  68 A
LYS  64 A                                            0.00 XXX   0 X    0.00 XXX   0 X    0.40 TYR  10 A

LYS  72 A  10.59     0 %   -0.07  127   0.00    0    0.00 XXX   0 X    0.00 XXX   0 X    0.16 TYR  76 A

LYS 108 A  10.95     0 %   -0.25  250   0.00    0    0.21 GLU  85 A    0.00 XXX   0 X    0.25 ASP 107 A
LYS 108 A                                            0.00 XXX   0 X    0.00 XXX   0 X   -0.23 ARG 137 A
LYS 108 A                                            0.00 XXX   0 X    0.00 XXX   0 X    0.10 ASP 139 A
LYS 108 A                                            0.00 XXX   0 X    0.00 XXX   0 X    0.38 GLU  85 A

LYS 123 A  10.31     0 %   -0.13  131   0.00    0    0.00 XXX   0 X    0.00 XXX   0 X   -0.06 ARG 120 A

LYS 144 A   9.48    84 %   -3.08  516   0.00    0    0.85 GLU 131 A    0.00 XXX   0 X    0.39 GLU  18 A
LYS 144 A                                            0.00 XXX   0 X    0.00 XXX   0 X    0.01 GLU  27 A
LYS 144 A                                            0.00 XXX   0 X    0.00 XXX   0 X    0.81 GLU 131 A

LYS 173 A  10.28     0 %   -0.24  279   0.00    0    0.00 XXX   0 X    0.00 XXX   0 X    0.02 GLU  85 A

ARG  41 A  13.27    77 %   -1.84  496   0.00    0    0.46 TYR 147 A    0.00 XXX   0 X    0.19 ASP  26 A
ARG  41 A                                            0.00 XXX   0 X    0.00 XXX   0 X    0.93 TYR 147 A
ARG  41 A                                            0.00 XXX   0 X    0.00 XXX   0 X    0.44 ASP 151 B
ARG  41 A                                            0.00 XXX   0 X    0.00 XXX   0 X    0.59 GLU  27 A

ARG  47 A  13.36     0 %   -0.29  156   0.00    0    0.61 GLU  43 A    0.00 XXX   0 X    0.15 GLU  44 A
ARG  47 A                                            0.00 XXX   0 X    0.00 XXX   0 X    0.38 GLU  43 A

ARG  73 A  13.00    35 %   -1.13  378   0.00    0    1.03 ASP  56 B    0.00 XXX   0 X    0.60 ASP  56 B

ARG  97 A  12.38     0 %   -0.17  135   0.00    0    0.00 XXX   0 X    0.00 XXX   0 X    0.06 GLU  98 A

ARG 120 A  12.97     0 %   -0.27  265   0.00    0    0.12 ASP 156 A    0.00 XXX   0 X    0.37 ASP 156 A
ARG 120 A                                            0.00 XXX   0 X    0.00 XXX   0 X    0.25 TYR 158 A

ARG 137 A  14.20    27 %   -1.08  356   0.00    0    0.28 ASP 107 A    0.00 XXX   0 X    0.10 GLU  85 A
ARG 137 A                                            1.32 ASP 139 A    0.00 XXX   0 X    0.02 GLU 138 A
ARG 137 A                                            0.00 XXX   0 X    0.00 XXX   0 X    0.57 ASP 107 A
ARG 137 A                                            0.00 XXX   0 X    0.00 XXX   0 X    0.48 ASP 139 A

ARG 143 A  11.74   100 %   -2.51  575   0.00    0    0.00 XXX   0 X    0.00 XXX   0 X    0.48 ASP  26 A
ARG 143 A                                            0.00 XXX   0 X    0.00 XXX   0 X    0.00 GLU  27 A
ARG 143 A                                            0.00 XXX   0 X    0.00 XXX   0 X    0.32 ASP 107 A
ARG 143 A                                            0.00 XXX   0 X    0.00 XXX   0 X    0.02 GLU 138 A
ARG 143 A                                            0.00 XXX   0 X    0.00 XXX   0 X    0.02 ASP 139 A
ARG 143 A                                            0.00 XXX   0 X    0.00 XXX   0 X    0.03 TYR 147 A
ARG 143 A                                            0.00 XXX   0 X    0.00 XXX   0 X   -0.19 ARG 137 A
ARG 143 A                                            0.00 XXX   0 X    0.00 XXX   0 X    1.07 ASP  22 A

ARG 161 A  13.09     0 %   -0.39  258   0.00    0    0.60 GLU 163 A    0.00 XXX   0 X    0.38 GLU 163 A

N+    1 A   7.67     9 %   -0.67  307   0.00    0    0.00 XXX   0 X    0.00 XXX   0 X    0.22 GLU   1 A
N+    1 A                                            0.00 XXX   0 X    0.00 XXX   0 X    0.17 ASP  24 A
N+    1 A                                            0.00 XXX   0 X    0.00 XXX   0 X   -0.04 ARG  22 B

ASP  27 B   5.08   100 %    3.47  597   0.39    0   -0.46 ARG  12 B    0.00 XXX   0 X    0.22 GLU   8 A
ASP  27 B                                           -0.78 TYR  29 B    0.00 XXX   0 X   -1.57 ARG  12 B

ASP  40 B   2.21    25 %    1.30  352   0.07    0   -1.41 ARG  24 B   -0.80 ASP  42 B   -0.01 ARG  22 B
ASP  40 B                                            0.00 XXX   0 X    0.00 XXX   0 X   -0.02 ARG  28 B
ASP  40 B                                            0.00 XXX   0 X    0.00 XXX   0 X   -0.20 ARG  38 B
ASP  40 B                                            0.00 XXX   0 X    0.00 XXX   0 X   -0.02 ARG  47 B
ASP  40 B                                            0.00 XXX   0 X    0.00 XXX   0 X   -0.05 HIS  15 B
ASP  40 B                                            0.00 XXX   0 X    0.00 XXX   0 X   -0.45 ARG  24 B

ASP  42 B   4.08     6 %    0.47  297   0.00    0    0.00 XXX   0 X    0.00 XXX   0 X   -0.19 ARG  22 B
ASP  42 B                                            0.00 XXX   0 X    0.00 XXX   0 X   -0.32 ARG  24 B
ASP  42 B                                            0.00 XXX   0 X    0.00 XXX   0 X   -0.02 HIS  15 B
ASP  42 B                                            0.00 XXX   0 X    0.00 XXX   0 X    0.34 ASP  40 B

ASP  56 B   4.21    53 %    1.70  430   0.34    0   -1.03 ARG  73 A    0.00 XXX   0 X   -0.60 ARG  73 A

ASP  65 B   3.48     0 %    0.33  179   0.00    0    0.00 XXX   0 X   -0.27 ASP  65 B    0.00 XXX   0 X
ASP  65 B                                            0.00 XXX   0 X   -0.38 ILE  66 B    0.00 XXX   0 X

ASP  75 B   3.43     0 %    0.32  262   0.00    0   -0.39 ARG  79 B    0.00 XXX   0 X   -0.30 ARG  79 B

ASP 151 B   4.52    84 %    2.24  517   0.25    0   -0.85 THR 153 B   -0.23 ASP 151 B   -0.44 ARG  41 A
ASP 151 B                                            0.00 XXX   0 X   -0.11 THR 153 B   -0.15 ARG  92 B

GLU  13 B   2.51    83 %    2.41  514   0.17    0   -1.60 HIS  15 B    0.00 XXX   0 X   -0.46 LYS  11 B
GLU  13 B                                           -0.60 ARG  28 B    0.00 XXX   0 X   -0.07 ARG  24 B
GLU  13 B                                            0.00 XXX   0 X    0.00 XXX   0 X   -0.17 ARG  38 B
GLU  13 B                                            0.00 XXX   0 X    0.00 XXX   0 X   -0.25 HIS 140 A
GLU  13 B                                            0.00 XXX   0 X    0.00 XXX   0 X    0.02 ASP  40 B
GLU  13 B                                            0.00 XXX   0 X    0.00 XXX   0 X   -0.61 HIS  15 B
GLU  13 B                                            0.00 XXX   0 X    0.00 XXX   0 X   -0.85 ARG  28 B

GLU  21 B   4.51     0 %    0.20  118   0.00    0   -0.19 ASN  18 B    0.00 XXX   0 X   -0.01 ARG  79 B

GLU  34 B   4.80    23 %    0.62  346   0.08    0   -0.41 THR  50 B    0.00 XXX   0 X    0.00 XXX   0 X

GLU  35 B   2.85    58 %    2.42  445   0.21    0   -1.57 ARG  28 B    0.00 XXX   0 X   -0.06 LYS  11 B
GLU  35 B                                           -1.26 ARG  38 B    0.00 XXX   0 X   -0.27 HIS 140 A
GLU  35 B                                            0.00 XXX   0 X    0.00 XXX   0 X    0.21 GLU  13 B
GLU  35 B                                            0.00 XXX   0 X    0.00 XXX   0 X    0.02 ASP  40 B
GLU  35 B                                            0.00 XXX   0 X    0.00 XXX   0 X   -0.73 ARG  28 B
GLU  35 B                                            0.00 XXX   0 X    0.00 XXX   0 X   -0.63 ARG  38 B

GLU  45 B   3.56     0 %    0.31  264   0.00    0   -0.82 ARG  47 B    0.00 XXX   0 X   -0.09 ARG  71 B
GLU  45 B                                            0.00 XXX   0 X    0.00 XXX   0 X   -0.34 ARG  47 B

GLU  51 B   4.35     0 %    0.24  161   0.00    0    0.00 XXX   0 X    0.00 XXX   0 X   -0.38 ARG  54 B

GLU  58 B   4.59     0 %    0.24  187   0.00    0    0.00 XXX   0 X    0.00 XXX   0 X   -0.18 ARG  54 B
GLU  58 B                                            0.00 XXX   0 X    0.00 XXX   0 X    0.04 GLU  51 B

GLU  68 B   4.71     0 %    0.18  147   0.00    0    0.00 XXX   0 X    0.00 XXX   0 X   -0.04 ARG  71 B
GLU  68 B                                            0.00 XXX   0 X    0.00 XXX   0 X    0.08 ASP  65 B

GLU  86 B   4.33     2 %    0.45  286   0.00    0   -0.59 GLN  91 B    0.00 XXX   0 X   -0.02 ARG  93 B
GLU  86 B                                            0.00 XXX   0 X    0.00 XXX   0 X   -0.02 HIS   2 A

GLU 127 B   3.89     0 %    0.24  232   0.00    0   -0.53 ARG 129 B    0.00 XXX   0 X   -0.33 ARG 129 B

GLU 136 B   4.40     0 %    0.46  228   0.00    0   -0.03 ARG 129 B    0.00 XXX   0 X   -0.27 ARG 129 B
GLU 136 B                                            0.00 XXX   0 X    0.00 XXX   0 X   -0.28 LYS 138 B
GLU 136 B                                            0.00 XXX   0 X    0.00 XXX   0 X    0.03 GLU 127 B

GLU 137 B   5.01     7 %    0.41  301   0.06    0    0.00 XXX   0 X    0.00 XXX   0 X    0.01 GLU 136 B
GLU 137 B                                            0.00 XXX   0 X    0.00 XXX   0 X    0.04 GLU 168 B

GLU 161 B   4.55     0 %    0.26  246   0.00    0    0.00 XXX   0 X    0.00 XXX   0 X   -0.22 HIS 111 B

GLU 168 B   3.71     0 %    0.59  270   0.00    0   -0.55 TYR 170 B   -0.68 ARG 165 B   -0.20 ARG 165 B
GLU 168 B                                            0.00 XXX   0 X    0.00 XXX   0 X    0.04 C-  189 B

GLU 175 B   4.86     0 %    0.33  247   0.00    0   -0.01 ARG 129 B    0.00 XXX   0 X   -0.30 ARG 129 B
GLU 175 B                                            0.00 XXX   0 X    0.00 XXX   0 X    0.30 GLU 127 B
GLU 175 B                                            0.00 XXX   0 X    0.00 XXX   0 X    0.04 GLU 136 B

GLU 186 B   3.94     0 %    0.28  230   0.00    0   -0.49 ARG 188 B    0.00 XXX   0 X   -0.35 ARG 188 B

C-  189 B   3.39     0 %    0.32  201   0.00    0    0.00 XXX   0 X   -0.11 GLY 167 B   -0.02 ARG 188 B

HIS  15 B   7.10    56 %   -1.49  438   0.00    0    1.60 GLU  13 B    0.00 XXX   0 X   -0.09 N+    1 A
HIS  15 B                                            0.00 XXX   0 X    0.00 XXX   0 X   -0.02 ARG  22 B
HIS  15 B                                            0.00 XXX   0 X    0.00 XXX   0 X   -0.18 ARG  24 B
HIS  15 B                                            0.00 XXX   0 X    0.00 XXX   0 X   -0.11 ARG  28 B
HIS  15 B                                            0.00 XXX   0 X    0.00 XXX   0 X   -0.02 ARG  38 B
HIS  15 B                                            0.00 XXX   0 X    0.00 XXX   0 X    0.02 ASP  24 A
HIS  15 B                                            0.00 XXX   0 X    0.00 XXX   0 X    0.21 GLU 138 A
HIS  15 B                                            0.00 XXX   0 X    0.00 XXX   0 X    0.05 ASP  40 B
HIS  15 B                                            0.00 XXX   0 X    0.00 XXX   0 X    0.02 ASP  42 B
HIS  15 B                                            0.00 XXX   0 X    0.00 XXX   0 X    0.61 GLU  13 B

HIS  80 B   6.20     3 %   -0.30  290   0.00    0    0.00 XXX   0 X    0.00 XXX   0 X    0.00 XXX   0 X

HIS 110 B   6.27     0 %   -0.16  108   0.00    0    0.00 XXX   0 X    0.00 XXX   0 X   -0.07 HIS 111 B

HIS 111 B   6.43     0 %   -0.29  220   0.00    0    0.00 XXX   0 X    0.00 XXX   0 X    0.22 GLU 161 B

HIS 176 B   5.37    42 %   -1.90  399   0.00    0    0.00 XXX   0 X    0.81 PRO 123 B   -0.04 ARG  93 B

CYS  14 B  99.99     0 %    0.00    0   0.00    0    0.00 XXX   0 X    0.00 XXX   0 X    0.00 XXX   0 X

CYS  78 B  99.99     0 %    0.00    0   0.00    0    0.00 XXX   0 X    0.00 XXX   0 X    0.00 XXX   0 X

CYS 116 B  99.99     0 %    0.00    0   0.00    0    0.00 XXX   0 X    0.00 XXX   0 X    0.00 XXX   0 X

CYS 172 B  99.99     0 %    0.00    0   0.00    0    0.00 XXX   0 X    0.00 XXX   0 X    0.00 XXX   0 X

TYR  29 B  13.86   100 %    2.99  587   0.00    0   -0.83 ARG  12 B    0.00 XXX   0 X    0.39 GLU   8 A
TYR  29 B                                            0.78 ASP  27 B    0.00 XXX   0 X    0.31 ASP  63 A
TYR  29 B                                            0.00 XXX   0 X    0.00 XXX   0 X   -1.93 ARG  12 B
TYR  29 B                                            0.00 XXX   0 X    0.00 XXX   0 X    0.07 ASP  56 B
TYR  29 B                                            0.00 XXX   0 X    0.00 XXX   0 X    0.04 TYR  77 B
TYR  29 B                                            0.00 XXX   0 X    0.00 XXX   0 X    2.03 ASP  27 B

TYR  31 B  11.00    50 %    2.44  422   0.00    0   -0.56 THR  71 A    0.00 XXX   0 X    0.02 GLU  34 B
TYR  31 B                                           -0.85 SER  74 A    0.00 XXX   0 X    0.02 TYR  76 A
TYR  31 B                                           -0.07 ASN  32 B    0.00 XXX   0 X    0.00 XXX   0 X

TYR  59 B  10.29     0 %    0.21  188   0.00    0    0.00 XXX   0 X    0.00 XXX   0 X    0.08 ASP  65 B

TYR  77 B  13.79   100 %    3.77  588   0.00    0    0.00 XXX   0 X    0.00 XXX   0 X    0.33 GLU   8 A
TYR  77 B                                            0.00 XXX   0 X    0.00 XXX   0 X   -0.62 ARG  12 B
TYR  77 B                                            0.00 XXX   0 X    0.00 XXX   0 X    0.31 ASP  27 B

TYR  82 B  11.38    22 %    0.96  343   0.00    0    0.00 XXX   0 X    0.00 XXX   0 X    0.17 GLU   1 A
TYR  82 B                                            0.00 XXX   0 X    0.00 XXX   0 X    0.05 ASP  24 A
TYR  82 B                                            0.00 XXX   0 X    0.00 XXX   0 X    0.20 GLU  86 B

TYR 101 B  11.43    59 %    1.43  446   0.00    0    0.00 XXX   0 X    0.00 XXX   0 X    0.00 XXX   0 X

TYR 122 B  14.22    80 %    2.94  506   0.00    0    0.00 XXX   0 X    0.00 XXX   0 X    0.15 ASP  22 A
TYR 122 B                                            0.00 XXX   0 X    0.00 XXX   0 X   -0.24 ARG  92 B
TYR 122 B                                            0.00 XXX   0 X    0.00 XXX   0 X    0.59 ASP  24 A
TYR 122 B                                            0.00 XXX   0 X    0.00 XXX   0 X    0.78 ASP  26 A

TYR 170 B  11.82    27 %    1.38  357   0.00    0   -0.59 THR 162 B    0.00 XXX   0 X    0.11 GLU 137 B
TYR 170 B                                            0.55 GLU 168 B    0.00 XXX   0 X   -0.08 ARG 165 B
TYR 170 B                                            0.00 XXX   0 X    0.00 XXX   0 X    0.03 C-  189 B
TYR 170 B                                            0.00 XXX   0 X    0.00 XXX   0 X    0.42 GLU 168 B

LYS  11 B   7.72    98 %   -3.51  555   0.00    0    0.00 XXX   0 X    0.00 XXX   0 X    0.16 ASP  22 A
LYS  11 B                                            0.00 XXX   0 X    0.00 XXX   0 X   -0.03 ARG 137 A
LYS  11 B                                            0.00 XXX   0 X    0.00 XXX   0 X    0.35 GLU 138 A
LYS  11 B                                            0.00 XXX   0 X    0.00 XXX   0 X    0.14 ASP 139 A
LYS  11 B                                            0.00 XXX   0 X    0.00 XXX   0 X   -0.09 ARG 143 A
LYS  11 B                                            0.00 XXX   0 X    0.00 XXX   0 X    0.46 GLU  13 B
LYS  11 B                                            0.00 XXX   0 X    0.00 XXX   0 X   -0.31 ARG  28 B
LYS  11 B                                            0.00 XXX   0 X    0.00 XXX   0 X    0.06 GLU  35 B

LYS  64 B  10.45     0 %   -0.05   98   0.00    0    0.00 XXX   0 X    0.00 XXX   0 X    0.00 XXX   0 X

LYS  97 B  10.48     6 %   -0.24  297   0.00    0    0.00 XXX   0 X    0.00 XXX   0 X    0.17 GLU  95 A
LYS  97 B                                            0.00 XXX   0 X    0.00 XXX   0 X    0.05 GLU  98 A

LYS 104 B  10.56     0 %   -0.22  258   0.00    0    0.00 XXX   0 X    0.00 XXX   0 X    0.05 ASP 178 A
LYS 104 B                                            0.00 XXX   0 X    0.00 XXX   0 X    0.22 C-  178 A

LYS 138 B  10.61     0 %   -0.11  129   0.00    0    0.00 XXX   0 X    0.00 XXX   0 X   -0.06 ARG 129 B
LYS 138 B                                            0.00 XXX   0 X    0.00 XXX   0 X    0.28 GLU 136 B

ARG   3 B  12.07     0 %   -0.32  190   0.00    0    0.00 XXX   0 X    0.00 XXX   0 X    0.14 ASP  14 A
ARG   3 B                                            0.00 XXX   0 X    0.00 XXX   0 X   -0.25 ARG   5 B

ARG   5 B  13.23    15 %   -1.25  324   0.00    0    1.52 ASP  14 A    0.00 XXX   0 X    0.47 ASP  14 A

ARG  12 B  18.30   100 %   -2.57  575   0.00    0    0.83 TYR  29 B    0.00 XXX   0 X    0.84 ASP  63 A
ARG  12 B                                            0.09 GLU   8 A    0.00 XXX   0 X    1.93 TYR  29 B
ARG  12 B                                            0.46 ASP  27 B    0.00 XXX   0 X    0.62 TYR  77 B
ARG  12 B                                            0.00 XXX   0 X    0.00 XXX   0 X    2.03 GLU   8 A
ARG  12 B                                            0.00 XXX   0 X    0.00 XXX   0 X    1.57 ASP  27 B

ARG  22 B  12.31     0 %   -0.30  215   0.00    0    0.00 XXX   0 X    0.00 XXX   0 X    0.01 ASP  40 B
ARG  22 B                                            0.00 XXX   0 X    0.00 XXX   0 X    0.19 ASP  42 B
ARG  22 B                                            0.00 XXX   0 X    0.00 XXX   0 X   -0.09 ARG  24 B

ARG  24 B  14.18    11 %   -0.52  311   0.00    0    1.41 ASP  40 B    0.00 XXX   0 X    0.07 GLU  13 B
ARG  24 B                                            0.00 XXX   0 X    0.00 XXX   0 X    0.32 ASP  42 B
ARG  24 B                                            0.00 XXX   0 X    0.00 XXX   0 X   -0.04 ARG  28 B
ARG  24 B                                            0.00 XXX   0 X    0.00 XXX   0 X    0.45 ASP  40 B

ARG  28 B  14.74    58 %   -1.78  445   0.00    0    0.60 GLU  13 B    0.00 XXX   0 X    0.25 GLU 138 A
ARG  28 B                                            1.57 GLU  35 B    0.00 XXX   0 X    0.02 ASP  40 B
ARG  28 B                                            0.00 XXX   0 X    0.00 XXX   0 X    0.85 GLU  13 B
ARG  28 B                                            0.00 XXX   0 X    0.00 XXX   0 X    0.73 GLU  35 B

ARG  38 B  13.18    37 %   -0.95  386   0.00    0    1.26 GLU  35 B    0.00 XXX   0 X    0.17 GLU  13 B
ARG  38 B                                            0.00 XXX   0 X    0.00 XXX   0 X    0.20 ASP  40 B
ARG  38 B                                            0.00 XXX   0 X    0.00 XXX   0 X   -0.14 ARG  24 B
ARG  38 B                                            0.00 XXX   0 X    0.00 XXX   0 X   -0.49 ARG  28 B
ARG  38 B                                            0.00 XXX   0 X    0.00 XXX   0 X    0.63 GLU  35 B

ARG  47 B  13.36     0 %   -0.31  247   0.00    0    0.82 GLU  45 B    0.00 XXX   0 X    0.02 ASP  40 B
ARG  47 B                                            0.00 XXX   0 X    0.00 XXX   0 X    0.34 GLU  45 B

ARG  54 B  12.89     0 %   -0.18  155   0.00    0    0.00 XXX   0 X    0.00 XXX   0 X    0.38 GLU  51 B
ARG  54 B                                            0.00 XXX   0 X    0.00 XXX   0 X    0.18 GLU  58 B

ARG  71 B  12.25     0 %   -0.38  248   0.00    0    0.00 XXX   0 X    0.00 XXX   0 X    0.09 GLU  45 B
ARG  71 B                                            0.00 XXX   0 X    0.00 XXX   0 X    0.04 GLU  68 B

ARG  79 B  12.66     5 %   -0.54  295   0.00    0    0.39 ASP  75 B    0.00 XXX   0 X    0.01 GLU  21 B
ARG  79 B                                            0.00 XXX   0 X    0.00 XXX   0 X    0.30 ASP  75 B

ARG  92 B  11.45    59 %   -1.79  446   0.00    0    0.00 XXX   0 X    0.00 XXX   0 X    0.17 ASP  26 A
ARG  92 B                                            0.00 XXX   0 X    0.00 XXX   0 X    0.17 GLU  44 A
ARG  92 B                                            0.00 XXX   0 X    0.00 XXX   0 X    0.24 TYR 122 B
ARG  92 B                                            0.00 XXX   0 X    0.00 XXX   0 X    0.15 ASP 151 B

ARG  93 B  12.28     0 %   -0.24  257   0.00    0    0.00 XXX   0 X    0.00 XXX   0 X    0.02 GLU  86 B

ARG 129 B  13.66     0 %   -0.31  261   0.00    0    0.03 GLU 136 B    0.00 XXX   0 X    0.27 GLU 136 B
ARG 129 B                                            0.01 GLU 175 B    0.00 XXX   0 X    0.30 GLU 175 B
ARG 129 B                                            0.53 GLU 127 B    0.00 XXX   0 X    0.33 GLU 127 B

ARG 165 B  12.60     0 %   -0.17  166   0.00    0    0.00 XXX   0 X    0.00 XXX   0 X    0.20 GLU 168 B
ARG 165 B                                            0.00 XXX   0 X    0.00 XXX   0 X    0.08 TYR 170 B

ARG 188 B  13.13     0 %   -0.23  172   0.00    0    0.49 GLU 186 B    0.00 XXX   0 X    0.02 C-  189 B
ARG 188 B                                            0.00 XXX   0 X    0.00 XXX   0 X    0.35 GLU 186 B

N+    1 B   7.61     0 %   -0.22  194   0.00    0    0.00 XXX   0 X    0.00 XXX   0 X    0.02 ASP  14 A
N+    1 B                                            0.00 XXX   0 X    0.00 XXX   0 X   -0.07 ARG   3 B
N+    1 B                                            0.00 XXX   0 X    0.00 XXX   0 X   -0.11 ARG   5 B

Coupled residues (marked *) were detected.Please rerun PropKa with the --display-coupled-residues 
or -d option for detailed information.

2026-08-29 12:49:05,011 INFO:output.py:227:print_pka_section:pKa summary:
--------------------------------------------------------------------------------------------------------
SUMMARY OF THIS PREDICTION
       Group      pKa  model-pKa   ligand atom-type
   ASP  14 A     2.80       3.80                      
   ASP  22 A     6.60       3.80                      
   ASP  24 A     3.88       3.80                      
   ASP  26 A     7.34       3.80                      
   ASP  32 A     2.83       3.80                      
   ASP  63 A    10.12       3.80                      
   ASP 107 A     4.72       3.80                      
   ASP 139 A     2.02       3.80                      
   ASP 156 A     3.02       3.80                      
   ASP 159 A     3.89       3.80                      
   ASP 168 A     3.92       3.80                      
   ASP 178 A     4.38       3.80                      
   ASP  27 B     5.08       3.80                      
   ASP  40 B     2.21       3.80                      
   ASP  42 B     4.08       3.80                      
   ASP  56 B     4.21       3.80                      
   ASP  65 B     3.48       3.80                      
   ASP  75 B     3.43       3.80                      
   ASP 151 B     4.52       3.80                      
   GLU   1 A     4.25       4.50                      
   GLU   8 A     3.10       4.50                      
   GLU  18 A     8.22       4.50                      
   GLU  27 A     4.60       4.50                      
   GLU  37 A     4.71       4.50                      
   GLU  43 A     3.99       4.50                      
   GLU  44 A     3.84       4.50                      
   GLU  52 A     3.96       4.50                      
   GLU  68 A     4.60       4.50                      
   GLU  85 A     4.16       4.50                      
   GLU  95 A     4.53       4.50                      
   GLU  98 A     4.75       4.50                      
   GLU 131 A     3.31       4.50                      
   GLU 138 A     5.09       4.50                      
   GLU 155 A     4.43       4.50                      
   GLU 163 A     3.15       4.50                      
   GLU 169 A     4.61       4.50                      
   GLU 176 A     3.74       4.50                      
   GLU  13 B     2.51       4.50                      
   GLU  21 B     4.51       4.50                      
   GLU  34 B     4.80       4.50                      
   GLU  35 B     2.85       4.50                      
   GLU  45 B     3.56       4.50                      
   GLU  51 B     4.35       4.50                      
   GLU  58 B     4.59       4.50                      
   GLU  68 B     4.71       4.50                      
   GLU  86 B     4.33       4.50                      
   GLU 127 B     3.89       4.50                      
   GLU 136 B     4.40       4.50                      
   GLU 137 B     5.01       4.50                      
   GLU 161 B     4.55       4.50                      
   GLU 168 B     3.71       4.50                      
   GLU 175 B     4.86       4.50                      
   GLU 186 B     3.94       4.50                      
   C-  178 A     3.35       3.20                      
   C-  189 B     3.39       3.20                      
   HIS   2 A     7.45       6.50                      
   HIS  30 A     7.31       6.50                      
   HIS 140 A     3.20       6.50                      
   HIS 146 A     3.61       6.50                      
   HIS 164 A     4.68       6.50                      
   HIS 174 A     8.20       6.50                      
   HIS  15 B     7.10       6.50                      
   HIS  80 B     6.20       6.50                      
   HIS 110 B     6.27       6.50                      
   HIS 111 B     6.43       6.50                      
   HIS 176 B     5.37       6.50                      
   CYS 104 A    99.99       9.00                      
   CYS 160 A    99.99       9.00                      
   CYS  14 B    99.99       9.00                      
   CYS  78 B    99.99       9.00                      
   CYS 116 B    99.99       9.00                      
   CYS 172 B    99.99       9.00                      
   TYR  10 A    10.82      10.00                      
   TYR  76 A    10.07      10.00                      
   TYR 147 A    13.29      10.00                      
   TYR 158 A    11.58      10.00                      
   TYR  29 B    13.86      10.00                      
   TYR  31 B    11.00      10.00                      
   TYR  59 B    10.29      10.00                      
   TYR  77 B    13.79      10.00                      
   TYR  82 B    11.38      10.00                      
   TYR 101 B    11.43      10.00                      
   TYR 122 B    14.22      10.00                      
   TYR 170 B    11.82      10.00                      
   LYS  35 A    10.83      10.50                      
   LYS  36 A    10.38      10.50                      
   LYS  64 A    10.84      10.50                      
   LYS  72 A    10.59      10.50                      
   LYS 108 A    10.95      10.50                      
   LYS 123 A    10.31      10.50                      
   LYS 144 A     9.48      10.50                      
   LYS 173 A    10.28      10.50                      
   LYS  11 B     7.72      10.50                      
   LYS  64 B    10.45      10.50                      
   LYS  97 B    10.48      10.50                      
   LYS 104 B    10.56      10.50                      
   LYS 138 B    10.61      10.50                      
   ARG  41 A    13.27      12.50                      
   ARG  47 A    13.36      12.50                      
   ARG  73 A    13.00      12.50                      
   ARG  97 A    12.38      12.50                      
   ARG 120 A    12.97      12.50                      
   ARG 137 A    14.20      12.50                      
   ARG 143 A    11.74      12.50                      
   ARG 161 A    13.09      12.50                      
   ARG   3 B    12.07      12.50                      
   ARG   5 B    13.23      12.50                      
   ARG  12 B    18.30      12.50                      
   ARG  22 B    12.31      12.50                      
   ARG  24 B    14.18      12.50                      
   ARG  28 B    14.74      12.50                      
   ARG  38 B    13.18      12.50                      
   ARG  47 B    13.36      12.50                      
   ARG  54 B    12.89      12.50                      
   ARG  71 B    12.25      12.50                      
   ARG  79 B    12.66      12.50                      
   ARG  92 B    11.45      12.50                      
   ARG  93 B    12.28      12.50                      
   ARG 129 B    13.66      12.50                      
   ARG 165 B    12.60      12.50                      
   ARG 188 B    13.13      12.50                      
   N+    1 A     7.67       8.00                      
   N+    1 B     7.61       8.00                      

2026-08-29 12:49:05,025 INFO:main.py:648:non_trivial:PROPKA information:
--------------------------------------------------------------------------------------------------------
Free energy of   folding (kcal/mol) as a function of pH (using neutral reference)
  0.00     35.86
  1.00     34.78
  2.00     32.42
  3.00     26.34
  4.00     17.25
  5.00     14.06
  6.00     15.26
  7.00     18.71
  8.00     22.43
  9.00     23.93
 10.00     27.01
 11.00     35.62
 12.00     44.64
 13.00     55.96
 14.00     66.99

The pH of optimum stability is  4.9 for which the free energy is   14.1 kcal/mol at 298K
Could not determine pH values where the free energy is within 80 % of minimum
Could not determine the pH-range where the free energy is negative


Protein charge of folded and unfolded state as a function of pH
    pH  unfolded  folded
  0.00     49.99   49.53
  0.10     49.99   49.46
  0.20     49.99   49.40
  0.30     49.99   49.33
  0.40     49.99   49.26
  0.50     49.98   49.19
  0.60     49.98   49.12
  0.70     49.97   49.05
  0.80     49.97   48.98
  0.90     49.96   48.90
  1.00     49.95   48.82
  1.10     49.93   48.72
  1.20     49.91   48.62
  1.30     49.89   48.49
  1.40     49.86   48.35
  1.50     49.83   48.18
  1.60     49.78   47.97
  1.70     49.73   47.74
  1.80     49.66   47.46
  1.90     49.57   47.14
  2.00     49.46   46.77
  2.10     49.33   46.34
  2.20     49.16   45.85
  2.30     48.95   45.29
  2.40     48.69   44.66
  2.50     48.38   43.95
  2.60     47.99   43.16
  2.70     47.52   42.28
  2.80     46.94   41.31
  2.90     46.26   40.24
  3.00     45.44   39.08
  3.10     44.48   37.81
  3.20     43.36   36.45
  3.30     42.06   34.99
  3.40     40.57   33.43
  3.50     38.89   31.78
  3.60     37.02   30.05
  3.70     34.96   28.23
  3.80     32.72   26.34
  3.90     30.33   24.39
  4.00     27.81   22.39
  4.10     25.18   20.34
  4.20     22.47   18.28
  4.30     19.73   16.21
  4.40     17.00   14.15
  4.50     14.31   12.12
  4.60     11.73   10.16
  4.70      9.28    8.27
  4.80      7.00    6.47
  4.90      4.92    4.79
  5.00      3.05    3.24
  5.10      1.38    1.81
  5.20     -0.09    0.52
  5.30     -1.38   -0.64
  5.40     -2.51   -1.68
  5.50     -3.51   -2.61
  5.60     -4.42   -3.44
  5.70     -5.24   -4.18
  5.80     -6.02   -4.85
  5.90     -6.76   -5.47
  6.00     -7.49   -6.05
  6.10     -8.22   -6.59
  6.20     -8.96   -7.11
  6.30     -9.70   -7.61
  6.40    -10.45   -8.11
  6.50    -11.19   -8.59
  6.60    -11.91   -9.08
  6.70    -12.61   -9.57
  6.80    -13.27  -10.06
  6.90    -13.88  -10.55
  7.00    -14.44  -11.05
  7.10    -14.94  -11.57
  7.20    -15.39  -12.08
  7.30    -15.80  -12.61
  7.40    -16.16  -13.14
  7.50    -16.49  -13.66
  7.60    -16.79  -14.18
  7.70    -17.07  -14.69
  7.80    -17.33  -15.18
  7.90    -17.58  -15.65
  8.00    -17.81  -16.10
  8.10    -18.04  -16.52
  8.20    -18.26  -16.91
  8.30    -18.47  -17.28
  8.40    -18.69  -17.61
  8.50    -18.91  -17.93
  8.60    -19.13  -18.22
  8.70    -19.38  -18.50
  8.80    -19.64  -18.77
  8.90    -19.94  -19.04
  9.00    -20.28  -19.30
  9.10    -20.67  -19.58
  9.20    -21.13  -19.88
  9.30    -21.67  -20.21
  9.40    -22.29  -20.56
  9.50    -23.02  -20.97
  9.60    -23.84  -21.42
  9.70    -24.78  -21.92
  9.80    -25.82  -22.49
  9.90    -26.95  -23.12
 10.00    -28.18  -23.82
 10.10    -29.47  -24.59
 10.20    -30.80  -25.42
 10.30    -32.16  -26.31
 10.40    -33.52  -27.24
 10.50    -34.85  -28.22
 10.60    -36.13  -29.22
 10.70    -37.34  -30.24
 10.80    -38.48  -31.27
 10.90    -39.54  -32.29
 11.00    -40.52  -33.31
 11.10    -41.42  -34.30
 11.20    -42.27  -35.28
 11.30    -43.07  -36.25
 11.40    -43.85  -37.19
 11.50    -44.63  -38.13
 11.60    -45.43  -39.05
 11.70    -46.28  -39.96
 11.80    -47.18  -40.87
 11.90    -48.17  -41.78
 12.00    -49.25  -42.69
 12.10    -50.42  -43.61
 12.20    -51.68  -44.54
 12.30    -53.02  -45.48
 12.40    -54.42  -46.44
 12.50    -55.83  -47.41
 12.60    -57.24  -48.40
 12.70    -58.61  -49.40
 12.80    -59.90  -50.42
 12.90    -61.10  -51.45
 13.00    -62.18  -52.49
 13.10    -63.14  -53.52
 13.20    -63.97  -54.55
 13.30    -64.69  -55.56
 13.40    -65.30  -56.54
 13.50    -65.80  -57.49
 13.60    -66.22  -58.40
 13.70    -66.56  -59.26
 13.80    -66.85  -60.08
 13.90    -67.07  -60.84
 14.00    -67.26  -61.55
The pI is  5.24 (folded) and  5.19 (unfolded)

--------------------------------------------------------------------------------------------------------
2026-08-29 12:49:05,025 INFO:biomolecule.py:797:apply_pka_values:Applying pKa values at a pH of 7.40:
2026-08-29 12:49:05,026 INFO:main.py:661:non_trivial:Adding hydrogens to biomolecule.
2026-08-29 12:49:05,188 INFO:main.py:664:non_trivial:Debumping biomolecule (again).
2026-08-29 12:49:05,401 INFO:main.py:666:non_trivial:Optimizing hydrogen bonds
2026-08-29 12:49:05,755 INFO:main.py:678:non_trivial:Applying force field to biomolecule states.
2026-08-29 12:49:05,758 INFO:main.py:725:non_trivial:Regenerating headers.
2026-08-29 12:49:05,758 INFO:main.py:750:non_trivial:Regenerating PDB lines.
2026-08-29 12:49:05,775 WARNING:main.py:326:print_pqr:Ignoring 467 header lines in output.
