2026-08-30 00:19:12,295 INFO:main.py:246:print_splash_screen:PDB2PQR v3.7.1: biomolecular structure conversion software.
2026-08-30 00:19:12,295 INFO:main.py:248:print_splash_screen:Please cite:  Jurrus E, et al.  Improvements to the APBS biomolecular solvation software suite.  Protein Sci 27 112-128 (2018).
2026-08-30 00:19:12,295 INFO:main.py:248:print_splash_screen:Please cite:  Dolinsky TJ, et al.  PDB2PQR: expanding and upgrading automated preparation of biomolecular structures for molecular simulations. Nucleic Acids Res 35 W522-W525 (2007).
2026-08-30 00:19:12,295 INFO:main.py:770:main_driver:Checking and transforming input arguments.
2026-08-30 00:19:12,295 INFO:main.py:774:main_driver:Loading topology files.
2026-08-30 00:19:12,342 INFO:main.py:776:main_driver:Loading molecule: /Users/anishsharma/Library/Mobile Documents/com~apple~CloudDocs/ebv_ms_publication/processed/pmhc_surface_electrostatics_sequence_expansion_2026-08-30/prepared_structures/HY08_SEQ_02/HY08_SEQ_02__self__SELF_IEDB_96777e34f994__s4__full.pdb
2026-08-30 00:19:12,355 INFO:main.py:781:main_driver:Setting up molecule.
2026-08-30 00:19:12,367 INFO:main.py:423:setup_molecule:Created biomolecule object with 388 residues and 3210 atoms.
2026-08-30 00:19:12,367 INFO:main.py:785:main_driver:Setting termini states for biomolecule chains.
2026-08-30 00:19:12,381 INFO:main.py:616:non_trivial:Loading forcefield.
2026-08-30 00:19:12,391 INFO:main.py:620:non_trivial:Loading hydrogen topology definitions.
2026-08-30 00:19:12,405 INFO:main.py:474:is_repairable:This biomolecule is clean.  No repair needed.
2026-08-30 00:19:12,405 INFO:main.py:635:non_trivial:Updating disulfide bridges.
2026-08-30 00:19:12,407 INFO:main.py:638:non_trivial:Debumping biomolecule.
2026-08-30 00:19:12,482 INFO:main.py:645:non_trivial:Assigning titration states with PROPKA.
2026-08-30 00:19:12,509 INFO:output.py:74:print_header:
propka3.5.1                                                                                  2026-08-30

-------------------------------------------------------------------------------
--                                                                           --
--  PROPKA: A PROTEIN PKA PREDICTOR                                          --
--                                                                           --
--  VERSION 1.0,  04/25/2004,  IOWA CITY                                     --
--  BY HUI LI                                                                --
--                                                                           --
--  VERSION 2.0,  11/05/2007, IOWA CITY/COPENHAGEN                           --
--  BY DELPHINE C. BAS AND DAVID M. ROGERS                                   --
--                                                                           --
--  VERSION 3.0,  01/06/2011, COPENHAGEN                                     --
--  BY MATS H.M. OLSSON AND CHRESTEN R. SONDERGARD                           --
--                                                                           --
--  VERSION 3.1,  07/01/2011, COPENHAGEN                                     --
--  BY CHRESTEN R. SONDERGARD AND MATS H.M. OLSSON                           --
--                                                                           --
--  VERSION 3.2,  06/17/2020, PLANET EARTH                                   --
--  SEE ABOVE FOR AUTHORS                                                    --
--                                                                           --
-------------------------------------------------------------------------------


-------------------------------------------------------------------------------
References:

Very Fast Empirical Prediction and Rationalization of Protein pKa Values.
Hui Li, Andrew D. Robertson and Jan H. Jensen. PROTEINS: Structure, Function,
and Bioinformatics. 61:704-721 (2005)

Very Fast Prediction and Rationalization of pKa Values for Protein-Ligand
Complexes.  Delphine C. Bas, David M. Rogers and Jan H. Jensen.  PROTEINS:
Structure, Function, and Bioinformatics 73:765-783 (2008)

PROPKA3: Consistent Treatment of Internal and Surface Residues in Empirical
pKa predictions.  Mats H.M. Olsson, Chresten R. Sondergard, Michal Rostkowski,
and Jan H. Jensen.  Journal of Chemical Theory and Computation, 7(2):525-537
(2011)

Improved Treatment of Ligands and Coupling Effects in Empirical Calculation
and Rationalization of pKa Values.  Chresten R. Sondergaard, Mats H.M. Olsson,
Michal Rostkowski, and Jan H. Jensen.  Journal of Chemical Theory and
Computation, (2011)
-------------------------------------------------------------------------------



2026-08-30 00:19:12,636 INFO:conformation_container.py:124:find_covalently_coupled_groups:Coupling map:
Covalent coupling map for Conformation container 1A with 3823 atoms and 971 groups
            N+    1 B | ASP   1 B | 
N+    1 B             |     X     | 
ASP   1 B       X     |           | 
2026-08-30 00:19:12,636 INFO:conformation_container.py:213:calculate_pka:Calculating pKas for Conformation container 1A with 3823 atoms and 971 groups
2026-08-30 00:19:13,729 INFO:conformation_container.py:235:calculate_pka:Removing penalised groups!!!
2026-08-30 00:19:13,799 INFO:output.py:225:print_pka_section:pKa determinants:

---------  -----   ------   ---------------------    --------------    --------------    --------------
                            DESOLVATION  EFFECTS       SIDECHAIN          BACKBONE        COULOMBIC
 RESIDUE    pKa    BURIED     REGULAR      RE        HYDROGEN BOND     HYDROGEN BOND      INTERACTION
---------  -----   ------   ---------   ---------    --------------    --------------    --------------

ASP  14 A   2.81    26 %    1.41  354   0.05    0   -1.43 ARG   5 B   -0.42 ASP  14 A   -0.01 N+    1 B
ASP  14 A                                            0.00 XXX   0 X    0.00 XXX   0 X   -0.13 ARG   3 B
ASP  14 A                                            0.00 XXX   0 X    0.00 XXX   0 X   -0.45 ARG   5 B

ASP  22 A   7.34   100 %    3.46  638   0.90    0    0.00 XXX   0 X   -0.66 GLY  25 A    0.35 ASP  24 A
ASP  22 A                                            0.00 XXX   0 X    0.00 XXX   0 X    0.14 GLU  27 A
ASP  22 A                                            0.00 XXX   0 X    0.00 XXX   0 X    0.57 ASP  26 A
ASP  22 A                                            0.00 XXX   0 X    0.00 XXX   0 X   -1.23 ARG 143 A

ASP  24 A   4.34    85 %    2.86  519   0.81    0   -1.60 HIS   2 A   -0.78 VAL   3 A   -0.18 N+    1 A
ASP  24 A                                            0.00 XXX   0 X    0.00 XXX   0 X    0.06 GLU   1 A
ASP  24 A                                            0.00 XXX   0 X    0.00 XXX   0 X    0.18 ASP  26 A
ASP  24 A                                            0.00 XXX   0 X    0.00 XXX   0 X   -0.04 HIS 148 B
ASP  24 A                                            0.00 XXX   0 X    0.00 XXX   0 X   -0.77 HIS   2 A

ASP  26 A   3.49   100 %    4.10  577   0.68    0   -1.60 HIS 148 B   -0.44 TRP 152 B   -0.27 ARG  41 A
ASP  26 A                                            0.00 XXX   0 X    0.00 XXX   0 X   -0.24 ARG  92 B
ASP  26 A                                            0.00 XXX   0 X    0.00 XXX   0 X   -0.51 ARG 143 A
ASP  26 A                                            0.00 XXX   0 X    0.00 XXX   0 X   -2.03 HIS 148 B

ASP  32 A   2.81     0 %    0.48  272   0.00    0    0.00 XXX   0 X   -0.28 ALA  34 A   -0.20 LYS  35 A
ASP  32 A                                            0.00 XXX   0 X   -0.85 LYS  35 A   -0.16 HIS  30 A

ASP  63 A  12.61*  100 %    4.07  615   0.84    0    1.32 GLU   8 A    0.00 XXX   0 X    0.03 ASP  27 B
ASP  63 A                                            0.00 XXX   0 X    0.00 XXX   0 X    2.03 GLU   8 A
ASP  63 A                                            0.00 XXX   0 X    0.00 XXX   0 X    0.52 GLU   8 B

ASP 107 A   4.59    53 %    2.23  431   0.15    0   -0.34 ARG 137 A   -0.49 LYS 108 A   -0.24 LYS 108 A
ASP 107 A                                            0.00 XXX   0 X    0.00 XXX   0 X   -0.29 ARG 143 A
ASP 107 A                                            0.00 XXX   0 X    0.00 XXX   0 X    0.19 GLU  85 A
ASP 107 A                                            0.00 XXX   0 X    0.00 XXX   0 X    0.16 ASP 139 A
ASP 107 A                                            0.00 XXX   0 X    0.00 XXX   0 X   -0.58 ARG 137 A

ASP 139 A   2.13    26 %    1.32  354   0.00    0   -1.37 ARG 137 A   -0.14 ASP 139 A   -0.09 LYS 108 A
ASP 139 A                                            0.00 XXX   0 X   -0.72 LEU 141 A   -0.16 HIS 140 A
ASP 139 A                                            0.00 XXX   0 X    0.00 XXX   0 X   -0.50 ARG 137 A

ASP 156 A   2.75     3 %    0.48  290   0.00    0   -0.82 ASN 121 A    0.00 XXX   0 X   -0.17 ARG 120 A
ASP 156 A                                           -0.54 SER 153 A    0.00 XXX   0 X    0.00 XXX   0 X

ASP 159 A   3.86    18 %    0.94  331   0.23    0   -0.73 HIS 174 A    0.00 XXX   0 X   -0.01 ARG 161 A
ASP 159 A                                            0.00 XXX   0 X    0.00 XXX   0 X    0.03 GLU 176 A
ASP 159 A                                            0.00 XXX   0 X    0.00 XXX   0 X   -0.40 HIS 174 A

ASP 168 A   3.92     0 %    0.12  148   0.00    0    0.00 XXX   0 X    0.00 XXX   0 X    0.00 XXX   0 X

ASP 178 A   4.57     0 %    0.31  249   0.00    0    0.00 XXX   0 X    0.00 XXX   0 X   -0.06 HIS 174 A
ASP 178 A                                            0.00 XXX   0 X    0.00 XXX   0 X    0.26 GLU 176 A
ASP 178 A                                            0.00 XXX   0 X    0.00 XXX   0 X    0.26 C-  178 A

GLU   1 A   3.44     0 %    0.35  277   0.00    0    0.00 XXX   0 X   -0.03 ASN  18 B   -0.22 N+    1 A
GLU   1 A                                            0.00 XXX   0 X   -0.84 GLY  19 B   -0.00 ARG  93 B
GLU   1 A                                            0.00 XXX   0 X    0.00 XXX   0 X   -0.31 HIS   2 A

GLU   8 A   4.82*  100 %    4.19  642   0.31    0   -0.80 GLN   6 A    0.00 XXX   0 X    0.23 ASP  27 B
GLU   8 A                                           -0.81 ASN  59 A    0.00 XXX   0 X   -1.49 HIS  15 C
GLU   8 A                                           -1.32 ASP  63 A    0.00 XXX   0 X    0.00 XXX   0 X

GLU  18 A   8.77   100 %    3.97  623   0.80    0    0.00 XXX   0 X   -0.67 PHE 134 A   -0.31 LYS 144 A
GLU  18 A                                            0.00 XXX   0 X    0.00 XXX   0 X    0.48 GLU  27 A

GLU  27 A   4.54   100 %    3.27  572   0.26    0   -1.60 HIS  30 A   -0.02 VAL 133 A   -0.06 LYS 144 A
GLU  27 A                                            0.00 XXX   0 X    0.00 XXX   0 X    0.02 ASP  26 A
GLU  27 A                                            0.00 XXX   0 X    0.00 XXX   0 X   -1.21 HIS  30 A
GLU  27 A                                            0.00 XXX   0 X    0.00 XXX   0 X   -0.61 ARG  41 A

GLU  37 A   4.70     0 %    0.27  206   0.00    0    0.00 XXX   0 X    0.00 XXX   0 X   -0.22 LYS  35 A
GLU  37 A                                            0.00 XXX   0 X    0.00 XXX   0 X    0.15 ASP  32 A

GLU  43 A   4.18     0 %    0.32  209   0.00    0   -0.37 ARG  47 A    0.00 XXX   0 X    0.12 GLU  44 A
GLU  43 A                                            0.00 XXX   0 X    0.00 XXX   0 X   -0.38 ARG  47 A

GLU  44 A   4.02    17 %    0.66  330   0.00    0    0.00 XXX   0 X   -0.76 GLU  44 A   -0.01 ARG  41 A
GLU  44 A                                            0.00 XXX   0 X    0.00 XXX   0 X   -0.16 ARG  47 A
GLU  44 A                                            0.00 XXX   0 X    0.00 XXX   0 X   -0.20 ARG  92 B
GLU  44 A                                            0.00 XXX   0 X    0.00 XXX   0 X   -0.01 N+    1 C

GLU  52 A   4.05     0 %    0.26  266   0.00    0    0.00 XXX   0 X   -0.59 GLN  54 A   -0.11 ARG  12 C

GLU  68 A   4.54     8 %    0.38  304   0.07    0    0.00 XXX   0 X    0.00 XXX   0 X   -0.18 LYS  64 A
GLU  68 A                                            0.00 XXX   0 X    0.00 XXX   0 X   -0.11 LYS  72 A
GLU  68 A                                            0.00 XXX   0 X    0.00 XXX   0 X   -0.11 ARG  18 C

GLU  85 A   4.01     0 %    0.35  277   0.00    0   -0.38 LYS 108 A    0.00 XXX   0 X   -0.10 ARG 137 A
GLU  85 A                                            0.00 XXX   0 X    0.00 XXX   0 X   -0.01 LYS 173 A
GLU  85 A                                            0.00 XXX   0 X    0.00 XXX   0 X    0.02 ASP 139 A
GLU  85 A                                            0.00 XXX   0 X    0.00 XXX   0 X   -0.38 LYS 108 A

GLU  95 A   4.55     0 %    0.21  254   0.00    0    0.00 XXX   0 X    0.00 XXX   0 X   -0.16 LYS  97 B

GLU  98 A   4.82     0 %    0.20  151   0.00    0    0.00 XXX   0 X    0.00 XXX   0 X   -0.05 ARG  97 A
GLU  98 A                                            0.00 XXX   0 X    0.00 XXX   0 X   -0.00 LYS  97 B
GLU  98 A                                            0.00 XXX   0 X    0.00 XXX   0 X    0.18 GLU  95 A

GLU 131 A   1.65    50 %    1.03  420   0.16    0   -0.85 LYS 144 A    0.00 XXX   0 X   -0.01 HIS  30 A
GLU 131 A                                           -1.60 HIS 146 A    0.00 XXX   0 X   -0.88 LYS 144 A
GLU 131 A                                            0.00 XXX   0 X    0.00 XXX   0 X   -0.70 HIS 146 A

GLU 138 A   4.79    18 %    0.25  331   0.00    0    0.00 XXX   0 X    0.00 XXX   0 X   -0.06 ARG 137 A
GLU 138 A                                            0.00 XXX   0 X    0.00 XXX   0 X   -0.01 ARG 143 A
GLU 138 A                                            0.00 XXX   0 X    0.00 XXX   0 X   -0.03 ARG  28 B
GLU 138 A                                            0.00 XXX   0 X    0.00 XXX   0 X    0.05 ASP 139 A
GLU 138 A                                            0.00 XXX   0 X    0.00 XXX   0 X   -0.01 HIS 140 A
GLU 138 A                                            0.00 XXX   0 X    0.00 XXX   0 X    0.08 GLU  13 B

GLU 155 A   3.75     0 %    0.31  180   0.00    0   -0.14 SER 153 A   -0.01 THR 154 A   -0.04 ARG  97 A
GLU 155 A                                           -0.85 THR 154 A   -0.16 GLU 155 A    0.15 ASP 156 A

GLU 163 A   4.64     2 %    0.35  288   0.01    0    0.00 XXX   0 X    0.00 XXX   0 X   -0.21 ARG 161 A

GLU 169 A   4.60     0 %    0.10  123   0.00    0    0.00 XXX   0 X    0.00 XXX   0 X    0.00 XXX   0 X

GLU 176 A   3.74     0 %    0.28  214   0.00    0   -0.81 HIS 174 A    0.00 XXX   0 X    0.04 C-  178 A
GLU 176 A                                            0.00 XXX   0 X    0.00 XXX   0 X   -0.26 HIS 174 A

C-  178 A   3.50     0 %    0.30  269   0.00    0    0.00 XXX   0 X    0.00 XXX   0 X    0.00 XXX   0 X

HIS   2 A   7.37    51 %   -1.56  425   0.00    0    1.60 ASP  24 A    0.00 XXX   0 X   -0.21 N+    1 A
HIS   2 A                                            0.00 XXX   0 X    0.00 XXX   0 X   -0.07 ARG  93 B
HIS   2 A                                            0.00 XXX   0 X    0.00 XXX   0 X    0.31 GLU   1 A
HIS   2 A                                            0.00 XXX   0 X    0.00 XXX   0 X    0.03 GLU  86 B
HIS   2 A                                            0.00 XXX   0 X    0.00 XXX   0 X    0.77 ASP  24 A

HIS  30 A   7.32    76 %   -2.08  495   0.00    0    1.60 GLU  27 A    0.00 XXX   0 X   -0.05 ARG  41 A
HIS  30 A                                            0.00 XXX   0 X    0.00 XXX   0 X   -0.03 LYS 144 A
HIS  30 A                                            0.00 XXX   0 X    0.00 XXX   0 X    0.16 ASP  32 A
HIS  30 A                                            0.00 XXX   0 X    0.00 XXX   0 X    0.01 GLU 131 A
HIS  30 A                                            0.00 XXX   0 X    0.00 XXX   0 X    1.21 GLU  27 A

HIS 140 A   4.91    55 %   -1.72  435   0.00    0    0.00 XXX   0 X    0.00 XXX   0 X   -0.54 ARG  28 B
HIS 140 A                                            0.00 XXX   0 X    0.00 XXX   0 X   -0.09 ARG  38 B
HIS 140 A                                            0.00 XXX   0 X    0.00 XXX   0 X    0.01 GLU 138 A
HIS 140 A                                            0.00 XXX   0 X    0.00 XXX   0 X    0.16 ASP 139 A
HIS 140 A                                            0.00 XXX   0 X    0.00 XXX   0 X    0.21 GLU  13 B
HIS 140 A                                            0.00 XXX   0 X    0.00 XXX   0 X    0.38 GLU  35 B

HIS 146 A   5.08    77 %   -2.53  497   0.00    0    1.60 GLU 131 A    0.00 XXX   0 X   -1.19 LYS 144 A
HIS 146 A                                            0.00 XXX   0 X    0.00 XXX   0 X    0.70 GLU 131 A

HIS 164 A   4.64    74 %   -2.49  488   0.00    0    0.00 XXX   0 X    0.63 PRO 111 A    0.00 XXX   0 X

HIS 174 A   8.23     6 %   -0.54  299   0.00    0    0.73 ASP 159 A    0.00 XXX   0 X    0.06 ASP 178 A
HIS 174 A                                            0.81 GLU 176 A    0.00 XXX   0 X    0.40 ASP 159 A
HIS 174 A                                            0.00 XXX   0 X    0.00 XXX   0 X    0.26 GLU 176 A

CYS 104 A  99.99     0 %    0.00    0   0.00    0    0.00 XXX   0 X    0.00 XXX   0 X    0.00 XXX   0 X

CYS 160 A  99.99     0 %    0.00    0   0.00    0    0.00 XXX   0 X    0.00 XXX   0 X    0.00 XXX   0 X

TYR  10 A  10.82    23 %    1.14  346   0.00    0   -0.01 LYS  64 A    0.00 XXX   0 X    0.01 ASP  14 A
TYR  10 A                                            0.00 XXX   0 X    0.00 XXX   0 X    0.08 GLU  68 A
TYR  10 A                                            0.00 XXX   0 X    0.00 XXX   0 X   -0.40 LYS  64 A

TYR  76 A  10.06     0 %    0.30  203   0.00    0    0.00 XXX   0 X    0.00 XXX   0 X    0.00 GLU  68 A
TYR  76 A                                            0.00 XXX   0 X    0.00 XXX   0 X   -0.24 LYS  72 A

TYR 147 A  13.65    92 %    3.86  539   0.00    0   -0.52 ARG  41 A    0.00 XXX   0 X    0.33 ASP  26 A
TYR 147 A                                            0.00 XXX   0 X    0.00 XXX   0 X    0.12 GLU  27 A
TYR 147 A                                            0.00 XXX   0 X    0.00 XXX   0 X   -0.98 ARG  41 A
TYR 147 A                                            0.00 XXX   0 X    0.00 XXX   0 X   -0.07 ARG 143 A
TYR 147 A                                            0.00 XXX   0 X    0.00 XXX   0 X    0.91 ASP 151 B

TYR 158 A  10.75    37 %    1.56  385   0.00    0   -0.73 ARG 120 A    0.00 XXX   0 X   -0.45 ARG 120 A
TYR 158 A                                            0.00 XXX   0 X    0.00 XXX   0 X    0.01 GLU 155 A
TYR 158 A                                            0.00 XXX   0 X    0.00 XXX   0 X    0.37 ASP 156 A

LYS  35 A  10.82     0 %   -0.10  132   0.00    0    0.00 XXX   0 X    0.00 XXX   0 X    0.20 ASP  32 A
LYS  35 A                                            0.00 XXX   0 X    0.00 XXX   0 X    0.22 GLU  37 A

LYS  36 A  10.39     0 %   -0.11  156   0.00    0    0.00 XXX   0 X    0.00 XXX   0 X    0.00 XXX   0 X

LYS  64 A  10.85     0 %   -0.24  252   0.00    0    0.01 TYR  10 A    0.00 XXX   0 X    0.18 GLU  68 A
LYS  64 A                                            0.00 XXX   0 X    0.00 XXX   0 X    0.40 TYR  10 A

LYS  72 A  10.66     0 %   -0.16  201   0.00    0    0.00 XXX   0 X    0.00 XXX   0 X    0.11 GLU  68 A
LYS  72 A                                            0.00 XXX   0 X    0.00 XXX   0 X   -0.04 ARG  18 C
LYS  72 A                                            0.00 XXX   0 X    0.00 XXX   0 X    0.24 TYR  76 A

LYS 108 A  11.10     0 %   -0.26  249   0.00    0    0.38 GLU  85 A    0.00 XXX   0 X    0.24 ASP 107 A
LYS 108 A                                            0.00 XXX   0 X    0.00 XXX   0 X   -0.23 ARG 137 A
LYS 108 A                                            0.00 XXX   0 X    0.00 XXX   0 X    0.09 ASP 139 A
LYS 108 A                                            0.00 XXX   0 X    0.00 XXX   0 X    0.38 GLU  85 A

LYS 123 A  10.43     0 %   -0.07  118   0.00    0    0.00 XXX   0 X    0.00 XXX   0 X    0.00 XXX   0 X

LYS 144 A   9.18    90 %   -3.42  532   0.00    0    0.85 GLU 131 A    0.00 XXX   0 X    0.31 GLU  18 A
LYS 144 A                                            0.00 XXX   0 X    0.00 XXX   0 X    0.06 GLU  27 A
LYS 144 A                                            0.00 XXX   0 X    0.00 XXX   0 X    0.88 GLU 131 A

LYS 173 A  10.28     0 %   -0.23  271   0.00    0    0.00 XXX   0 X    0.00 XXX   0 X    0.01 GLU  85 A

ARG  41 A  13.44    78 %   -1.92  500   0.00    0    0.52 TYR 147 A    0.00 XXX   0 X    0.27 ASP  26 A
ARG  41 A                                            0.00 XXX   0 X    0.00 XXX   0 X    0.01 GLU  44 A
ARG  41 A                                            0.00 XXX   0 X    0.00 XXX   0 X    0.98 TYR 147 A
ARG  41 A                                            0.00 XXX   0 X    0.00 XXX   0 X    0.47 ASP 151 B
ARG  41 A                                            0.00 XXX   0 X    0.00 XXX   0 X    0.61 GLU  27 A

ARG  47 A  13.14     0 %   -0.28  182   0.00    0    0.37 GLU  43 A    0.00 XXX   0 X    0.16 GLU  44 A
ARG  47 A                                            0.00 XXX   0 X    0.00 XXX   0 X    0.38 GLU  43 A

ARG  73 A  11.28    54 %   -1.83  432   0.00    0    0.00 XXX   0 X    0.00 XXX   0 X    0.16 GLU   8 B
ARG  73 A                                            0.00 XXX   0 X    0.00 XXX   0 X    0.41 TYR  36 B
ARG  73 A                                            0.00 XXX   0 X    0.00 XXX   0 X    0.01 GLU  58 B
ARG  73 A                                            0.00 XXX   0 X    0.00 XXX   0 X    0.03 C-   21 C

ARG  97 A  12.41     0 %   -0.18  135   0.00    0    0.00 XXX   0 X    0.00 XXX   0 X    0.05 GLU  98 A
ARG  97 A                                            0.00 XXX   0 X    0.00 XXX   0 X    0.04 GLU 155 A

ARG 120 A  13.21    17 %   -0.64  329   0.00    0    0.73 TYR 158 A    0.00 XXX   0 X    0.17 ASP 156 A
ARG 120 A                                            0.00 XXX   0 X    0.00 XXX   0 X    0.45 TYR 158 A

ARG 137 A  14.28    30 %   -1.16  366   0.00    0    0.34 ASP 107 A    0.00 XXX   0 X    0.10 GLU  85 A
ARG 137 A                                            1.37 ASP 139 A    0.00 XXX   0 X    0.06 GLU 138 A
ARG 137 A                                            0.00 XXX   0 X    0.00 XXX   0 X    0.58 ASP 107 A
ARG 137 A                                            0.00 XXX   0 X    0.00 XXX   0 X    0.50 ASP 139 A

ARG 143 A  11.90   100 %   -2.63  585   0.00    0    0.00 XXX   0 X    0.00 XXX   0 X    0.29 ASP 107 A
ARG 143 A                                            0.00 XXX   0 X    0.00 XXX   0 X    0.01 GLU 138 A
ARG 143 A                                            0.00 XXX   0 X    0.00 XXX   0 X    0.07 TYR 147 A
ARG 143 A                                            0.00 XXX   0 X    0.00 XXX   0 X    0.11 TYR   9 B
ARG 143 A                                            0.00 XXX   0 X    0.00 XXX   0 X   -0.17 ARG 137 A
ARG 143 A                                            0.00 XXX   0 X    0.00 XXX   0 X    1.23 ASP  22 A
ARG 143 A                                            0.00 XXX   0 X    0.00 XXX   0 X    0.51 ASP  26 A

ARG 161 A  12.39     0 %   -0.33  265   0.00    0    0.00 XXX   0 X    0.00 XXX   0 X    0.01 ASP 159 A
ARG 161 A                                            0.00 XXX   0 X    0.00 XXX   0 X    0.21 GLU 163 A

N+    1 A   7.72     9 %   -0.63  307   0.00    0    0.00 XXX   0 X    0.00 XXX   0 X    0.22 GLU   1 A
N+    1 A                                            0.00 XXX   0 X    0.00 XXX   0 X    0.18 ASP  24 A
N+    1 A                                            0.00 XXX   0 X    0.00 XXX   0 X   -0.04 ARG  22 B

ASP  27 B   4.26   100 %    4.43  678   1.05    0   -0.61 TYR  29 B    0.00 XXX   0 X   -1.51 ARG  70 B
ASP  27 B                                           -0.85 TYR  46 B    0.00 XXX   0 X   -1.66 HIS  15 C
ASP  27 B                                           -0.39 ARG  70 B    0.00 XXX   0 X    0.00 XXX   0 X

ASP  40 B   2.47    30 %    1.41  364   0.09    0   -1.38 ARG  24 B   -0.79 ASP  42 B   -0.01 ARG  22 B
ASP  40 B                                            0.00 XXX   0 X    0.00 XXX   0 X   -0.01 ARG  28 B
ASP  40 B                                            0.00 XXX   0 X    0.00 XXX   0 X   -0.16 ARG  38 B
ASP  40 B                                            0.00 XXX   0 X    0.00 XXX   0 X   -0.02 ARG  47 B
ASP  40 B                                            0.00 XXX   0 X    0.00 XXX   0 X    0.01 GLU  35 B
ASP  40 B                                            0.00 XXX   0 X    0.00 XXX   0 X   -0.47 ARG  24 B

ASP  42 B   4.18     7 %    0.49  302   0.01    0    0.00 XXX   0 X    0.00 XXX   0 X   -0.17 ARG  22 B
ASP  42 B                                            0.00 XXX   0 X    0.00 XXX   0 X   -0.30 ARG  24 B
ASP  42 B                                            0.00 XXX   0 X    0.00 XXX   0 X    0.36 ASP  40 B

ASP  65 B   3.97     0 %    0.14  143   0.00    0    0.00 XXX   0 X    0.00 XXX   0 X    0.04 GLU  68 B

ASP  69 B   4.14     0 %    0.31  274   0.00    0    0.00 XXX   0 X    0.00 XXX   0 X   -0.12 ARG  70 B
ASP  69 B                                            0.00 XXX   0 X    0.00 XXX   0 X    0.11 ASP  65 B
ASP  69 B                                            0.00 XXX   0 X    0.00 XXX   0 X    0.05 GLU  68 B

ASP  75 B   3.44     0 %    0.34  280   0.00    0   -0.39 ARG  79 B    0.00 XXX   0 X   -0.31 ARG  79 B

ASP 151 B   4.96    90 %    2.47  532   0.29    0   -0.85 THR 153 B   -0.23 ASP 151 B   -0.47 ARG  41 A
ASP 151 B                                            0.00 XXX   0 X   -0.13 THR 153 B   -0.16 ARG  92 B
ASP 151 B                                            0.00 XXX   0 X    0.00 XXX   0 X    0.45 ASP  26 A
ASP 151 B                                            0.00 XXX   0 X    0.00 XXX   0 X   -0.22 HIS 148 B

GLU   8 B   8.57   100 %    3.71  658   1.37    0   -0.85 TYR  36 B    0.00 XXX   0 X   -0.16 ARG  73 A

GLU  13 B   4.68   100 %    3.19  560   0.19    0   -0.70 THR  11 B    0.00 XXX   0 X   -0.06 ARG  24 B
GLU  13 B                                           -0.85 TYR  15 B    0.00 XXX   0 X   -0.16 ARG  38 B
GLU  13 B                                           -0.43 ARG  28 B    0.00 XXX   0 X   -0.21 HIS 140 A
GLU  13 B                                            0.00 XXX   0 X    0.00 XXX   0 X    0.03 ASP  27 B
GLU  13 B                                            0.00 XXX   0 X    0.00 XXX   0 X    0.32 GLU  35 B
GLU  13 B                                            0.00 XXX   0 X    0.00 XXX   0 X   -1.14 ARG  28 B

GLU  21 B   4.46     0 %    0.19  122   0.00    0   -0.21 ASN  18 B    0.00 XXX   0 X   -0.01 ARG  22 B
GLU  21 B                                            0.00 XXX   0 X    0.00 XXX   0 X   -0.01 ARG  79 B

GLU  34 B   4.77    31 %    1.01  369   0.10    0   -0.85 THR  50 B    0.00 XXX   0 X    0.01 GLU  51 B

GLU  35 B   2.42    68 %    2.74  472   0.26    0   -1.67 ARG  28 B    0.00 XXX   0 X   -0.00 ARG  24 B
GLU  35 B                                           -1.52 ARG  38 B    0.00 XXX   0 X   -0.38 HIS 140 A
GLU  35 B                                            0.00 XXX   0 X    0.00 XXX   0 X   -0.84 ARG  28 B
GLU  35 B                                            0.00 XXX   0 X    0.00 XXX   0 X   -0.67 ARG  38 B

GLU  45 B   3.47     0 %    0.32  276   0.00    0   -0.83 ARG  47 B    0.00 XXX   0 X   -0.11 LYS  64 B
GLU  45 B                                            0.00 XXX   0 X    0.00 XXX   0 X   -0.09 ARG  71 B
GLU  45 B                                            0.00 XXX   0 X    0.00 XXX   0 X   -0.32 ARG  47 B

GLU  51 B   4.00     0 %    0.34  174   0.00    0   -0.46 ARG  54 B    0.00 XXX   0 X   -0.38 ARG  54 B

GLU  58 B   4.58     0 %    0.21  225   0.00    0    0.00 XXX   0 X    0.00 XXX   0 X   -0.01 ARG  73 A
GLU  58 B                                            0.00 XXX   0 X    0.00 XXX   0 X   -0.14 ARG  54 B
GLU  58 B                                            0.00 XXX   0 X    0.00 XXX   0 X    0.02 GLU  51 B

GLU  68 B   3.88     0 %    0.28  211   0.00    0   -0.56 ARG  71 B    0.00 XXX   0 X   -0.03 LYS  64 B
GLU  68 B                                            0.00 XXX   0 X    0.00 XXX   0 X   -0.31 ARG  71 B

GLU  86 B   4.90    16 %    0.54  325   0.05    0   -0.16 GLN  91 B    0.00 XXX   0 X   -0.03 HIS   2 A

GLU 127 B   4.12     0 %    0.23  237   0.00    0   -0.29 ARG 129 B    0.00 XXX   0 X   -0.32 ARG 129 B

GLU 136 B   4.53     0 %    0.48  239   0.00    0    0.00 XXX   0 X    0.00 XXX   0 X   -0.24 ARG 129 B
GLU 136 B                                            0.00 XXX   0 X    0.00 XXX   0 X   -0.28 LYS 138 B
GLU 136 B                                            0.00 XXX   0 X    0.00 XXX   0 X    0.03 GLU 127 B
GLU 136 B                                            0.00 XXX   0 X    0.00 XXX   0 X    0.01 GLU 137 B
GLU 136 B                                            0.00 XXX   0 X    0.00 XXX   0 X    0.03 GLU 175 B

GLU 137 B   3.52     0 %    0.35  277   0.00    0   -0.78 THR 139 B   -0.45 THR 139 B   -0.11 ARG 132 B
GLU 137 B                                            0.00 XXX   0 X    0.00 XXX   0 X    0.01 GLU 168 B

GLU 161 B   4.69     0 %    0.19  209   0.00    0    0.00 XXX   0 X    0.00 XXX   0 X    0.00 XXX   0 X

GLU 168 B   2.61     0 %    0.63  277   0.00    0   -0.50 ARG 132 B   -0.71 ARG 165 B   -0.17 ARG 165 B
GLU 168 B                                           -0.75 TYR 170 B    0.00 XXX   0 X   -0.38 ARG 132 B

GLU 175 B   4.47     0 %    0.37  240   0.00    0   -0.15 GLN 173 B    0.00 XXX   0 X    0.28 GLU 127 B
GLU 175 B                                           -0.18 ARG 129 B    0.00 XXX   0 X   -0.35 ARG 129 B

GLU 186 B   4.71     0 %    0.21  234   0.00    0    0.00 XXX   0 X    0.00 XXX   0 X    0.00 XXX   0 X

C-  189 B   3.49     0 %    0.33  242   0.00    0    0.00 XXX   0 X    0.00 XXX   0 X   -0.04 HIS 111 B

HIS  80 B   6.26    29 %   -0.82  362   0.00    0    0.00 XXX   0 X    0.58 PRO   9 C    0.00 XXX   0 X

HIS  95 B   6.29     0 %   -0.21  263   0.00    0    0.00 XXX   0 X    0.00 XXX   0 X    0.00 XXX   0 X

HIS 110 B   6.16     0 %   -0.27  133   0.00    0    0.00 XXX   0 X    0.00 XXX   0 X   -0.02 LYS 104 B
HIS 110 B                                            0.00 XXX   0 X    0.00 XXX   0 X   -0.05 HIS 111 B

HIS 111 B   6.25     0 %   -0.61  269   0.00    0    0.00 XXX   0 X    0.04 LYS 104 B    0.04 C-  189 B
HIS 111 B                                            0.00 XXX   0 X    0.28 GLN 106 B    0.00 XXX   0 X

HIS 148 B   6.41    97 %   -2.76  553   0.00    0    1.60 ASP  26 A    0.00 XXX   0 X   -0.04 ARG  41 A
HIS 148 B                                            0.00 XXX   0 X    0.00 XXX   0 X   -1.19 ARG 143 A
HIS 148 B                                            0.00 XXX   0 X    0.00 XXX   0 X    0.04 ASP  24 A
HIS 148 B                                            0.00 XXX   0 X    0.00 XXX   0 X    0.22 ASP 151 B
HIS 148 B                                            0.00 XXX   0 X    0.00 XXX   0 X    2.03 ASP  26 A

HIS 176 B   5.21    44 %   -1.98  405   0.00    0    0.00 XXX   0 X    0.82 PRO 123 B   -0.11 ARG  93 B
HIS 176 B                                            0.00 XXX   0 X    0.00 XXX   0 X   -0.03 HIS  95 B

CYS  14 B  99.99     0 %    0.00    0   0.00    0    0.00 XXX   0 X    0.00 XXX   0 X    0.00 XXX   0 X

CYS  78 B  99.99     0 %    0.00    0   0.00    0    0.00 XXX   0 X    0.00 XXX   0 X    0.00 XXX   0 X

CYS 116 B  99.99     0 %    0.00    0   0.00    0    0.00 XXX   0 X    0.00 XXX   0 X    0.00 XXX   0 X

CYS 172 B  99.99     0 %    0.00    0   0.00    0    0.00 XXX   0 X    0.00 XXX   0 X    0.00 XXX   0 X

TYR   9 B  14.11   100 %    3.45  632   0.00    0    0.00 XXX   0 X    0.00 XXX   0 X    0.28 GLU  18 A
TYR   9 B                                            0.00 XXX   0 X    0.00 XXX   0 X    0.19 ASP  22 A
TYR   9 B                                            0.00 XXX   0 X    0.00 XXX   0 X    0.06 ASP 139 A
TYR   9 B                                            0.00 XXX   0 X    0.00 XXX   0 X   -0.11 ARG 143 A
TYR   9 B                                            0.00 XXX   0 X    0.00 XXX   0 X    0.44 GLU  13 B
TYR   9 B                                            0.00 XXX   0 X    0.00 XXX   0 X   -0.20 ARG  28 B

TYR  15 B  13.25    60 %    1.60  448   0.00    0    0.85 GLU  13 B    0.00 XXX   0 X    0.20 GLU 138 A
TYR  15 B                                            0.00 XXX   0 X    0.00 XXX   0 X   -0.13 ARG  24 B
TYR  15 B                                            0.00 XXX   0 X    0.00 XXX   0 X   -0.36 ARG  28 B
TYR  15 B                                            0.00 XXX   0 X    0.00 XXX   0 X    0.05 GLU  35 B
TYR  15 B                                            0.00 XXX   0 X    0.00 XXX   0 X   -0.06 ARG  38 B
TYR  15 B                                            0.00 XXX   0 X    0.00 XXX   0 X    0.02 ASP  40 B
TYR  15 B                                            0.00 XXX   0 X    0.00 XXX   0 X    1.09 GLU  13 B

TYR  29 B  19.39   100 %    4.50  667   0.00    0   -0.29 ARG  70 B    0.00 XXX   0 X    0.36 GLU   8 A
TYR  29 B                                            0.32 TYR  46 B    0.00 XXX   0 X    0.32 ASP  63 A
TYR  29 B                                            0.61 ASP  27 B    0.00 XXX   0 X    0.18 GLU   8 B
TYR  29 B                                            0.00 XXX   0 X    0.00 XXX   0 X   -1.21 ARG  70 B
TYR  29 B                                            0.00 XXX   0 X    0.00 XXX   0 X    0.47 TYR  36 B
TYR  29 B                                            0.00 XXX   0 X    0.00 XXX   0 X    1.93 TYR  46 B
TYR  29 B                                            0.00 XXX   0 X    0.00 XXX   0 X    0.16 TYR  17 C
TYR  29 B                                            0.00 XXX   0 X    0.00 XXX   0 X    2.03 ASP  27 B

TYR  31 B  11.20    53 %    2.60  430   0.00    0   -0.59 THR  71 A    0.00 XXX   0 X    0.20 GLU   8 B
TYR  31 B                                           -0.85 SER  74 A    0.00 XXX   0 X    0.03 GLU  34 B
TYR  31 B                                           -0.21 ASN  32 B    0.00 XXX   0 X    0.02 TYR  76 A

TYR  36 B  16.52   100 %    3.78  617   0.00    0    0.85 GLU   8 B    0.00 XXX   0 X    0.18 ASP  63 A
TYR  36 B                                            0.00 XXX   0 X    0.00 XXX   0 X   -0.41 ARG  73 A
TYR  36 B                                            0.00 XXX   0 X    0.00 XXX   0 X    0.07 ASP  27 B
TYR  36 B                                            0.00 XXX   0 X    0.00 XXX   0 X    0.02 GLU  34 B
TYR  36 B                                            0.00 XXX   0 X    0.00 XXX   0 X    2.03 GLU   8 B

TYR  46 B  14.80   100 %    4.73  593   0.00    0   -0.58 ARG  70 B    0.00 XXX   0 X   -2.03 ARG  70 B
TYR  46 B                                           -0.32 TYR  29 B    0.00 XXX   0 X    0.13 TYR  17 C
TYR  46 B                                            0.85 ASP  27 B    0.00 XXX   0 X    2.03 ASP  27 B

TYR  59 B  10.23     0 %    0.30  273   0.00    0   -0.09 GLN  63 B    0.00 XXX   0 X   -0.03 ARG  18 C
TYR  59 B                                            0.00 XXX   0 X    0.00 XXX   0 X    0.05 C-   21 C

TYR  77 B  14.55   100 %    4.01  669   0.00    0    0.00 XXX   0 X    0.00 XXX   0 X    0.35 GLU   8 A
TYR  77 B                                            0.00 XXX   0 X    0.00 XXX   0 X    0.28 ASP  27 B
TYR  77 B                                            0.00 XXX   0 X    0.00 XXX   0 X   -0.09 ARG  70 B

TYR  82 B  11.66    26 %    1.07  354   0.00    0    0.00 XXX   0 X    0.00 XXX   0 X    0.22 GLU   1 A
TYR  82 B                                            0.00 XXX   0 X    0.00 XXX   0 X    0.07 ASP  24 A
TYR  82 B                                            0.00 XXX   0 X    0.00 XXX   0 X    0.31 GLU  86 B
TYR  82 B                                            0.00 XXX   0 X    0.00 XXX   0 X   -0.01 ARG  93 B

TYR 101 B  11.47    59 %    1.47  447   0.00    0    0.00 XXX   0 X    0.00 XXX   0 X    0.00 XXX   0 X

TYR 122 B  14.81    85 %    3.22  520   0.00    0    0.00 XXX   0 X    0.00 XXX   0 X    0.18 ASP  22 A
TYR 122 B                                            0.00 XXX   0 X    0.00 XXX   0 X   -0.27 ARG  92 B
TYR 122 B                                            0.00 XXX   0 X    0.00 XXX   0 X   -0.06 ARG  93 B
TYR 122 B                                            0.00 XXX   0 X    0.00 XXX   0 X    0.73 ASP  24 A
TYR 122 B                                            0.00 XXX   0 X    0.00 XXX   0 X    1.01 ASP  26 A

TYR 170 B  11.17    25 %    1.38  351   0.00    0   -0.29 ARG 132 B    0.00 XXX   0 X   -0.26 ARG 132 B
TYR 170 B                                           -0.85 THR 162 B    0.00 XXX   0 X    0.08 GLU 137 B
TYR 170 B                                            0.75 GLU 168 B    0.00 XXX   0 X   -0.05 ARG 165 B
TYR 170 B                                            0.00 XXX   0 X    0.00 XXX   0 X    0.42 GLU 168 B

LYS  64 B  10.22     0 %   -0.28  215   0.00    0    0.00 XXX   0 X    0.00 XXX   0 X    0.11 GLU  45 B
LYS  64 B                                            0.00 XXX   0 X    0.00 XXX   0 X    0.03 GLU  68 B
LYS  64 B                                            0.00 XXX   0 X    0.00 XXX   0 X   -0.13 ARG  71 B

LYS  97 B  10.36     6 %   -0.30  299   0.00    0    0.00 XXX   0 X    0.00 XXX   0 X    0.16 GLU  95 A
LYS  97 B                                            0.00 XXX   0 X    0.00 XXX   0 X    0.00 GLU  98 A

LYS 104 B  10.38     0 %   -0.12  175   0.00    0    0.00 XXX   0 X    0.00 XXX   0 X    0.00 XXX   0 X

LYS 138 B  10.64     0 %   -0.11  130   0.00    0    0.00 XXX   0 X    0.00 XXX   0 X   -0.03 ARG 129 B
LYS 138 B                                            0.00 XXX   0 X    0.00 XXX   0 X    0.28 GLU 136 B

ARG   3 B  12.08     0 %   -0.32  186   0.00    0    0.00 XXX   0 X    0.00 XXX   0 X    0.13 ASP  14 A
ARG   3 B                                            0.00 XXX   0 X    0.00 XXX   0 X   -0.24 ARG   5 B

ARG   5 B  13.24    12 %   -1.14  314   0.00    0    1.43 ASP  14 A    0.00 XXX   0 X    0.45 ASP  14 A

ARG  22 B  12.25     0 %   -0.37  224   0.00    0    0.00 XXX   0 X    0.00 XXX   0 X    0.01 GLU  21 B
ARG  22 B                                            0.00 XXX   0 X    0.00 XXX   0 X    0.01 ASP  40 B
ARG  22 B                                            0.00 XXX   0 X    0.00 XXX   0 X    0.17 ASP  42 B
ARG  22 B                                            0.00 XXX   0 X    0.00 XXX   0 X   -0.07 ARG  24 B

ARG  24 B  14.20    16 %   -0.59  327   0.00    0    1.38 ASP  40 B    0.00 XXX   0 X    0.06 GLU  13 B
ARG  24 B                                            0.00 XXX   0 X    0.00 XXX   0 X    0.13 TYR  15 B
ARG  24 B                                            0.00 XXX   0 X    0.00 XXX   0 X    0.00 GLU  35 B
ARG  24 B                                            0.00 XXX   0 X    0.00 XXX   0 X    0.30 ASP  42 B
ARG  24 B                                            0.00 XXX   0 X    0.00 XXX   0 X   -0.05 ARG  28 B
ARG  24 B                                            0.00 XXX   0 X    0.00 XXX   0 X    0.47 ASP  40 B

ARG  28 B  15.26    66 %   -1.93  465   0.00    0    0.43 GLU  13 B    0.00 XXX   0 X    0.03 GLU 138 A
ARG  28 B                                            1.67 GLU  35 B    0.00 XXX   0 X    0.20 TYR   9 B
ARG  28 B                                            0.00 XXX   0 X    0.00 XXX   0 X    0.36 TYR  15 B
ARG  28 B                                            0.00 XXX   0 X    0.00 XXX   0 X    0.01 ASP  40 B
ARG  28 B                                            0.00 XXX   0 X    0.00 XXX   0 X    1.14 GLU  13 B
ARG  28 B                                            0.00 XXX   0 X    0.00 XXX   0 X    0.84 GLU  35 B

ARG  38 B  13.54    38 %   -0.93  387   0.00    0    1.52 GLU  35 B    0.00 XXX   0 X    0.16 GLU  13 B
ARG  38 B                                            0.00 XXX   0 X    0.00 XXX   0 X    0.06 TYR  15 B
ARG  38 B                                            0.00 XXX   0 X    0.00 XXX   0 X    0.16 ASP  40 B
ARG  38 B                                            0.00 XXX   0 X    0.00 XXX   0 X   -0.14 ARG  24 B
ARG  38 B                                            0.00 XXX   0 X    0.00 XXX   0 X   -0.47 ARG  28 B
ARG  38 B                                            0.00 XXX   0 X    0.00 XXX   0 X    0.67 GLU  35 B

ARG  47 B  13.36     0 %   -0.30  259   0.00    0    0.83 GLU  45 B    0.00 XXX   0 X    0.02 ASP  40 B
ARG  47 B                                            0.00 XXX   0 X    0.00 XXX   0 X    0.32 GLU  45 B

ARG  54 B  13.32     0 %   -0.16  172   0.00    0    0.46 GLU  51 B    0.00 XXX   0 X    0.14 GLU  58 B
ARG  54 B                                            0.00 XXX   0 X    0.00 XXX   0 X    0.38 GLU  51 B

ARG  70 B  15.47    98 %   -3.74  556   0.00    0    0.29 TYR  29 B    0.00 XXX   0 X    1.21 TYR  29 B
ARG  70 B                                            0.58 TYR  46 B    0.00 XXX   0 X    2.03 TYR  46 B
ARG  70 B                                            0.39 ASP  27 B    0.00 XXX   0 X    0.12 ASP  69 B
ARG  70 B                                            0.00 XXX   0 X    0.00 XXX   0 X    0.09 TYR  77 B
ARG  70 B                                            0.00 XXX   0 X    0.00 XXX   0 X    0.48 TYR  17 C
ARG  70 B                                            0.00 XXX   0 X    0.00 XXX   0 X    1.51 ASP  27 B

ARG  71 B  13.04     0 %   -0.42  267   0.00    0    0.56 GLU  68 B    0.00 XXX   0 X    0.09 GLU  45 B
ARG  71 B                                            0.00 XXX   0 X    0.00 XXX   0 X    0.31 GLU  68 B

ARG  79 B  12.62     7 %   -0.59  302   0.00    0    0.39 ASP  75 B    0.00 XXX   0 X    0.01 GLU  21 B
ARG  79 B                                            0.00 XXX   0 X    0.00 XXX   0 X    0.31 ASP  75 B

ARG  92 B  11.45    63 %   -1.92  458   0.00    0    0.00 XXX   0 X    0.00 XXX   0 X    0.24 ASP  26 A
ARG  92 B                                            0.00 XXX   0 X    0.00 XXX   0 X    0.20 GLU  44 A
ARG  92 B                                            0.00 XXX   0 X    0.00 XXX   0 X    0.27 TYR 122 B
ARG  92 B                                            0.00 XXX   0 X    0.00 XXX   0 X    0.16 ASP 151 B

ARG  93 B  11.92    20 %   -0.65  337   0.00    0    0.00 XXX   0 X    0.00 XXX   0 X    0.00 GLU   1 A
ARG  93 B                                            0.00 XXX   0 X    0.00 XXX   0 X    0.01 TYR  82 B
ARG  93 B                                            0.00 XXX   0 X    0.00 XXX   0 X    0.06 TYR 122 B

ARG 129 B  13.52     0 %   -0.36  276   0.00    0    0.29 GLU 127 B    0.00 XXX   0 X    0.24 GLU 136 B
ARG 129 B                                            0.18 GLU 175 B    0.00 XXX   0 X    0.32 GLU 127 B
ARG 129 B                                            0.00 XXX   0 X    0.00 XXX   0 X    0.35 GLU 175 B

ARG 132 B  13.74     0 %   -0.31  257   0.00    0    0.29 TYR 170 B    0.00 XXX   0 X    0.11 GLU 137 B
ARG 132 B                                            0.50 GLU 168 B    0.00 XXX   0 X    0.26 TYR 170 B
ARG 132 B                                            0.00 XXX   0 X    0.00 XXX   0 X    0.38 GLU 168 B

ARG 165 B  12.52     0 %   -0.09  151   0.00    0    0.00 XXX   0 X    0.00 XXX   0 X    0.17 GLU 168 B
ARG 165 B                                            0.00 XXX   0 X    0.00 XXX   0 X    0.05 TYR 170 B
ARG 165 B                                            0.00 XXX   0 X    0.00 XXX   0 X   -0.11 ARG 132 B

N+    1 B   7.63     0 %   -0.20  178   0.00    0    0.00 XXX   0 X    0.00 XXX   0 X    0.01 ASP  14 A
N+    1 B                                            0.00 XXX   0 X    0.00 XXX   0 X   -0.07 ARG   3 B
N+    1 B                                            0.00 XXX   0 X    0.00 XXX   0 X   -0.11 ARG   5 B

GLU   2 C   4.50     0 %    0.05   74   0.00    0    0.00 XXX   0 X    0.00 XXX   0 X   -0.05 N+    1 C

C-   21 C   3.15     0 %    0.13  189   0.00    0    0.00 XXX   0 X    0.00 XXX   0 X   -0.03 ARG  73 A
C-   21 C                                            0.00 XXX   0 X    0.00 XXX   0 X   -0.05 ARG  18 C
C-   21 C                                            0.00 XXX   0 X    0.00 XXX   0 X   -0.10 LYS  21 C

HIS  15 C   5.80   100 %   -3.15  667   0.00    0    0.00 XXX   0 X    0.20 VAL  13 C   -0.89 ARG  70 B
HIS  15 C                                            0.00 XXX   0 X    0.00 XXX   0 X    1.49 GLU   8 A
HIS  15 C                                            0.00 XXX   0 X    0.00 XXX   0 X    1.66 ASP  27 B

TYR   6 C  10.26     0 %    0.26  211   0.00    0    0.00 XXX   0 X    0.00 XXX   0 X    0.00 XXX   0 X

TYR  17 C  10.60    40 %    0.88  392   0.00    0    0.00 XXX   0 X    0.00 XXX   0 X    0.05 ASP  27 B
TYR  17 C                                            0.00 XXX   0 X    0.00 XXX   0 X    0.15 ASP  69 B
TYR  17 C                                            0.00 XXX   0 X    0.00 XXX   0 X   -0.48 ARG  70 B

LYS  21 C   9.87     0 %   -0.38  277   0.00    0    0.00 XXX   0 X    0.00 XXX   0 X   -0.20 ARG  73 A
LYS  21 C                                            0.00 XXX   0 X    0.00 XXX   0 X   -0.02 ARG  18 C
LYS  21 C                                            0.00 XXX   0 X    0.00 XXX   0 X    0.10 C-   21 C
LYS  21 C                                            0.00 XXX   0 X    0.00 XXX   0 X   -0.13 LYS  72 A

ARG   7 C  12.29     0 %   -0.21  243   0.00    0    0.00 XXX   0 X    0.00 XXX   0 X    0.00 XXX   0 X

ARG  12 C  12.43     0 %   -0.17  248   0.00    0    0.00 XXX   0 X    0.00 XXX   0 X    0.11 GLU  52 A

ARG  18 C  12.39     0 %   -0.30  276   0.00    0    0.00 XXX   0 X    0.00 XXX   0 X    0.11 GLU  68 A
ARG  18 C                                            0.00 XXX   0 X    0.00 XXX   0 X    0.03 TYR  59 B
ARG  18 C                                            0.00 XXX   0 X    0.00 XXX   0 X    0.05 C-   21 C

N+    1 C   7.80     0 %   -0.23  227   0.00    0    0.00 XXX   0 X    0.00 XXX   0 X    0.01 GLU  44 A
N+    1 C                                            0.00 XXX   0 X    0.00 XXX   0 X   -0.02 ARG  47 A
N+    1 C                                            0.00 XXX   0 X    0.00 XXX   0 X    0.05 GLU   2 C

Coupled residues (marked *) were detected.Please rerun PropKa with the --display-coupled-residues 
or -d option for detailed information.

2026-08-30 00:19:13,800 INFO:output.py:227:print_pka_section:pKa summary:
--------------------------------------------------------------------------------------------------------
SUMMARY OF THIS PREDICTION
       Group      pKa  model-pKa   ligand atom-type
   ASP  14 A     2.81       3.80                      
   ASP  22 A     7.34       3.80                      
   ASP  24 A     4.34       3.80                      
   ASP  26 A     3.49       3.80                      
   ASP  32 A     2.81       3.80                      
   ASP  63 A    12.61       3.80                      
   ASP 107 A     4.59       3.80                      
   ASP 139 A     2.13       3.80                      
   ASP 156 A     2.75       3.80                      
   ASP 159 A     3.86       3.80                      
   ASP 168 A     3.92       3.80                      
   ASP 178 A     4.57       3.80                      
   ASP  27 B     4.26       3.80                      
   ASP  40 B     2.47       3.80                      
   ASP  42 B     4.18       3.80                      
   ASP  65 B     3.97       3.80                      
   ASP  69 B     4.14       3.80                      
   ASP  75 B     3.44       3.80                      
   ASP 151 B     4.96       3.80                      
   GLU   1 A     3.44       4.50                      
   GLU   8 A     4.82       4.50                      
   GLU  18 A     8.77       4.50                      
   GLU  27 A     4.54       4.50                      
   GLU  37 A     4.70       4.50                      
   GLU  43 A     4.18       4.50                      
   GLU  44 A     4.02       4.50                      
   GLU  52 A     4.05       4.50                      
   GLU  68 A     4.54       4.50                      
   GLU  85 A     4.01       4.50                      
   GLU  95 A     4.55       4.50                      
   GLU  98 A     4.82       4.50                      
   GLU 131 A     1.65       4.50                      
   GLU 138 A     4.79       4.50                      
   GLU 155 A     3.75       4.50                      
   GLU 163 A     4.64       4.50                      
   GLU 169 A     4.60       4.50                      
   GLU 176 A     3.74       4.50                      
   GLU   8 B     8.57       4.50                      
   GLU  13 B     4.68       4.50                      
   GLU  21 B     4.46       4.50                      
   GLU  34 B     4.77       4.50                      
   GLU  35 B     2.42       4.50                      
   GLU  45 B     3.47       4.50                      
   GLU  51 B     4.00       4.50                      
   GLU  58 B     4.58       4.50                      
   GLU  68 B     3.88       4.50                      
   GLU  86 B     4.90       4.50                      
   GLU 127 B     4.12       4.50                      
   GLU 136 B     4.53       4.50                      
   GLU 137 B     3.52       4.50                      
   GLU 161 B     4.69       4.50                      
   GLU 168 B     2.61       4.50                      
   GLU 175 B     4.47       4.50                      
   GLU 186 B     4.71       4.50                      
   GLU   2 C     4.50       4.50                      
   C-  178 A     3.50       3.20                      
   C-  189 B     3.49       3.20                      
   C-   21 C     3.15       3.20                      
   HIS   2 A     7.37       6.50                      
   HIS  30 A     7.32       6.50                      
   HIS 140 A     4.91       6.50                      
   HIS 146 A     5.08       6.50                      
   HIS 164 A     4.64       6.50                      
   HIS 174 A     8.23       6.50                      
   HIS  80 B     6.26       6.50                      
   HIS  95 B     6.29       6.50                      
   HIS 110 B     6.16       6.50                      
   HIS 111 B     6.25       6.50                      
   HIS 148 B     6.41       6.50                      
   HIS 176 B     5.21       6.50                      
   HIS  15 C     5.80       6.50                      
   CYS 104 A    99.99       9.00                      
   CYS 160 A    99.99       9.00                      
   CYS  14 B    99.99       9.00                      
   CYS  78 B    99.99       9.00                      
   CYS 116 B    99.99       9.00                      
   CYS 172 B    99.99       9.00                      
   TYR  10 A    10.82      10.00                      
   TYR  76 A    10.06      10.00                      
   TYR 147 A    13.65      10.00                      
   TYR 158 A    10.75      10.00                      
   TYR   9 B    14.11      10.00                      
   TYR  15 B    13.25      10.00                      
   TYR  29 B    19.39      10.00                      
   TYR  31 B    11.20      10.00                      
   TYR  36 B    16.52      10.00                      
   TYR  46 B    14.80      10.00                      
   TYR  59 B    10.23      10.00                      
   TYR  77 B    14.55      10.00                      
   TYR  82 B    11.66      10.00                      
   TYR 101 B    11.47      10.00                      
   TYR 122 B    14.81      10.00                      
   TYR 170 B    11.17      10.00                      
   TYR   6 C    10.26      10.00                      
   TYR  17 C    10.60      10.00                      
   LYS  35 A    10.82      10.50                      
   LYS  36 A    10.39      10.50                      
   LYS  64 A    10.85      10.50                      
   LYS  72 A    10.66      10.50                      
   LYS 108 A    11.10      10.50                      
   LYS 123 A    10.43      10.50                      
   LYS 144 A     9.18      10.50                      
   LYS 173 A    10.28      10.50                      
   LYS  64 B    10.22      10.50                      
   LYS  97 B    10.36      10.50                      
   LYS 104 B    10.38      10.50                      
   LYS 138 B    10.64      10.50                      
   LYS  21 C     9.87      10.50                      
   ARG  41 A    13.44      12.50                      
   ARG  47 A    13.14      12.50                      
   ARG  73 A    11.28      12.50                      
   ARG  97 A    12.41      12.50                      
   ARG 120 A    13.21      12.50                      
   ARG 137 A    14.28      12.50                      
   ARG 143 A    11.90      12.50                      
   ARG 161 A    12.39      12.50                      
   ARG   3 B    12.08      12.50                      
   ARG   5 B    13.24      12.50                      
   ARG  22 B    12.25      12.50                      
   ARG  24 B    14.20      12.50                      
   ARG  28 B    15.26      12.50                      
   ARG  38 B    13.54      12.50                      
   ARG  47 B    13.36      12.50                      
   ARG  54 B    13.32      12.50                      
   ARG  70 B    15.47      12.50                      
   ARG  71 B    13.04      12.50                      
   ARG  79 B    12.62      12.50                      
   ARG  92 B    11.45      12.50                      
   ARG  93 B    11.92      12.50                      
   ARG 129 B    13.52      12.50                      
   ARG 132 B    13.74      12.50                      
   ARG 165 B    12.52      12.50                      
   ARG   7 C    12.29      12.50                      
   ARG  12 C    12.43      12.50                      
   ARG  18 C    12.39      12.50                      
   N+    1 A     7.72       8.00                      
   N+    1 B     7.63       8.00                      
   N+    1 C     7.80       8.00                      

2026-08-30 00:19:13,825 INFO:main.py:648:non_trivial:PROPKA information:
--------------------------------------------------------------------------------------------------------
Free energy of   folding (kcal/mol) as a function of pH (using neutral reference)
  0.00     42.61
  1.00     41.53
  2.00     38.77
  3.00     32.31
  4.00     24.73
  5.00     23.37
  6.00     24.51
  7.00     27.49
  8.00     32.35
  9.00     36.02
 10.00     41.94
 11.00     55.53
 12.00     69.71
 13.00     86.27
 14.00    103.40

The pH of optimum stability is  4.7 for which the free energy is   23.1 kcal/mol at 298K
Could not determine pH values where the free energy is within 80 % of minimum
Could not determine the pH-range where the free energy is negative


Protein charge of folded and unfolded state as a function of pH
    pH  unfolded  folded
  0.00     55.99   55.58
  0.10     55.99   55.51
  0.20     55.99   55.44
  0.30     55.99   55.36
  0.40     55.98   55.28
  0.50     55.98   55.20
  0.60     55.98   55.11
  0.70     55.97   55.02
  0.80     55.96   54.92
  0.90     55.95   54.81
  1.00     55.94   54.70
  1.10     55.92   54.57
  1.20     55.90   54.43
  1.30     55.88   54.26
  1.40     55.85   54.07
  1.50     55.81   53.86
  1.60     55.76   53.61
  1.70     55.69   53.33
  1.80     55.62   53.02
  1.90     55.52   52.65
  2.00     55.40   52.25
  2.10     55.24   51.79
  2.20     55.06   51.28
  2.30     54.82   50.71
  2.40     54.54   50.08
  2.50     54.19   49.39
  2.60     53.76   48.64
  2.70     53.24   47.81
  2.80     52.62   46.91
  2.90     51.88   45.94
  3.00     51.00   44.88
  3.10     49.96   43.73
  3.20     48.76   42.48
  3.30     47.38   41.14
  3.40     45.81   39.69
  3.50     44.04   38.12
  3.60     42.08   36.45
  3.70     39.92   34.67
  3.80     37.59   32.78
  3.90     35.09   30.80
  4.00     32.46   28.73
  4.10     29.71   26.57
  4.20     26.88   24.36
  4.30     24.02   22.11
  4.40     21.15   19.84
  4.50     18.34   17.58
  4.60     15.62   15.35
  4.70     13.05   13.18
  4.80     10.65   11.11
  4.90      8.46    9.14
  5.00      6.48    7.31
  5.10      4.72    5.62
  5.20      3.16    4.08
  5.30      1.78    2.68
  5.40      0.57    1.43
  5.50     -0.51    0.30
  5.60     -1.49   -0.72
  5.70     -2.40   -1.65
  5.80     -3.26   -2.49
  5.90     -4.09   -3.27
  6.00     -4.92   -3.99
  6.10     -5.76   -4.67
  6.20     -6.60   -5.30
  6.30     -7.47   -5.91
  6.40     -8.33   -6.49
  6.50     -9.20   -7.03
  6.60    -10.05   -7.56
  6.70    -10.87   -8.07
  6.80    -11.65   -8.56
  6.90    -12.38   -9.04
  7.00    -13.05   -9.51
  7.10    -13.65   -9.98
  7.20    -14.20  -10.45
  7.30    -14.70  -10.92
  7.40    -15.15  -11.40
  7.50    -15.57  -11.87
  7.60    -15.95  -12.35
  7.70    -16.32  -12.82
  7.80    -16.66  -13.28
  7.90    -16.99  -13.73
  8.00    -17.31  -14.18
  8.10    -17.62  -14.61
  8.20    -17.92  -15.02
  8.30    -18.22  -15.43
  8.40    -18.52  -15.83
  8.50    -18.83  -16.22
  8.60    -19.15  -16.60
  8.70    -19.48  -16.98
  8.80    -19.85  -17.36
  8.90    -20.26  -17.74
  9.00    -20.73  -18.13
  9.10    -21.27  -18.53
  9.20    -21.89  -18.95
  9.30    -22.62  -19.39
  9.40    -23.46  -19.87
  9.50    -24.43  -20.39
  9.60    -25.53  -20.96
  9.70    -26.76  -21.59
  9.80    -28.13  -22.28
  9.90    -29.60  -23.05
 10.00    -31.17  -23.89
 10.10    -32.81  -24.79
 10.20    -34.49  -25.77
 10.30    -36.17  -26.81
 10.40    -37.83  -27.90
 10.50    -39.43  -29.03
 10.60    -40.96  -30.18
 10.70    -42.39  -31.36
 10.80    -43.72  -32.54
 10.90    -44.94  -33.72
 11.00    -46.06  -34.88
 11.10    -47.10  -36.03
 11.20    -48.06  -37.17
 11.30    -48.96  -38.28
 11.40    -49.84  -39.37
 11.50    -50.72  -40.44
 11.60    -51.62  -41.50
 11.70    -52.57  -42.56
 11.80    -53.59  -43.61
 11.90    -54.70  -44.66
 12.00    -55.91  -45.71
 12.10    -57.23  -46.77
 12.20    -58.65  -47.84
 12.30    -60.15  -48.92
 12.40    -61.72  -50.00
 12.50    -63.31  -51.08
 12.60    -64.90  -52.17
 12.70    -66.44  -53.26
 12.80    -67.89  -54.34
 12.90    -69.24  -55.42
 13.00    -70.45  -56.50
 13.10    -71.53  -57.56
 13.20    -72.47  -58.61
 13.30    -73.28  -59.65
 13.40    -73.96  -60.67
 13.50    -74.53  -61.66
 13.60    -75.00  -62.61
 13.70    -75.39  -63.53
 13.80    -75.70  -64.41
 13.90    -75.96  -65.25
 14.00    -76.17  -66.04
The pI is  5.53 (folded) and  5.45 (unfolded)

--------------------------------------------------------------------------------------------------------
2026-08-30 00:19:13,825 INFO:biomolecule.py:797:apply_pka_values:Applying pKa values at a pH of 7.40:
2026-08-30 00:19:13,828 INFO:main.py:661:non_trivial:Adding hydrogens to biomolecule.
2026-08-30 00:19:14,090 INFO:main.py:664:non_trivial:Debumping biomolecule (again).
2026-08-30 00:19:14,447 INFO:main.py:666:non_trivial:Optimizing hydrogen bonds
2026-08-30 00:19:15,273 INFO:main.py:678:non_trivial:Applying force field to biomolecule states.
2026-08-30 00:19:15,278 INFO:main.py:725:non_trivial:Regenerating headers.
2026-08-30 00:19:15,279 INFO:main.py:750:non_trivial:Regenerating PDB lines.
2026-08-30 00:19:15,301 WARNING:main.py:326:print_pqr:Ignoring 467 header lines in output.
