2026-08-30 00:19:10,693 INFO:main.py:246:print_splash_screen:PDB2PQR v3.7.1: biomolecular structure conversion software.
2026-08-30 00:19:10,693 INFO:main.py:248:print_splash_screen:Please cite:  Jurrus E, et al.  Improvements to the APBS biomolecular solvation software suite.  Protein Sci 27 112-128 (2018).
2026-08-30 00:19:10,693 INFO:main.py:248:print_splash_screen:Please cite:  Dolinsky TJ, et al.  PDB2PQR: expanding and upgrading automated preparation of biomolecular structures for molecular simulations. Nucleic Acids Res 35 W522-W525 (2007).
2026-08-30 00:19:10,693 INFO:main.py:770:main_driver:Checking and transforming input arguments.
2026-08-30 00:19:10,693 INFO:main.py:774:main_driver:Loading topology files.
2026-08-30 00:19:10,768 INFO:main.py:776:main_driver:Loading molecule: /Users/anishsharma/Library/Mobile Documents/com~apple~CloudDocs/ebv_ms_publication/processed/pmhc_surface_electrostatics_sequence_expansion_2026-08-30/prepared_structures/HY08_SEQ_02/HY08_SEQ_02__self__SELF_IEDB_96777e34f994__s2__full.pdb
2026-08-30 00:19:10,778 INFO:main.py:781:main_driver:Setting up molecule.
2026-08-30 00:19:10,785 INFO:main.py:423:setup_molecule:Created biomolecule object with 388 residues and 3210 atoms.
2026-08-30 00:19:10,785 INFO:main.py:785:main_driver:Setting termini states for biomolecule chains.
2026-08-30 00:19:10,793 INFO:main.py:616:non_trivial:Loading forcefield.
2026-08-30 00:19:10,805 INFO:main.py:620:non_trivial:Loading hydrogen topology definitions.
2026-08-30 00:19:10,812 INFO:main.py:474:is_repairable:This biomolecule is clean.  No repair needed.
2026-08-30 00:19:10,812 INFO:main.py:635:non_trivial:Updating disulfide bridges.
2026-08-30 00:19:10,813 INFO:main.py:638:non_trivial:Debumping biomolecule.
2026-08-30 00:19:11,123 INFO:main.py:645:non_trivial:Assigning titration states with PROPKA.
2026-08-30 00:19:11,149 INFO:output.py:74:print_header:
propka3.5.1                                                                                  2026-08-30

-------------------------------------------------------------------------------
--                                                                           --
--  PROPKA: A PROTEIN PKA PREDICTOR                                          --
--                                                                           --
--  VERSION 1.0,  04/25/2004,  IOWA CITY                                     --
--  BY HUI LI                                                                --
--                                                                           --
--  VERSION 2.0,  11/05/2007, IOWA CITY/COPENHAGEN                           --
--  BY DELPHINE C. BAS AND DAVID M. ROGERS                                   --
--                                                                           --
--  VERSION 3.0,  01/06/2011, COPENHAGEN                                     --
--  BY MATS H.M. OLSSON AND CHRESTEN R. SONDERGARD                           --
--                                                                           --
--  VERSION 3.1,  07/01/2011, COPENHAGEN                                     --
--  BY CHRESTEN R. SONDERGARD AND MATS H.M. OLSSON                           --
--                                                                           --
--  VERSION 3.2,  06/17/2020, PLANET EARTH                                   --
--  SEE ABOVE FOR AUTHORS                                                    --
--                                                                           --
-------------------------------------------------------------------------------


-------------------------------------------------------------------------------
References:

Very Fast Empirical Prediction and Rationalization of Protein pKa Values.
Hui Li, Andrew D. Robertson and Jan H. Jensen. PROTEINS: Structure, Function,
and Bioinformatics. 61:704-721 (2005)

Very Fast Prediction and Rationalization of pKa Values for Protein-Ligand
Complexes.  Delphine C. Bas, David M. Rogers and Jan H. Jensen.  PROTEINS:
Structure, Function, and Bioinformatics 73:765-783 (2008)

PROPKA3: Consistent Treatment of Internal and Surface Residues in Empirical
pKa predictions.  Mats H.M. Olsson, Chresten R. Sondergard, Michal Rostkowski,
and Jan H. Jensen.  Journal of Chemical Theory and Computation, 7(2):525-537
(2011)

Improved Treatment of Ligands and Coupling Effects in Empirical Calculation
and Rationalization of pKa Values.  Chresten R. Sondergaard, Mats H.M. Olsson,
Michal Rostkowski, and Jan H. Jensen.  Journal of Chemical Theory and
Computation, (2011)
-------------------------------------------------------------------------------



2026-08-30 00:19:11,321 INFO:conformation_container.py:124:find_covalently_coupled_groups:Coupling map:
Covalent coupling map for Conformation container 1A with 3823 atoms and 970 groups
            N+    1 B | ASP   1 B | 
N+    1 B             |     X     | 
ASP   1 B       X     |           | 
2026-08-30 00:19:11,321 INFO:conformation_container.py:213:calculate_pka:Calculating pKas for Conformation container 1A with 3823 atoms and 970 groups
2026-08-30 00:19:12,181 INFO:conformation_container.py:235:calculate_pka:Removing penalised groups!!!
2026-08-30 00:19:12,234 INFO:output.py:225:print_pka_section:pKa determinants:

---------  -----   ------   ---------------------    --------------    --------------    --------------
                            DESOLVATION  EFFECTS       SIDECHAIN          BACKBONE        COULOMBIC
 RESIDUE    pKa    BURIED     REGULAR      RE        HYDROGEN BOND     HYDROGEN BOND      INTERACTION
---------  -----   ------   ---------   ---------    --------------    --------------    --------------

ASP  14 A   2.73    25 %    1.32  351   0.04    0   -1.44 ARG   5 B   -0.39 ASP  14 A   -0.02 N+    1 B
ASP  14 A                                            0.00 XXX   0 X    0.00 XXX   0 X   -0.13 ARG   3 B
ASP  14 A                                            0.00 XXX   0 X    0.00 XXX   0 X   -0.45 ARG   5 B

ASP  22 A   6.93   100 %    3.33  625   0.91    0    0.00 XXX   0 X   -0.68 GLY  25 A    0.36 ASP  24 A
ASP  22 A                                            0.00 XXX   0 X    0.00 XXX   0 X    0.13 GLU  27 A
ASP  22 A                                            0.00 XXX   0 X    0.00 XXX   0 X   -0.39 HIS 148 B
ASP  22 A                                            0.00 XXX   0 X    0.00 XXX   0 X    0.56 ASP  26 A
ASP  22 A                                            0.00 XXX   0 X    0.00 XXX   0 X   -1.08 ARG 143 A

ASP  24 A   4.18    82 %    2.71  510   0.76    0   -1.60 HIS   2 A   -0.78 VAL   3 A   -0.16 N+    1 A
ASP  24 A                                            0.00 XXX   0 X    0.00 XXX   0 X    0.06 GLU   1 A
ASP  24 A                                            0.00 XXX   0 X    0.00 XXX   0 X    0.15 ASP  26 A
ASP  24 A                                            0.00 XXX   0 X    0.00 XXX   0 X   -0.03 HIS 148 B
ASP  24 A                                            0.00 XXX   0 X    0.00 XXX   0 X   -0.73 HIS   2 A

ASP  26 A   3.68   100 %    3.95  562   0.62    0   -1.60 HIS 148 B   -0.41 TRP 152 B   -0.24 ARG  41 A
ASP  26 A                                            0.00 XXX   0 X    0.00 XXX   0 X   -0.45 ARG 143 A
ASP  26 A                                            0.00 XXX   0 X    0.00 XXX   0 X   -0.20 ARG  92 B
ASP  26 A                                            0.00 XXX   0 X    0.00 XXX   0 X   -1.79 HIS 148 B

ASP  32 A   2.78     0 %    0.47  270   0.00    0    0.00 XXX   0 X   -0.29 ALA  34 A   -0.20 LYS  35 A
ASP  32 A                                            0.00 XXX   0 X   -0.84 LYS  35 A   -0.01 LYS  36 A
ASP  32 A                                            0.00 XXX   0 X    0.00 XXX   0 X   -0.15 HIS  30 A

ASP  63 A   8.04*  100 %    3.77  605   0.79    0    1.45 GLU   8 A    0.00 XXX   0 X   -0.02 ARG  12 C
ASP  63 A                                           -1.60 HIS  15 C    0.00 XXX   0 X    0.48 GLU   8 B
ASP  63 A                                            0.00 XXX   0 X    0.00 XXX   0 X    0.04 ASP  27 B
ASP  63 A                                            0.00 XXX   0 X    0.00 XXX   0 X    2.03 GLU   8 A
ASP  63 A                                            0.00 XXX   0 X    0.00 XXX   0 X   -1.80 HIS  15 C
ASP  63 A                                            0.00 XXX   0 X    0.00 XXX   0 X   -0.90 ARG  18 C

ASP 107 A   4.52    49 %    2.09  419   0.14    0   -0.30 ARG 137 A   -0.47 LYS 108 A   -0.24 LYS 108 A
ASP 107 A                                            0.00 XXX   0 X    0.00 XXX   0 X   -0.31 ARG 143 A
ASP 107 A                                            0.00 XXX   0 X    0.00 XXX   0 X    0.19 GLU  85 A
ASP 107 A                                            0.00 XXX   0 X    0.00 XXX   0 X    0.15 ASP 139 A
ASP 107 A                                            0.00 XXX   0 X    0.00 XXX   0 X   -0.55 ARG 137 A

ASP 139 A   2.05    26 %    1.30  353   0.00    0   -1.36 ARG 137 A   -0.15 ASP 139 A   -0.09 LYS 108 A
ASP 139 A                                            0.00 XXX   0 X   -0.73 LEU 141 A   -0.01 ARG 143 A
ASP 139 A                                            0.00 XXX   0 X    0.00 XXX   0 X   -0.22 HIS 140 A
ASP 139 A                                            0.00 XXX   0 X    0.00 XXX   0 X   -0.48 ARG 137 A

ASP 156 A   2.80     3 %    0.48  291   0.00    0   -0.81 ASN 121 A    0.00 XXX   0 X   -0.17 ARG 120 A
ASP 156 A                                           -0.51 SER 153 A    0.00 XXX   0 X    0.00 XXX   0 X

ASP 159 A   3.88    18 %    0.95  332   0.23    0   -0.72 HIS 174 A    0.00 XXX   0 X   -0.01 ARG 161 A
ASP 159 A                                            0.00 XXX   0 X    0.00 XXX   0 X    0.03 GLU 176 A
ASP 159 A                                            0.00 XXX   0 X    0.00 XXX   0 X   -0.40 HIS 174 A

ASP 168 A   3.92     0 %    0.12  145   0.00    0    0.00 XXX   0 X    0.00 XXX   0 X    0.00 XXX   0 X

ASP 178 A   4.29     0 %    0.25  262   0.00    0    0.00 XXX   0 X    0.00 XXX   0 X   -0.16 LYS 104 B
ASP 178 A                                            0.00 XXX   0 X    0.00 XXX   0 X   -0.03 HIS 174 A
ASP 178 A                                            0.00 XXX   0 X    0.00 XXX   0 X    0.17 GLU 176 A
ASP 178 A                                            0.00 XXX   0 X    0.00 XXX   0 X    0.26 C-  178 A

GLU   1 A   3.61     0 %    0.33  275   0.00    0    0.00 XXX   0 X   -0.11 ASN  18 B   -0.21 N+    1 A
GLU   1 A                                            0.00 XXX   0 X   -0.56 GLY  19 B   -0.00 ARG  93 B
GLU   1 A                                            0.00 XXX   0 X    0.00 XXX   0 X   -0.33 HIS   2 A

GLU   8 A   1.98*  100 %    4.08  637   0.31    0   -0.74 GLN   6 A    0.00 XXX   0 X   -0.02 ARG  70 B
GLU   8 A                                           -0.53 ASN  59 A    0.00 XXX   0 X   -0.27 ARG  12 C
GLU   8 A                                           -1.45 ASP  63 A    0.00 XXX   0 X   -0.26 ARG  18 C
GLU   8 A                                           -1.60 HIS  15 C    0.00 XXX   0 X   -2.03 HIS  15 C

GLU  18 A   7.40   100 %    3.40  581   0.52    0    0.00 XXX   0 X   -0.50 PHE 134 A   -0.46 LYS 144 A
GLU  18 A                                            0.00 XXX   0 X    0.00 XXX   0 X    0.22 GLU  27 A
GLU  18 A                                            0.00 XXX   0 X    0.00 XXX   0 X   -0.36 HIS  30 A
GLU  18 A                                            0.00 XXX   0 X    0.00 XXX   0 X    0.07 GLU 131 A

GLU  27 A   4.64   100 %    3.20  565   0.25    0   -1.60 HIS  30 A    0.00 XXX   0 X   -0.04 LYS 144 A
GLU  27 A                                            0.00 XXX   0 X    0.00 XXX   0 X    0.03 ASP  26 A
GLU  27 A                                            0.00 XXX   0 X    0.00 XXX   0 X   -1.13 HIS  30 A
GLU  27 A                                            0.00 XXX   0 X    0.00 XXX   0 X   -0.57 ARG  41 A

GLU  37 A   4.69     0 %    0.29  204   0.00    0    0.00 XXX   0 X    0.00 XXX   0 X   -0.25 LYS  35 A
GLU  37 A                                            0.00 XXX   0 X    0.00 XXX   0 X   -0.01 HIS  30 A
GLU  37 A                                            0.00 XXX   0 X    0.00 XXX   0 X    0.16 ASP  32 A

GLU  43 A   4.48     0 %    0.12  146   0.00    0    0.00 XXX   0 X    0.00 XXX   0 X   -0.22 ARG  47 A
GLU  43 A                                            0.00 XXX   0 X    0.00 XXX   0 X    0.08 GLU  44 A

GLU  44 A   3.91    10 %    0.55  308   0.00    0    0.00 XXX   0 X   -0.77 GLU  44 A   -0.17 ARG  47 A
GLU  44 A                                            0.00 XXX   0 X    0.00 XXX   0 X   -0.21 ARG  92 B

GLU  52 A   4.65     0 %    0.16  232   0.00    0    0.00 XXX   0 X    0.00 XXX   0 X   -0.01 ARG  12 C

GLU  68 A   4.57     3 %    0.30  290   0.03    0    0.00 XXX   0 X    0.00 XXX   0 X   -0.26 LYS  64 A

GLU  85 A   4.11     0 %    0.35  278   0.00    0   -0.26 LYS 108 A    0.00 XXX   0 X   -0.10 ARG 137 A
GLU  85 A                                            0.00 XXX   0 X    0.00 XXX   0 X   -0.01 LYS 173 A
GLU  85 A                                            0.00 XXX   0 X    0.00 XXX   0 X    0.02 ASP 139 A
GLU  85 A                                            0.00 XXX   0 X    0.00 XXX   0 X   -0.38 LYS 108 A

GLU  95 A   4.88     0 %    0.20  257   0.00    0    0.00 XXX   0 X    0.00 XXX   0 X    0.18 GLU  98 A

GLU  98 A   4.65     0 %    0.20  153   0.00    0    0.00 XXX   0 X    0.00 XXX   0 X   -0.05 ARG  97 A

GLU 131 A   1.66    47 %    0.97  413   0.15    0   -0.85 LYS 144 A    0.00 XXX   0 X   -0.01 HIS  30 A
GLU 131 A                                           -1.60 HIS 146 A    0.00 XXX   0 X   -0.84 LYS 144 A
GLU 131 A                                            0.00 XXX   0 X    0.00 XXX   0 X   -0.65 HIS 146 A

GLU 138 A   4.70    13 %    0.23  318   0.00    0    0.00 XXX   0 X    0.00 XXX   0 X   -0.05 ARG 137 A
GLU 138 A                                            0.00 XXX   0 X    0.00 XXX   0 X   -0.03 ARG  28 B
GLU 138 A                                            0.00 XXX   0 X    0.00 XXX   0 X    0.05 ASP 139 A

GLU 155 A   4.20     0 %    0.14  144   0.00    0   -0.53 THR 154 A    0.00 XXX   0 X    0.09 ASP 156 A

GLU 163 A   4.62     0 %    0.32  282   0.00    0    0.00 XXX   0 X    0.00 XXX   0 X   -0.20 ARG 161 A

GLU 169 A   4.61     0 %    0.11  129   0.00    0    0.00 XXX   0 X    0.00 XXX   0 X    0.00 XXX   0 X

GLU 176 A   3.73     0 %    0.27  219   0.00    0   -0.83 HIS 174 A    0.00 XXX   0 X   -0.01 LYS 104 B
GLU 176 A                                            0.00 XXX   0 X    0.00 XXX   0 X    0.05 C-  178 A
GLU 176 A                                            0.00 XXX   0 X    0.00 XXX   0 X   -0.26 HIS 174 A

C-  178 A   2.46     0 %    0.49  227   0.00    0   -0.85 LYS 104 B    0.00 XXX   0 X   -0.38 LYS 104 B

HIS   2 A   7.43    49 %   -1.49  418   0.00    0    1.60 ASP  24 A    0.00 XXX   0 X   -0.21 N+    1 A
HIS   2 A                                            0.00 XXX   0 X    0.00 XXX   0 X   -0.06 ARG  93 B
HIS   2 A                                            0.00 XXX   0 X    0.00 XXX   0 X    0.33 GLU   1 A
HIS   2 A                                            0.00 XXX   0 X    0.00 XXX   0 X    0.03 GLU  86 B
HIS   2 A                                            0.00 XXX   0 X    0.00 XXX   0 X    0.73 ASP  24 A

HIS  30 A   7.67    74 %   -2.02  489   0.00    0    1.60 GLU  27 A    0.00 XXX   0 X   -0.05 ARG  41 A
HIS  30 A                                            0.00 XXX   0 X    0.00 XXX   0 X   -0.02 LYS 144 A
HIS  30 A                                            0.00 XXX   0 X    0.00 XXX   0 X    0.36 GLU  18 A
HIS  30 A                                            0.00 XXX   0 X    0.00 XXX   0 X    0.15 ASP  32 A
HIS  30 A                                            0.00 XXX   0 X    0.00 XXX   0 X    0.01 GLU  37 A
HIS  30 A                                            0.00 XXX   0 X    0.00 XXX   0 X    0.01 GLU 131 A
HIS  30 A                                            0.00 XXX   0 X    0.00 XXX   0 X    1.13 GLU  27 A

HIS 140 A   5.03    57 %   -1.63  442   0.00    0    0.00 XXX   0 X    0.00 XXX   0 X   -0.01 ARG 137 A
HIS 140 A                                            0.00 XXX   0 X    0.00 XXX   0 X   -0.18 ARG  28 B
HIS 140 A                                            0.00 XXX   0 X    0.00 XXX   0 X    0.22 ASP 139 A
HIS 140 A                                            0.00 XXX   0 X    0.00 XXX   0 X    0.13 GLU  35 B

HIS 146 A   5.25    74 %   -2.40  488   0.00    0    1.60 GLU 131 A    0.00 XXX   0 X   -1.10 LYS 144 A
HIS 146 A                                            0.00 XXX   0 X    0.00 XXX   0 X    0.65 GLU 131 A

HIS 164 A   4.68    73 %   -2.43  487   0.00    0    0.00 XXX   0 X    0.61 PRO 111 A    0.00 XXX   0 X

HIS 174 A   8.20     6 %   -0.53  299   0.00    0    0.72 ASP 159 A    0.00 XXX   0 X    0.03 ASP 178 A
HIS 174 A                                            0.83 GLU 176 A    0.00 XXX   0 X    0.40 ASP 159 A
HIS 174 A                                            0.00 XXX   0 X    0.00 XXX   0 X    0.26 GLU 176 A

CYS 104 A  99.99     0 %    0.00    0   0.00    0    0.00 XXX   0 X    0.00 XXX   0 X    0.00 XXX   0 X

CYS 160 A  99.99     0 %    0.00    0   0.00    0    0.00 XXX   0 X    0.00 XXX   0 X    0.00 XXX   0 X

TYR  10 A  10.27    23 %    1.14  346   0.00    0   -0.54 LYS  64 A    0.00 XXX   0 X    0.01 ASP  14 A
TYR  10 A                                            0.00 XXX   0 X    0.00 XXX   0 X    0.08 GLU  68 A
TYR  10 A                                            0.00 XXX   0 X    0.00 XXX   0 X   -0.42 LYS  64 A

TYR  76 A  10.06     0 %    0.23  190   0.00    0    0.00 XXX   0 X    0.00 XXX   0 X    0.01 GLU  68 A
TYR  76 A                                            0.00 XXX   0 X    0.00 XXX   0 X   -0.18 LYS  72 A

TYR 147 A  13.38    89 %    3.56  531   0.00    0   -0.44 ARG  41 A    0.00 XXX   0 X    0.27 ASP  26 A
TYR 147 A                                            0.00 XXX   0 X    0.00 XXX   0 X    0.09 GLU  27 A
TYR 147 A                                            0.00 XXX   0 X    0.00 XXX   0 X   -0.86 ARG  41 A
TYR 147 A                                            0.00 XXX   0 X    0.00 XXX   0 X   -0.03 ARG 143 A
TYR 147 A                                            0.00 XXX   0 X    0.00 XXX   0 X    0.81 ASP 151 B

TYR 158 A  10.95    37 %    1.48  385   0.00    0   -0.51 ARG 120 A    0.00 XXX   0 X   -0.38 ARG 120 A
TYR 158 A                                            0.00 XXX   0 X    0.00 XXX   0 X    0.36 ASP 156 A

LYS  35 A  10.84     0 %   -0.11  135   0.00    0    0.00 XXX   0 X    0.00 XXX   0 X    0.20 ASP  32 A
LYS  35 A                                            0.00 XXX   0 X    0.00 XXX   0 X    0.25 GLU  37 A

LYS  36 A  10.29     0 %   -0.22  216   0.00    0    0.00 XXX   0 X    0.00 XXX   0 X    0.01 ASP  32 A

LYS  64 A  11.33     0 %   -0.40  280   0.00    0    0.54 TYR  10 A    0.00 XXX   0 X    0.26 GLU  68 A
LYS  64 A                                            0.00 XXX   0 X    0.00 XXX   0 X    0.42 TYR  10 A

LYS  72 A  10.60     0 %   -0.08  149   0.00    0    0.00 XXX   0 X    0.00 XXX   0 X    0.18 TYR  76 A

LYS 108 A  10.99     0 %   -0.25  240   0.00    0    0.26 GLU  85 A    0.00 XXX   0 X    0.24 ASP 107 A
LYS 108 A                                            0.00 XXX   0 X    0.00 XXX   0 X   -0.23 ARG 137 A
LYS 108 A                                            0.00 XXX   0 X    0.00 XXX   0 X    0.09 ASP 139 A
LYS 108 A                                            0.00 XXX   0 X    0.00 XXX   0 X    0.38 GLU  85 A

LYS 123 A  10.43     0 %   -0.07  114   0.00    0    0.00 XXX   0 X    0.00 XXX   0 X   -0.01 ARG 120 A

LYS 144 A   9.46    86 %   -3.23  523   0.00    0    0.85 GLU 131 A    0.00 XXX   0 X    0.46 GLU  18 A
LYS 144 A                                            0.00 XXX   0 X    0.00 XXX   0 X    0.04 GLU  27 A
LYS 144 A                                            0.00 XXX   0 X    0.00 XXX   0 X    0.84 GLU 131 A

LYS 173 A  10.30     0 %   -0.22  278   0.00    0    0.00 XXX   0 X    0.00 XXX   0 X    0.01 GLU  85 A

ARG  41 A  13.27    76 %   -1.79  493   0.00    0    0.44 TYR 147 A    0.00 XXX   0 X    0.24 ASP  26 A
ARG  41 A                                            0.00 XXX   0 X    0.00 XXX   0 X    0.86 TYR 147 A
ARG  41 A                                            0.00 XXX   0 X    0.00 XXX   0 X    0.44 ASP 151 B
ARG  41 A                                            0.00 XXX   0 X    0.00 XXX   0 X    0.57 GLU  27 A

ARG  47 A  12.60     0 %   -0.29  186   0.00    0    0.00 XXX   0 X    0.00 XXX   0 X    0.22 GLU  43 A
ARG  47 A                                            0.00 XXX   0 X    0.00 XXX   0 X    0.17 GLU  44 A

ARG  73 A  11.30    54 %   -1.66  433   0.00    0    0.00 XXX   0 X    0.00 XXX   0 X    0.14 GLU   8 B
ARG  73 A                                            0.00 XXX   0 X    0.00 XXX   0 X    0.40 TYR  36 B
ARG  73 A                                            0.00 XXX   0 X    0.00 XXX   0 X    0.01 C-   21 C
ARG  73 A                                            0.00 XXX   0 X    0.00 XXX   0 X   -0.09 ARG  18 C

ARG  97 A  12.38     0 %   -0.17  134   0.00    0    0.00 XXX   0 X    0.00 XXX   0 X    0.05 GLU  98 A

ARG 120 A  13.07    11 %   -0.49  313   0.00    0    0.51 TYR 158 A    0.00 XXX   0 X    0.17 ASP 156 A
ARG 120 A                                            0.00 XXX   0 X    0.00 XXX   0 X    0.38 TYR 158 A

ARG 137 A  14.29    25 %   -1.05  351   0.00    0    0.30 ASP 107 A    0.00 XXX   0 X    0.10 GLU  85 A
ARG 137 A                                            1.36 ASP 139 A    0.00 XXX   0 X    0.05 GLU 138 A
ARG 137 A                                            0.00 XXX   0 X    0.00 XXX   0 X    0.55 ASP 107 A
ARG 137 A                                            0.00 XXX   0 X    0.00 XXX   0 X    0.48 ASP 139 A

ARG 143 A  11.84   100 %   -2.48  571   0.00    0    0.00 XXX   0 X    0.00 XXX   0 X    0.45 ASP  26 A
ARG 143 A                                            0.00 XXX   0 X    0.00 XXX   0 X    0.31 ASP 107 A
ARG 143 A                                            0.00 XXX   0 X    0.00 XXX   0 X    0.01 ASP 139 A
ARG 143 A                                            0.00 XXX   0 X    0.00 XXX   0 X    0.03 TYR 147 A
ARG 143 A                                            0.00 XXX   0 X    0.00 XXX   0 X    0.11 TYR   9 B
ARG 143 A                                            0.00 XXX   0 X    0.00 XXX   0 X   -0.17 ARG 137 A
ARG 143 A                                            0.00 XXX   0 X    0.00 XXX   0 X    1.08 ASP  22 A

ARG 161 A  12.38     0 %   -0.33  266   0.00    0    0.00 XXX   0 X    0.00 XXX   0 X    0.01 ASP 159 A
ARG 161 A                                            0.00 XXX   0 X    0.00 XXX   0 X    0.20 GLU 163 A

N+    1 A   7.73     6 %   -0.59  298   0.00    0    0.00 XXX   0 X    0.00 XXX   0 X    0.21 GLU   1 A
N+    1 A                                            0.00 XXX   0 X    0.00 XXX   0 X    0.16 ASP  24 A
N+    1 A                                            0.00 XXX   0 X    0.00 XXX   0 X   -0.05 ARG  22 B

ASP  27 B   3.60   100 %    4.16  675   0.64    0   -0.84 TYR  29 B    0.00 XXX   0 X   -0.37 ARG  18 C
ASP  27 B                                           -0.79 TYR  46 B    0.00 XXX   0 X    0.24 GLU   8 A
ASP  27 B                                           -0.61 ARG  70 B    0.00 XXX   0 X   -1.92 ARG  70 B
ASP  27 B                                            0.00 XXX   0 X    0.00 XXX   0 X   -0.71 HIS  15 C

ASP  40 B   2.41    27 %    1.31  356   0.09    0   -1.34 ARG  24 B   -0.80 ASP  42 B   -0.16 ARG  38 B
ASP  40 B                                            0.00 XXX   0 X    0.00 XXX   0 X   -0.02 ARG  47 B
ASP  40 B                                            0.00 XXX   0 X    0.00 XXX   0 X   -0.46 ARG  24 B

ASP  42 B   4.23     7 %    0.45  300   0.00    0    0.00 XXX   0 X    0.00 XXX   0 X   -0.10 ARG  22 B
ASP  42 B                                            0.00 XXX   0 X    0.00 XXX   0 X   -0.28 ARG  24 B
ASP  42 B                                            0.00 XXX   0 X    0.00 XXX   0 X    0.35 ASP  40 B

ASP  65 B   3.94     0 %    0.14  148   0.00    0    0.00 XXX   0 X    0.00 XXX   0 X    0.00 XXX   0 X

ASP  69 B   4.19     0 %    0.29  265   0.00    0    0.00 XXX   0 X    0.00 XXX   0 X   -0.06 ARG  70 B
ASP  69 B                                            0.00 XXX   0 X    0.00 XXX   0 X    0.11 ASP  65 B
ASP  69 B                                            0.00 XXX   0 X    0.00 XXX   0 X    0.05 GLU  68 B

ASP  75 B   3.47     0 %    0.33  276   0.00    0   -0.36 ARG  79 B    0.00 XXX   0 X   -0.30 ARG  79 B

ASP 151 B   4.75    85 %    2.26  519   0.27    0   -0.85 THR 153 B   -0.22 ASP 151 B   -0.44 ARG  41 A
ASP 151 B                                            0.00 XXX   0 X   -0.11 THR 153 B   -0.14 ARG  92 B
ASP 151 B                                            0.00 XXX   0 X    0.00 XXX   0 X    0.37 ASP  26 A
ASP 151 B                                            0.00 XXX   0 X    0.00 XXX   0 X   -0.19 HIS 148 B

GLU   8 B   6.71   100 %    3.97  642   1.35    0   -0.85 TYR  36 B    0.00 XXX   0 X   -0.14 ARG  73 A
GLU   8 B                                            0.00 XXX   0 X    0.00 XXX   0 X   -0.08 HIS  15 C
GLU   8 B                                            0.00 XXX   0 X    0.00 XXX   0 X   -2.03 ARG  18 C

GLU  13 B   4.96    95 %    2.93  547   0.23    0   -0.63 THR  11 B    0.00 XXX   0 X   -0.07 ARG  24 B
GLU  13 B                                           -0.85 TYR  15 B    0.00 XXX   0 X   -0.15 ARG  38 B
GLU  13 B                                           -0.45 ARG  28 B    0.00 XXX   0 X    0.09 GLU 138 A
GLU  13 B                                            0.00 XXX   0 X    0.00 XXX   0 X    0.06 ASP  27 B
GLU  13 B                                            0.00 XXX   0 X    0.00 XXX   0 X    0.28 GLU  35 B
GLU  13 B                                            0.00 XXX   0 X    0.00 XXX   0 X   -0.97 ARG  28 B

GLU  21 B   3.84     0 %    0.17  122   0.00    0   -0.79 ASN  18 B    0.00 XXX   0 X   -0.03 ARG  22 B
GLU  21 B                                            0.00 XXX   0 X    0.00 XXX   0 X   -0.01 ARG  79 B

GLU  34 B   4.68    29 %    0.94  363   0.09    0   -0.85 THR  50 B    0.00 XXX   0 X    0.00 XXX   0 X

GLU  35 B   2.80    65 %    2.48  462   0.23    0   -1.59 ARG  28 B    0.00 XXX   0 X   -0.00 ARG  24 B
GLU  35 B                                           -1.25 ARG  38 B    0.00 XXX   0 X   -0.13 HIS 140 A
GLU  35 B                                            0.00 XXX   0 X    0.00 XXX   0 X    0.01 ASP  40 B
GLU  35 B                                            0.00 XXX   0 X    0.00 XXX   0 X   -0.80 ARG  28 B
GLU  35 B                                            0.00 XXX   0 X    0.00 XXX   0 X   -0.66 ARG  38 B

GLU  45 B   3.49     0 %    0.33  282   0.00    0   -0.84 ARG  47 B    0.00 XXX   0 X   -0.09 LYS  64 B
GLU  45 B                                            0.00 XXX   0 X    0.00 XXX   0 X   -0.09 ARG  71 B
GLU  45 B                                            0.00 XXX   0 X    0.00 XXX   0 X   -0.32 ARG  47 B

GLU  51 B   2.90     0 %    0.30  178   0.00    0   -1.51 ARG  54 B    0.00 XXX   0 X   -0.38 ARG  54 B

GLU  58 B   4.70     0 %    0.26  225   0.00    0    0.00 XXX   0 X    0.00 XXX   0 X   -0.14 ARG  54 B
GLU  58 B                                            0.00 XXX   0 X    0.00 XXX   0 X   -0.02 LYS  21 C
GLU  58 B                                            0.00 XXX   0 X    0.00 XXX   0 X    0.03 GLU  51 B
GLU  58 B                                            0.00 XXX   0 X    0.00 XXX   0 X    0.07 C-   21 C

GLU  68 B   3.98     0 %    0.27  205   0.00    0   -0.49 ARG  71 B    0.00 XXX   0 X   -0.03 LYS  64 B
GLU  68 B                                            0.00 XXX   0 X    0.00 XXX   0 X    0.04 ASP  65 B
GLU  68 B                                            0.00 XXX   0 X    0.00 XXX   0 X   -0.30 ARG  71 B

GLU  86 B   4.99    16 %    0.54  326   0.06    0   -0.08 GLN  91 B    0.00 XXX   0 X   -0.00 ARG   7 C
GLU  86 B                                            0.00 XXX   0 X    0.00 XXX   0 X   -0.03 HIS   2 A

GLU 127 B   3.99     0 %    0.26  235   0.00    0   -0.40 ARG 129 B    0.00 XXX   0 X   -0.38 ARG 129 B

GLU 136 B   4.45     0 %    0.48  238   0.00    0    0.00 XXX   0 X    0.00 XXX   0 X   -0.25 ARG 129 B
GLU 136 B                                            0.00 XXX   0 X    0.00 XXX   0 X   -0.30 LYS 138 B
GLU 136 B                                            0.00 XXX   0 X    0.00 XXX   0 X    0.03 GLU 127 B

GLU 137 B   4.54    12 %    0.56  314   0.09    0   -0.30 ARG 132 B    0.00 XXX   0 X    0.01 GLU 136 B
GLU 137 B                                            0.00 XXX   0 X    0.00 XXX   0 X    0.06 GLU 168 B
GLU 137 B                                            0.00 XXX   0 X    0.00 XXX   0 X   -0.37 ARG 132 B

GLU 161 B   4.58     0 %    0.27  255   0.00    0    0.00 XXX   0 X    0.00 XXX   0 X   -0.18 HIS 110 B

GLU 168 B   3.31     0 %    0.60  271   0.00    0   -0.04 ARG 132 B   -0.63 ARG 165 B   -0.25 ARG 132 B
GLU 168 B                                           -0.66 TYR 170 B    0.00 XXX   0 X   -0.21 ARG 165 B

GLU 175 B   4.62     0 %    0.35  242   0.00    0   -0.04 ARG 129 B    0.00 XXX   0 X   -0.31 ARG 129 B
GLU 175 B                                           -0.19 GLN 173 B    0.00 XXX   0 X    0.28 GLU 127 B
GLU 175 B                                            0.00 XXX   0 X    0.00 XXX   0 X    0.04 GLU 136 B

GLU 186 B   4.71     0 %    0.21  230   0.00    0    0.00 XXX   0 X    0.00 XXX   0 X    0.00 XXX   0 X

C-  189 B   3.43     0 %    0.23  197   0.00    0    0.00 XXX   0 X    0.00 XXX   0 X    0.00 XXX   0 X

HIS  80 B   5.94    37 %   -0.96  385   0.00    0    0.00 XXX   0 X    0.40 PRO   9 C    0.00 XXX   0 X

HIS  95 B   6.25     0 %   -0.31  243   0.00    0    0.00 XXX   0 X    0.06 SER 178 B    0.00 XXX   0 X

HIS 110 B   6.29     0 %   -0.37  245   0.00    0    0.00 XXX   0 X    0.00 XXX   0 X   -0.02 ARG 165 B
HIS 110 B                                            0.00 XXX   0 X    0.00 XXX   0 X    0.18 GLU 161 B

HIS 111 B   6.17     0 %   -0.23  193   0.00    0    0.00 XXX   0 X    0.00 XXX   0 X   -0.06 ARG 165 B
HIS 111 B                                            0.00 XXX   0 X    0.00 XXX   0 X   -0.05 HIS 110 B

HIS 148 B   7.02    92 %   -2.51  540   0.00    0    1.60 ASP  26 A    0.00 XXX   0 X   -0.02 ARG  41 A
HIS 148 B                                            0.00 XXX   0 X    0.00 XXX   0 X   -0.94 ARG 143 A
HIS 148 B                                            0.00 XXX   0 X    0.00 XXX   0 X    0.39 ASP  22 A
HIS 148 B                                            0.00 XXX   0 X    0.00 XXX   0 X    0.03 ASP  24 A
HIS 148 B                                            0.00 XXX   0 X    0.00 XXX   0 X    0.19 ASP 151 B
HIS 148 B                                            0.00 XXX   0 X    0.00 XXX   0 X    1.79 ASP  26 A

HIS 176 B   5.27    42 %   -1.88  399   0.00    0    0.00 XXX   0 X    0.82 PRO 123 B   -0.10 ARG  93 B
HIS 176 B                                            0.00 XXX   0 X    0.00 XXX   0 X   -0.07 HIS  95 B

CYS  14 B  99.99     0 %    0.00    0   0.00    0    0.00 XXX   0 X    0.00 XXX   0 X    0.00 XXX   0 X

CYS  78 B  99.99     0 %    0.00    0   0.00    0    0.00 XXX   0 X    0.00 XXX   0 X    0.00 XXX   0 X

CYS 116 B  99.99     0 %    0.00    0   0.00    0    0.00 XXX   0 X    0.00 XXX   0 X    0.00 XXX   0 X

CYS 172 B  99.99     0 %    0.00    0   0.00    0    0.00 XXX   0 X    0.00 XXX   0 X    0.00 XXX   0 X

TYR   9 B  13.75   100 %    3.42  626   0.00    0    0.00 XXX   0 X    0.00 XXX   0 X    0.17 ASP  22 A
TYR   9 B                                            0.00 XXX   0 X    0.00 XXX   0 X    0.07 ASP 139 A
TYR   9 B                                            0.00 XXX   0 X    0.00 XXX   0 X   -0.11 ARG 143 A
TYR   9 B                                            0.00 XXX   0 X    0.00 XXX   0 X    0.41 GLU  13 B
TYR   9 B                                            0.00 XXX   0 X    0.00 XXX   0 X   -0.20 ARG  28 B

TYR  15 B  13.12    56 %    1.50  439   0.00    0    0.85 GLU  13 B    0.00 XXX   0 X    0.21 GLU 138 A
TYR  15 B                                            0.00 XXX   0 X    0.00 XXX   0 X   -0.14 ARG  24 B
TYR  15 B                                            0.00 XXX   0 X    0.00 XXX   0 X   -0.30 ARG  28 B
TYR  15 B                                            0.00 XXX   0 X    0.00 XXX   0 X    0.04 GLU  35 B
TYR  15 B                                            0.00 XXX   0 X    0.00 XXX   0 X   -0.05 ARG  38 B
TYR  15 B                                            0.00 XXX   0 X    0.00 XXX   0 X    0.02 ASP  40 B
TYR  15 B                                            0.00 XXX   0 X    0.00 XXX   0 X    1.00 GLU  13 B

TYR  29 B  13.61   100 %    3.78  673   0.00    0   -0.53 ARG  70 B    0.00 XXX   0 X    0.38 GLU   8 A
TYR  29 B                                           -0.49 TYR  46 B    0.00 XXX   0 X    0.33 ASP  63 A
TYR  29 B                                            0.84 ASP  27 B    0.00 XXX   0 X    0.10 GLU   8 B
TYR  29 B                                            0.00 XXX   0 X    0.00 XXX   0 X   -1.77 ARG  70 B
TYR  29 B                                            0.00 XXX   0 X    0.00 XXX   0 X   -1.07 ARG  18 C
TYR  29 B                                            0.00 XXX   0 X    0.00 XXX   0 X    2.03 ASP  27 B

TYR  31 B  11.16    53 %    2.53  431   0.00    0   -0.62 THR  71 A    0.00 XXX   0 X    0.22 GLU   8 B
TYR  31 B                                           -0.85 SER  74 A    0.00 XXX   0 X    0.03 GLU  34 B
TYR  31 B                                           -0.17 ASN  32 B    0.00 XXX   0 X    0.02 TYR  76 A

TYR  36 B  16.15   100 %    5.06  615   0.00    0    0.85 GLU   8 B    0.00 XXX   0 X    0.17 ASP  63 A
TYR  36 B                                            0.00 XXX   0 X    0.00 XXX   0 X   -0.40 ARG  73 A
TYR  36 B                                            0.00 XXX   0 X    0.00 XXX   0 X    0.04 ASP  27 B
TYR  36 B                                            0.00 XXX   0 X    0.00 XXX   0 X    0.03 GLU  34 B
TYR  36 B                                            0.00 XXX   0 X    0.00 XXX   0 X   -2.03 ARG  18 C
TYR  36 B                                            0.00 XXX   0 X    0.00 XXX   0 X    0.39 TYR  29 B
TYR  36 B                                            0.00 XXX   0 X    0.00 XXX   0 X    2.03 GLU   8 B

TYR  46 B  17.28   100 %    4.71  606   0.00    0   -0.56 ARG  70 B    0.00 XXX   0 X   -2.03 ARG  70 B
TYR  46 B                                            0.49 TYR  29 B    0.00 XXX   0 X   -0.18 ARG  18 C
TYR  46 B                                            0.79 ASP  27 B    0.00 XXX   0 X    2.03 TYR  29 B
TYR  46 B                                            0.00 XXX   0 X    0.00 XXX   0 X    2.03 ASP  27 B

TYR  59 B  10.23     0 %    0.29  260   0.00    0   -0.00 GLN  63 B    0.00 XXX   0 X    0.05 C-   21 C
TYR  59 B                                            0.00 XXX   0 X    0.00 XXX   0 X   -0.10 LYS  21 C

TYR  77 B  14.69   100 %    4.14  652   0.00    0    0.00 XXX   0 X    0.00 XXX   0 X    0.30 GLU   8 A
TYR  77 B                                            0.00 XXX   0 X    0.00 XXX   0 X    0.01 GLU  13 B
TYR  77 B                                            0.00 XXX   0 X    0.00 XXX   0 X    0.33 ASP  27 B
TYR  77 B                                            0.00 XXX   0 X    0.00 XXX   0 X   -0.11 ARG  70 B
TYR  77 B                                            0.00 XXX   0 X    0.00 XXX   0 X    0.02 TYR  29 B

TYR  82 B  11.61    25 %    1.01  351   0.00    0    0.00 XXX   0 X    0.00 XXX   0 X    0.23 GLU   1 A
TYR  82 B                                            0.00 XXX   0 X    0.00 XXX   0 X    0.06 ASP  24 A
TYR  82 B                                            0.00 XXX   0 X    0.00 XXX   0 X    0.31 GLU  86 B

TYR 101 B  11.35    54 %    1.35  432   0.00    0    0.00 XXX   0 X    0.00 XXX   0 X    0.00 XXX   0 X

TYR 122 B  14.32    82 %    2.99  512   0.00    0    0.00 XXX   0 X    0.00 XXX   0 X    0.16 ASP  22 A
TYR 122 B                                            0.00 XXX   0 X    0.00 XXX   0 X   -0.26 ARG  92 B
TYR 122 B                                            0.00 XXX   0 X    0.00 XXX   0 X   -0.05 ARG  93 B
TYR 122 B                                            0.00 XXX   0 X    0.00 XXX   0 X    0.65 ASP  24 A
TYR 122 B                                            0.00 XXX   0 X    0.00 XXX   0 X    0.83 ASP  26 A

TYR 170 B  12.21    23 %    1.44  345   0.00    0   -0.11 THR 162 B    0.00 XXX   0 X   -0.22 ARG 132 B
TYR 170 B                                            0.66 GLU 168 B    0.00 XXX   0 X    0.12 GLU 137 B
TYR 170 B                                            0.00 XXX   0 X    0.00 XXX   0 X   -0.10 ARG 165 B
TYR 170 B                                            0.00 XXX   0 X    0.00 XXX   0 X    0.42 GLU 168 B

LYS  64 B  10.24     0 %   -0.25  216   0.00    0    0.00 XXX   0 X    0.00 XXX   0 X    0.09 GLU  45 B
LYS  64 B                                            0.00 XXX   0 X    0.00 XXX   0 X    0.03 GLU  68 B
LYS  64 B                                            0.00 XXX   0 X    0.00 XXX   0 X   -0.12 ARG  71 B
LYS  64 B                                            0.00 XXX   0 X    0.00 XXX   0 X   -0.02 LYS  21 C

LYS  97 B  10.38     0 %   -0.12  258   0.00    0    0.00 XXX   0 X    0.00 XXX   0 X    0.00 XXX   0 X

LYS 104 B  11.52     0 %   -0.38  189   0.00    0    0.85 C-  178 A    0.00 XXX   0 X    0.01 GLU 176 A
LYS 104 B                                            0.00 XXX   0 X    0.00 XXX   0 X    0.16 ASP 178 A
LYS 104 B                                            0.00 XXX   0 X    0.00 XXX   0 X    0.38 C-  178 A

LYS 138 B  10.63     0 %   -0.12  141   0.00    0    0.00 XXX   0 X    0.00 XXX   0 X   -0.06 ARG 129 B
LYS 138 B                                            0.00 XXX   0 X    0.00 XXX   0 X    0.30 GLU 136 B

ARG   3 B  12.09     0 %   -0.31  182   0.00    0    0.00 XXX   0 X    0.00 XXX   0 X    0.13 ASP  14 A
ARG   3 B                                            0.00 XXX   0 X    0.00 XXX   0 X   -0.23 ARG   5 B

ARG   5 B  13.29    12 %   -1.10  314   0.00    0    1.44 ASP  14 A    0.00 XXX   0 X    0.45 ASP  14 A

ARG  22 B  12.22     0 %   -0.38  203   0.00    0    0.00 XXX   0 X    0.00 XXX   0 X    0.03 GLU  21 B
ARG  22 B                                            0.00 XXX   0 X    0.00 XXX   0 X    0.10 ASP  42 B
ARG  22 B                                            0.00 XXX   0 X    0.00 XXX   0 X   -0.03 ARG  24 B

ARG  24 B  14.18    16 %   -0.58  326   0.00    0    1.34 ASP  40 B    0.00 XXX   0 X    0.07 GLU  13 B
ARG  24 B                                            0.00 XXX   0 X    0.00 XXX   0 X    0.14 TYR  15 B
ARG  24 B                                            0.00 XXX   0 X    0.00 XXX   0 X    0.00 GLU  35 B
ARG  24 B                                            0.00 XXX   0 X    0.00 XXX   0 X    0.28 ASP  42 B
ARG  24 B                                            0.00 XXX   0 X    0.00 XXX   0 X   -0.03 ARG  28 B
ARG  24 B                                            0.00 XXX   0 X    0.00 XXX   0 X    0.46 ASP  40 B

ARG  28 B  15.13    63 %   -1.71  457   0.00    0    0.45 GLU  13 B    0.00 XXX   0 X    0.03 GLU 138 A
ARG  28 B                                            1.59 GLU  35 B    0.00 XXX   0 X    0.20 TYR   9 B
ARG  28 B                                            0.00 XXX   0 X    0.00 XXX   0 X    0.30 TYR  15 B
ARG  28 B                                            0.00 XXX   0 X    0.00 XXX   0 X    0.97 GLU  13 B
ARG  28 B                                            0.00 XXX   0 X    0.00 XXX   0 X    0.80 GLU  35 B

ARG  38 B  13.31    37 %   -0.91  386   0.00    0    1.25 GLU  35 B    0.00 XXX   0 X    0.15 GLU  13 B
ARG  38 B                                            0.00 XXX   0 X    0.00 XXX   0 X    0.05 TYR  15 B
ARG  38 B                                            0.00 XXX   0 X    0.00 XXX   0 X    0.16 ASP  40 B
ARG  38 B                                            0.00 XXX   0 X    0.00 XXX   0 X   -0.14 ARG  24 B
ARG  38 B                                            0.00 XXX   0 X    0.00 XXX   0 X   -0.41 ARG  28 B
ARG  38 B                                            0.00 XXX   0 X    0.00 XXX   0 X    0.66 GLU  35 B

ARG  47 B  13.36     0 %   -0.31  256   0.00    0    0.84 GLU  45 B    0.00 XXX   0 X    0.02 ASP  40 B
ARG  47 B                                            0.00 XXX   0 X    0.00 XXX   0 X    0.32 GLU  45 B

ARG  54 B  14.31     0 %   -0.22  207   0.00    0    1.51 GLU  51 B    0.00 XXX   0 X    0.14 GLU  58 B
ARG  54 B                                            0.00 XXX   0 X    0.00 XXX   0 X    0.38 GLU  51 B

ARG  70 B  16.40   100 %   -3.72  586   0.00    0    0.53 TYR  29 B    0.00 XXX   0 X    0.02 GLU   8 A
ARG  70 B                                            0.56 TYR  46 B    0.00 XXX   0 X    1.77 TYR  29 B
ARG  70 B                                            0.61 ASP  27 B    0.00 XXX   0 X    2.03 TYR  46 B
ARG  70 B                                            0.00 XXX   0 X    0.00 XXX   0 X    0.06 ASP  69 B
ARG  70 B                                            0.00 XXX   0 X    0.00 XXX   0 X    0.11 TYR  77 B
ARG  70 B                                            0.00 XXX   0 X    0.00 XXX   0 X    1.92 ASP  27 B

ARG  71 B  12.98     0 %   -0.41  269   0.00    0    0.49 GLU  68 B    0.00 XXX   0 X    0.09 GLU  45 B
ARG  71 B                                            0.00 XXX   0 X    0.00 XXX   0 X    0.30 GLU  68 B

ARG  79 B  12.61     6 %   -0.56  299   0.00    0    0.36 ASP  75 B    0.00 XXX   0 X    0.01 GLU  21 B
ARG  79 B                                            0.00 XXX   0 X    0.00 XXX   0 X    0.30 ASP  75 B

ARG  92 B  11.47    59 %   -1.84  446   0.00    0    0.00 XXX   0 X    0.00 XXX   0 X    0.20 ASP  26 A
ARG  92 B                                            0.00 XXX   0 X    0.00 XXX   0 X    0.21 GLU  44 A
ARG  92 B                                            0.00 XXX   0 X    0.00 XXX   0 X    0.26 TYR 122 B
ARG  92 B                                            0.00 XXX   0 X    0.00 XXX   0 X    0.14 ASP 151 B

ARG  93 B  11.99    14 %   -0.56  320   0.00    0    0.00 XXX   0 X    0.00 XXX   0 X    0.00 GLU   1 A
ARG  93 B                                            0.00 XXX   0 X    0.00 XXX   0 X    0.05 TYR 122 B

ARG 129 B  13.55     0 %   -0.33  267   0.00    0    0.04 GLU 175 B    0.00 XXX   0 X    0.25 GLU 136 B
ARG 129 B                                            0.40 GLU 127 B    0.00 XXX   0 X    0.31 GLU 175 B
ARG 129 B                                            0.00 XXX   0 X    0.00 XXX   0 X    0.38 GLU 127 B

ARG 132 B  13.39     0 %   -0.30  275   0.00    0    0.04 GLU 168 B    0.00 XXX   0 X    0.25 GLU 168 B
ARG 132 B                                            0.30 GLU 137 B    0.00 XXX   0 X    0.22 TYR 170 B
ARG 132 B                                            0.00 XXX   0 X    0.00 XXX   0 X    0.37 GLU 137 B

ARG 165 B  12.54     0 %   -0.20  197   0.00    0    0.00 XXX   0 X    0.00 XXX   0 X    0.21 GLU 168 B
ARG 165 B                                            0.00 XXX   0 X    0.00 XXX   0 X    0.10 TYR 170 B
ARG 165 B                                            0.00 XXX   0 X    0.00 XXX   0 X   -0.08 ARG 132 B

N+    1 B   7.63     0 %   -0.20  175   0.00    0    0.00 XXX   0 X    0.00 XXX   0 X    0.02 ASP  14 A
N+    1 B                                            0.00 XXX   0 X    0.00 XXX   0 X   -0.08 ARG   3 B
N+    1 B                                            0.00 XXX   0 X    0.00 XXX   0 X   -0.12 ARG   5 B

GLU   2 C   4.56     0 %    0.06   66   0.00    0    0.00 XXX   0 X    0.00 XXX   0 X    0.00 XXX   0 X

C-   21 C   3.22     0 %    0.20  184   0.00    0    0.00 XXX   0 X    0.00 XXX   0 X   -0.01 ARG  73 A
C-   21 C                                            0.00 XXX   0 X    0.00 XXX   0 X   -0.17 LYS  21 C

HIS  15 C   9.56   100 %   -3.08  603   0.00    0    1.60 GLU   8 A    0.00 XXX   0 X   -0.57 ARG  70 B
HIS  15 C                                            1.60 ASP  63 A    0.00 XXX   0 X   -0.30 ARG  12 C
HIS  15 C                                            0.00 XXX   0 X    0.00 XXX   0 X   -0.81 ARG  18 C
HIS  15 C                                            0.00 XXX   0 X    0.00 XXX   0 X    0.08 GLU   8 B
HIS  15 C                                            0.00 XXX   0 X    0.00 XXX   0 X    2.03 GLU   8 A
HIS  15 C                                            0.00 XXX   0 X    0.00 XXX   0 X    1.80 ASP  63 A
HIS  15 C                                            0.00 XXX   0 X    0.00 XXX   0 X    0.71 ASP  27 B

TYR   6 C  10.28     0 %    0.28  197   0.00    0    0.00 XXX   0 X    0.00 XXX   0 X    0.00 XXX   0 X

TYR  17 C  10.26     0 %    0.25  270   0.00    0    0.00 XXX   0 X    0.00 XXX   0 X    0.01 GLU  68 A

LYS  21 C  10.52     0 %   -0.28  183   0.00    0    0.00 XXX   0 X    0.00 XXX   0 X    0.02 GLU  58 B
LYS  21 C                                            0.00 XXX   0 X    0.00 XXX   0 X    0.17 C-   21 C
LYS  21 C                                            0.00 XXX   0 X    0.00 XXX   0 X    0.10 TYR  59 B

ARG   7 C  12.04     0 %   -0.46  276   0.00    0    0.00 XXX   0 X    0.00 XXX   0 X    0.00 GLU  86 B

ARG  12 C  11.60    50 %   -1.18  422   0.00    0    0.00 XXX   0 X    0.00 XXX   0 X    0.27 GLU   8 A
ARG  12 C                                            0.00 XXX   0 X    0.00 XXX   0 X    0.01 GLU  52 A
ARG  12 C                                            0.00 XXX   0 X    0.00 XXX   0 X    0.02 ASP  63 A
ARG  12 C                                            0.00 XXX   0 X    0.00 XXX   0 X   -0.01 ARG  70 B

ARG  18 C  14.69   100 %   -4.63  650   0.00    0    0.00 XXX   0 X    0.00 XXX   0 X    0.26 GLU   8 A
ARG  18 C                                            0.00 XXX   0 X    0.00 XXX   0 X    0.37 ASP  27 B
ARG  18 C                                            0.00 XXX   0 X    0.00 XXX   0 X    1.07 TYR  29 B
ARG  18 C                                            0.00 XXX   0 X    0.00 XXX   0 X    2.03 TYR  36 B
ARG  18 C                                            0.00 XXX   0 X    0.00 XXX   0 X    0.18 TYR  46 B
ARG  18 C                                            0.00 XXX   0 X    0.00 XXX   0 X   -0.04 ARG  70 B
ARG  18 C                                            0.00 XXX   0 X    0.00 XXX   0 X    0.90 ASP  63 A
ARG  18 C                                            0.00 XXX   0 X    0.00 XXX   0 X    2.03 GLU   8 B

N+    1 C   7.91     0 %   -0.09   64   0.00    0    0.00 XXX   0 X    0.00 XXX   0 X    0.00 XXX   0 X

Coupled residues (marked *) were detected.Please rerun PropKa with the --display-coupled-residues 
or -d option for detailed information.

2026-08-30 00:19:12,235 INFO:output.py:227:print_pka_section:pKa summary:
--------------------------------------------------------------------------------------------------------
SUMMARY OF THIS PREDICTION
       Group      pKa  model-pKa   ligand atom-type
   ASP  14 A     2.73       3.80                      
   ASP  22 A     6.93       3.80                      
   ASP  24 A     4.18       3.80                      
   ASP  26 A     3.68       3.80                      
   ASP  32 A     2.78       3.80                      
   ASP  63 A     8.04       3.80                      
   ASP 107 A     4.52       3.80                      
   ASP 139 A     2.05       3.80                      
   ASP 156 A     2.80       3.80                      
   ASP 159 A     3.88       3.80                      
   ASP 168 A     3.92       3.80                      
   ASP 178 A     4.29       3.80                      
   ASP  27 B     3.60       3.80                      
   ASP  40 B     2.41       3.80                      
   ASP  42 B     4.23       3.80                      
   ASP  65 B     3.94       3.80                      
   ASP  69 B     4.19       3.80                      
   ASP  75 B     3.47       3.80                      
   ASP 151 B     4.75       3.80                      
   GLU   1 A     3.61       4.50                      
   GLU   8 A     1.98       4.50                      
   GLU  18 A     7.40       4.50                      
   GLU  27 A     4.64       4.50                      
   GLU  37 A     4.69       4.50                      
   GLU  43 A     4.48       4.50                      
   GLU  44 A     3.91       4.50                      
   GLU  52 A     4.65       4.50                      
   GLU  68 A     4.57       4.50                      
   GLU  85 A     4.11       4.50                      
   GLU  95 A     4.88       4.50                      
   GLU  98 A     4.65       4.50                      
   GLU 131 A     1.66       4.50                      
   GLU 138 A     4.70       4.50                      
   GLU 155 A     4.20       4.50                      
   GLU 163 A     4.62       4.50                      
   GLU 169 A     4.61       4.50                      
   GLU 176 A     3.73       4.50                      
   GLU   8 B     6.71       4.50                      
   GLU  13 B     4.96       4.50                      
   GLU  21 B     3.84       4.50                      
   GLU  34 B     4.68       4.50                      
   GLU  35 B     2.80       4.50                      
   GLU  45 B     3.49       4.50                      
   GLU  51 B     2.90       4.50                      
   GLU  58 B     4.70       4.50                      
   GLU  68 B     3.98       4.50                      
   GLU  86 B     4.99       4.50                      
   GLU 127 B     3.99       4.50                      
   GLU 136 B     4.45       4.50                      
   GLU 137 B     4.54       4.50                      
   GLU 161 B     4.58       4.50                      
   GLU 168 B     3.31       4.50                      
   GLU 175 B     4.62       4.50                      
   GLU 186 B     4.71       4.50                      
   GLU   2 C     4.56       4.50                      
   C-  178 A     2.46       3.20                      
   C-  189 B     3.43       3.20                      
   C-   21 C     3.22       3.20                      
   HIS   2 A     7.43       6.50                      
   HIS  30 A     7.67       6.50                      
   HIS 140 A     5.03       6.50                      
   HIS 146 A     5.25       6.50                      
   HIS 164 A     4.68       6.50                      
   HIS 174 A     8.20       6.50                      
   HIS  80 B     5.94       6.50                      
   HIS  95 B     6.25       6.50                      
   HIS 110 B     6.29       6.50                      
   HIS 111 B     6.17       6.50                      
   HIS 148 B     7.02       6.50                      
   HIS 176 B     5.27       6.50                      
   HIS  15 C     9.56       6.50                      
   CYS 104 A    99.99       9.00                      
   CYS 160 A    99.99       9.00                      
   CYS  14 B    99.99       9.00                      
   CYS  78 B    99.99       9.00                      
   CYS 116 B    99.99       9.00                      
   CYS 172 B    99.99       9.00                      
   TYR  10 A    10.27      10.00                      
   TYR  76 A    10.06      10.00                      
   TYR 147 A    13.38      10.00                      
   TYR 158 A    10.95      10.00                      
   TYR   9 B    13.75      10.00                      
   TYR  15 B    13.12      10.00                      
   TYR  29 B    13.61      10.00                      
   TYR  31 B    11.16      10.00                      
   TYR  36 B    16.15      10.00                      
   TYR  46 B    17.28      10.00                      
   TYR  59 B    10.23      10.00                      
   TYR  77 B    14.69      10.00                      
   TYR  82 B    11.61      10.00                      
   TYR 101 B    11.35      10.00                      
   TYR 122 B    14.32      10.00                      
   TYR 170 B    12.21      10.00                      
   TYR   6 C    10.28      10.00                      
   TYR  17 C    10.26      10.00                      
   LYS  35 A    10.84      10.50                      
   LYS  36 A    10.29      10.50                      
   LYS  64 A    11.33      10.50                      
   LYS  72 A    10.60      10.50                      
   LYS 108 A    10.99      10.50                      
   LYS 123 A    10.43      10.50                      
   LYS 144 A     9.46      10.50                      
   LYS 173 A    10.30      10.50                      
   LYS  64 B    10.24      10.50                      
   LYS  97 B    10.38      10.50                      
   LYS 104 B    11.52      10.50                      
   LYS 138 B    10.63      10.50                      
   LYS  21 C    10.52      10.50                      
   ARG  41 A    13.27      12.50                      
   ARG  47 A    12.60      12.50                      
   ARG  73 A    11.30      12.50                      
   ARG  97 A    12.38      12.50                      
   ARG 120 A    13.07      12.50                      
   ARG 137 A    14.29      12.50                      
   ARG 143 A    11.84      12.50                      
   ARG 161 A    12.38      12.50                      
   ARG   3 B    12.09      12.50                      
   ARG   5 B    13.29      12.50                      
   ARG  22 B    12.22      12.50                      
   ARG  24 B    14.18      12.50                      
   ARG  28 B    15.13      12.50                      
   ARG  38 B    13.31      12.50                      
   ARG  47 B    13.36      12.50                      
   ARG  54 B    14.31      12.50                      
   ARG  70 B    16.40      12.50                      
   ARG  71 B    12.98      12.50                      
   ARG  79 B    12.61      12.50                      
   ARG  92 B    11.47      12.50                      
   ARG  93 B    11.99      12.50                      
   ARG 129 B    13.55      12.50                      
   ARG 132 B    13.39      12.50                      
   ARG 165 B    12.54      12.50                      
   ARG   7 C    12.04      12.50                      
   ARG  12 C    11.60      12.50                      
   ARG  18 C    14.69      12.50                      
   N+    1 A     7.73       8.00                      
   N+    1 B     7.63       8.00                      
   N+    1 C     7.91       8.00                      

2026-08-30 00:19:12,264 INFO:main.py:648:non_trivial:PROPKA information:
--------------------------------------------------------------------------------------------------------
Free energy of   folding (kcal/mol) as a function of pH (using neutral reference)
  0.00     41.74
  1.00     40.56
  2.00     37.38
  3.00     29.72
  4.00     20.78
  5.00     19.13
  6.00     20.76
  7.00     24.32
  8.00     28.81
  9.00     31.54
 10.00     36.95
 11.00     50.09
 12.00     63.76
 13.00     79.46
 14.00     96.14

The pH of optimum stability is  4.7 for which the free energy is   18.9 kcal/mol at 298K
Could not determine pH values where the free energy is within 80 % of minimum
Could not determine the pH-range where the free energy is negative


Protein charge of folded and unfolded state as a function of pH
    pH  unfolded  folded
  0.00     55.99   55.54
  0.10     55.99   55.46
  0.20     55.99   55.39
  0.30     55.99   55.31
  0.40     55.98   55.22
  0.50     55.98   55.13
  0.60     55.98   55.04
  0.70     55.97   54.94
  0.80     55.96   54.83
  0.90     55.95   54.71
  1.00     55.94   54.58
  1.10     55.92   54.43
  1.20     55.90   54.25
  1.30     55.88   54.06
  1.40     55.85   53.83
  1.50     55.81   53.57
  1.60     55.76   53.27
  1.70     55.69   52.94
  1.80     55.62   52.56
  1.90     55.52   52.13
  2.00     55.40   51.66
  2.10     55.24   51.14
  2.20     55.06   50.56
  2.30     54.82   49.93
  2.40     54.54   49.24
  2.50     54.19   48.49
  2.60     53.76   47.68
  2.70     53.24   46.81
  2.80     52.62   45.86
  2.90     51.88   44.85
  3.00     51.00   43.77
  3.10     49.96   42.60
  3.20     48.76   41.36
  3.30     47.38   40.02
  3.40     45.81   38.59
  3.50     44.04   37.07
  3.60     42.08   35.45
  3.70     39.92   33.74
  3.80     37.59   31.93
  3.90     35.09   30.03
  4.00     32.46   28.04
  4.10     29.71   25.99
  4.20     26.88   23.88
  4.30     24.02   21.73
  4.40     21.15   19.56
  4.50     18.34   17.39
  4.60     15.62   15.26
  4.70     13.05   13.17
  4.80     10.65   11.17
  4.90      8.46    9.27
  5.00      6.48    7.50
  5.10      4.72    5.85
  5.20      3.16    4.35
  5.30      1.78    2.99
  5.40      0.57    1.76
  5.50     -0.51    0.66
  5.60     -1.49   -0.33
  5.70     -2.40   -1.23
  5.80     -3.26   -2.05
  5.90     -4.09   -2.81
  6.00     -4.92   -3.51
  6.10     -5.76   -4.17
  6.20     -6.60   -4.79
  6.30     -7.47   -5.40
  6.40     -8.33   -5.98
  6.50     -9.20   -6.55
  6.60    -10.05   -7.11
  6.70    -10.87   -7.67
  6.80    -11.65   -8.22
  6.90    -12.38   -8.77
  7.00    -13.05   -9.33
  7.10    -13.65   -9.89
  7.20    -14.20  -10.45
  7.30    -14.70  -11.02
  7.40    -15.15  -11.59
  7.50    -15.57  -12.16
  7.60    -15.95  -12.73
  7.70    -16.32  -13.29
  7.80    -16.66  -13.83
  7.90    -16.99  -14.36
  8.00    -17.31  -14.86
  8.10    -17.62  -15.34
  8.20    -17.92  -15.78
  8.30    -18.22  -16.20
  8.40    -18.52  -16.59
  8.50    -18.83  -16.95
  8.60    -19.15  -17.30
  8.70    -19.48  -17.63
  8.80    -19.85  -17.95
  8.90    -20.26  -18.28
  9.00    -20.73  -18.61
  9.10    -21.27  -18.96
  9.20    -21.89  -19.35
  9.30    -22.62  -19.76
  9.40    -23.46  -20.23
  9.50    -24.43  -20.74
  9.60    -25.53  -21.31
  9.70    -26.76  -21.95
  9.80    -28.13  -22.65
  9.90    -29.60  -23.43
 10.00    -31.17  -24.28
 10.10    -32.81  -25.19
 10.20    -34.49  -26.17
 10.30    -36.17  -27.20
 10.40    -37.83  -28.27
 10.50    -39.43  -29.38
 10.60    -40.96  -30.51
 10.70    -42.39  -31.65
 10.80    -43.72  -32.80
 10.90    -44.94  -33.95
 11.00    -46.06  -35.10
 11.10    -47.10  -36.24
 11.20    -48.06  -37.38
 11.30    -48.96  -38.52
 11.40    -49.84  -39.66
 11.50    -50.72  -40.78
 11.60    -51.62  -41.91
 11.70    -52.57  -43.03
 11.80    -53.59  -44.14
 11.90    -54.70  -45.25
 12.00    -55.91  -46.35
 12.10    -57.23  -47.44
 12.20    -58.65  -48.53
 12.30    -60.15  -49.61
 12.40    -61.72  -50.69
 12.50    -63.31  -51.75
 12.60    -64.90  -52.81
 12.70    -66.44  -53.86
 12.80    -67.89  -54.91
 12.90    -69.24  -55.95
 13.00    -70.45  -56.99
 13.10    -71.53  -58.02
 13.20    -72.47  -59.04
 13.30    -73.28  -60.04
 13.40    -73.96  -61.02
 13.50    -74.53  -61.98
 13.60    -75.00  -62.91
 13.70    -75.39  -63.81
 13.80    -75.70  -64.66
 13.90    -75.96  -65.48
 14.00    -76.17  -66.26
The pI is  5.57 (folded) and  5.45 (unfolded)

--------------------------------------------------------------------------------------------------------
2026-08-30 00:19:12,265 INFO:biomolecule.py:797:apply_pka_values:Applying pKa values at a pH of 7.40:
2026-08-30 00:19:12,268 INFO:main.py:661:non_trivial:Adding hydrogens to biomolecule.
2026-08-30 00:19:12,549 INFO:main.py:664:non_trivial:Debumping biomolecule (again).
2026-08-30 00:19:13,085 INFO:main.py:666:non_trivial:Optimizing hydrogen bonds
2026-08-30 00:19:13,907 INFO:main.py:678:non_trivial:Applying force field to biomolecule states.
2026-08-30 00:19:13,911 INFO:main.py:725:non_trivial:Regenerating headers.
2026-08-30 00:19:13,912 INFO:main.py:750:non_trivial:Regenerating PDB lines.
2026-08-30 00:19:13,940 WARNING:main.py:326:print_pqr:Ignoring 467 header lines in output.
