2026-08-30 00:17:44,159 INFO:main.py:246:print_splash_screen:PDB2PQR v3.7.1: biomolecular structure conversion software.
2026-08-30 00:17:44,159 INFO:main.py:248:print_splash_screen:Please cite:  Jurrus E, et al.  Improvements to the APBS biomolecular solvation software suite.  Protein Sci 27 112-128 (2018).
2026-08-30 00:17:44,159 INFO:main.py:248:print_splash_screen:Please cite:  Dolinsky TJ, et al.  PDB2PQR: expanding and upgrading automated preparation of biomolecular structures for molecular simulations. Nucleic Acids Res 35 W522-W525 (2007).
2026-08-30 00:17:44,159 INFO:main.py:770:main_driver:Checking and transforming input arguments.
2026-08-30 00:17:44,160 INFO:main.py:774:main_driver:Loading topology files.
2026-08-30 00:17:44,216 INFO:main.py:776:main_driver:Loading molecule: /Users/anishsharma/Library/Mobile Documents/com~apple~CloudDocs/ebv_ms_publication/processed/pmhc_surface_electrostatics_sequence_expansion_2026-08-30/prepared_structures/HY08_SEQ_01/HY08_SEQ_01__ebv__EBV_IEDB_81b4d6bacdc7__s0__full.pdb
2026-08-30 00:17:44,234 INFO:main.py:781:main_driver:Setting up molecule.
2026-08-30 00:17:44,248 INFO:main.py:423:setup_molecule:Created biomolecule object with 382 residues and 3150 atoms.
2026-08-30 00:17:44,248 INFO:main.py:785:main_driver:Setting termini states for biomolecule chains.
2026-08-30 00:17:44,254 INFO:main.py:616:non_trivial:Loading forcefield.
2026-08-30 00:17:44,264 INFO:main.py:620:non_trivial:Loading hydrogen topology definitions.
2026-08-30 00:17:44,267 INFO:main.py:474:is_repairable:This biomolecule is clean.  No repair needed.
2026-08-30 00:17:44,267 INFO:main.py:635:non_trivial:Updating disulfide bridges.
2026-08-30 00:17:44,268 INFO:main.py:638:non_trivial:Debumping biomolecule.
2026-08-30 00:17:44,379 INFO:main.py:645:non_trivial:Assigning titration states with PROPKA.
2026-08-30 00:17:44,404 INFO:output.py:74:print_header:
propka3.5.1                                                                                  2026-08-30

-------------------------------------------------------------------------------
--                                                                           --
--  PROPKA: A PROTEIN PKA PREDICTOR                                          --
--                                                                           --
--  VERSION 1.0,  04/25/2004,  IOWA CITY                                     --
--  BY HUI LI                                                                --
--                                                                           --
--  VERSION 2.0,  11/05/2007, IOWA CITY/COPENHAGEN                           --
--  BY DELPHINE C. BAS AND DAVID M. ROGERS                                   --
--                                                                           --
--  VERSION 3.0,  01/06/2011, COPENHAGEN                                     --
--  BY MATS H.M. OLSSON AND CHRESTEN R. SONDERGARD                           --
--                                                                           --
--  VERSION 3.1,  07/01/2011, COPENHAGEN                                     --
--  BY CHRESTEN R. SONDERGARD AND MATS H.M. OLSSON                           --
--                                                                           --
--  VERSION 3.2,  06/17/2020, PLANET EARTH                                   --
--  SEE ABOVE FOR AUTHORS                                                    --
--                                                                           --
-------------------------------------------------------------------------------


-------------------------------------------------------------------------------
References:

Very Fast Empirical Prediction and Rationalization of Protein pKa Values.
Hui Li, Andrew D. Robertson and Jan H. Jensen. PROTEINS: Structure, Function,
and Bioinformatics. 61:704-721 (2005)

Very Fast Prediction and Rationalization of pKa Values for Protein-Ligand
Complexes.  Delphine C. Bas, David M. Rogers and Jan H. Jensen.  PROTEINS:
Structure, Function, and Bioinformatics 73:765-783 (2008)

PROPKA3: Consistent Treatment of Internal and Surface Residues in Empirical
pKa predictions.  Mats H.M. Olsson, Chresten R. Sondergard, Michal Rostkowski,
and Jan H. Jensen.  Journal of Chemical Theory and Computation, 7(2):525-537
(2011)

Improved Treatment of Ligands and Coupling Effects in Empirical Calculation
and Rationalization of pKa Values.  Chresten R. Sondergaard, Mats H.M. Olsson,
Michal Rostkowski, and Jan H. Jensen.  Journal of Chemical Theory and
Computation, (2011)
-------------------------------------------------------------------------------



2026-08-30 00:17:44,565 INFO:conformation_container.py:124:find_covalently_coupled_groups:Coupling map:
Covalent coupling map for Conformation container 1A with 3741 atoms and 960 groups
            N+    1 B | ASP   1 B | N+    1 C | ASP   1 C | 
N+    1 B             |     X     |           |           | 
ASP   1 B       X     |           |           |           | 
N+    1 C             |           |           |     X     | 
ASP   1 C             |           |     X     |           | 
2026-08-30 00:17:44,565 INFO:conformation_container.py:213:calculate_pka:Calculating pKas for Conformation container 1A with 3741 atoms and 960 groups
2026-08-30 00:17:45,480 INFO:conformation_container.py:235:calculate_pka:Removing penalised groups!!!
2026-08-30 00:17:45,546 INFO:output.py:225:print_pka_section:pKa determinants:

---------  -----   ------   ---------------------    --------------    --------------    --------------
                            DESOLVATION  EFFECTS       SIDECHAIN          BACKBONE        COULOMBIC
 RESIDUE    pKa    BURIED     REGULAR      RE        HYDROGEN BOND     HYDROGEN BOND      INTERACTION
---------  -----   ------   ---------   ---------    --------------    --------------    --------------

ASP  14 A   2.77    25 %    1.33  351   0.04    0   -1.40 ARG   5 B   -0.41 ASP  14 A   -0.01 N+    1 B
ASP  14 A                                            0.00 XXX   0 X    0.00 XXX   0 X   -0.14 ARG   3 B
ASP  14 A                                            0.00 XXX   0 X    0.00 XXX   0 X   -0.45 ARG   5 B

ASP  22 A   7.28   100 %    3.27  626   0.87    0    0.00 XXX   0 X   -0.69 GLY  25 A    0.36 ASP  24 A
ASP  22 A                                            0.00 XXX   0 X    0.00 XXX   0 X    0.13 GLU  27 A
ASP  22 A                                            0.00 XXX   0 X    0.00 XXX   0 X    0.55 ASP  26 A
ASP  22 A                                            0.00 XXX   0 X    0.00 XXX   0 X   -1.01 ARG 143 A

ASP  24 A   4.08    77 %    2.58  498   0.73    0   -1.60 HIS   2 A   -0.79 VAL   3 A   -0.15 N+    1 A
ASP  24 A                                            0.00 XXX   0 X    0.00 XXX   0 X    0.07 GLU   1 A
ASP  24 A                                            0.00 XXX   0 X    0.00 XXX   0 X    0.13 ASP  26 A
ASP  24 A                                            0.00 XXX   0 X    0.00 XXX   0 X   -0.69 HIS   2 A

ASP  26 A   3.68    97 %    3.84  554   0.60    0   -1.60 HIS 148 B   -0.37 TRP 152 B   -0.21 ARG  41 A
ASP  26 A                                            0.00 XXX   0 X    0.00 XXX   0 X   -0.45 ARG 143 A
ASP  26 A                                            0.00 XXX   0 X    0.00 XXX   0 X   -0.20 ARG  92 B
ASP  26 A                                            0.00 XXX   0 X    0.00 XXX   0 X   -1.73 HIS 148 B

ASP  32 A   2.77     0 %    0.47  271   0.00    0    0.00 XXX   0 X   -0.31 ALA  34 A   -0.20 LYS  35 A
ASP  32 A                                            0.00 XXX   0 X   -0.84 LYS  35 A   -0.15 HIS  30 A

ASP  63 A  11.76*  100 %    3.62  594   0.83    0    1.50 GLU   8 A    0.00 XXX   0 X   -0.64 LYS   9 C
ASP  63 A                                            0.00 XXX   0 X    0.00 XXX   0 X    0.06 ASP  27 B
ASP  63 A                                            0.00 XXX   0 X    0.00 XXX   0 X    2.03 GLU   8 A
ASP  63 A                                            0.00 XXX   0 X    0.00 XXX   0 X    0.56 GLU   8 B

ASP 107 A   4.54    49 %    2.10  419   0.14    0   -0.30 ARG 137 A   -0.46 LYS 108 A   -0.24 LYS 108 A
ASP 107 A                                            0.00 XXX   0 X    0.00 XXX   0 X   -0.29 ARG 143 A
ASP 107 A                                            0.00 XXX   0 X    0.00 XXX   0 X    0.19 GLU  85 A
ASP 107 A                                            0.00 XXX   0 X    0.00 XXX   0 X    0.15 ASP 139 A
ASP 107 A                                            0.00 XXX   0 X    0.00 XXX   0 X   -0.55 ARG 137 A

ASP 139 A   2.10    23 %    1.24  345   0.00    0   -1.34 ARG 137 A   -0.14 ASP 139 A   -0.10 LYS 108 A
ASP 139 A                                            0.00 XXX   0 X   -0.71 LEU 141 A   -0.01 ARG 143 A
ASP 139 A                                            0.00 XXX   0 X    0.00 XXX   0 X   -0.16 HIS 140 A
ASP 139 A                                            0.00 XXX   0 X    0.00 XXX   0 X   -0.48 ARG 137 A

ASP 156 A   2.82     3 %    0.47  290   0.00    0   -0.81 ASN 121 A    0.00 XXX   0 X   -0.17 ARG 120 A
ASP 156 A                                           -0.47 SER 153 A    0.00 XXX   0 X    0.00 XXX   0 X

ASP 159 A   3.93    18 %    0.93  331   0.23    0   -0.66 HIS 174 A    0.00 XXX   0 X   -0.00 ARG 161 A
ASP 159 A                                            0.00 XXX   0 X    0.00 XXX   0 X    0.03 GLU 176 A
ASP 159 A                                            0.00 XXX   0 X    0.00 XXX   0 X   -0.39 HIS 174 A

ASP 168 A   3.92     0 %    0.12  145   0.00    0    0.00 XXX   0 X    0.00 XXX   0 X    0.00 XXX   0 X

ASP 178 A   4.48     0 %    0.27  263   0.00    0    0.00 XXX   0 X    0.00 XXX   0 X   -0.01 LYS 104 B
ASP 178 A                                            0.00 XXX   0 X    0.00 XXX   0 X   -0.04 HIS 174 A
ASP 178 A                                            0.00 XXX   0 X    0.00 XXX   0 X    0.20 GLU 176 A
ASP 178 A                                            0.00 XXX   0 X    0.00 XXX   0 X    0.26 C-  178 A

GLU   1 A   3.56     0 %    0.35  281   0.00    0    0.00 XXX   0 X   -0.72 GLY  19 B   -0.21 N+    1 A
GLU   1 A                                            0.00 XXX   0 X    0.00 XXX   0 X   -0.01 ARG  93 B
GLU   1 A                                            0.00 XXX   0 X    0.00 XXX   0 X   -0.35 HIS   2 A

GLU   8 A   4.98*  100 %    4.00  628   0.52    0   -0.79 GLN   6 A    0.00 XXX   0 X   -0.02 ARG  70 B
GLU   8 A                                           -0.66 ASN  59 A    0.00 XXX   0 X    0.27 ASP  27 B
GLU   8 A                                           -1.50 ASP  63 A    0.00 XXX   0 X   -1.32 LYS   9 C

GLU  18 A   8.68   100 %    3.78  614   0.80    0    0.00 XXX   0 X   -0.61 PHE 134 A   -0.25 LYS 144 A
GLU  18 A                                            0.00 XXX   0 X    0.00 XXX   0 X    0.47 GLU  27 A

GLU  27 A   4.69   100 %    3.19  563   0.25    0   -1.60 HIS  30 A    0.00 XXX   0 X   -0.01 LYS 144 A
GLU  27 A                                            0.00 XXX   0 X    0.00 XXX   0 X    0.03 ASP  26 A
GLU  27 A                                            0.00 XXX   0 X    0.00 XXX   0 X   -1.10 HIS  30 A
GLU  27 A                                            0.00 XXX   0 X    0.00 XXX   0 X   -0.56 ARG  41 A

GLU  37 A   4.69     0 %    0.28  202   0.00    0    0.00 XXX   0 X    0.00 XXX   0 X   -0.24 LYS  35 A
GLU  37 A                                            0.00 XXX   0 X    0.00 XXX   0 X   -0.01 HIS  30 A
GLU  37 A                                            0.00 XXX   0 X    0.00 XXX   0 X    0.15 ASP  32 A

GLU  43 A   4.57     0 %    0.15  202   0.00    0    0.00 XXX   0 X    0.00 XXX   0 X   -0.14 ARG  47 A
GLU  43 A                                            0.00 XXX   0 X    0.00 XXX   0 X    0.06 GLU  44 A

GLU  44 A   3.88     9 %    0.52  306   0.00    0    0.00 XXX   0 X   -0.79 GLU  44 A   -0.16 ARG  47 A
GLU  44 A                                            0.00 XXX   0 X    0.00 XXX   0 X   -0.19 ARG  92 B

GLU  52 A   4.00     0 %    0.28  258   0.00    0    0.00 XXX   0 X   -0.79 GLN  54 A    0.00 XXX   0 X

GLU  68 A   4.65    19 %    0.49  334   0.05    0   -0.30 ASN  12 A    0.00 XXX   0 X   -0.09 LYS  64 A

GLU  85 A   4.11     0 %    0.34  273   0.00    0   -0.25 LYS 108 A    0.00 XXX   0 X   -0.09 ARG 137 A
GLU  85 A                                            0.00 XXX   0 X    0.00 XXX   0 X   -0.02 LYS 173 A
GLU  85 A                                            0.00 XXX   0 X    0.00 XXX   0 X    0.02 ASP 139 A
GLU  85 A                                            0.00 XXX   0 X    0.00 XXX   0 X   -0.38 LYS 108 A

GLU  95 A   4.87     0 %    0.20  252   0.00    0    0.00 XXX   0 X    0.00 XXX   0 X    0.17 GLU  98 A

GLU  98 A   4.66     0 %    0.19  149   0.00    0    0.00 XXX   0 X    0.00 XXX   0 X   -0.03 ARG  97 A

GLU 131 A   1.68    44 %    0.92  405   0.13    0   -0.85 LYS 144 A    0.00 XXX   0 X   -0.80 LYS 144 A
GLU 131 A                                           -1.60 HIS 146 A    0.00 XXX   0 X   -0.62 HIS 146 A

GLU 138 A   4.76    13 %    0.22  318   0.00    0    0.00 XXX   0 X    0.00 XXX   0 X   -0.05 ARG 137 A
GLU 138 A                                            0.00 XXX   0 X    0.00 XXX   0 X   -0.02 ARG  28 B
GLU 138 A                                            0.00 XXX   0 X    0.00 XXX   0 X    0.05 ASP 139 A
GLU 138 A                                            0.00 XXX   0 X    0.00 XXX   0 X   -0.02 HIS 140 A
GLU 138 A                                            0.00 XXX   0 X    0.00 XXX   0 X    0.08 GLU  13 B

GLU 155 A   4.75     0 %    0.10  147   0.00    0    0.00 XXX   0 X    0.00 XXX   0 X   -0.00 ARG  97 A
GLU 155 A                                            0.00 XXX   0 X    0.00 XXX   0 X    0.15 ASP 156 A

GLU 163 A   4.60     0 %    0.31  282   0.00    0    0.00 XXX   0 X    0.00 XXX   0 X   -0.21 ARG 161 A

GLU 169 A   4.61     0 %    0.11  130   0.00    0    0.00 XXX   0 X    0.00 XXX   0 X    0.00 XXX   0 X

GLU 176 A   3.72     0 %    0.26  219   0.00    0   -0.82 HIS 174 A    0.00 XXX   0 X    0.04 C-  178 A
GLU 176 A                                            0.00 XXX   0 X    0.00 XXX   0 X   -0.25 HIS 174 A

C-  178 A   3.55     0 %    0.35  257   0.00    0    0.00 XXX   0 X    0.00 XXX   0 X    0.00 XXX   0 X

HIS   2 A   7.43    46 %   -1.49  411   0.00    0    1.60 ASP  24 A    0.00 XXX   0 X   -0.20 N+    1 A
HIS   2 A                                            0.00 XXX   0 X    0.00 XXX   0 X   -0.05 ARG  93 B
HIS   2 A                                            0.00 XXX   0 X    0.00 XXX   0 X    0.35 GLU   1 A
HIS   2 A                                            0.00 XXX   0 X    0.00 XXX   0 X    0.03 GLU  86 B
HIS   2 A                                            0.00 XXX   0 X    0.00 XXX   0 X    0.69 ASP  24 A

HIS  30 A   7.33    73 %   -1.98  486   0.00    0    1.60 GLU  27 A    0.00 XXX   0 X   -0.05 ARG  41 A
HIS  30 A                                            0.00 XXX   0 X    0.00 XXX   0 X   -0.01 LYS 144 A
HIS  30 A                                            0.00 XXX   0 X    0.00 XXX   0 X    0.15 ASP  32 A
HIS  30 A                                            0.00 XXX   0 X    0.00 XXX   0 X    0.01 GLU  37 A
HIS  30 A                                            0.00 XXX   0 X    0.00 XXX   0 X    1.10 GLU  27 A

HIS 140 A   4.93    56 %   -1.73  439   0.00    0    0.00 XXX   0 X    0.00 XXX   0 X   -0.57 ARG  28 B
HIS 140 A                                            0.00 XXX   0 X    0.00 XXX   0 X   -0.09 ARG  38 B
HIS 140 A                                            0.00 XXX   0 X    0.00 XXX   0 X    0.02 GLU 138 A
HIS 140 A                                            0.00 XXX   0 X    0.00 XXX   0 X    0.16 ASP 139 A
HIS 140 A                                            0.00 XXX   0 X    0.00 XXX   0 X    0.27 GLU  13 B
HIS 140 A                                            0.00 XXX   0 X    0.00 XXX   0 X    0.36 GLU  35 B

HIS 146 A   5.34    72 %   -2.34  482   0.00    0    1.60 GLU 131 A    0.00 XXX   0 X   -1.04 LYS 144 A
HIS 146 A                                            0.00 XXX   0 X    0.00 XXX   0 X    0.62 GLU 131 A

HIS 164 A   4.72    71 %   -2.38  481   0.00    0    0.00 XXX   0 X    0.60 PRO 111 A    0.00 XXX   0 X

HIS 174 A   8.15     5 %   -0.51  294   0.00    0    0.66 ASP 159 A    0.00 XXX   0 X    0.04 ASP 178 A
HIS 174 A                                            0.82 GLU 176 A    0.00 XXX   0 X    0.39 ASP 159 A
HIS 174 A                                            0.00 XXX   0 X    0.00 XXX   0 X    0.25 GLU 176 A

CYS 104 A  99.99     0 %    0.00    0   0.00    0    0.00 XXX   0 X    0.00 XXX   0 X    0.00 XXX   0 X

CYS 160 A  99.99     0 %    0.00    0   0.00    0    0.00 XXX   0 X    0.00 XXX   0 X    0.00 XXX   0 X

TYR  10 A  10.57    17 %    1.01  329   0.00    0   -0.14 LYS  64 A    0.00 XXX   0 X    0.01 ASP  14 A
TYR  10 A                                            0.00 XXX   0 X    0.00 XXX   0 X    0.08 GLU  68 A
TYR  10 A                                            0.00 XXX   0 X    0.00 XXX   0 X   -0.39 LYS  64 A

TYR  76 A  10.12     0 %    0.24  199   0.00    0    0.00 XXX   0 X    0.00 XXX   0 X    0.06 GLU  68 A
TYR  76 A                                            0.00 XXX   0 X    0.00 XXX   0 X   -0.17 LYS  72 A

TYR 147 A  13.24    88 %    3.39  527   0.00    0   -0.37 ARG  41 A    0.00 XXX   0 X    0.20 ASP  26 A
TYR 147 A                                            0.00 XXX   0 X    0.00 XXX   0 X    0.07 GLU  27 A
TYR 147 A                                            0.00 XXX   0 X    0.00 XXX   0 X   -0.80 ARG  41 A
TYR 147 A                                            0.00 XXX   0 X    0.00 XXX   0 X   -0.03 ARG 143 A
TYR 147 A                                            0.00 XXX   0 X    0.00 XXX   0 X    0.77 ASP 151 B

TYR 158 A  11.07    36 %    1.52  383   0.00    0   -0.46 ARG 120 A    0.00 XXX   0 X   -0.33 ARG 120 A
TYR 158 A                                            0.00 XXX   0 X    0.00 XXX   0 X    0.35 ASP 156 A

LYS  35 A  10.83     0 %   -0.11  135   0.00    0    0.00 XXX   0 X    0.00 XXX   0 X    0.20 ASP  32 A
LYS  35 A                                            0.00 XXX   0 X    0.00 XXX   0 X    0.24 GLU  37 A

LYS  36 A  10.38     0 %   -0.12  160   0.00    0    0.00 XXX   0 X    0.00 XXX   0 X    0.00 XXX   0 X

LYS  64 A  10.89     0 %   -0.23  245   0.00    0    0.14 TYR  10 A    0.00 XXX   0 X    0.09 GLU  68 A
LYS  64 A                                            0.00 XXX   0 X    0.00 XXX   0 X    0.39 TYR  10 A

LYS  72 A  10.81     0 %   -0.12  158   0.00    0    0.00 XXX   0 X    0.00 XXX   0 X    0.25 C-   15 C
LYS  72 A                                            0.00 XXX   0 X    0.00 XXX   0 X    0.17 TYR  76 A

LYS 108 A  10.98     0 %   -0.25  240   0.00    0    0.25 GLU  85 A    0.00 XXX   0 X    0.24 ASP 107 A
LYS 108 A                                            0.00 XXX   0 X    0.00 XXX   0 X   -0.23 ARG 137 A
LYS 108 A                                            0.00 XXX   0 X    0.00 XXX   0 X    0.10 ASP 139 A
LYS 108 A                                            0.00 XXX   0 X    0.00 XXX   0 X    0.38 GLU  85 A

LYS 123 A  10.44     0 %   -0.06  105   0.00    0    0.00 XXX   0 X    0.00 XXX   0 X    0.00 XXX   0 X

LYS 144 A   9.28    83 %   -3.13  515   0.00    0    0.85 GLU 131 A    0.00 XXX   0 X    0.25 GLU  18 A
LYS 144 A                                            0.00 XXX   0 X    0.00 XXX   0 X    0.01 GLU  27 A
LYS 144 A                                            0.00 XXX   0 X    0.00 XXX   0 X    0.80 GLU 131 A

LYS 173 A  10.29     0 %   -0.23  269   0.00    0    0.00 XXX   0 X    0.00 XXX   0 X    0.02 GLU  85 A

ARG  41 A  13.14    73 %   -1.70  487   0.00    0    0.37 TYR 147 A    0.00 XXX   0 X    0.21 ASP  26 A
ARG  41 A                                            0.00 XXX   0 X    0.00 XXX   0 X    0.80 TYR 147 A
ARG  41 A                                            0.00 XXX   0 X    0.00 XXX   0 X    0.41 ASP 151 B
ARG  41 A                                            0.00 XXX   0 X    0.00 XXX   0 X    0.56 GLU  27 A

ARG  47 A  12.56     0 %   -0.25  158   0.00    0    0.00 XXX   0 X    0.00 XXX   0 X    0.14 GLU  43 A
ARG  47 A                                            0.00 XXX   0 X    0.00 XXX   0 X    0.16 GLU  44 A

ARG  73 A  12.83    52 %   -1.70  427   0.00    0    0.70 GLU  12 C    0.00 XXX   0 X    0.11 GLU   8 B
ARG  73 A                                            0.00 XXX   0 X    0.00 XXX   0 X    0.37 TYR  36 B
ARG  73 A                                            0.00 XXX   0 X    0.00 XXX   0 X    0.85 GLU  12 C

ARG  97 A  12.34     0 %   -0.19  136   0.00    0    0.00 XXX   0 X    0.00 XXX   0 X    0.03 GLU  98 A
ARG  97 A                                            0.00 XXX   0 X    0.00 XXX   0 X    0.00 GLU 155 A

ARG 120 A  13.05     7 %   -0.42  302   0.00    0    0.46 TYR 158 A    0.00 XXX   0 X    0.17 ASP 156 A
ARG 120 A                                            0.00 XXX   0 X    0.00 XXX   0 X    0.33 TYR 158 A

ARG 137 A  14.25    26 %   -1.07  354   0.00    0    0.30 ASP 107 A    0.00 XXX   0 X    0.09 GLU  85 A
ARG 137 A                                            1.34 ASP 139 A    0.00 XXX   0 X    0.05 GLU 138 A
ARG 137 A                                            0.00 XXX   0 X    0.00 XXX   0 X    0.55 ASP 107 A
ARG 137 A                                            0.00 XXX   0 X    0.00 XXX   0 X    0.48 ASP 139 A

ARG 143 A  11.72   100 %   -2.46  563   0.00    0    0.00 XXX   0 X    0.00 XXX   0 X    0.45 ASP  26 A
ARG 143 A                                            0.00 XXX   0 X    0.00 XXX   0 X    0.29 ASP 107 A
ARG 143 A                                            0.00 XXX   0 X    0.00 XXX   0 X    0.01 ASP 139 A
ARG 143 A                                            0.00 XXX   0 X    0.00 XXX   0 X    0.03 TYR 147 A
ARG 143 A                                            0.00 XXX   0 X    0.00 XXX   0 X    0.07 TYR   9 B
ARG 143 A                                            0.00 XXX   0 X    0.00 XXX   0 X   -0.18 ARG 137 A
ARG 143 A                                            0.00 XXX   0 X    0.00 XXX   0 X    1.01 ASP  22 A

ARG 161 A  12.39     0 %   -0.33  261   0.00    0    0.00 XXX   0 X    0.00 XXX   0 X    0.00 ASP 159 A
ARG 161 A                                            0.00 XXX   0 X    0.00 XXX   0 X    0.21 GLU 163 A

N+    1 A   7.79     5 %   -0.56  295   0.00    0    0.00 XXX   0 X    0.00 XXX   0 X    0.21 GLU   1 A
N+    1 A                                            0.00 XXX   0 X    0.00 XXX   0 X    0.15 ASP  24 A
N+    1 A                                            0.00 XXX   0 X    0.00 XXX   0 X   -0.02 ARG  22 B

ASP  27 B   1.54   100 %    4.12  663   0.77    0   -0.74 TYR  29 B    0.00 XXX   0 X   -1.91 ARG  70 B
ASP  27 B                                           -0.85 TYR  46 B    0.00 XXX   0 X   -2.03 LYS   9 C
ASP  27 B                                           -0.81 ARG  70 B    0.00 XXX   0 X    0.00 XXX   0 X
ASP  27 B                                           -0.81 LYS   9 C    0.00 XXX   0 X    0.00 XXX   0 X

ASP  40 B   2.41    28 %    1.35  360   0.09    0   -1.33 ARG  24 B   -0.80 ASP  42 B   -0.02 ARG  22 B
ASP  40 B                                            0.00 XXX   0 X    0.00 XXX   0 X   -0.02 ARG  28 B
ASP  40 B                                            0.00 XXX   0 X    0.00 XXX   0 X   -0.18 ARG  38 B
ASP  40 B                                            0.00 XXX   0 X    0.00 XXX   0 X   -0.02 ARG  47 B
ASP  40 B                                            0.00 XXX   0 X    0.00 XXX   0 X   -0.46 ARG  24 B

ASP  42 B   4.10     5 %    0.45  295   0.00    0    0.00 XXX   0 X    0.00 XXX   0 X   -0.20 ARG  22 B
ASP  42 B                                            0.00 XXX   0 X    0.00 XXX   0 X   -0.29 ARG  24 B
ASP  42 B                                            0.00 XXX   0 X    0.00 XXX   0 X    0.35 ASP  40 B

ASP  65 B   3.95     0 %    0.15  152   0.00    0    0.00 XXX   0 X    0.00 XXX   0 X    0.00 XXX   0 X

ASP  69 B   4.13     0 %    0.29  274   0.00    0    0.00 XXX   0 X    0.00 XXX   0 X   -0.08 ARG  70 B
ASP  69 B                                            0.00 XXX   0 X    0.00 XXX   0 X   -0.03 LYS   8 C
ASP  69 B                                            0.00 XXX   0 X    0.00 XXX   0 X    0.10 ASP  65 B
ASP  69 B                                            0.00 XXX   0 X    0.00 XXX   0 X    0.05 GLU  68 B

ASP  75 B   3.51     1 %    0.34  284   0.00    0   -0.33 ARG  79 B    0.00 XXX   0 X   -0.30 ARG  79 B

ASP 151 B   4.66    83 %    2.24  514   0.26    0   -0.85 THR 153 B   -0.22 ASP 151 B   -0.41 ARG  41 A
ASP 151 B                                            0.00 XXX   0 X   -0.11 THR 153 B   -0.14 ARG  92 B
ASP 151 B                                            0.00 XXX   0 X    0.00 XXX   0 X    0.32 ASP  26 A
ASP 151 B                                            0.00 XXX   0 X    0.00 XXX   0 X   -0.22 HIS 148 B

GLU   8 B   9.06   100 %    3.59  638   1.41    0   -0.80 TYR  36 B    0.00 XXX   0 X   -0.11 ARG  73 A
GLU   8 B                                            0.00 XXX   0 X    0.00 XXX   0 X   -0.07 LYS   9 C
GLU   8 B                                            0.00 XXX   0 X    0.00 XXX   0 X    0.54 GLU  12 C

GLU  13 B   4.26    99 %    3.07  559   0.14    0   -0.66 THR  11 B    0.00 XXX   0 X   -0.06 ARG  24 B
GLU  13 B                                           -0.85 TYR  15 B    0.00 XXX   0 X   -0.18 ARG  38 B
GLU  13 B                                           -0.51 ARG  28 B    0.00 XXX   0 X   -0.17 LYS   9 C
GLU  13 B                                            0.00 XXX   0 X    0.00 XXX   0 X   -0.27 HIS 140 A
GLU  13 B                                            0.00 XXX   0 X    0.00 XXX   0 X    0.01 ASP  27 B
GLU  13 B                                            0.00 XXX   0 X    0.00 XXX   0 X    0.31 GLU  35 B
GLU  13 B                                            0.00 XXX   0 X    0.00 XXX   0 X   -1.08 ARG  28 B

GLU  21 B   4.51     0 %    0.19  121   0.00    0   -0.17 ASN  18 B    0.00 XXX   0 X   -0.01 ARG  79 B

GLU  34 B   4.60    27 %    0.87  357   0.08    0   -0.85 THR  50 B    0.00 XXX   0 X    0.00 XXX   0 X

GLU  35 B   2.61    66 %    2.65  467   0.25    0   -1.70 ARG  28 B    0.00 XXX   0 X   -0.00 ARG  24 B
GLU  35 B                                           -1.27 ARG  38 B    0.00 XXX   0 X   -0.36 HIS 140 A
GLU  35 B                                            0.00 XXX   0 X    0.00 XXX   0 X    0.01 ASP  40 B
GLU  35 B                                            0.00 XXX   0 X    0.00 XXX   0 X   -0.81 ARG  28 B
GLU  35 B                                            0.00 XXX   0 X    0.00 XXX   0 X   -0.66 ARG  38 B

GLU  45 B   3.56     0 %    0.31  273   0.00    0   -0.84 ARG  47 B    0.00 XXX   0 X   -0.09 ARG  71 B
GLU  45 B                                            0.00 XXX   0 X    0.00 XXX   0 X   -0.32 ARG  47 B

GLU  51 B   3.28     0 %    0.32  174   0.00    0   -1.16 ARG  54 B    0.00 XXX   0 X   -0.38 ARG  54 B

GLU  58 B   4.63     0 %    0.24  218   0.00    0    0.00 XXX   0 X    0.00 XXX   0 X   -0.15 ARG  54 B
GLU  58 B                                            0.00 XXX   0 X    0.00 XXX   0 X    0.04 GLU  51 B

GLU  68 B   4.04     0 %    0.29  206   0.00    0   -0.36 ARG  71 B    0.00 XXX   0 X   -0.10 LYS  64 B
GLU  68 B                                            0.00 XXX   0 X    0.00 XXX   0 X    0.03 ASP  65 B
GLU  68 B                                            0.00 XXX   0 X    0.00 XXX   0 X   -0.32 ARG  71 B

GLU  86 B   4.79     3 %    0.38  290   0.01    0   -0.09 GLN  91 B    0.00 XXX   0 X    0.01 GLU   1 A
GLU  86 B                                            0.00 XXX   0 X    0.00 XXX   0 X   -0.03 HIS   2 A

GLU 127 B   3.74     0 %    0.33  255   0.00    0   -0.48 ARG 129 B    0.00 XXX   0 X   -0.38 ARG 129 B
GLU 127 B                                           -0.23 GLU 175 B    0.00 XXX   0 X    0.00 XXX   0 X

GLU 136 B   4.58     0 %    0.37  239   0.00    0    0.00 XXX   0 X    0.00 XXX   0 X   -0.31 ARG 129 B
GLU 136 B                                            0.00 XXX   0 X    0.00 XXX   0 X   -0.07 LYS 138 B
GLU 136 B                                            0.00 XXX   0 X    0.00 XXX   0 X    0.08 GLU 127 B

GLU 137 B   5.05    13 %    0.65  319   0.07    0    0.00 XXX   0 X    0.00 XXX   0 X   -0.24 ARG 132 B
GLU 137 B                                            0.00 XXX   0 X    0.00 XXX   0 X    0.01 GLU 136 B
GLU 137 B                                            0.00 XXX   0 X    0.00 XXX   0 X    0.06 GLU 168 B

GLU 161 B   4.61     0 %    0.22  243   0.00    0    0.00 XXX   0 X    0.00 XXX   0 X   -0.11 HIS 111 B

GLU 168 B   2.67     0 %    0.65  278   0.00    0   -0.77 ARG 132 B   -0.36 ARG 165 B   -0.37 ARG 165 B
GLU 168 B                                           -0.59 TYR 170 B    0.00 XXX   0 X   -0.38 ARG 132 B

GLU 175 B   4.95     0 %    0.35  238   0.00    0   -0.19 GLN 173 B    0.00 XXX   0 X   -0.29 ARG 129 B
GLU 175 B                                            0.23 GLU 127 B    0.00 XXX   0 X    0.04 GLU 136 B
GLU 175 B                                            0.00 XXX   0 X    0.00 XXX   0 X    0.31 GLU 127 B

GLU 186 B   4.71     0 %    0.21  228   0.00    0    0.00 XXX   0 X    0.00 XXX   0 X    0.00 XXX   0 X

C-  189 B   3.44     0 %    0.24  217   0.00    0    0.00 XXX   0 X    0.00 XXX   0 X    0.00 XXX   0 X

HIS  80 B   6.34    22 %   -1.02  344   0.00    0    0.00 XXX   0 X    0.79 GLU   3 C    0.07 GLU   3 C

HIS  95 B   6.16     0 %   -0.32  246   0.00    0    0.00 XXX   0 X    0.00 XXX   0 X   -0.02 LYS  97 B

HIS 110 B   6.23     0 %   -0.14  129   0.00    0    0.00 XXX   0 X    0.00 XXX   0 X   -0.03 ARG 165 B
HIS 110 B                                            0.00 XXX   0 X    0.00 XXX   0 X   -0.10 HIS 111 B

HIS 111 B   6.36     0 %   -0.25  207   0.00    0    0.00 XXX   0 X    0.00 XXX   0 X    0.11 GLU 161 B

HIS 148 B   6.43    93 %   -2.55  543   0.00    0    1.60 ASP  26 A    0.00 XXX   0 X   -0.05 ARG  41 A
HIS 148 B                                            0.00 XXX   0 X    0.00 XXX   0 X   -1.01 ARG 143 A
HIS 148 B                                            0.00 XXX   0 X    0.00 XXX   0 X    0.22 ASP 151 B
HIS 148 B                                            0.00 XXX   0 X    0.00 XXX   0 X    1.73 ASP  26 A

HIS 176 B   5.27    42 %   -1.87  398   0.00    0    0.00 XXX   0 X    0.82 PRO 123 B   -0.10 ARG  93 B
HIS 176 B                                            0.00 XXX   0 X    0.00 XXX   0 X   -0.08 HIS  95 B

CYS  14 B  99.99     0 %    0.00    0   0.00    0    0.00 XXX   0 X    0.00 XXX   0 X    0.00 XXX   0 X

CYS  78 B  99.99     0 %    0.00    0   0.00    0    0.00 XXX   0 X    0.00 XXX   0 X    0.00 XXX   0 X

CYS 116 B  99.99     0 %    0.00    0   0.00    0    0.00 XXX   0 X    0.00 XXX   0 X    0.00 XXX   0 X

CYS 172 B  99.99     0 %    0.00    0   0.00    0    0.00 XXX   0 X    0.00 XXX   0 X    0.00 XXX   0 X

TYR   9 B  13.93   100 %    3.24  627   0.00    0    0.00 XXX   0 X    0.00 XXX   0 X    0.27 GLU  18 A
TYR   9 B                                            0.00 XXX   0 X    0.00 XXX   0 X    0.19 ASP  22 A
TYR   9 B                                            0.00 XXX   0 X    0.00 XXX   0 X    0.05 ASP 139 A
TYR   9 B                                            0.00 XXX   0 X    0.00 XXX   0 X   -0.07 ARG 143 A
TYR   9 B                                            0.00 XXX   0 X    0.00 XXX   0 X    0.44 GLU  13 B
TYR   9 B                                            0.00 XXX   0 X    0.00 XXX   0 X   -0.18 ARG  28 B

TYR  15 B  13.14    58 %    1.53  443   0.00    0    0.85 GLU  13 B    0.00 XXX   0 X    0.18 GLU 138 A
TYR  15 B                                            0.00 XXX   0 X    0.00 XXX   0 X   -0.13 ARG  24 B
TYR  15 B                                            0.00 XXX   0 X    0.00 XXX   0 X   -0.35 ARG  28 B
TYR  15 B                                            0.00 XXX   0 X    0.00 XXX   0 X    0.05 GLU  35 B
TYR  15 B                                            0.00 XXX   0 X    0.00 XXX   0 X   -0.08 ARG  38 B
TYR  15 B                                            0.00 XXX   0 X    0.00 XXX   0 X    0.02 ASP  40 B
TYR  15 B                                            0.00 XXX   0 X    0.00 XXX   0 X    1.06 GLU  13 B

TYR  29 B  17.98   100 %    4.52  652   0.00    0   -0.31 ARG  70 B   -0.85 MET  10 C    0.36 GLU   8 A
TYR  29 B                                            0.34 TYR  46 B    0.00 XXX   0 X    0.34 ASP  63 A
TYR  29 B                                            0.74 ASP  27 B    0.00 XXX   0 X    0.18 GLU   8 B
TYR  29 B                                            0.00 XXX   0 X    0.00 XXX   0 X   -1.54 ARG  70 B
TYR  29 B                                            0.00 XXX   0 X    0.00 XXX   0 X    0.22 GLU  12 C
TYR  29 B                                            0.00 XXX   0 X    0.00 XXX   0 X    1.95 TYR  46 B
TYR  29 B                                            0.00 XXX   0 X    0.00 XXX   0 X    2.03 ASP  27 B

TYR  31 B  11.01    50 %    2.44  422   0.00    0   -0.63 THR  71 A    0.00 XXX   0 X    0.02 GLU  68 A
TYR  31 B                                           -0.85 SER  74 A    0.00 XXX   0 X    0.15 GLU   8 B
TYR  31 B                                           -0.16 ASN  32 B    0.00 XXX   0 X    0.03 GLU  34 B
TYR  31 B                                            0.00 XXX   0 X    0.00 XXX   0 X    0.02 TYR  76 A

TYR  36 B  18.59   100 %    3.88  603   0.00    0    0.80 GLU   8 B    0.00 XXX   0 X    0.19 ASP  63 A
TYR  36 B                                            0.00 XXX   0 X    0.00 XXX   0 X   -0.37 ARG  73 A
TYR  36 B                                            0.00 XXX   0 X    0.00 XXX   0 X    0.08 ASP  27 B
TYR  36 B                                            0.00 XXX   0 X    0.00 XXX   0 X    0.01 GLU  34 B
TYR  36 B                                            0.00 XXX   0 X    0.00 XXX   0 X    0.47 TYR  29 B
TYR  36 B                                            0.00 XXX   0 X    0.00 XXX   0 X    2.03 GLU   8 B
TYR  36 B                                            0.00 XXX   0 X    0.00 XXX   0 X    1.50 GLU  12 C

TYR  46 B  14.64   100 %    4.59  575   0.00    0   -0.46 ARG  70 B    0.00 XXX   0 X   -2.03 ARG  70 B
TYR  46 B                                           -0.34 TYR  29 B    0.00 XXX   0 X    2.03 ASP  27 B
TYR  46 B                                            0.85 ASP  27 B    0.00 XXX   0 X    0.00 XXX   0 X

TYR  59 B  10.44     0 %    0.27  251   0.00    0    0.00 XXX   0 X    0.00 XXX   0 X    0.02 GLU  12 C
TYR  59 B                                            0.00 XXX   0 X    0.00 XXX   0 X    0.15 CYS  14 C

TYR  77 B  14.52   100 %    4.05  644   0.00    0    0.00 XXX   0 X    0.00 XXX   0 X    0.29 GLU   8 A
TYR  77 B                                            0.00 XXX   0 X    0.00 XXX   0 X    0.03 GLU  13 B
TYR  77 B                                            0.00 XXX   0 X    0.00 XXX   0 X    0.26 ASP  27 B
TYR  77 B                                            0.00 XXX   0 X    0.00 XXX   0 X   -0.10 ARG  70 B

TYR  82 B  11.52    20 %    0.91  336   0.00    0    0.00 XXX   0 X    0.00 XXX   0 X    0.26 GLU   1 A
TYR  82 B                                            0.00 XXX   0 X    0.00 XXX   0 X    0.06 ASP  24 A
TYR  82 B                                            0.00 XXX   0 X    0.00 XXX   0 X    0.29 GLU  86 B

TYR 101 B  11.46    59 %    1.46  446   0.00    0    0.00 XXX   0 X    0.00 XXX   0 X    0.00 XXX   0 X

TYR 122 B  14.11    80 %    2.87  505   0.00    0    0.00 XXX   0 X    0.00 XXX   0 X    0.16 ASP  22 A
TYR 122 B                                            0.00 XXX   0 X    0.00 XXX   0 X   -0.26 ARG  92 B
TYR 122 B                                            0.00 XXX   0 X    0.00 XXX   0 X   -0.05 ARG  93 B
TYR 122 B                                            0.00 XXX   0 X    0.00 XXX   0 X    0.59 ASP  24 A
TYR 122 B                                            0.00 XXX   0 X    0.00 XXX   0 X    0.80 ASP  26 A

TYR 170 B  11.47    25 %    1.37  352   0.00    0   -0.01 ARG 132 B    0.00 XXX   0 X   -0.39 ARG 132 B
TYR 170 B                                           -0.53 THR 162 B    0.00 XXX   0 X    0.15 GLU 137 B
TYR 170 B                                            0.59 GLU 168 B    0.00 XXX   0 X   -0.15 ARG 165 B
TYR 170 B                                            0.00 XXX   0 X    0.00 XXX   0 X    0.42 GLU 168 B

LYS  64 B  10.49     0 %   -0.06  116   0.00    0    0.00 XXX   0 X    0.00 XXX   0 X    0.10 GLU  68 B
LYS  64 B                                            0.00 XXX   0 X    0.00 XXX   0 X   -0.04 ARG  71 B

LYS  97 B  10.23    11 %   -0.27  311   0.00    0    0.00 XXX   0 X    0.00 XXX   0 X    0.00 XXX   0 X

LYS 104 B  10.39     0 %   -0.12  186   0.00    0    0.00 XXX   0 X    0.00 XXX   0 X    0.01 ASP 178 A

LYS 138 B  10.51     0 %   -0.06  103   0.00    0    0.00 XXX   0 X    0.00 XXX   0 X    0.07 GLU 136 B

ARG   3 B  12.08     0 %   -0.32  184   0.00    0    0.00 XXX   0 X    0.00 XXX   0 X    0.14 ASP  14 A
ARG   3 B                                            0.00 XXX   0 X    0.00 XXX   0 X   -0.24 ARG   5 B

ARG   5 B  13.25    11 %   -1.10  313   0.00    0    1.40 ASP  14 A    0.00 XXX   0 X    0.45 ASP  14 A

ARG  22 B  12.32     0 %   -0.31  221   0.00    0    0.00 XXX   0 X    0.00 XXX   0 X    0.02 ASP  40 B
ARG  22 B                                            0.00 XXX   0 X    0.00 XXX   0 X    0.20 ASP  42 B
ARG  22 B                                            0.00 XXX   0 X    0.00 XXX   0 X   -0.09 ARG  24 B

ARG  24 B  14.17    15 %   -0.57  323   0.00    0    1.33 ASP  40 B    0.00 XXX   0 X    0.06 GLU  13 B
ARG  24 B                                            0.00 XXX   0 X    0.00 XXX   0 X    0.13 TYR  15 B
ARG  24 B                                            0.00 XXX   0 X    0.00 XXX   0 X    0.00 GLU  35 B
ARG  24 B                                            0.00 XXX   0 X    0.00 XXX   0 X    0.29 ASP  42 B
ARG  24 B                                            0.00 XXX   0 X    0.00 XXX   0 X   -0.05 ARG  28 B
ARG  24 B                                            0.00 XXX   0 X    0.00 XXX   0 X    0.46 ASP  40 B

ARG  28 B  15.25    62 %   -1.90  456   0.00    0    0.51 GLU  13 B    0.00 XXX   0 X    0.02 GLU 138 A
ARG  28 B                                            1.70 GLU  35 B    0.00 XXX   0 X    0.18 TYR   9 B
ARG  28 B                                            0.00 XXX   0 X    0.00 XXX   0 X    0.35 TYR  15 B
ARG  28 B                                            0.00 XXX   0 X    0.00 XXX   0 X    0.02 ASP  40 B
ARG  28 B                                            0.00 XXX   0 X    0.00 XXX   0 X    1.08 GLU  13 B
ARG  28 B                                            0.00 XXX   0 X    0.00 XXX   0 X    0.81 GLU  35 B

ARG  38 B  13.30    37 %   -0.93  386   0.00    0    1.27 GLU  35 B    0.00 XXX   0 X    0.18 GLU  13 B
ARG  38 B                                            0.00 XXX   0 X    0.00 XXX   0 X    0.08 TYR  15 B
ARG  38 B                                            0.00 XXX   0 X    0.00 XXX   0 X    0.18 ASP  40 B
ARG  38 B                                            0.00 XXX   0 X    0.00 XXX   0 X   -0.15 ARG  24 B
ARG  38 B                                            0.00 XXX   0 X    0.00 XXX   0 X   -0.50 ARG  28 B
ARG  38 B                                            0.00 XXX   0 X    0.00 XXX   0 X    0.66 GLU  35 B

ARG  47 B  13.38     0 %   -0.30  250   0.00    0    0.84 GLU  45 B    0.00 XXX   0 X    0.02 ASP  40 B
ARG  47 B                                            0.00 XXX   0 X    0.00 XXX   0 X    0.32 GLU  45 B

ARG  54 B  13.99     0 %   -0.20  184   0.00    0    1.16 GLU  51 B    0.00 XXX   0 X    0.15 GLU  58 B
ARG  54 B                                            0.00 XXX   0 X    0.00 XXX   0 X    0.38 GLU  51 B

ARG  70 B  16.80   100 %   -2.98  568   0.00    0    0.31 TYR  29 B    0.00 XXX   0 X    0.02 GLU   8 A
ARG  70 B                                            0.46 TYR  46 B    0.00 XXX   0 X    1.54 TYR  29 B
ARG  70 B                                            0.81 ASP  27 B    0.00 XXX   0 X    2.03 TYR  46 B
ARG  70 B                                            0.00 XXX   0 X    0.00 XXX   0 X    0.08 ASP  69 B
ARG  70 B                                            0.00 XXX   0 X    0.00 XXX   0 X    0.10 TYR  77 B
ARG  70 B                                            0.00 XXX   0 X    0.00 XXX   0 X    1.91 ASP  27 B

ARG  71 B  12.86     0 %   -0.41  265   0.00    0    0.36 GLU  68 B    0.00 XXX   0 X    0.09 GLU  45 B
ARG  71 B                                            0.00 XXX   0 X    0.00 XXX   0 X    0.32 GLU  68 B

ARG  79 B  12.55     7 %   -0.59  302   0.00    0    0.33 ASP  75 B    0.00 XXX   0 X    0.01 GLU  21 B
ARG  79 B                                            0.00 XXX   0 X    0.00 XXX   0 X    0.30 ASP  75 B

ARG  92 B  11.44    58 %   -1.85  445   0.00    0    0.00 XXX   0 X    0.00 XXX   0 X    0.20 ASP  26 A
ARG  92 B                                            0.00 XXX   0 X    0.00 XXX   0 X    0.19 GLU  44 A
ARG  92 B                                            0.00 XXX   0 X    0.00 XXX   0 X    0.26 TYR 122 B
ARG  92 B                                            0.00 XXX   0 X    0.00 XXX   0 X    0.14 ASP 151 B

ARG  93 B  12.05    10 %   -0.51  310   0.00    0    0.00 XXX   0 X    0.00 XXX   0 X    0.01 GLU   1 A
ARG  93 B                                            0.00 XXX   0 X    0.00 XXX   0 X    0.05 TYR 122 B

ARG 129 B  13.65     0 %   -0.31  236   0.00    0    0.48 GLU 127 B    0.00 XXX   0 X    0.31 GLU 136 B
ARG 129 B                                            0.00 XXX   0 X    0.00 XXX   0 X    0.29 GLU 175 B
ARG 129 B                                            0.00 XXX   0 X    0.00 XXX   0 X    0.38 GLU 127 B

ARG 132 B  13.91     0 %   -0.37  269   0.00    0    0.01 TYR 170 B    0.00 XXX   0 X    0.24 GLU 137 B
ARG 132 B                                            0.77 GLU 168 B    0.00 XXX   0 X    0.39 TYR 170 B
ARG 132 B                                            0.00 XXX   0 X    0.00 XXX   0 X    0.38 GLU 168 B

ARG 165 B  12.50     0 %   -0.26  201   0.00    0    0.00 XXX   0 X    0.00 XXX   0 X    0.37 GLU 168 B
ARG 165 B                                            0.00 XXX   0 X    0.00 XXX   0 X    0.15 TYR 170 B
ARG 165 B                                            0.00 XXX   0 X    0.00 XXX   0 X   -0.26 ARG 132 B

N+    1 B   7.63     0 %   -0.19  175   0.00    0    0.00 XXX   0 X    0.00 XXX   0 X    0.01 ASP  14 A
N+    1 B                                            0.00 XXX   0 X    0.00 XXX   0 X   -0.07 ARG   3 B
N+    1 B                                            0.00 XXX   0 X    0.00 XXX   0 X   -0.11 ARG   5 B

GLU   3 C   4.86     1 %    0.35  284   0.01    0    0.00 XXX   0 X    0.00 XXX   0 X   -0.02 N+    1 C
GLU   3 C                                            0.00 XXX   0 X    0.00 XXX   0 X    0.10 GLU  52 A
GLU   3 C                                            0.00 XXX   0 X    0.00 XXX   0 X   -0.07 HIS  80 B

GLU  12 C   4.70    83 %    3.12  514   0.01    0   -0.85 SER  56 B   -0.53 VAL  13 C   -0.85 ARG  73 A
GLU  12 C                                           -0.70 ARG  73 A    0.00 XXX   0 X    0.00 XXX   0 X

C-   15 C   3.04     0 %    0.13  155   0.00    0   -0.04 GLN  15 C    0.00 XXX   0 X   -0.25 LYS  72 A

CYS  14 C   9.32     0 %    0.21  230   0.00    0    0.00 XXX   0 X    0.00 XXX   0 X    0.02 GLU  12 C
CYS  14 C                                            0.00 XXX   0 X    0.00 XXX   0 X    0.09 C-   15 C

LYS   8 C  10.38     3 %   -0.15  290   0.00    0    0.00 XXX   0 X    0.00 XXX   0 X    0.03 ASP  69 B
LYS   8 C                                            0.00 XXX   0 X    0.00 XXX   0 X   -0.01 ARG  70 B

LYS   9 C  10.84   100 %   -4.08  683   0.00    0    0.81 ASP  27 B    0.00 XXX   0 X    0.64 ASP  63 A
LYS   9 C                                            0.00 XXX   0 X    0.00 XXX   0 X    0.07 GLU   8 B
LYS   9 C                                            0.00 XXX   0 X    0.00 XXX   0 X    0.17 GLU  13 B
LYS   9 C                                            0.00 XXX   0 X    0.00 XXX   0 X   -0.62 ARG  70 B
LYS   9 C                                            0.00 XXX   0 X    0.00 XXX   0 X    1.32 GLU   8 A
LYS   9 C                                            0.00 XXX   0 X    0.00 XXX   0 X    2.03 ASP  27 B

N+    1 C   7.83     0 %   -0.19  192   0.00    0    0.00 XXX   0 X    0.00 XXX   0 X    0.02 GLU   3 C

Coupled residues (marked *) were detected.Please rerun PropKa with the --display-coupled-residues 
or -d option for detailed information.

2026-08-30 00:17:45,547 INFO:output.py:227:print_pka_section:pKa summary:
--------------------------------------------------------------------------------------------------------
SUMMARY OF THIS PREDICTION
       Group      pKa  model-pKa   ligand atom-type
   ASP  14 A     2.77       3.80                      
   ASP  22 A     7.28       3.80                      
   ASP  24 A     4.08       3.80                      
   ASP  26 A     3.68       3.80                      
   ASP  32 A     2.77       3.80                      
   ASP  63 A    11.76       3.80                      
   ASP 107 A     4.54       3.80                      
   ASP 139 A     2.10       3.80                      
   ASP 156 A     2.82       3.80                      
   ASP 159 A     3.93       3.80                      
   ASP 168 A     3.92       3.80                      
   ASP 178 A     4.48       3.80                      
   ASP  27 B     1.54       3.80                      
   ASP  40 B     2.41       3.80                      
   ASP  42 B     4.10       3.80                      
   ASP  65 B     3.95       3.80                      
   ASP  69 B     4.13       3.80                      
   ASP  75 B     3.51       3.80                      
   ASP 151 B     4.66       3.80                      
   GLU   1 A     3.56       4.50                      
   GLU   8 A     4.98       4.50                      
   GLU  18 A     8.68       4.50                      
   GLU  27 A     4.69       4.50                      
   GLU  37 A     4.69       4.50                      
   GLU  43 A     4.57       4.50                      
   GLU  44 A     3.88       4.50                      
   GLU  52 A     4.00       4.50                      
   GLU  68 A     4.65       4.50                      
   GLU  85 A     4.11       4.50                      
   GLU  95 A     4.87       4.50                      
   GLU  98 A     4.66       4.50                      
   GLU 131 A     1.68       4.50                      
   GLU 138 A     4.76       4.50                      
   GLU 155 A     4.75       4.50                      
   GLU 163 A     4.60       4.50                      
   GLU 169 A     4.61       4.50                      
   GLU 176 A     3.72       4.50                      
   GLU   8 B     9.06       4.50                      
   GLU  13 B     4.26       4.50                      
   GLU  21 B     4.51       4.50                      
   GLU  34 B     4.60       4.50                      
   GLU  35 B     2.61       4.50                      
   GLU  45 B     3.56       4.50                      
   GLU  51 B     3.28       4.50                      
   GLU  58 B     4.63       4.50                      
   GLU  68 B     4.04       4.50                      
   GLU  86 B     4.79       4.50                      
   GLU 127 B     3.74       4.50                      
   GLU 136 B     4.58       4.50                      
   GLU 137 B     5.05       4.50                      
   GLU 161 B     4.61       4.50                      
   GLU 168 B     2.67       4.50                      
   GLU 175 B     4.95       4.50                      
   GLU 186 B     4.71       4.50                      
   GLU   3 C     4.86       4.50                      
   GLU  12 C     4.70       4.50                      
   C-  178 A     3.55       3.20                      
   C-  189 B     3.44       3.20                      
   C-   15 C     3.04       3.20                      
   HIS   2 A     7.43       6.50                      
   HIS  30 A     7.33       6.50                      
   HIS 140 A     4.93       6.50                      
   HIS 146 A     5.34       6.50                      
   HIS 164 A     4.72       6.50                      
   HIS 174 A     8.15       6.50                      
   HIS  80 B     6.34       6.50                      
   HIS  95 B     6.16       6.50                      
   HIS 110 B     6.23       6.50                      
   HIS 111 B     6.36       6.50                      
   HIS 148 B     6.43       6.50                      
   HIS 176 B     5.27       6.50                      
   CYS 104 A    99.99       9.00                      
   CYS 160 A    99.99       9.00                      
   CYS  14 B    99.99       9.00                      
   CYS  78 B    99.99       9.00                      
   CYS 116 B    99.99       9.00                      
   CYS 172 B    99.99       9.00                      
   CYS  14 C     9.32       9.00                      
   TYR  10 A    10.57      10.00                      
   TYR  76 A    10.12      10.00                      
   TYR 147 A    13.24      10.00                      
   TYR 158 A    11.07      10.00                      
   TYR   9 B    13.93      10.00                      
   TYR  15 B    13.14      10.00                      
   TYR  29 B    17.98      10.00                      
   TYR  31 B    11.01      10.00                      
   TYR  36 B    18.59      10.00                      
   TYR  46 B    14.64      10.00                      
   TYR  59 B    10.44      10.00                      
   TYR  77 B    14.52      10.00                      
   TYR  82 B    11.52      10.00                      
   TYR 101 B    11.46      10.00                      
   TYR 122 B    14.11      10.00                      
   TYR 170 B    11.47      10.00                      
   LYS  35 A    10.83      10.50                      
   LYS  36 A    10.38      10.50                      
   LYS  64 A    10.89      10.50                      
   LYS  72 A    10.81      10.50                      
   LYS 108 A    10.98      10.50                      
   LYS 123 A    10.44      10.50                      
   LYS 144 A     9.28      10.50                      
   LYS 173 A    10.29      10.50                      
   LYS  64 B    10.49      10.50                      
   LYS  97 B    10.23      10.50                      
   LYS 104 B    10.39      10.50                      
   LYS 138 B    10.51      10.50                      
   LYS   8 C    10.38      10.50                      
   LYS   9 C    10.84      10.50                      
   ARG  41 A    13.14      12.50                      
   ARG  47 A    12.56      12.50                      
   ARG  73 A    12.83      12.50                      
   ARG  97 A    12.34      12.50                      
   ARG 120 A    13.05      12.50                      
   ARG 137 A    14.25      12.50                      
   ARG 143 A    11.72      12.50                      
   ARG 161 A    12.39      12.50                      
   ARG   3 B    12.08      12.50                      
   ARG   5 B    13.25      12.50                      
   ARG  22 B    12.32      12.50                      
   ARG  24 B    14.17      12.50                      
   ARG  28 B    15.25      12.50                      
   ARG  38 B    13.30      12.50                      
   ARG  47 B    13.38      12.50                      
   ARG  54 B    13.99      12.50                      
   ARG  70 B    16.80      12.50                      
   ARG  71 B    12.86      12.50                      
   ARG  79 B    12.55      12.50                      
   ARG  92 B    11.44      12.50                      
   ARG  93 B    12.05      12.50                      
   ARG 129 B    13.65      12.50                      
   ARG 132 B    13.91      12.50                      
   ARG 165 B    12.50      12.50                      
   N+    1 A     7.79       8.00                      
   N+    1 B     7.63       8.00                      
   N+    1 C     7.83       8.00                      

2026-08-30 00:17:45,571 INFO:main.py:648:non_trivial:PROPKA information:
--------------------------------------------------------------------------------------------------------
Free energy of   folding (kcal/mol) as a function of pH (using neutral reference)
  0.00     35.59
  1.00     34.32
  2.00     30.96
  3.00     23.55
  4.00     15.83
  5.00     15.97
  6.00     18.44
  7.00     22.13
  8.00     27.28
  9.00     31.42
 10.00     37.91
 11.00     51.97
 12.00     66.58
 13.00     82.87
 14.00     99.26

The pH of optimum stability is  4.4 for which the free energy is   14.9 kcal/mol at 298K
Could not determine pH values where the free energy is within 80 % of minimum
Could not determine the pH-range where the free energy is negative


Protein charge of folded and unfolded state as a function of pH
    pH  unfolded  folded
  0.00     52.99   52.49
  0.10     52.99   52.42
  0.20     52.99   52.34
  0.30     52.99   52.25
  0.40     52.98   52.16
  0.50     52.98   52.07
  0.60     52.97   51.97
  0.70     52.97   51.86
  0.80     52.96   51.74
  0.90     52.95   51.61
  1.00     52.94   51.47
  1.10     52.92   51.30
  1.20     52.90   51.12
  1.30     52.87   50.91
  1.40     52.84   50.68
  1.50     52.80   50.41
  1.60     52.75   50.12
  1.70     52.68   49.79
  1.80     52.60   49.42
  1.90     52.50   49.02
  2.00     52.38   48.57
  2.10     52.22   48.08
  2.20     52.03   47.55
  2.30     51.79   46.95
  2.40     51.49   46.31
  2.50     51.13   45.61
  2.60     50.69   44.84
  2.70     50.15   44.01
  2.80     49.51   43.11
  2.90     48.74   42.15
  3.00     47.83   41.10
  3.10     46.76   39.98
  3.20     45.51   38.76
  3.30     44.08   37.46
  3.40     42.45   36.05
  3.50     40.61   34.54
  3.60     38.58   32.93
  3.70     36.34   31.21
  3.80     33.92   29.39
  3.90     31.34   27.47
  4.00     28.61   25.46
  4.10     25.76   23.36
  4.20     22.84   21.20
  4.30     19.88   18.98
  4.40     16.92   16.73
  4.50     14.02   14.46
  4.60     11.22   12.21
  4.70      8.57   10.00
  4.80      6.10    7.86
  4.90      3.84    5.82
  5.00      1.81    3.90
  5.10      0.00    2.11
  5.20     -1.59    0.48
  5.30     -2.99   -1.01
  5.40     -4.22   -2.35
  5.50     -5.31   -3.55
  5.60     -6.29   -4.62
  5.70     -7.19   -5.58
  5.80     -8.04   -6.45
  5.90     -8.85   -7.24
  6.00     -9.65   -7.97
  6.10    -10.44   -8.65
  6.20    -11.25   -9.28
  6.30    -12.06   -9.88
  6.40    -12.88  -10.45
  6.50    -13.69  -10.99
  6.60    -14.49  -11.52
  6.70    -15.26  -12.02
  6.80    -15.98  -12.51
  6.90    -16.66  -12.98
  7.00    -17.29  -13.46
  7.10    -17.86  -13.92
  7.20    -18.38  -14.39
  7.30    -18.85  -14.86
  7.40    -19.28  -15.33
  7.50    -19.68  -15.80
  7.60    -20.06  -16.27
  7.70    -20.41  -16.73
  7.80    -20.76  -17.19
  7.90    -21.09  -17.63
  8.00    -21.41  -18.07
  8.10    -21.73  -18.49
  8.20    -22.05  -18.90
  8.30    -22.37  -19.29
  8.40    -22.70  -19.68
  8.50    -23.03  -20.06
  8.60    -23.37  -20.44
  8.70    -23.74  -20.82
  8.80    -24.14  -21.20
  8.90    -24.58  -21.60
  9.00    -25.08  -22.00
  9.10    -25.64  -22.42
  9.20    -26.28  -22.86
  9.30    -27.01  -23.32
  9.40    -27.85  -23.81
  9.50    -28.80  -24.34
  9.60    -29.87  -24.90
  9.70    -31.06  -25.51
  9.80    -32.38  -26.18
  9.90    -33.80  -26.91
 10.00    -35.31  -27.70
 10.10    -36.90  -28.56
 10.20    -38.52  -29.48
 10.30    -40.16  -30.47
 10.40    -41.78  -31.52
 10.50    -43.35  -32.61
 10.60    -44.86  -33.73
 10.70    -46.27  -34.88
 10.80    -47.59  -36.03
 10.90    -48.80  -37.19
 11.00    -49.90  -38.34
 11.10    -50.92  -39.47
 11.20    -51.86  -40.58
 11.30    -52.74  -41.68
 11.40    -53.58  -42.75
 11.50    -54.41  -43.80
 11.60    -55.26  -44.83
 11.70    -56.14  -45.84
 11.80    -57.07  -46.85
 11.90    -58.08  -47.84
 12.00    -59.18  -48.83
 12.10    -60.36  -49.82
 12.20    -61.64  -50.80
 12.30    -62.99  -51.79
 12.40    -64.39  -52.78
 12.50    -65.81  -53.78
 12.60    -67.22  -54.78
 12.70    -68.60  -55.77
 12.80    -69.89  -56.77
 12.90    -71.09  -57.77
 13.00    -72.17  -58.76
 13.10    -73.13  -59.73
 13.20    -73.97  -60.70
 13.30    -74.69  -61.65
 13.40    -75.29  -62.58
 13.50    -75.80  -63.49
 13.60    -76.22  -64.37
 13.70    -76.56  -65.22
 13.80    -76.84  -66.05
 13.90    -77.07  -66.85
 14.00    -77.26  -67.61
The pI is  5.23 (folded) and  5.10 (unfolded)

--------------------------------------------------------------------------------------------------------
2026-08-30 00:17:45,571 INFO:biomolecule.py:797:apply_pka_values:Applying pKa values at a pH of 7.40:
2026-08-30 00:17:45,573 INFO:main.py:661:non_trivial:Adding hydrogens to biomolecule.
2026-08-30 00:17:45,868 INFO:main.py:664:non_trivial:Debumping biomolecule (again).
2026-08-30 00:17:46,330 INFO:main.py:666:non_trivial:Optimizing hydrogen bonds
2026-08-30 00:17:47,303 INFO:main.py:678:non_trivial:Applying force field to biomolecule states.
2026-08-30 00:17:47,307 INFO:main.py:725:non_trivial:Regenerating headers.
2026-08-30 00:17:47,308 INFO:main.py:750:non_trivial:Regenerating PDB lines.
2026-08-30 00:17:47,336 WARNING:main.py:326:print_pqr:Ignoring 467 header lines in output.
