2026-08-30 00:13:23,576 INFO:main.py:246:print_splash_screen:PDB2PQR v3.7.1: biomolecular structure conversion software.
2026-08-30 00:13:23,580 INFO:main.py:248:print_splash_screen:Please cite:  Jurrus E, et al.  Improvements to the APBS biomolecular solvation software suite.  Protein Sci 27 112-128 (2018).
2026-08-30 00:13:23,580 INFO:main.py:248:print_splash_screen:Please cite:  Dolinsky TJ, et al.  PDB2PQR: expanding and upgrading automated preparation of biomolecular structures for molecular simulations. Nucleic Acids Res 35 W522-W525 (2007).
2026-08-30 00:13:23,580 INFO:main.py:770:main_driver:Checking and transforming input arguments.
2026-08-30 00:13:23,580 INFO:main.py:774:main_driver:Loading topology files.
2026-08-30 00:13:23,686 INFO:main.py:776:main_driver:Loading molecule: /Users/anishsharma/Library/Mobile Documents/com~apple~CloudDocs/ebv_ms_publication/processed/pmhc_surface_electrostatics_sequence_expansion_2026-08-30/prepared_structures/HY03_SEQ_01/HY03_SEQ_01__ebv__EBV_IEDB_2fbac9820d7d__s4__full.pdb
2026-08-30 00:13:23,727 INFO:main.py:781:main_driver:Setting up molecule.
2026-08-30 00:13:23,760 INFO:main.py:423:setup_molecule:Created biomolecule object with 382 residues and 3160 atoms.
2026-08-30 00:13:23,781 INFO:main.py:785:main_driver:Setting termini states for biomolecule chains.
2026-08-30 00:13:23,802 INFO:main.py:616:non_trivial:Loading forcefield.
2026-08-30 00:13:23,818 INFO:main.py:620:non_trivial:Loading hydrogen topology definitions.
2026-08-30 00:13:23,820 INFO:main.py:474:is_repairable:This biomolecule is clean.  No repair needed.
2026-08-30 00:13:23,820 INFO:main.py:635:non_trivial:Updating disulfide bridges.
2026-08-30 00:13:23,822 INFO:main.py:638:non_trivial:Debumping biomolecule.
2026-08-30 00:13:24,042 INFO:main.py:645:non_trivial:Assigning titration states with PROPKA.
2026-08-30 00:13:24,058 INFO:output.py:74:print_header:
propka3.5.1                                                                                  2026-08-30

-------------------------------------------------------------------------------
--                                                                           --
--  PROPKA: A PROTEIN PKA PREDICTOR                                          --
--                                                                           --
--  VERSION 1.0,  04/25/2004,  IOWA CITY                                     --
--  BY HUI LI                                                                --
--                                                                           --
--  VERSION 2.0,  11/05/2007, IOWA CITY/COPENHAGEN                           --
--  BY DELPHINE C. BAS AND DAVID M. ROGERS                                   --
--                                                                           --
--  VERSION 3.0,  01/06/2011, COPENHAGEN                                     --
--  BY MATS H.M. OLSSON AND CHRESTEN R. SONDERGARD                           --
--                                                                           --
--  VERSION 3.1,  07/01/2011, COPENHAGEN                                     --
--  BY CHRESTEN R. SONDERGARD AND MATS H.M. OLSSON                           --
--                                                                           --
--  VERSION 3.2,  06/17/2020, PLANET EARTH                                   --
--  SEE ABOVE FOR AUTHORS                                                    --
--                                                                           --
-------------------------------------------------------------------------------


-------------------------------------------------------------------------------
References:

Very Fast Empirical Prediction and Rationalization of Protein pKa Values.
Hui Li, Andrew D. Robertson and Jan H. Jensen. PROTEINS: Structure, Function,
and Bioinformatics. 61:704-721 (2005)

Very Fast Prediction and Rationalization of pKa Values for Protein-Ligand
Complexes.  Delphine C. Bas, David M. Rogers and Jan H. Jensen.  PROTEINS:
Structure, Function, and Bioinformatics 73:765-783 (2008)

PROPKA3: Consistent Treatment of Internal and Surface Residues in Empirical
pKa predictions.  Mats H.M. Olsson, Chresten R. Sondergard, Michal Rostkowski,
and Jan H. Jensen.  Journal of Chemical Theory and Computation, 7(2):525-537
(2011)

Improved Treatment of Ligands and Coupling Effects in Empirical Calculation
and Rationalization of pKa Values.  Chresten R. Sondergaard, Mats H.M. Olsson,
Michal Rostkowski, and Jan H. Jensen.  Journal of Chemical Theory and
Computation, (2011)
-------------------------------------------------------------------------------



2026-08-30 00:13:24,189 WARNING:group.py:385:set_interaction_atoms:Missing atoms or failed protonation for GLN  33 B (AMD) -- please check the structure
2026-08-30 00:13:24,189 WARNING:group.py:386:set_interaction_atoms:Group (AMD) for  1759-  CD    33-GLN (B) [  12.157   -5.729   -3.455] C
2026-08-30 00:13:24,189 WARNING:group.py:393:set_interaction_atoms:Expected 3 interaction atoms for acids, found:
2026-08-30 00:13:24,189 WARNING:group.py:397:set_interaction_atoms:              1761- NE2    33-GLN (B) [  11.034   -6.278   -3.848] N
2026-08-30 00:13:24,189 WARNING:group.py:397:set_interaction_atoms:                 0- HE2    33-GLN (B) [  10.916   -7.053   -4.485] H
2026-08-30 00:13:24,189 WARNING:group.py:400:set_interaction_atoms:Expected 1 interaction atoms for bases, found:
2026-08-30 00:13:24,189 WARNING:group.py:404:set_interaction_atoms:              1760- OE1    33-GLN (B) [  12.279   -5.177   -2.361] O
2026-08-30 00:13:24,256 INFO:conformation_container.py:124:find_covalently_coupled_groups:Coupling map:
Covalent coupling map for Conformation container 1A with 3782 atoms and 961 groups
            N+    1 B | ASP   1 B | 
N+    1 B             |     X     | 
ASP   1 B       X     |           | 
2026-08-30 00:13:24,256 INFO:conformation_container.py:213:calculate_pka:Calculating pKas for Conformation container 1A with 3782 atoms and 961 groups
2026-08-30 00:13:25,240 INFO:conformation_container.py:235:calculate_pka:Removing penalised groups!!!
2026-08-30 00:13:25,299 INFO:output.py:225:print_pka_section:pKa determinants:

---------  -----   ------   ---------------------    --------------    --------------    --------------
                            DESOLVATION  EFFECTS       SIDECHAIN          BACKBONE        COULOMBIC
 RESIDUE    pKa    BURIED     REGULAR      RE        HYDROGEN BOND     HYDROGEN BOND      INTERACTION
---------  -----   ------   ---------   ---------    --------------    --------------    --------------

ASP  14 A   2.77    27 %    1.42  356   0.05    0   -1.47 ARG   5 B   -0.42 ASP  14 A   -0.01 N+    1 B
ASP  14 A                                            0.00 XXX   0 X    0.00 XXX   0 X   -0.14 ARG   3 B
ASP  14 A                                            0.00 XXX   0 X    0.00 XXX   0 X   -0.45 ARG   5 B

ASP  22 A   7.32   100 %    3.32  623   0.88    0    0.00 XXX   0 X   -0.71 GLY  25 A    0.38 ASP  24 A
ASP  22 A                                            0.00 XXX   0 X    0.00 XXX   0 X    0.12 GLU  27 A
ASP  22 A                                            0.00 XXX   0 X    0.00 XXX   0 X    0.01 GLU  13 B
ASP  22 A                                            0.00 XXX   0 X    0.00 XXX   0 X    0.54 ASP  26 A
ASP  22 A                                            0.00 XXX   0 X    0.00 XXX   0 X   -1.03 ARG 143 A

ASP  24 A   4.07    78 %    2.59  499   0.73    0   -1.60 HIS   2 A   -0.78 VAL   3 A   -0.16 N+    1 A
ASP  24 A                                            0.00 XXX   0 X    0.00 XXX   0 X    0.06 GLU   1 A
ASP  24 A                                            0.00 XXX   0 X    0.00 XXX   0 X    0.14 ASP  26 A
ASP  24 A                                            0.00 XXX   0 X    0.00 XXX   0 X   -0.01 HIS  15 B
ASP  24 A                                            0.00 XXX   0 X    0.00 XXX   0 X   -0.69 HIS   2 A

ASP  26 A   3.60   100 %    3.90  565   0.62    0   -1.60 HIS 148 B   -0.36 TRP 152 B   -0.23 ARG  41 A
ASP  26 A                                            0.00 XXX   0 X    0.00 XXX   0 X   -0.46 ARG 143 A
ASP  26 A                                            0.00 XXX   0 X    0.00 XXX   0 X   -0.19 ARG  92 B
ASP  26 A                                            0.00 XXX   0 X    0.00 XXX   0 X   -1.87 HIS 148 B

ASP  32 A   2.80     0 %    0.46  273   0.00    0    0.00 XXX   0 X   -0.27 ALA  34 A   -0.19 LYS  35 A
ASP  32 A                                            0.00 XXX   0 X   -0.84 LYS  35 A   -0.15 HIS  30 A

ASP  63 A  11.15*  100 %    3.56  598   0.79    0    1.37 GLU   8 A    0.00 XXX   0 X   -0.84 ARG  10 C
ASP  63 A                                            0.00 XXX   0 X    0.00 XXX   0 X    0.40 GLU   8 B
ASP  63 A                                            0.00 XXX   0 X    0.00 XXX   0 X    0.03 ASP  27 B
ASP  63 A                                            0.00 XXX   0 X    0.00 XXX   0 X    2.03 GLU   8 A

ASP 107 A   4.57    51 %    2.16  423   0.14    0   -0.30 ARG 137 A   -0.45 LYS 108 A   -0.25 LYS 108 A
ASP 107 A                                            0.00 XXX   0 X    0.00 XXX   0 X   -0.31 ARG 143 A
ASP 107 A                                            0.00 XXX   0 X    0.00 XXX   0 X    0.19 GLU  85 A
ASP 107 A                                            0.00 XXX   0 X    0.00 XXX   0 X    0.15 ASP 139 A
ASP 107 A                                            0.00 XXX   0 X    0.00 XXX   0 X   -0.55 ARG 137 A

ASP 139 A   2.04    23 %    1.24  345   0.00    0   -1.41 ARG 137 A   -0.14 ASP 139 A   -0.09 LYS 108 A
ASP 139 A                                            0.00 XXX   0 X   -0.72 LEU 141 A   -0.01 ARG 143 A
ASP 139 A                                            0.00 XXX   0 X    0.00 XXX   0 X   -0.15 HIS 140 A
ASP 139 A                                            0.00 XXX   0 X    0.00 XXX   0 X   -0.48 ARG 137 A

ASP 156 A   2.70     3 %    0.47  289   0.00    0   -0.80 ASN 121 A    0.00 XXX   0 X   -0.18 ARG 120 A
ASP 156 A                                           -0.60 SER 153 A    0.00 XXX   0 X    0.00 XXX   0 X

ASP 159 A   3.88    17 %    0.94  329   0.22    0   -0.70 HIS 174 A    0.00 XXX   0 X    0.03 GLU 176 A
ASP 159 A                                            0.00 XXX   0 X    0.00 XXX   0 X   -0.40 HIS 174 A

ASP 168 A   3.92     0 %    0.12  148   0.00    0    0.00 XXX   0 X    0.00 XXX   0 X    0.00 XXX   0 X

ASP 178 A   4.52     0 %    0.26  248   0.00    0    0.00 XXX   0 X    0.00 XXX   0 X   -0.04 HIS 174 A
ASP 178 A                                            0.00 XXX   0 X    0.00 XXX   0 X    0.24 GLU 176 A
ASP 178 A                                            0.00 XXX   0 X    0.00 XXX   0 X    0.26 C-  178 A

GLU   1 A   3.68     0 %    0.31  272   0.00    0    0.00 XXX   0 X   -0.03 ASN  18 B   -0.22 N+    1 A
GLU   1 A                                            0.00 XXX   0 X   -0.59 GLY  19 B   -0.30 HIS   2 A

GLU   8 A   4.52*  100 %    3.85  622   0.50    0   -0.79 GLN   6 A    0.00 XXX   0 X   -0.05 LYS  70 B
GLU   8 A                                           -0.72 ASN  59 A    0.00 XXX   0 X    0.27 ASP  27 B
GLU   8 A                                           -1.37 ASP  63 A    0.00 XXX   0 X   -1.66 ARG  10 C
GLU   8 A                                           -0.01 ARG  10 C    0.00 XXX   0 X    0.00 XXX   0 X

GLU  18 A   8.71   100 %    3.87  627   0.80    0    0.00 XXX   0 X   -0.64 PHE 134 A   -0.27 LYS 144 A
GLU  18 A                                            0.00 XXX   0 X    0.00 XXX   0 X    0.47 GLU  27 A

GLU  27 A   4.63   100 %    3.23  565   0.24    0   -1.60 HIS  30 A    0.00 XXX   0 X   -0.04 LYS 144 A
GLU  27 A                                            0.00 XXX   0 X    0.00 XXX   0 X    0.03 ASP  26 A
GLU  27 A                                            0.00 XXX   0 X    0.00 XXX   0 X   -1.14 HIS  30 A
GLU  27 A                                            0.00 XXX   0 X    0.00 XXX   0 X   -0.59 ARG  41 A

GLU  37 A   4.65     0 %    0.24  191   0.00    0    0.00 XXX   0 X    0.00 XXX   0 X   -0.20 LYS  35 A
GLU  37 A                                            0.00 XXX   0 X    0.00 XXX   0 X    0.12 ASP  32 A

GLU  43 A   4.68     0 %    0.10  154   0.00    0    0.00 XXX   0 X    0.00 XXX   0 X   -0.02 ARG  47 A
GLU  43 A                                            0.00 XXX   0 X    0.00 XXX   0 X    0.11 GLU  44 A

GLU  44 A   3.98     6 %    0.50  299   0.00    0    0.00 XXX   0 X   -0.79 GLU  44 A   -0.00 ARG  41 A
GLU  44 A                                            0.00 XXX   0 X    0.00 XXX   0 X   -0.06 ARG  47 A
GLU  44 A                                            0.00 XXX   0 X    0.00 XXX   0 X   -0.16 ARG  92 B

GLU  52 A   4.00     0 %    0.30  258   0.00    0    0.00 XXX   0 X   -0.81 GLN  54 A    0.00 XXX   0 X

GLU  68 A   4.61     3 %    0.31  289   0.02    0    0.00 XXX   0 X    0.00 XXX   0 X   -0.18 LYS  64 A
GLU  68 A                                            0.00 XXX   0 X    0.00 XXX   0 X   -0.04 ARG  12 C

GLU  85 A   4.03     0 %    0.35  273   0.00    0   -0.34 LYS 108 A    0.00 XXX   0 X   -0.09 ARG 137 A
GLU  85 A                                            0.00 XXX   0 X    0.00 XXX   0 X   -0.01 LYS 173 A
GLU  85 A                                            0.00 XXX   0 X    0.00 XXX   0 X    0.02 ASP 139 A
GLU  85 A                                            0.00 XXX   0 X    0.00 XXX   0 X   -0.38 LYS 108 A

GLU  95 A   4.46     0 %    0.25  254   0.00    0   -0.23 GLU  98 A    0.00 XXX   0 X   -0.06 LYS  97 B

GLU  98 A   5.35     0 %    0.31  224   0.00    0    0.23 GLU  95 A    0.00 XXX   0 X   -0.06 LYS  97 B
GLU  98 A                                            0.00 XXX   0 X    0.00 XXX   0 X    0.38 GLU  95 A

GLU 131 A   1.69    47 %    1.00  414   0.16    0   -0.85 LYS 144 A    0.00 XXX   0 X   -0.01 HIS  30 A
GLU 131 A                                           -1.60 HIS 146 A    0.00 XXX   0 X   -0.84 LYS 144 A
GLU 131 A                                            0.00 XXX   0 X    0.00 XXX   0 X   -0.66 HIS 146 A

GLU 138 A   4.65    10 %    0.19  309   0.00    0    0.00 XXX   0 X    0.00 XXX   0 X   -0.05 ARG 137 A
GLU 138 A                                            0.00 XXX   0 X    0.00 XXX   0 X   -0.01 ARG  28 B
GLU 138 A                                            0.00 XXX   0 X    0.00 XXX   0 X    0.05 ASP 139 A
GLU 138 A                                            0.00 XXX   0 X    0.00 XXX   0 X   -0.03 HIS 140 A
GLU 138 A                                            0.00 XXX   0 X    0.00 XXX   0 X    0.06 GLU  13 B
GLU 138 A                                            0.00 XXX   0 X    0.00 XXX   0 X   -0.05 HIS  15 B

GLU 155 A   3.94     0 %    0.28  173   0.00    0   -0.85 THR 154 A   -0.09 GLU 155 A   -0.06 ARG  97 A
GLU 155 A                                            0.00 XXX   0 X    0.00 XXX   0 X    0.15 ASP 156 A

GLU 163 A   3.89     1 %    0.39  284   0.00    0   -0.62 ARG 161 A    0.00 XXX   0 X   -0.01 N+    1 B
GLU 163 A                                            0.00 XXX   0 X    0.00 XXX   0 X   -0.38 ARG 161 A

GLU 169 A   4.61     0 %    0.11  126   0.00    0    0.00 XXX   0 X    0.00 XXX   0 X    0.00 XXX   0 X

GLU 176 A   3.74     0 %    0.26  206   0.00    0   -0.81 HIS 174 A    0.00 XXX   0 X    0.04 C-  178 A
GLU 176 A                                            0.00 XXX   0 X    0.00 XXX   0 X   -0.25 HIS 174 A

C-  178 A   3.49     0 %    0.29  243   0.00    0    0.00 XXX   0 X    0.00 XXX   0 X    0.00 XXX   0 X

HIS   2 A   7.47    47 %   -1.41  412   0.00    0    1.60 ASP  24 A    0.00 XXX   0 X   -0.20 N+    1 A
HIS   2 A                                            0.00 XXX   0 X    0.00 XXX   0 X   -0.05 ARG  93 B
HIS   2 A                                            0.00 XXX   0 X    0.00 XXX   0 X    0.30 GLU   1 A
HIS   2 A                                            0.00 XXX   0 X    0.00 XXX   0 X    0.03 GLU  86 B
HIS   2 A                                            0.00 XXX   0 X    0.00 XXX   0 X    0.69 ASP  24 A

HIS  30 A   7.29    74 %   -2.02  489   0.00    0    1.60 GLU  27 A    0.00 XXX   0 X   -0.05 ARG  41 A
HIS  30 A                                            0.00 XXX   0 X    0.00 XXX   0 X   -0.03 LYS 144 A
HIS  30 A                                            0.00 XXX   0 X    0.00 XXX   0 X    0.15 ASP  32 A
HIS  30 A                                            0.00 XXX   0 X    0.00 XXX   0 X    0.01 GLU 131 A
HIS  30 A                                            0.00 XXX   0 X    0.00 XXX   0 X    1.14 GLU  27 A

HIS 140 A   4.76    61 %   -1.89  451   0.00    0    0.00 XXX   0 X    0.00 XXX   0 X   -0.00 ARG 137 A
HIS 140 A                                            0.00 XXX   0 X    0.00 XXX   0 X   -0.58 ARG  28 B
HIS 140 A                                            0.00 XXX   0 X    0.00 XXX   0 X   -0.08 ARG  38 B
HIS 140 A                                            0.00 XXX   0 X    0.00 XXX   0 X    0.03 GLU 138 A
HIS 140 A                                            0.00 XXX   0 X    0.00 XXX   0 X    0.15 ASP 139 A
HIS 140 A                                            0.00 XXX   0 X    0.00 XXX   0 X    0.28 GLU  13 B
HIS 140 A                                            0.00 XXX   0 X    0.00 XXX   0 X    0.34 GLU  35 B

HIS 146 A   5.26    74 %   -2.40  488   0.00    0    1.60 GLU 131 A    0.00 XXX   0 X   -1.10 LYS 144 A
HIS 146 A                                            0.00 XXX   0 X    0.00 XXX   0 X    0.66 GLU 131 A

HIS 164 A   4.65    72 %   -2.45  484   0.00    0    0.00 XXX   0 X    0.60 PRO 111 A    0.00 XXX   0 X

HIS 174 A   8.19     5 %   -0.52  295   0.00    0    0.70 ASP 159 A    0.00 XXX   0 X    0.04 ASP 178 A
HIS 174 A                                            0.81 GLU 176 A    0.00 XXX   0 X    0.40 ASP 159 A
HIS 174 A                                            0.00 XXX   0 X    0.00 XXX   0 X    0.25 GLU 176 A

CYS 104 A  99.99     0 %    0.00    0   0.00    0    0.00 XXX   0 X    0.00 XXX   0 X    0.00 XXX   0 X

CYS 160 A  99.99     0 %    0.00    0   0.00    0    0.00 XXX   0 X    0.00 XXX   0 X    0.00 XXX   0 X

TYR  10 A  10.71    20 %    1.08  338   0.00    0   -0.07 LYS  64 A    0.00 XXX   0 X    0.01 ASP  14 A
TYR  10 A                                            0.00 XXX   0 X    0.00 XXX   0 X    0.08 GLU  68 A
TYR  10 A                                            0.00 XXX   0 X    0.00 XXX   0 X   -0.40 LYS  64 A

TYR  76 A  10.08     0 %    0.24  191   0.00    0    0.00 XXX   0 X    0.00 XXX   0 X    0.00 GLU  68 A
TYR  76 A                                            0.00 XXX   0 X    0.00 XXX   0 X   -0.16 LYS  72 A

TYR 147 A  13.51    91 %    3.67  535   0.00    0   -0.45 ARG  41 A    0.00 XXX   0 X    0.27 ASP  26 A
TYR 147 A                                            0.00 XXX   0 X    0.00 XXX   0 X    0.10 GLU  27 A
TYR 147 A                                            0.00 XXX   0 X    0.00 XXX   0 X   -0.91 ARG  41 A
TYR 147 A                                            0.00 XXX   0 X    0.00 XXX   0 X   -0.04 ARG 143 A
TYR 147 A                                            0.00 XXX   0 X    0.00 XXX   0 X    0.87 ASP 151 B

TYR 158 A  11.16    36 %    1.49  381   0.00    0   -0.38 ARG 120 A    0.00 XXX   0 X   -0.31 ARG 120 A
TYR 158 A                                            0.00 XXX   0 X    0.00 XXX   0 X    0.00 GLU 155 A
TYR 158 A                                            0.00 XXX   0 X    0.00 XXX   0 X    0.35 ASP 156 A

LYS  35 A  10.79     0 %   -0.10  128   0.00    0    0.00 XXX   0 X    0.00 XXX   0 X    0.19 ASP  32 A
LYS  35 A                                            0.00 XXX   0 X    0.00 XXX   0 X    0.20 GLU  37 A

LYS  36 A  10.37     0 %   -0.13  153   0.00    0    0.00 XXX   0 X    0.00 XXX   0 X    0.00 XXX   0 X

LYS  64 A  10.91     0 %   -0.24  249   0.00    0    0.07 TYR  10 A    0.00 XXX   0 X    0.18 GLU  68 A
LYS  64 A                                            0.00 XXX   0 X    0.00 XXX   0 X    0.40 TYR  10 A

LYS  72 A  10.68     0 %   -0.09  156   0.00    0    0.00 XXX   0 X    0.00 XXX   0 X    0.11 C-   15 C
LYS  72 A                                            0.00 XXX   0 X    0.00 XXX   0 X    0.16 TYR  76 A

LYS 108 A  11.07     0 %   -0.27  249   0.00    0    0.34 GLU  85 A    0.00 XXX   0 X    0.25 ASP 107 A
LYS 108 A                                            0.00 XXX   0 X    0.00 XXX   0 X   -0.22 ARG 137 A
LYS 108 A                                            0.00 XXX   0 X    0.00 XXX   0 X    0.09 ASP 139 A
LYS 108 A                                            0.00 XXX   0 X    0.00 XXX   0 X    0.38 GLU  85 A

LYS 123 A  10.43     0 %   -0.07  112   0.00    0    0.00 XXX   0 X    0.00 XXX   0 X    0.00 XXX   0 X

LYS 144 A   9.24    86 %   -3.27  523   0.00    0    0.85 GLU 131 A    0.00 XXX   0 X    0.27 GLU  18 A
LYS 144 A                                            0.00 XXX   0 X    0.00 XXX   0 X    0.04 GLU  27 A
LYS 144 A                                            0.00 XXX   0 X    0.00 XXX   0 X    0.84 GLU 131 A

LYS 173 A  10.29     0 %   -0.23  271   0.00    0    0.00 XXX   0 X    0.00 XXX   0 X    0.01 GLU  85 A

ARG  41 A  13.30    76 %   -1.84  493   0.00    0    0.45 TYR 147 A    0.00 XXX   0 X    0.23 ASP  26 A
ARG  41 A                                            0.00 XXX   0 X    0.00 XXX   0 X    0.00 GLU  44 A
ARG  41 A                                            0.00 XXX   0 X    0.00 XXX   0 X    0.91 TYR 147 A
ARG  41 A                                            0.00 XXX   0 X    0.00 XXX   0 X    0.45 ASP 151 B
ARG  41 A                                            0.00 XXX   0 X    0.00 XXX   0 X    0.59 GLU  27 A

ARG  47 A  12.39     0 %   -0.20  170   0.00    0    0.00 XXX   0 X    0.00 XXX   0 X    0.02 GLU  43 A
ARG  47 A                                            0.00 XXX   0 X    0.00 XXX   0 X    0.06 GLU  44 A

ARG  73 A  13.83    47 %   -1.51  414   0.00    0    1.40 ASP  56 B    0.00 XXX   0 X    0.12 GLU   8 B
ARG  73 A                                            0.00 XXX   0 X    0.00 XXX   0 X    0.44 CYS  13 C
ARG  73 A                                            0.00 XXX   0 X    0.00 XXX   0 X    0.17 C-   15 C
ARG  73 A                                            0.00 XXX   0 X    0.00 XXX   0 X    0.70 ASP  56 B

ARG  97 A  12.49     0 %   -0.07  107   0.00    0    0.00 XXX   0 X    0.00 XXX   0 X    0.06 GLU 155 A

ARG 120 A  13.02     2 %   -0.35  287   0.00    0    0.38 TYR 158 A    0.00 XXX   0 X    0.18 ASP 156 A
ARG 120 A                                            0.00 XXX   0 X    0.00 XXX   0 X    0.31 TYR 158 A

ARG 137 A  14.31    25 %   -1.07  352   0.00    0    0.30 ASP 107 A    0.00 XXX   0 X    0.09 GLU  85 A
ARG 137 A                                            1.41 ASP 139 A    0.00 XXX   0 X    0.05 GLU 138 A
ARG 137 A                                            0.00 XXX   0 X    0.00 XXX   0 X    0.55 ASP 107 A
ARG 137 A                                            0.00 XXX   0 X    0.00 XXX   0 X    0.48 ASP 139 A

ARG 143 A  11.74   100 %   -2.53  573   0.00    0    0.00 XXX   0 X    0.00 XXX   0 X    0.46 ASP  26 A
ARG 143 A                                            0.00 XXX   0 X    0.00 XXX   0 X    0.31 ASP 107 A
ARG 143 A                                            0.00 XXX   0 X    0.00 XXX   0 X    0.01 ASP 139 A
ARG 143 A                                            0.00 XXX   0 X    0.00 XXX   0 X    0.04 TYR 147 A
ARG 143 A                                            0.00 XXX   0 X    0.00 XXX   0 X    0.09 TYR   9 B
ARG 143 A                                            0.00 XXX   0 X    0.00 XXX   0 X   -0.18 ARG 137 A
ARG 143 A                                            0.00 XXX   0 X    0.00 XXX   0 X    1.03 ASP  22 A

ARG 161 A  13.12     0 %   -0.38  259   0.00    0    0.62 GLU 163 A    0.00 XXX   0 X    0.38 GLU 163 A

N+    1 A   7.76     6 %   -0.59  298   0.00    0    0.00 XXX   0 X    0.00 XXX   0 X    0.22 GLU   1 A
N+    1 A                                            0.00 XXX   0 X    0.00 XXX   0 X    0.16 ASP  24 A
N+    1 A                                            0.00 XXX   0 X    0.00 XXX   0 X   -0.02 ARG  22 B

ASP  27 B   0.71   100 %    3.78  646   0.42    0   -0.64 SER  12 B    0.00 XXX   0 X   -0.27 ARG  73 B
ASP  27 B                                           -0.28 TYR  25 B    0.00 XXX   0 X   -0.40 HIS  11 C
ASP  27 B                                           -0.70 TYR  29 B    0.00 XXX   0 X   -2.03 LYS  70 B
ASP  27 B                                           -0.85 LYS  70 B    0.00 XXX   0 X   -1.93 ARG  10 C
ASP  27 B                                           -0.19 ARG  10 C    0.00 XXX   0 X    0.00 XXX   0 X

ASP  40 B   2.36    31 %    1.44  367   0.10    0   -1.37 ARG  24 B   -0.79 ASP  42 B   -0.02 ARG  22 B
ASP  40 B                                            0.00 XXX   0 X    0.00 XXX   0 X   -0.03 ARG  28 B
ASP  40 B                                            0.00 XXX   0 X    0.00 XXX   0 X   -0.21 ARG  38 B
ASP  40 B                                            0.00 XXX   0 X    0.00 XXX   0 X   -0.02 ARG  47 B
ASP  40 B                                            0.00 XXX   0 X    0.00 XXX   0 X   -0.06 HIS  15 B
ASP  40 B                                            0.00 XXX   0 X    0.00 XXX   0 X   -0.48 ARG  24 B

ASP  42 B   4.10     7 %    0.50  300   0.01    0    0.00 XXX   0 X    0.00 XXX   0 X   -0.23 ARG  22 B
ASP  42 B                                            0.00 XXX   0 X    0.00 XXX   0 X   -0.30 ARG  24 B
ASP  42 B                                            0.00 XXX   0 X    0.00 XXX   0 X   -0.02 HIS  15 B
ASP  42 B                                            0.00 XXX   0 X    0.00 XXX   0 X    0.35 ASP  40 B

ASP  56 B   4.09    65 %    2.48  462   0.61    0   -1.40 ARG  73 A   -0.68 GLN  14 C    0.08 C-   15 C
ASP  56 B                                           -0.10 CYS  13 C    0.00 XXX   0 X   -0.70 ARG  73 A

ASP  65 B   3.96     0 %    0.13  146   0.00    0    0.00 XXX   0 X    0.00 XXX   0 X    0.03 GLU  68 B

ASP  75 B   3.38     0 %    0.31  278   0.00    0   -0.44 ARG  79 B    0.00 XXX   0 X   -0.29 ARG  79 B

ASP 151 B   4.83    88 %    2.39  527   0.28    0   -0.85 THR 153 B   -0.23 ASP 151 B   -0.45 ARG  41 A
ASP 151 B                                            0.00 XXX   0 X   -0.11 THR 153 B   -0.15 ARG  92 B
ASP 151 B                                            0.00 XXX   0 X    0.00 XXX   0 X    0.37 ASP  26 A
ASP 151 B                                            0.00 XXX   0 X    0.00 XXX   0 X   -0.22 HIS 148 B

GLU   8 B   6.23   100 %    3.30  615   1.36    0   -1.60 HIS  31 B    0.00 XXX   0 X   -0.12 ARG  73 A
GLU   8 B                                            0.00 XXX   0 X    0.00 XXX   0 X   -0.00 ARG  10 C
GLU   8 B                                            0.00 XXX   0 X    0.00 XXX   0 X    0.20 ASP  56 B
GLU   8 B                                            0.00 XXX   0 X    0.00 XXX   0 X   -1.42 HIS  31 B

GLU  13 B   2.47    93 %    2.71  543   0.13    0   -0.54 THR  11 B    0.00 XXX   0 X   -0.09 ARG  24 B
GLU  13 B                                           -1.60 HIS  15 B    0.00 XXX   0 X   -0.17 ARG  38 B
GLU  13 B                                           -0.54 ARG  28 B    0.00 XXX   0 X   -0.03 ARG  10 C
GLU  13 B                                            0.00 XXX   0 X    0.00 XXX   0 X   -0.28 HIS 140 A
GLU  13 B                                            0.00 XXX   0 X    0.00 XXX   0 X    0.01 ASP  27 B
GLU  13 B                                            0.00 XXX   0 X    0.00 XXX   0 X    0.01 ASP  40 B
GLU  13 B                                            0.00 XXX   0 X    0.00 XXX   0 X   -0.68 HIS  15 B
GLU  13 B                                            0.00 XXX   0 X    0.00 XXX   0 X   -0.96 ARG  28 B

GLU  21 B   3.99     0 %    0.21  119   0.00    0   -0.71 ASN  18 B    0.00 XXX   0 X   -0.01 ARG  79 B

GLU  34 B   4.98    20 %    0.48  337   0.06    0    0.00 XXX   0 X    0.00 XXX   0 X   -0.07 HIS  31 B

GLU  35 B   2.76    65 %    2.63  463   0.22    0   -1.68 ARG  28 B    0.00 XXX   0 X   -0.02 ARG  24 B
GLU  35 B                                           -1.38 ARG  38 B    0.00 XXX   0 X   -0.34 HIS 140 A
GLU  35 B                                            0.00 XXX   0 X    0.00 XXX   0 X    0.27 GLU  13 B
GLU  35 B                                            0.00 XXX   0 X    0.00 XXX   0 X    0.03 ASP  40 B
GLU  35 B                                            0.00 XXX   0 X    0.00 XXX   0 X   -0.79 ARG  28 B
GLU  35 B                                            0.00 XXX   0 X    0.00 XXX   0 X   -0.67 ARG  38 B

GLU  45 B   3.52     0 %    0.31  273   0.00    0   -0.82 ARG  47 B    0.00 XXX   0 X   -0.08 LYS  64 B
GLU  45 B                                            0.00 XXX   0 X    0.00 XXX   0 X   -0.08 ARG  71 B
GLU  45 B                                            0.00 XXX   0 X    0.00 XXX   0 X   -0.32 ARG  47 B

GLU  51 B   3.07     0 %    0.32  170   0.00    0   -1.37 ARG  54 B    0.00 XXX   0 X   -0.38 ARG  54 B

GLU  58 B   4.63     0 %    0.25  214   0.00    0    0.00 XXX   0 X    0.00 XXX   0 X   -0.16 ARG  54 B
GLU  58 B                                            0.00 XXX   0 X    0.00 XXX   0 X    0.05 GLU  51 B

GLU  68 B   3.86     0 %    0.27  211   0.00    0   -0.59 ARG  71 B    0.00 XXX   0 X   -0.03 LYS  64 B
GLU  68 B                                            0.00 XXX   0 X    0.00 XXX   0 X   -0.30 ARG  71 B

GLU  86 B   4.82     5 %    0.42  296   0.01    0   -0.08 GLN  91 B    0.00 XXX   0 X   -0.03 HIS   2 A

GLU 127 B   4.11     0 %    0.24  239   0.00    0   -0.25 ARG 129 B    0.00 XXX   0 X   -0.00 LYS 138 B
GLU 127 B                                            0.00 XXX   0 X    0.00 XXX   0 X   -0.37 ARG 129 B

GLU 136 B   4.45     0 %    0.49  240   0.00    0   -0.01 ARG 129 B    0.00 XXX   0 X   -0.27 ARG 129 B
GLU 136 B                                            0.00 XXX   0 X    0.00 XXX   0 X   -0.31 LYS 138 B
GLU 136 B                                            0.00 XXX   0 X    0.00 XXX   0 X    0.04 GLU 127 B
GLU 136 B                                            0.00 XXX   0 X    0.00 XXX   0 X    0.01 GLU 137 B

GLU 137 B   4.39     7 %    0.55  302   0.06    0   -0.38 ARG 132 B    0.00 XXX   0 X    0.05 GLU 168 B
GLU 137 B                                            0.00 XXX   0 X    0.00 XXX   0 X   -0.39 ARG 132 B

GLU 161 B   4.60     0 %    0.25  256   0.00    0    0.00 XXX   0 X    0.00 XXX   0 X   -0.15 HIS 111 B

GLU 168 B   3.34     0 %    0.61  275   0.00    0   -0.79 TYR 170 B   -0.56 ARG 165 B   -0.25 ARG 132 B
GLU 168 B                                            0.00 XXX   0 X    0.00 XXX   0 X   -0.17 ARG 165 B

GLU 175 B   4.66     0 %    0.31  240   0.00    0   -0.02 ARG 129 B    0.00 XXX   0 X   -0.26 ARG 129 B
GLU 175 B                                           -0.12 GLN 173 B    0.00 XXX   0 X    0.23 GLU 127 B
GLU 175 B                                            0.00 XXX   0 X    0.00 XXX   0 X    0.03 GLU 136 B

GLU 186 B   4.52     0 %    0.25  234   0.00    0    0.00 XXX   0 X    0.00 XXX   0 X   -0.22 ARG 188 B

C-  189 B   3.44     0 %    0.26  202   0.00    0    0.00 XXX   0 X    0.00 XXX   0 X   -0.03 ARG 188 B
C-  189 B                                            0.00 XXX   0 X    0.00 XXX   0 X    0.01 GLU 168 B

HIS  15 B   6.90    62 %   -1.57  454   0.00    0    1.60 GLU  13 B    0.00 XXX   0 X   -0.09 N+    1 A
HIS  15 B                                            0.00 XXX   0 X    0.00 XXX   0 X   -0.02 ARG  22 B
HIS  15 B                                            0.00 XXX   0 X    0.00 XXX   0 X   -0.21 ARG  24 B
HIS  15 B                                            0.00 XXX   0 X    0.00 XXX   0 X   -0.13 ARG  28 B
HIS  15 B                                            0.00 XXX   0 X    0.00 XXX   0 X   -0.02 ARG  38 B
HIS  15 B                                            0.00 XXX   0 X    0.00 XXX   0 X    0.01 ASP  24 A
HIS  15 B                                            0.00 XXX   0 X    0.00 XXX   0 X    0.05 GLU 138 A
HIS  15 B                                            0.00 XXX   0 X    0.00 XXX   0 X    0.06 ASP  40 B
HIS  15 B                                            0.00 XXX   0 X    0.00 XXX   0 X    0.02 ASP  42 B
HIS  15 B                                            0.00 XXX   0 X    0.00 XXX   0 X    0.68 GLU  13 B

HIS  31 B   6.94    84 %   -2.59  516   0.00    0    1.60 GLU   8 B    0.00 XXX   0 X   -0.05 ARG  73 A
HIS  31 B                                            0.00 XXX   0 X    0.00 XXX   0 X    0.07 GLU  34 B
HIS  31 B                                            0.00 XXX   0 X    0.00 XXX   0 X    1.42 GLU   8 B

HIS  80 B   6.60    25 %   -0.74  352   0.00    0    0.00 XXX   0 X    0.84 TRP   4 C    0.00 XXX   0 X

HIS  95 B   6.60     0 %   -0.22  265   0.00    0    0.00 XXX   0 X    0.02 HIS  95 B   -0.02 LYS  97 B
HIS  95 B                                            0.00 XXX   0 X    0.32 PRO  96 B    0.00 XXX   0 X

HIS 110 B   6.30     0 %   -0.13  114   0.00    0    0.00 XXX   0 X    0.00 XXX   0 X   -0.05 LYS 104 B
HIS 110 B                                            0.00 XXX   0 X    0.00 XXX   0 X   -0.03 HIS 111 B

HIS 111 B   6.33     0 %   -0.36  247   0.00    0    0.00 XXX   0 X    0.03 THR 162 B    0.15 GLU 161 B

HIS 148 B   6.57    94 %   -2.52  544   0.00    0    1.60 ASP  26 A    0.00 XXX   0 X   -0.04 ARG  41 A
HIS 148 B                                            0.00 XXX   0 X    0.00 XXX   0 X   -1.06 ARG 143 A
HIS 148 B                                            0.00 XXX   0 X    0.00 XXX   0 X    0.22 ASP 151 B
HIS 148 B                                            0.00 XXX   0 X    0.00 XXX   0 X    1.87 ASP  26 A

HIS 176 B   5.29    42 %   -1.90  400   0.00    0    0.00 XXX   0 X    0.82 PRO 123 B   -0.10 ARG  93 B
HIS 176 B                                            0.00 XXX   0 X    0.00 XXX   0 X   -0.03 HIS  95 B

CYS  14 B  99.99     0 %    0.00    0   0.00    0    0.00 XXX   0 X    0.00 XXX   0 X    0.00 XXX   0 X

CYS  78 B  99.99     0 %    0.00    0   0.00    0    0.00 XXX   0 X    0.00 XXX   0 X    0.00 XXX   0 X

CYS 116 B  99.99     0 %    0.00    0   0.00    0    0.00 XXX   0 X    0.00 XXX   0 X    0.00 XXX   0 X

CYS 172 B  99.99     0 %    0.00    0   0.00    0    0.00 XXX   0 X    0.00 XXX   0 X    0.00 XXX   0 X

TYR   9 B  13.96   100 %    3.30  622   0.00    0    0.00 XXX   0 X    0.00 XXX   0 X    0.29 GLU  18 A
TYR   9 B                                            0.00 XXX   0 X    0.00 XXX   0 X    0.21 ASP  22 A
TYR   9 B                                            0.00 XXX   0 X    0.00 XXX   0 X    0.04 ASP 139 A
TYR   9 B                                            0.00 XXX   0 X    0.00 XXX   0 X   -0.09 ARG 143 A
TYR   9 B                                            0.00 XXX   0 X    0.00 XXX   0 X    0.38 GLU  13 B
TYR   9 B                                            0.00 XXX   0 X    0.00 XXX   0 X   -0.15 ARG  28 B
TYR   9 B                                            0.00 XXX   0 X    0.00 XXX   0 X   -0.02 ARG  10 C

TYR  25 B  13.60   100 %    3.84  601   0.00    0   -0.42 SER  12 B    0.00 XXX   0 X    0.02 GLU   8 A
TYR  25 B                                           -0.71 THR   8 C    0.00 XXX   0 X   -0.68 ARG  73 B
TYR  25 B                                            0.28 ASP  27 B    0.00 XXX   0 X   -0.76 ARG  10 C
TYR  25 B                                            0.00 XXX   0 X    0.00 XXX   0 X    2.03 ASP  27 B

TYR  29 B  15.78   100 %    3.40  649   0.00    0   -0.69 ARG  10 C   -0.03 HIS  11 C    0.32 GLU   8 A
TYR  29 B                                            0.70 ASP  27 B    0.00 XXX   0 X    0.29 ASP  63 A
TYR  29 B                                            0.00 XXX   0 X    0.00 XXX   0 X    0.05 GLU   8 B
TYR  29 B                                            0.00 XXX   0 X    0.00 XXX   0 X    0.11 ASP  56 B
TYR  29 B                                            0.00 XXX   0 X    0.00 XXX   0 X   -0.02 ARG  73 B
TYR  29 B                                            0.00 XXX   0 X    0.00 XXX   0 X   -1.57 ARG  10 C
TYR  29 B                                            0.00 XXX   0 X    0.00 XXX   0 X    0.50 CYS  13 C
TYR  29 B                                            0.00 XXX   0 X    0.00 XXX   0 X    0.70 TYR  25 B
TYR  29 B                                            0.00 XXX   0 X    0.00 XXX   0 X    2.03 ASP  27 B

TYR  59 B  10.23     0 %    0.21  227   0.00    0    0.00 XXX   0 X    0.00 XXX   0 X    0.01 C-   15 C

TYR  77 B  14.43   100 %    4.09  645   0.00    0   -0.08 SER  12 B    0.00 XXX   0 X    0.29 GLU   8 A
TYR  77 B                                           -0.32 THR   8 C    0.00 XXX   0 X    0.00 GLU  13 B
TYR  77 B                                            0.00 XXX   0 X    0.00 XXX   0 X    0.33 ASP  27 B
TYR  77 B                                            0.00 XXX   0 X    0.00 XXX   0 X   -0.31 ARG  73 B
TYR  77 B                                            0.00 XXX   0 X    0.00 XXX   0 X    0.12 CYS   6 C
TYR  77 B                                            0.00 XXX   0 X    0.00 XXX   0 X   -0.50 ARG  10 C
TYR  77 B                                            0.00 XXX   0 X    0.00 XXX   0 X    0.80 TYR  25 B

TYR  82 B  11.50    21 %    0.95  341   0.00    0    0.00 XXX   0 X    0.00 XXX   0 X    0.18 GLU   1 A
TYR  82 B                                            0.00 XXX   0 X    0.00 XXX   0 X    0.06 ASP  24 A
TYR  82 B                                            0.00 XXX   0 X    0.00 XXX   0 X    0.31 GLU  86 B

TYR 101 B  11.37    55 %    1.37  436   0.00    0    0.00 XXX   0 X    0.00 XXX   0 X    0.00 XXX   0 X

TYR 122 B  14.06    80 %    2.81  504   0.00    0    0.00 XXX   0 X    0.00 XXX   0 X    0.14 ASP  22 A
TYR 122 B                                            0.00 XXX   0 X    0.00 XXX   0 X   -0.24 ARG  92 B
TYR 122 B                                            0.00 XXX   0 X    0.00 XXX   0 X   -0.05 ARG  93 B
TYR 122 B                                            0.00 XXX   0 X    0.00 XXX   0 X    0.56 ASP  24 A
TYR 122 B                                            0.00 XXX   0 X    0.00 XXX   0 X    0.84 ASP  26 A

TYR 170 B  11.51    23 %    1.37  346   0.00    0   -0.85 THR 162 B    0.00 XXX   0 X   -0.28 ARG 132 B
TYR 170 B                                            0.79 GLU 168 B    0.00 XXX   0 X    0.12 GLU 137 B
TYR 170 B                                            0.00 XXX   0 X    0.00 XXX   0 X   -0.06 ARG 165 B
TYR 170 B                                            0.00 XXX   0 X    0.00 XXX   0 X    0.01 C-  189 B
TYR 170 B                                            0.00 XXX   0 X    0.00 XXX   0 X    0.42 GLU 168 B

LYS  64 B  10.27     0 %   -0.22  199   0.00    0    0.00 XXX   0 X    0.00 XXX   0 X    0.08 GLU  45 B
LYS  64 B                                            0.00 XXX   0 X    0.00 XXX   0 X    0.03 GLU  68 B
LYS  64 B                                            0.00 XXX   0 X    0.00 XXX   0 X   -0.11 ARG  71 B

LYS  70 B   8.67   100 %   -3.44  584   0.00    0    0.85 ASP  27 B    0.00 XXX   0 X    0.05 GLU   8 A
LYS  70 B                                            0.00 XXX   0 X    0.00 XXX   0 X   -0.56 ARG  73 B
LYS  70 B                                            0.00 XXX   0 X    0.00 XXX   0 X   -0.76 ARG  10 C
LYS  70 B                                            0.00 XXX   0 X    0.00 XXX   0 X    2.03 ASP  27 B

LYS  97 B  10.48     0 %   -0.15  257   0.00    0    0.00 XXX   0 X    0.00 XXX   0 X    0.06 GLU  95 A
LYS  97 B                                            0.00 XXX   0 X    0.00 XXX   0 X    0.06 GLU  98 A

LYS 104 B  10.24     0 %   -0.26  183   0.00    0    0.00 XXX   0 X    0.00 XXX   0 X    0.00 XXX   0 X

LYS 138 B  10.60     0 %   -0.12  144   0.00    0    0.00 XXX   0 X    0.00 XXX   0 X    0.00 GLU 127 B
LYS 138 B                                            0.00 XXX   0 X    0.00 XXX   0 X   -0.10 ARG 129 B
LYS 138 B                                            0.00 XXX   0 X    0.00 XXX   0 X    0.31 GLU 136 B

ARG   3 B  12.07     0 %   -0.32  192   0.00    0    0.00 XXX   0 X    0.00 XXX   0 X    0.14 ASP  14 A
ARG   3 B                                            0.00 XXX   0 X    0.00 XXX   0 X   -0.26 ARG   5 B

ARG   5 B  13.29    12 %   -1.13  314   0.00    0    1.47 ASP  14 A    0.00 XXX   0 X    0.45 ASP  14 A

ARG  22 B  12.39     0 %   -0.28  220   0.00    0    0.00 XXX   0 X    0.00 XXX   0 X    0.02 ASP  40 B
ARG  22 B                                            0.00 XXX   0 X    0.00 XXX   0 X    0.23 ASP  42 B
ARG  22 B                                            0.00 XXX   0 X    0.00 XXX   0 X   -0.08 ARG  24 B

ARG  24 B  14.04    19 %   -0.65  335   0.00    0    1.37 ASP  40 B    0.00 XXX   0 X    0.09 GLU  13 B
ARG  24 B                                            0.00 XXX   0 X    0.00 XXX   0 X    0.02 GLU  35 B
ARG  24 B                                            0.00 XXX   0 X    0.00 XXX   0 X    0.30 ASP  42 B
ARG  24 B                                            0.00 XXX   0 X    0.00 XXX   0 X   -0.07 ARG  28 B
ARG  24 B                                            0.00 XXX   0 X    0.00 XXX   0 X    0.48 ASP  40 B

ARG  28 B  14.84    61 %   -1.83  452   0.00    0    0.54 GLU  13 B    0.00 XXX   0 X    0.01 GLU 138 A
ARG  28 B                                            1.68 GLU  35 B    0.00 XXX   0 X    0.15 TYR   9 B
ARG  28 B                                            0.00 XXX   0 X    0.00 XXX   0 X    0.03 ASP  40 B
ARG  28 B                                            0.00 XXX   0 X    0.00 XXX   0 X    0.96 GLU  13 B
ARG  28 B                                            0.00 XXX   0 X    0.00 XXX   0 X    0.79 GLU  35 B

ARG  38 B  13.24    41 %   -1.01  396   0.00    0    1.38 GLU  35 B    0.00 XXX   0 X    0.17 GLU  13 B
ARG  38 B                                            0.00 XXX   0 X    0.00 XXX   0 X    0.21 ASP  40 B
ARG  38 B                                            0.00 XXX   0 X    0.00 XXX   0 X   -0.18 ARG  24 B
ARG  38 B                                            0.00 XXX   0 X    0.00 XXX   0 X   -0.50 ARG  28 B
ARG  38 B                                            0.00 XXX   0 X    0.00 XXX   0 X    0.67 GLU  35 B

ARG  47 B  13.36     0 %   -0.31  258   0.00    0    0.82 GLU  45 B    0.00 XXX   0 X    0.02 ASP  40 B
ARG  47 B                                            0.00 XXX   0 X    0.00 XXX   0 X    0.32 GLU  45 B

ARG  54 B  14.18     0 %   -0.23  200   0.00    0    1.37 GLU  51 B    0.00 XXX   0 X    0.16 GLU  58 B
ARG  54 B                                            0.00 XXX   0 X    0.00 XXX   0 X    0.38 GLU  51 B

ARG  71 B  13.07     0 %   -0.40  261   0.00    0    0.59 GLU  68 B    0.00 XXX   0 X    0.08 GLU  45 B
ARG  71 B                                            0.00 XXX   0 X    0.00 XXX   0 X    0.30 GLU  68 B

ARG  73 B  12.41    63 %   -1.51  458   0.00    0    0.00 XXX   0 X    0.00 XXX   0 X    0.68 TYR  25 B
ARG  73 B                                            0.00 XXX   0 X    0.00 XXX   0 X    0.27 ASP  27 B
ARG  73 B                                            0.00 XXX   0 X    0.00 XXX   0 X    0.02 TYR  29 B
ARG  73 B                                            0.00 XXX   0 X    0.00 XXX   0 X    0.31 TYR  77 B
ARG  73 B                                            0.00 XXX   0 X    0.00 XXX   0 X    0.15 CYS   6 C
ARG  73 B                                            0.00 XXX   0 X    0.00 XXX   0 X   -0.01 ARG  10 C

ARG  79 B  12.69     6 %   -0.54  298   0.00    0    0.44 ASP  75 B    0.00 XXX   0 X    0.01 GLU  21 B
ARG  79 B                                            0.00 XXX   0 X    0.00 XXX   0 X    0.29 ASP  75 B

ARG  92 B  11.50    57 %   -1.75  440   0.00    0    0.00 XXX   0 X    0.00 XXX   0 X    0.19 ASP  26 A
ARG  92 B                                            0.00 XXX   0 X    0.00 XXX   0 X    0.16 GLU  44 A
ARG  92 B                                            0.00 XXX   0 X    0.00 XXX   0 X    0.24 TYR 122 B
ARG  92 B                                            0.00 XXX   0 X    0.00 XXX   0 X    0.15 ASP 151 B

ARG  93 B  12.02    12 %   -0.53  314   0.00    0    0.00 XXX   0 X    0.00 XXX   0 X    0.05 TYR 122 B

ARG 129 B  13.38     0 %   -0.31  264   0.00    0    0.01 GLU 136 B    0.00 XXX   0 X    0.27 GLU 136 B
ARG 129 B                                            0.02 GLU 175 B    0.00 XXX   0 X    0.26 GLU 175 B
ARG 129 B                                            0.25 GLU 127 B    0.00 XXX   0 X    0.37 GLU 127 B

ARG 132 B  13.48     0 %   -0.32  276   0.00    0    0.38 GLU 137 B    0.00 XXX   0 X    0.25 GLU 168 B
ARG 132 B                                            0.00 XXX   0 X    0.00 XXX   0 X    0.28 TYR 170 B
ARG 132 B                                            0.00 XXX   0 X    0.00 XXX   0 X    0.39 GLU 137 B

ARG 165 B  12.54     0 %   -0.11  156   0.00    0    0.00 XXX   0 X    0.00 XXX   0 X    0.17 GLU 168 B
ARG 165 B                                            0.00 XXX   0 X    0.00 XXX   0 X    0.06 TYR 170 B
ARG 165 B                                            0.00 XXX   0 X    0.00 XXX   0 X   -0.09 ARG 132 B

ARG 188 B  12.52     0 %   -0.22  166   0.00    0    0.00 XXX   0 X    0.00 XXX   0 X    0.22 GLU 186 B
ARG 188 B                                            0.00 XXX   0 X    0.00 XXX   0 X    0.03 C-  189 B

N+    1 B   7.63     0 %   -0.21  190   0.00    0    0.00 XXX   0 X    0.00 XXX   0 X    0.01 ASP  14 A
N+    1 B                                            0.00 XXX   0 X    0.00 XXX   0 X    0.01 GLU 163 A
N+    1 B                                            0.00 XXX   0 X    0.00 XXX   0 X   -0.07 ARG   3 B
N+    1 B                                            0.00 XXX   0 X    0.00 XXX   0 X   -0.10 ARG   5 B

GLU   1 C   4.58     0 %    0.08  115   0.00    0    0.00 XXX   0 X    0.00 XXX   0 X    0.00 XXX   0 X

C-   15 C   3.21     0 %    0.29  247   0.00    0    0.00 XXX   0 X    0.00 XXX   0 X   -0.11 LYS  72 A
C-   15 C                                            0.00 XXX   0 X    0.00 XXX   0 X   -0.17 ARG  73 A

HIS  11 C   4.13    62 %   -1.59  456   0.00    0    0.00 XXX   0 X    0.00 XXX   0 X   -0.94 LYS  70 B
HIS  11 C                                            0.00 XXX   0 X    0.00 XXX   0 X   -0.13 ARG  73 B
HIS  11 C                                            0.00 XXX   0 X    0.00 XXX   0 X   -0.11 ARG  10 C
HIS  11 C                                            0.00 XXX   0 X    0.00 XXX   0 X    0.40 ASP  27 B

CYS   6 C  10.12    37 %    1.27  386   0.00    0    0.00 XXX   0 X    0.00 XXX   0 X   -0.15 ARG  73 B

CYS  13 C  13.95    93 %    3.07  543   0.00    0    0.10 ASP  56 B    0.00 XXX   0 X   -0.44 ARG  73 A
CYS  13 C                                            0.00 XXX   0 X    0.00 XXX   0 X   -0.02 ARG  12 C
CYS  13 C                                            0.00 XXX   0 X    0.00 XXX   0 X    0.09 ASP  63 A
CYS  13 C                                            0.00 XXX   0 X    0.00 XXX   0 X    0.03 C-   15 C
CYS  13 C                                            0.00 XXX   0 X    0.00 XXX   0 X    1.04 GLU   8 B
CYS  13 C                                            0.00 XXX   0 X    0.00 XXX   0 X    1.08 ASP  56 B

ARG  10 C  17.16   100 %   -3.53  664   0.00    0    0.69 TYR  29 B    0.00 XXX   0 X    0.84 ASP  63 A
ARG  10 C                                            0.01 GLU   8 A    0.00 XXX   0 X    0.00 GLU   8 B
ARG  10 C                                            0.19 ASP  27 B    0.00 XXX   0 X    0.02 TYR   9 B
ARG  10 C                                            0.00 XXX   0 X    0.00 XXX   0 X    0.03 GLU  13 B
ARG  10 C                                            0.00 XXX   0 X    0.00 XXX   0 X    0.76 TYR  25 B
ARG  10 C                                            0.00 XXX   0 X    0.00 XXX   0 X    1.57 TYR  29 B
ARG  10 C                                            0.00 XXX   0 X    0.00 XXX   0 X    0.50 TYR  77 B
ARG  10 C                                            0.00 XXX   0 X    0.00 XXX   0 X    1.66 GLU   8 A
ARG  10 C                                            0.00 XXX   0 X    0.00 XXX   0 X    1.93 ASP  27 B

ARG  12 C  12.33     0 %   -0.23  259   0.00    0    0.00 XXX   0 X    0.00 XXX   0 X    0.04 GLU  68 A
ARG  12 C                                            0.00 XXX   0 X    0.00 XXX   0 X    0.02 CYS  13 C

N+    1 C   7.82     0 %   -0.18  127   0.00    0    0.00 XXX   0 X    0.00 XXX   0 X    0.00 XXX   0 X

Coupled residues (marked *) were detected.Please rerun PropKa with the --display-coupled-residues 
or -d option for detailed information.

2026-08-30 00:13:25,300 INFO:output.py:227:print_pka_section:pKa summary:
--------------------------------------------------------------------------------------------------------
SUMMARY OF THIS PREDICTION
       Group      pKa  model-pKa   ligand atom-type
   ASP  14 A     2.77       3.80                      
   ASP  22 A     7.32       3.80                      
   ASP  24 A     4.07       3.80                      
   ASP  26 A     3.60       3.80                      
   ASP  32 A     2.80       3.80                      
   ASP  63 A    11.15       3.80                      
   ASP 107 A     4.57       3.80                      
   ASP 139 A     2.04       3.80                      
   ASP 156 A     2.70       3.80                      
   ASP 159 A     3.88       3.80                      
   ASP 168 A     3.92       3.80                      
   ASP 178 A     4.52       3.80                      
   ASP  27 B     0.71       3.80                      
   ASP  40 B     2.36       3.80                      
   ASP  42 B     4.10       3.80                      
   ASP  56 B     4.09       3.80                      
   ASP  65 B     3.96       3.80                      
   ASP  75 B     3.38       3.80                      
   ASP 151 B     4.83       3.80                      
   GLU   1 A     3.68       4.50                      
   GLU   8 A     4.52       4.50                      
   GLU  18 A     8.71       4.50                      
   GLU  27 A     4.63       4.50                      
   GLU  37 A     4.65       4.50                      
   GLU  43 A     4.68       4.50                      
   GLU  44 A     3.98       4.50                      
   GLU  52 A     4.00       4.50                      
   GLU  68 A     4.61       4.50                      
   GLU  85 A     4.03       4.50                      
   GLU  95 A     4.46       4.50                      
   GLU  98 A     5.35       4.50                      
   GLU 131 A     1.69       4.50                      
   GLU 138 A     4.65       4.50                      
   GLU 155 A     3.94       4.50                      
   GLU 163 A     3.89       4.50                      
   GLU 169 A     4.61       4.50                      
   GLU 176 A     3.74       4.50                      
   GLU   8 B     6.23       4.50                      
   GLU  13 B     2.47       4.50                      
   GLU  21 B     3.99       4.50                      
   GLU  34 B     4.98       4.50                      
   GLU  35 B     2.76       4.50                      
   GLU  45 B     3.52       4.50                      
   GLU  51 B     3.07       4.50                      
   GLU  58 B     4.63       4.50                      
   GLU  68 B     3.86       4.50                      
   GLU  86 B     4.82       4.50                      
   GLU 127 B     4.11       4.50                      
   GLU 136 B     4.45       4.50                      
   GLU 137 B     4.39       4.50                      
   GLU 161 B     4.60       4.50                      
   GLU 168 B     3.34       4.50                      
   GLU 175 B     4.66       4.50                      
   GLU 186 B     4.52       4.50                      
   GLU   1 C     4.58       4.50                      
   C-  178 A     3.49       3.20                      
   C-  189 B     3.44       3.20                      
   C-   15 C     3.21       3.20                      
   HIS   2 A     7.47       6.50                      
   HIS  30 A     7.29       6.50                      
   HIS 140 A     4.76       6.50                      
   HIS 146 A     5.26       6.50                      
   HIS 164 A     4.65       6.50                      
   HIS 174 A     8.19       6.50                      
   HIS  15 B     6.90       6.50                      
   HIS  31 B     6.94       6.50                      
   HIS  80 B     6.60       6.50                      
   HIS  95 B     6.60       6.50                      
   HIS 110 B     6.30       6.50                      
   HIS 111 B     6.33       6.50                      
   HIS 148 B     6.57       6.50                      
   HIS 176 B     5.29       6.50                      
   HIS  11 C     4.13       6.50                      
   CYS 104 A    99.99       9.00                      
   CYS 160 A    99.99       9.00                      
   CYS  14 B    99.99       9.00                      
   CYS  78 B    99.99       9.00                      
   CYS 116 B    99.99       9.00                      
   CYS 172 B    99.99       9.00                      
   CYS   6 C    10.12       9.00                      
   CYS  13 C    13.95       9.00                      
   TYR  10 A    10.71      10.00                      
   TYR  76 A    10.08      10.00                      
   TYR 147 A    13.51      10.00                      
   TYR 158 A    11.16      10.00                      
   TYR   9 B    13.96      10.00                      
   TYR  25 B    13.60      10.00                      
   TYR  29 B    15.78      10.00                      
   TYR  59 B    10.23      10.00                      
   TYR  77 B    14.43      10.00                      
   TYR  82 B    11.50      10.00                      
   TYR 101 B    11.37      10.00                      
   TYR 122 B    14.06      10.00                      
   TYR 170 B    11.51      10.00                      
   LYS  35 A    10.79      10.50                      
   LYS  36 A    10.37      10.50                      
   LYS  64 A    10.91      10.50                      
   LYS  72 A    10.68      10.50                      
   LYS 108 A    11.07      10.50                      
   LYS 123 A    10.43      10.50                      
   LYS 144 A     9.24      10.50                      
   LYS 173 A    10.29      10.50                      
   LYS  64 B    10.27      10.50                      
   LYS  70 B     8.67      10.50                      
   LYS  97 B    10.48      10.50                      
   LYS 104 B    10.24      10.50                      
   LYS 138 B    10.60      10.50                      
   ARG  41 A    13.30      12.50                      
   ARG  47 A    12.39      12.50                      
   ARG  73 A    13.83      12.50                      
   ARG  97 A    12.49      12.50                      
   ARG 120 A    13.02      12.50                      
   ARG 137 A    14.31      12.50                      
   ARG 143 A    11.74      12.50                      
   ARG 161 A    13.12      12.50                      
   ARG   3 B    12.07      12.50                      
   ARG   5 B    13.29      12.50                      
   ARG  22 B    12.39      12.50                      
   ARG  24 B    14.04      12.50                      
   ARG  28 B    14.84      12.50                      
   ARG  38 B    13.24      12.50                      
   ARG  47 B    13.36      12.50                      
   ARG  54 B    14.18      12.50                      
   ARG  71 B    13.07      12.50                      
   ARG  73 B    12.41      12.50                      
   ARG  79 B    12.69      12.50                      
   ARG  92 B    11.50      12.50                      
   ARG  93 B    12.02      12.50                      
   ARG 129 B    13.38      12.50                      
   ARG 132 B    13.48      12.50                      
   ARG 165 B    12.54      12.50                      
   ARG 188 B    12.52      12.50                      
   ARG  10 C    17.16      12.50                      
   ARG  12 C    12.33      12.50                      
   N+    1 A     7.76       8.00                      
   N+    1 B     7.63       8.00                      
   N+    1 C     7.82       8.00                      

2026-08-30 00:13:25,323 INFO:main.py:648:non_trivial:PROPKA information:
--------------------------------------------------------------------------------------------------------
Free energy of   folding (kcal/mol) as a function of pH (using neutral reference)
  0.00     42.83
  1.00     41.18
  2.00     37.19
  3.00     29.02
  4.00     18.88
  5.00     15.00
  6.00     15.43
  7.00     18.63
  8.00     22.93
  9.00     25.94
 10.00     31.37
 11.00     43.24
 12.00     55.92
 13.00     71.69
 14.00     87.53

The pH of optimum stability is  5.2 for which the free energy is   15.0 kcal/mol at 298K
Could not determine pH values where the free energy is within 80 % of minimum
Could not determine the pH-range where the free energy is negative


Protein charge of folded and unfolded state as a function of pH
    pH  unfolded  folded
  0.00     57.99   57.39
  0.10     57.99   57.29
  0.20     57.99   57.18
  0.30     57.99   57.05
  0.40     57.98   56.93
  0.50     57.98   56.79
  0.60     57.98   56.65
  0.70     57.97   56.50
  0.80     57.96   56.34
  0.90     57.95   56.18
  1.00     57.94   56.01
  1.10     57.92   55.83
  1.20     57.90   55.64
  1.30     57.88   55.43
  1.40     57.85   55.20
  1.50     57.81   54.95
  1.60     57.76   54.67
  1.70     57.69   54.35
  1.80     57.62   54.00
  1.90     57.52   53.61
  2.00     57.40   53.17
  2.10     57.24   52.68
  2.20     57.06   52.14
  2.30     56.82   51.54
  2.40     56.54   50.88
  2.50     56.19   50.15
  2.60     55.76   49.35
  2.70     55.24   48.47
  2.80     54.62   47.52
  2.90     53.88   46.48
  3.00     52.99   45.36
  3.10     51.96   44.14
  3.20     50.76   42.82
  3.30     49.38   41.40
  3.40     47.80   39.87
  3.50     46.04   38.23
  3.60     44.07   36.48
  3.70     41.92   34.63
  3.80     39.58   32.69
  3.90     37.09   30.66
  4.00     34.45   28.55
  4.10     31.70   26.39
  4.20     28.87   24.20
  4.30     26.00   21.99
  4.40     23.14   19.79
  4.50     20.32   17.62
  4.60     17.60   15.50
  4.70     15.02   13.47
  4.80     12.62   11.54
  4.90     10.41    9.73
  5.00      8.42    8.04
  5.10      6.64    6.50
  5.20      5.06    5.09
  5.30      3.66    3.82
  5.40      2.42    2.66
  5.50      1.30    1.62
  5.60      0.28    0.68
  5.70     -0.67   -0.18
  5.80     -1.59   -0.98
  5.90     -2.50   -1.72
  6.00     -3.40   -2.43
  6.10     -4.33   -3.12
  6.20     -5.27   -3.79
  6.30     -6.24   -4.46
  6.40     -7.22   -5.13
  6.50     -8.21   -5.79
  6.60     -9.17   -6.46
  6.70    -10.11   -7.12
  6.80    -10.99   -7.78
  6.90    -11.82   -8.44
  7.00    -12.58   -9.09
  7.10    -13.27   -9.73
  7.20    -13.89  -10.36
  7.30    -14.46  -10.99
  7.40    -14.97  -11.59
  7.50    -15.43  -12.19
  7.60    -15.86  -12.77
  7.70    -16.27  -13.33
  7.80    -16.65  -13.86
  7.90    -17.02  -14.38
  8.00    -17.38  -14.87
  8.10    -17.73  -15.34
  8.20    -18.08  -15.79
  8.30    -18.43  -16.22
  8.40    -18.78  -16.64
  8.50    -19.14  -17.03
  8.60    -19.51  -17.42
  8.70    -19.90  -17.80
  8.80    -20.32  -18.17
  8.90    -20.77  -18.54
  9.00    -21.27  -18.91
  9.10    -21.82  -19.28
  9.20    -22.43  -19.67
  9.30    -23.12  -20.08
  9.40    -23.88  -20.51
  9.50    -24.74  -20.97
  9.60    -25.70  -21.48
  9.70    -26.76  -22.03
  9.80    -27.92  -22.64
  9.90    -29.17  -23.31
 10.00    -30.49  -24.04
 10.10    -31.88  -24.84
 10.20    -33.31  -25.69
 10.30    -34.75  -26.59
 10.40    -36.18  -27.54
 10.50    -37.57  -28.53
 10.60    -38.91  -29.54
 10.70    -40.18  -30.57
 10.80    -41.37  -31.60
 10.90    -42.48  -32.64
 11.00    -43.50  -33.67
 11.10    -44.45  -34.70
 11.20    -45.34  -35.71
 11.30    -46.19  -36.72
 11.40    -47.03  -37.71
 11.50    -47.87  -38.69
 11.60    -48.74  -39.67
 11.70    -49.66  -40.64
 11.80    -50.66  -41.60
 11.90    -51.76  -42.58
 12.00    -52.96  -43.55
 12.10    -54.27  -44.54
 12.20    -55.68  -45.55
 12.30    -57.18  -46.56
 12.40    -58.74  -47.60
 12.50    -60.33  -48.65
 12.60    -61.91  -49.71
 12.70    -63.45  -50.78
 12.80    -64.90  -51.87
 12.90    -66.24  -52.96
 13.00    -67.46  -54.06
 13.10    -68.54  -55.17
 13.20    -69.47  -56.28
 13.30    -70.28  -57.38
 13.40    -70.96  -58.48
 13.50    -71.53  -59.56
 13.60    -72.00  -60.62
 13.70    -72.39  -61.66
 13.80    -72.70  -62.65
 13.90    -72.96  -63.61
 14.00    -73.17  -64.52
The pI is  5.68 (folded) and  5.63 (unfolded)

--------------------------------------------------------------------------------------------------------
2026-08-30 00:13:25,324 INFO:biomolecule.py:797:apply_pka_values:Applying pKa values at a pH of 7.40:
2026-08-30 00:13:25,326 INFO:main.py:661:non_trivial:Adding hydrogens to biomolecule.
2026-08-30 00:13:25,655 INFO:main.py:664:non_trivial:Debumping biomolecule (again).
2026-08-30 00:13:26,314 INFO:main.py:666:non_trivial:Optimizing hydrogen bonds
2026-08-30 00:13:27,136 INFO:main.py:678:non_trivial:Applying force field to biomolecule states.
2026-08-30 00:13:27,139 INFO:main.py:725:non_trivial:Regenerating headers.
2026-08-30 00:13:27,141 INFO:main.py:750:non_trivial:Regenerating PDB lines.
2026-08-30 00:13:27,187 WARNING:main.py:326:print_pqr:Ignoring 467 header lines in output.
