2026-08-30 00:13:35,251 INFO:main.py:246:print_splash_screen:PDB2PQR v3.7.1: biomolecular structure conversion software.
2026-08-30 00:13:35,251 INFO:main.py:248:print_splash_screen:Please cite:  Jurrus E, et al.  Improvements to the APBS biomolecular solvation software suite.  Protein Sci 27 112-128 (2018).
2026-08-30 00:13:35,251 INFO:main.py:248:print_splash_screen:Please cite:  Dolinsky TJ, et al.  PDB2PQR: expanding and upgrading automated preparation of biomolecular structures for molecular simulations. Nucleic Acids Res 35 W522-W525 (2007).
2026-08-30 00:13:35,252 INFO:main.py:770:main_driver:Checking and transforming input arguments.
2026-08-30 00:13:35,252 INFO:main.py:774:main_driver:Loading topology files.
2026-08-30 00:13:35,382 INFO:main.py:776:main_driver:Loading molecule: /Users/anishsharma/Library/Mobile Documents/com~apple~CloudDocs/ebv_ms_publication/processed/pmhc_surface_electrostatics_sequence_expansion_2026-08-30/prepared_structures/HY03_SEQ_01/HY03_SEQ_01__ebv__EBV_IEDB_c617263cff31__s4__full.pdb
2026-08-30 00:13:35,401 INFO:main.py:781:main_driver:Setting up molecule.
2026-08-30 00:13:35,442 INFO:main.py:423:setup_molecule:Created biomolecule object with 382 residues and 3152 atoms.
2026-08-30 00:13:35,443 INFO:main.py:785:main_driver:Setting termini states for biomolecule chains.
2026-08-30 00:13:35,459 INFO:main.py:616:non_trivial:Loading forcefield.
2026-08-30 00:13:35,474 INFO:main.py:620:non_trivial:Loading hydrogen topology definitions.
2026-08-30 00:13:35,492 INFO:main.py:474:is_repairable:This biomolecule is clean.  No repair needed.
2026-08-30 00:13:35,492 INFO:main.py:635:non_trivial:Updating disulfide bridges.
2026-08-30 00:13:35,494 INFO:main.py:638:non_trivial:Debumping biomolecule.
2026-08-30 00:13:35,637 INFO:main.py:645:non_trivial:Assigning titration states with PROPKA.
2026-08-30 00:13:35,668 INFO:output.py:74:print_header:
propka3.5.1                                                                                  2026-08-30

-------------------------------------------------------------------------------
--                                                                           --
--  PROPKA: A PROTEIN PKA PREDICTOR                                          --
--                                                                           --
--  VERSION 1.0,  04/25/2004,  IOWA CITY                                     --
--  BY HUI LI                                                                --
--                                                                           --
--  VERSION 2.0,  11/05/2007, IOWA CITY/COPENHAGEN                           --
--  BY DELPHINE C. BAS AND DAVID M. ROGERS                                   --
--                                                                           --
--  VERSION 3.0,  01/06/2011, COPENHAGEN                                     --
--  BY MATS H.M. OLSSON AND CHRESTEN R. SONDERGARD                           --
--                                                                           --
--  VERSION 3.1,  07/01/2011, COPENHAGEN                                     --
--  BY CHRESTEN R. SONDERGARD AND MATS H.M. OLSSON                           --
--                                                                           --
--  VERSION 3.2,  06/17/2020, PLANET EARTH                                   --
--  SEE ABOVE FOR AUTHORS                                                    --
--                                                                           --
-------------------------------------------------------------------------------


-------------------------------------------------------------------------------
References:

Very Fast Empirical Prediction and Rationalization of Protein pKa Values.
Hui Li, Andrew D. Robertson and Jan H. Jensen. PROTEINS: Structure, Function,
and Bioinformatics. 61:704-721 (2005)

Very Fast Prediction and Rationalization of pKa Values for Protein-Ligand
Complexes.  Delphine C. Bas, David M. Rogers and Jan H. Jensen.  PROTEINS:
Structure, Function, and Bioinformatics 73:765-783 (2008)

PROPKA3: Consistent Treatment of Internal and Surface Residues in Empirical
pKa predictions.  Mats H.M. Olsson, Chresten R. Sondergard, Michal Rostkowski,
and Jan H. Jensen.  Journal of Chemical Theory and Computation, 7(2):525-537
(2011)

Improved Treatment of Ligands and Coupling Effects in Empirical Calculation
and Rationalization of pKa Values.  Chresten R. Sondergaard, Mats H.M. Olsson,
Michal Rostkowski, and Jan H. Jensen.  Journal of Chemical Theory and
Computation, (2011)
-------------------------------------------------------------------------------



2026-08-30 00:13:35,824 INFO:conformation_container.py:124:find_covalently_coupled_groups:Coupling map:
Covalent coupling map for Conformation container 1A with 3772 atoms and 958 groups
            N+    1 B | ASP   1 B | 
N+    1 B             |     X     | 
ASP   1 B       X     |           | 
2026-08-30 00:13:35,824 INFO:conformation_container.py:213:calculate_pka:Calculating pKas for Conformation container 1A with 3772 atoms and 958 groups
2026-08-30 00:13:37,561 INFO:conformation_container.py:235:calculate_pka:Removing penalised groups!!!
2026-08-30 00:13:37,671 INFO:output.py:225:print_pka_section:pKa determinants:

---------  -----   ------   ---------------------    --------------    --------------    --------------
                            DESOLVATION  EFFECTS       SIDECHAIN          BACKBONE        COULOMBIC
 RESIDUE    pKa    BURIED     REGULAR      RE        HYDROGEN BOND     HYDROGEN BOND      INTERACTION
---------  -----   ------   ---------   ---------    --------------    --------------    --------------

ASP  14 A   2.74    25 %    1.34  351   0.05    0   -1.44 ARG   5 B   -0.41 ASP  14 A   -0.02 N+    1 B
ASP  14 A                                            0.00 XXX   0 X    0.00 XXX   0 X   -0.13 ARG   3 B
ASP  14 A                                            0.00 XXX   0 X    0.00 XXX   0 X   -0.45 ARG   5 B

ASP  22 A   7.39   100 %    3.34  633   0.88    0    0.00 XXX   0 X   -0.67 GLY  25 A    0.36 ASP  24 A
ASP  22 A                                            0.00 XXX   0 X    0.00 XXX   0 X    0.14 GLU  27 A
ASP  22 A                                            0.00 XXX   0 X    0.00 XXX   0 X    0.01 GLU  13 B
ASP  22 A                                            0.00 XXX   0 X    0.00 XXX   0 X    0.56 ASP  26 A
ASP  22 A                                            0.00 XXX   0 X    0.00 XXX   0 X   -1.03 ARG 143 A

ASP  24 A   4.22    83 %    2.73  514   0.79    0   -1.60 HIS   2 A   -0.79 VAL   3 A   -0.17 N+    1 A
ASP  24 A                                            0.00 XXX   0 X    0.00 XXX   0 X    0.06 GLU   1 A
ASP  24 A                                            0.00 XXX   0 X    0.00 XXX   0 X    0.15 ASP  26 A
ASP  24 A                                            0.00 XXX   0 X    0.00 XXX   0 X   -0.01 HIS  15 B
ASP  24 A                                            0.00 XXX   0 X    0.00 XXX   0 X   -0.74 HIS   2 A

ASP  26 A   3.67   100 %    3.93  560   0.63    0   -1.60 HIS 148 B   -0.32 TRP 152 B   -0.21 ARG  41 A
ASP  26 A                                            0.00 XXX   0 X    0.00 XXX   0 X   -0.46 ARG 143 A
ASP  26 A                                            0.00 XXX   0 X    0.00 XXX   0 X   -0.19 ARG  92 B
ASP  26 A                                            0.00 XXX   0 X    0.00 XXX   0 X   -1.90 HIS 148 B

ASP  32 A   2.76     0 %    0.47  272   0.00    0    0.00 XXX   0 X   -0.31 ALA  34 A   -0.21 LYS  35 A
ASP  32 A                                            0.00 XXX   0 X   -0.84 LYS  35 A   -0.15 HIS  30 A

ASP  63 A  11.39*  100 %    3.88  587   0.80    0    1.40 GLU   8 A    0.00 XXX   0 X   -0.97 ARG   9 C
ASP  63 A                                            0.00 XXX   0 X    0.00 XXX   0 X    0.41 GLU   8 B
ASP  63 A                                            0.00 XXX   0 X    0.00 XXX   0 X    0.02 ASP  27 B
ASP  63 A                                            0.00 XXX   0 X    0.00 XXX   0 X    2.03 GLU   8 A

ASP 107 A   4.63    52 %    2.21  427   0.15    0   -0.30 ARG 137 A   -0.48 LYS 108 A   -0.24 LYS 108 A
ASP 107 A                                            0.00 XXX   0 X    0.00 XXX   0 X   -0.32 ARG 143 A
ASP 107 A                                            0.00 XXX   0 X    0.00 XXX   0 X    0.20 GLU  85 A
ASP 107 A                                            0.00 XXX   0 X    0.00 XXX   0 X    0.16 ASP 139 A
ASP 107 A                                            0.00 XXX   0 X    0.00 XXX   0 X   -0.56 ARG 137 A

ASP 139 A   2.09    23 %    1.27  347   0.00    0   -1.37 ARG 137 A   -0.14 ASP 139 A   -0.10 LYS 108 A
ASP 139 A                                            0.00 XXX   0 X   -0.73 LEU 141 A   -0.02 ARG 143 A
ASP 139 A                                            0.00 XXX   0 X    0.00 XXX   0 X   -0.16 HIS 140 A
ASP 139 A                                            0.00 XXX   0 X    0.00 XXX   0 X   -0.48 ARG 137 A

ASP 156 A   2.78     3 %    0.46  290   0.00    0   -0.82 ASN 121 A    0.00 XXX   0 X   -0.16 ARG 120 A
ASP 156 A                                           -0.51 SER 153 A    0.00 XXX   0 X    0.00 XXX   0 X

ASP 159 A   3.89    17 %    0.93  330   0.22    0   -0.69 HIS 174 A    0.00 XXX   0 X   -0.00 ARG 161 A
ASP 159 A                                            0.00 XXX   0 X    0.00 XXX   0 X    0.03 GLU 176 A
ASP 159 A                                            0.00 XXX   0 X    0.00 XXX   0 X   -0.40 HIS 174 A

ASP 168 A   3.92     0 %    0.12  143   0.00    0    0.00 XXX   0 X    0.00 XXX   0 X    0.00 XXX   0 X

ASP 178 A   4.41     0 %    0.31  258   0.00    0    0.00 XXX   0 X    0.00 XXX   0 X   -0.18 LYS 104 B
ASP 178 A                                            0.00 XXX   0 X    0.00 XXX   0 X   -0.05 HIS 174 A
ASP 178 A                                            0.00 XXX   0 X    0.00 XXX   0 X    0.27 GLU 176 A
ASP 178 A                                            0.00 XXX   0 X    0.00 XXX   0 X    0.26 C-  178 A

GLU   1 A   3.69     0 %    0.28  272   0.00    0    0.00 XXX   0 X   -0.55 GLY  19 B   -0.22 N+    1 A
GLU   1 A                                            0.00 XXX   0 X    0.00 XXX   0 X   -0.01 ARG  93 B
GLU   1 A                                            0.00 XXX   0 X    0.00 XXX   0 X   -0.31 HIS   2 A

GLU   8 A   4.42*  100 %    4.31  627   0.50    0   -0.79 GLN   6 A    0.00 XXX   0 X   -0.02 LYS  70 B
GLU   8 A                                           -0.65 ASN  59 A    0.00 XXX   0 X    0.24 ASP  27 B
GLU   8 A                                           -1.40 ASP  63 A    0.00 XXX   0 X   -1.93 ARG   9 C
GLU   8 A                                           -0.35 ARG   9 C    0.00 XXX   0 X    0.00 XXX   0 X

GLU  18 A   7.54   100 %    3.52  585   0.57    0    0.00 XXX   0 X   -0.53 PHE 134 A   -0.47 LYS 144 A
GLU  18 A                                            0.00 XXX   0 X    0.00 XXX   0 X    0.28 GLU  27 A
GLU  18 A                                            0.00 XXX   0 X    0.00 XXX   0 X   -0.40 HIS  30 A
GLU  18 A                                            0.00 XXX   0 X    0.00 XXX   0 X    0.07 GLU 131 A

GLU  27 A   4.55   100 %    3.19  569   0.22    0   -1.60 HIS  30 A    0.00 XXX   0 X   -0.04 LYS 144 A
GLU  27 A                                            0.00 XXX   0 X    0.00 XXX   0 X    0.03 ASP  26 A
GLU  27 A                                            0.00 XXX   0 X    0.00 XXX   0 X   -1.12 HIS  30 A
GLU  27 A                                            0.00 XXX   0 X    0.00 XXX   0 X   -0.62 ARG  41 A

GLU  37 A   4.65     0 %    0.21  183   0.00    0    0.00 XXX   0 X    0.00 XXX   0 X   -0.17 LYS  35 A
GLU  37 A                                            0.00 XXX   0 X    0.00 XXX   0 X    0.11 ASP  32 A

GLU  43 A   4.42     0 %    0.11  148   0.00    0    0.00 XXX   0 X    0.00 XXX   0 X   -0.19 ARG  47 A

GLU  44 A   4.63    16 %    0.57  325   0.00    0    0.00 XXX   0 X    0.00 XXX   0 X   -0.13 ARG  47 A
GLU  44 A                                            0.00 XXX   0 X    0.00 XXX   0 X   -0.32 ARG  92 B
GLU  44 A                                            0.00 XXX   0 X    0.00 XXX   0 X    0.01 GLU  43 A

GLU  52 A   4.11     0 %    0.26  246   0.00    0    0.00 XXX   0 X   -0.64 GLN  54 A    0.00 XXX   0 X

GLU  68 A   4.26    18 %    0.51  332   0.07    0   -0.52 ASN  12 A    0.00 XXX   0 X   -0.26 LYS  64 A
GLU  68 A                                            0.00 XXX   0 X    0.00 XXX   0 X   -0.03 LYS  72 A

GLU  85 A   4.15     0 %    0.35  280   0.00    0   -0.22 LYS 108 A    0.00 XXX   0 X   -0.10 ARG 137 A
GLU  85 A                                            0.00 XXX   0 X    0.00 XXX   0 X   -0.01 LYS 173 A
GLU  85 A                                            0.00 XXX   0 X    0.00 XXX   0 X    0.02 ASP 139 A
GLU  85 A                                            0.00 XXX   0 X    0.00 XXX   0 X   -0.38 LYS 108 A

GLU  95 A   4.65     0 %    0.19  247   0.00    0    0.00 XXX   0 X    0.00 XXX   0 X   -0.05 LYS  97 B

GLU  98 A   4.85     0 %    0.19  150   0.00    0    0.00 XXX   0 X    0.00 XXX   0 X    0.15 GLU  95 A

GLU 131 A   1.69    47 %    0.98  413   0.15    0   -0.85 LYS 144 A    0.00 XXX   0 X   -0.83 LYS 144 A
GLU 131 A                                           -1.60 HIS 146 A    0.00 XXX   0 X   -0.66 HIS 146 A

GLU 138 A   4.68    14 %    0.22  321   0.00    0    0.00 XXX   0 X    0.00 XXX   0 X   -0.05 ARG 137 A
GLU 138 A                                            0.00 XXX   0 X    0.00 XXX   0 X   -0.00 ARG 143 A
GLU 138 A                                            0.00 XXX   0 X    0.00 XXX   0 X   -0.02 ARG  28 B
GLU 138 A                                            0.00 XXX   0 X    0.00 XXX   0 X    0.05 ASP 139 A
GLU 138 A                                            0.00 XXX   0 X    0.00 XXX   0 X   -0.02 HIS 140 A
GLU 138 A                                            0.00 XXX   0 X    0.00 XXX   0 X    0.07 GLU  13 B
GLU 138 A                                            0.00 XXX   0 X    0.00 XXX   0 X   -0.06 HIS  15 B

GLU 155 A   4.16     0 %    0.14  146   0.00    0   -0.56 THR 154 A    0.00 XXX   0 X    0.08 ASP 156 A

GLU 163 A   4.62     0 %    0.33  278   0.00    0    0.00 XXX   0 X    0.00 XXX   0 X   -0.20 ARG 161 A
GLU 163 A                                            0.00 XXX   0 X    0.00 XXX   0 X   -0.00 N+    1 B

GLU 169 A   4.61     0 %    0.11  131   0.00    0    0.00 XXX   0 X    0.00 XXX   0 X    0.00 XXX   0 X

GLU 176 A   3.74     0 %    0.28  216   0.00    0   -0.81 HIS 174 A    0.00 XXX   0 X   -0.00 LYS 104 B
GLU 176 A                                            0.00 XXX   0 X    0.00 XXX   0 X    0.04 C-  178 A
GLU 176 A                                            0.00 XXX   0 X    0.00 XXX   0 X   -0.26 HIS 174 A

C-  178 A   3.24     0 %    0.31  264   0.00    0    0.00 XXX   0 X    0.00 XXX   0 X   -0.27 LYS 104 B

HIS   2 A   7.41    50 %   -1.50  421   0.00    0    1.60 ASP  24 A    0.00 XXX   0 X   -0.21 N+    1 A
HIS   2 A                                            0.00 XXX   0 X    0.00 XXX   0 X   -0.06 ARG  93 B
HIS   2 A                                            0.00 XXX   0 X    0.00 XXX   0 X    0.31 GLU   1 A
HIS   2 A                                            0.00 XXX   0 X    0.00 XXX   0 X    0.03 GLU  86 B
HIS   2 A                                            0.00 XXX   0 X    0.00 XXX   0 X    0.74 ASP  24 A

HIS  30 A   7.67    74 %   -2.02  488   0.00    0    1.60 GLU  27 A    0.00 XXX   0 X   -0.05 ARG  41 A
HIS  30 A                                            0.00 XXX   0 X    0.00 XXX   0 X   -0.02 LYS 144 A
HIS  30 A                                            0.00 XXX   0 X    0.00 XXX   0 X    0.40 GLU  18 A
HIS  30 A                                            0.00 XXX   0 X    0.00 XXX   0 X    0.15 ASP  32 A
HIS  30 A                                            0.00 XXX   0 X    0.00 XXX   0 X    1.12 GLU  27 A

HIS 140 A   4.91    55 %   -1.72  436   0.00    0    0.00 XXX   0 X    0.00 XXX   0 X   -0.52 ARG  28 B
HIS 140 A                                            0.00 XXX   0 X    0.00 XXX   0 X   -0.07 ARG  38 B
HIS 140 A                                            0.00 XXX   0 X    0.00 XXX   0 X    0.02 GLU 138 A
HIS 140 A                                            0.00 XXX   0 X    0.00 XXX   0 X    0.16 ASP 139 A
HIS 140 A                                            0.00 XXX   0 X    0.00 XXX   0 X    0.21 GLU  13 B
HIS 140 A                                            0.00 XXX   0 X    0.00 XXX   0 X    0.33 GLU  35 B

HIS 146 A   5.27    74 %   -2.40  488   0.00    0    1.60 GLU 131 A    0.00 XXX   0 X   -1.08 LYS 144 A
HIS 146 A                                            0.00 XXX   0 X    0.00 XXX   0 X    0.66 GLU 131 A

HIS 164 A   4.68    72 %   -2.43  482   0.00    0    0.00 XXX   0 X    0.61 PRO 111 A    0.00 XXX   0 X

HIS 174 A   8.16     7 %   -0.55  302   0.00    0    0.69 ASP 159 A    0.00 XXX   0 X    0.05 ASP 178 A
HIS 174 A                                            0.81 GLU 176 A    0.00 XXX   0 X    0.40 ASP 159 A
HIS 174 A                                            0.00 XXX   0 X    0.00 XXX   0 X    0.26 GLU 176 A

CYS 104 A  99.99     0 %    0.00    0   0.00    0    0.00 XXX   0 X    0.00 XXX   0 X    0.00 XXX   0 X

CYS 160 A  99.99     0 %    0.00    0   0.00    0    0.00 XXX   0 X    0.00 XXX   0 X    0.00 XXX   0 X

TYR  10 A  10.25    22 %    1.11  342   0.00    0   -0.55 LYS  64 A    0.00 XXX   0 X    0.01 ASP  14 A
TYR  10 A                                            0.00 XXX   0 X    0.00 XXX   0 X    0.10 GLU  68 A
TYR  10 A                                            0.00 XXX   0 X    0.00 XXX   0 X   -0.43 LYS  64 A

TYR  76 A  10.19     0 %    0.25  217   0.00    0    0.00 XXX   0 X    0.00 XXX   0 X    0.07 GLU  68 A
TYR  76 A                                            0.00 XXX   0 X    0.00 XXX   0 X    0.04 ASP  14 C
TYR  76 A                                            0.00 XXX   0 X    0.00 XXX   0 X   -0.17 LYS  72 A

TYR 147 A  13.31    89 %    3.61  531   0.00    0   -0.47 ARG  41 A    0.00 XXX   0 X    0.21 ASP  26 A
TYR 147 A                                            0.00 XXX   0 X    0.00 XXX   0 X    0.12 GLU  27 A
TYR 147 A                                            0.00 XXX   0 X    0.00 XXX   0 X   -0.94 ARG  41 A
TYR 147 A                                            0.00 XXX   0 X    0.00 XXX   0 X   -0.04 ARG 143 A
TYR 147 A                                            0.00 XXX   0 X    0.00 XXX   0 X    0.81 ASP 151 B

TYR 158 A  10.72    35 %    1.46  380   0.00    0   -0.69 ARG 120 A    0.00 XXX   0 X   -0.41 ARG 120 A
TYR 158 A                                            0.00 XXX   0 X    0.00 XXX   0 X    0.36 ASP 156 A

LYS  35 A  10.78     0 %   -0.10  137   0.00    0    0.00 XXX   0 X    0.00 XXX   0 X    0.21 ASP  32 A
LYS  35 A                                            0.00 XXX   0 X    0.00 XXX   0 X    0.17 GLU  37 A

LYS  36 A  10.36     0 %   -0.14  157   0.00    0    0.00 XXX   0 X    0.00 XXX   0 X    0.00 XXX   0 X

LYS  64 A  11.29     4 %   -0.45  292   0.00    0    0.55 TYR  10 A    0.00 XXX   0 X    0.26 GLU  68 A
LYS  64 A                                            0.00 XXX   0 X    0.00 XXX   0 X    0.43 TYR  10 A

LYS  72 A  11.65     0 %   -0.27  205   0.00    0    0.70 ASP  14 C    0.00 XXX   0 X    0.03 GLU  68 A
LYS  72 A                                            0.00 XXX   0 X    0.00 XXX   0 X   -0.00 ARG  73 A
LYS  72 A                                            0.00 XXX   0 X    0.00 XXX   0 X    0.14 C-   15 C
LYS  72 A                                            0.00 XXX   0 X    0.00 XXX   0 X    0.17 TYR  76 A
LYS  72 A                                            0.00 XXX   0 X    0.00 XXX   0 X    0.38 ASP  14 C

LYS 108 A  10.96     0 %   -0.25  247   0.00    0    0.22 GLU  85 A    0.00 XXX   0 X    0.24 ASP 107 A
LYS 108 A                                            0.00 XXX   0 X    0.00 XXX   0 X   -0.23 ARG 137 A
LYS 108 A                                            0.00 XXX   0 X    0.00 XXX   0 X    0.10 ASP 139 A
LYS 108 A                                            0.00 XXX   0 X    0.00 XXX   0 X    0.38 GLU  85 A

LYS 123 A  10.43     0 %   -0.07  104   0.00    0    0.00 XXX   0 X    0.00 XXX   0 X    0.00 XXX   0 X

LYS 144 A   9.49    85 %   -3.19  518   0.00    0    0.85 GLU 131 A    0.00 XXX   0 X    0.47 GLU  18 A
LYS 144 A                                            0.00 XXX   0 X    0.00 XXX   0 X    0.04 GLU  27 A
LYS 144 A                                            0.00 XXX   0 X    0.00 XXX   0 X    0.83 GLU 131 A

LYS 173 A  10.29     0 %   -0.22  272   0.00    0    0.00 XXX   0 X    0.00 XXX   0 X    0.01 GLU  85 A

ARG  41 A  13.33    78 %   -1.88  500   0.00    0    0.47 TYR 147 A    0.00 XXX   0 X    0.21 ASP  26 A
ARG  41 A                                            0.00 XXX   0 X    0.00 XXX   0 X    0.94 TYR 147 A
ARG  41 A                                            0.00 XXX   0 X    0.00 XXX   0 X    0.46 ASP 151 B
ARG  41 A                                            0.00 XXX   0 X    0.00 XXX   0 X    0.62 GLU  27 A

ARG  47 A  12.54     0 %   -0.28  172   0.00    0    0.00 XXX   0 X    0.00 XXX   0 X    0.19 GLU  43 A
ARG  47 A                                            0.00 XXX   0 X    0.00 XXX   0 X    0.13 GLU  44 A

ARG  73 A  13.40    51 %   -1.62  425   0.00    0    1.46 ASP  56 B    0.00 XXX   0 X    0.13 GLU   8 B
ARG  73 A                                            0.00 XXX   0 X    0.00 XXX   0 X    0.07 ASP  14 C
ARG  73 A                                            0.00 XXX   0 X    0.00 XXX   0 X    0.11 C-   15 C
ARG  73 A                                            0.00 XXX   0 X    0.00 XXX   0 X    0.74 ASP  56 B

ARG  97 A  12.41     0 %   -0.09  114   0.00    0    0.00 XXX   0 X    0.00 XXX   0 X    0.00 XXX   0 X

ARG 120 A  13.19    14 %   -0.57  321   0.00    0    0.69 TYR 158 A    0.00 XXX   0 X    0.16 ASP 156 A
ARG 120 A                                            0.00 XXX   0 X    0.00 XXX   0 X    0.41 TYR 158 A

ARG 137 A  14.29    25 %   -1.06  351   0.00    0    0.30 ASP 107 A    0.00 XXX   0 X    0.10 GLU  85 A
ARG 137 A                                            1.37 ASP 139 A    0.00 XXX   0 X    0.05 GLU 138 A
ARG 137 A                                            0.00 XXX   0 X    0.00 XXX   0 X    0.56 ASP 107 A
ARG 137 A                                            0.00 XXX   0 X    0.00 XXX   0 X    0.48 ASP 139 A

ARG 143 A  11.75   100 %   -2.53  573   0.00    0    0.00 XXX   0 X    0.00 XXX   0 X    0.46 ASP  26 A
ARG 143 A                                            0.00 XXX   0 X    0.00 XXX   0 X    0.32 ASP 107 A
ARG 143 A                                            0.00 XXX   0 X    0.00 XXX   0 X    0.00 GLU 138 A
ARG 143 A                                            0.00 XXX   0 X    0.00 XXX   0 X    0.02 ASP 139 A
ARG 143 A                                            0.00 XXX   0 X    0.00 XXX   0 X    0.04 TYR 147 A
ARG 143 A                                            0.00 XXX   0 X    0.00 XXX   0 X    0.09 TYR   9 B
ARG 143 A                                            0.00 XXX   0 X    0.00 XXX   0 X   -0.19 ARG 137 A
ARG 143 A                                            0.00 XXX   0 X    0.00 XXX   0 X    1.03 ASP  22 A

ARG 161 A  12.38     0 %   -0.33  267   0.00    0    0.00 XXX   0 X    0.00 XXX   0 X    0.00 ASP 159 A
ARG 161 A                                            0.00 XXX   0 X    0.00 XXX   0 X    0.20 GLU 163 A

N+    1 A   7.67     8 %   -0.66  303   0.00    0    0.00 XXX   0 X    0.00 XXX   0 X    0.22 GLU   1 A
N+    1 A                                            0.00 XXX   0 X    0.00 XXX   0 X    0.17 ASP  24 A
N+    1 A                                            0.00 XXX   0 X    0.00 XXX   0 X   -0.05 ARG  22 B

ASP  27 B   1.60   100 %    3.73  659   0.76    0   -0.60 SER  12 B    0.00 XXX   0 X   -0.25 ARG  73 B
ASP  27 B                                           -0.30 TYR  25 B    0.00 XXX   0 X   -2.03 LYS  70 B
ASP  27 B                                           -0.65 TYR  29 B    0.00 XXX   0 X   -1.71 ARG   9 C
ASP  27 B                                           -0.84 LYS  70 B    0.00 XXX   0 X    0.00 XXX   0 X
ASP  27 B                                           -0.31 ARG   9 C    0.00 XXX   0 X    0.00 XXX   0 X

ASP  40 B   2.36    30 %    1.42  366   0.09    0   -1.38 ARG  24 B   -0.79 ASP  42 B   -0.02 ARG  28 B
ASP  40 B                                            0.00 XXX   0 X    0.00 XXX   0 X   -0.21 ARG  38 B
ASP  40 B                                            0.00 XXX   0 X    0.00 XXX   0 X   -0.02 ARG  47 B
ASP  40 B                                            0.00 XXX   0 X    0.00 XXX   0 X   -0.06 HIS  15 B
ASP  40 B                                            0.00 XXX   0 X    0.00 XXX   0 X   -0.48 ARG  24 B

ASP  42 B   4.19     7 %    0.48  301   0.01    0    0.00 XXX   0 X    0.00 XXX   0 X   -0.15 ARG  22 B
ASP  42 B                                            0.00 XXX   0 X    0.00 XXX   0 X   -0.29 ARG  24 B
ASP  42 B                                            0.00 XXX   0 X    0.00 XXX   0 X   -0.02 HIS  15 B
ASP  42 B                                            0.00 XXX   0 X    0.00 XXX   0 X    0.35 ASP  40 B

ASP  56 B   4.89    68 %    2.66  471   0.62    0   -1.46 ARG  73 A    0.00 XXX   0 X    0.01 GLU  58 B
ASP  56 B                                            0.00 XXX   0 X    0.00 XXX   0 X   -0.74 ARG  73 A

ASP  65 B   3.44     0 %    0.31  213   0.00    0    0.00 XXX   0 X   -0.39 ASP  65 B    0.00 XXX   0 X
ASP  65 B                                            0.00 XXX   0 X   -0.28 LEU  66 B    0.00 XXX   0 X

ASP  75 B   3.49     0 %    0.32  278   0.00    0   -0.34 ARG  79 B    0.00 XXX   0 X   -0.30 ARG  79 B

ASP 151 B   4.74    86 %    2.32  523   0.27    0   -0.85 THR 153 B   -0.23 ASP 151 B   -0.46 ARG  41 A
ASP 151 B                                            0.00 XXX   0 X   -0.11 THR 153 B   -0.14 ARG  92 B
ASP 151 B                                            0.00 XXX   0 X    0.00 XXX   0 X    0.33 ASP  26 A
ASP 151 B                                            0.00 XXX   0 X    0.00 XXX   0 X   -0.21 HIS 148 B

GLU   8 B   6.32   100 %    3.26  630   1.38    0   -1.60 HIS  31 B    0.00 XXX   0 X   -0.13 ARG  73 A
GLU   8 B                                            0.00 XXX   0 X    0.00 XXX   0 X   -0.00 ARG   9 C
GLU   8 B                                            0.00 XXX   0 X    0.00 XXX   0 X    0.24 ASP  56 B
GLU   8 B                                            0.00 XXX   0 X    0.00 XXX   0 X   -1.33 HIS  31 B

GLU  13 B   2.81    96 %    2.79  550   0.13    0   -0.56 THR  11 B    0.00 XXX   0 X   -0.09 ARG  24 B
GLU  13 B                                           -1.60 HIS  15 B    0.00 XXX   0 X   -0.17 ARG  38 B
GLU  13 B                                           -0.57 ARG  28 B    0.00 XXX   0 X   -0.21 HIS 140 A
GLU  13 B                                            0.00 XXX   0 X    0.00 XXX   0 X    0.01 ASP  27 B
GLU  13 B                                            0.00 XXX   0 X    0.00 XXX   0 X    0.28 GLU  35 B
GLU  13 B                                            0.00 XXX   0 X    0.00 XXX   0 X    0.01 ASP  40 B
GLU  13 B                                            0.00 XXX   0 X    0.00 XXX   0 X   -0.70 HIS  15 B
GLU  13 B                                            0.00 XXX   0 X    0.00 XXX   0 X   -1.01 ARG  28 B

GLU  21 B   4.55     0 %    0.13  145   0.00    0    0.00 XXX   0 X    0.00 XXX   0 X   -0.08 ARG  79 B

GLU  34 B   4.84    17 %    0.43  330   0.05    0   -0.08 THR  50 B    0.00 XXX   0 X   -0.06 HIS  31 B

GLU  35 B   2.51    67 %    2.64  468   0.23    0   -1.68 ARG  28 B    0.00 XXX   0 X   -0.02 ARG  24 B
GLU  35 B                                           -1.35 ARG  38 B    0.00 XXX   0 X   -0.33 HIS 140 A
GLU  35 B                                            0.00 XXX   0 X    0.00 XXX   0 X    0.02 ASP  40 B
GLU  35 B                                            0.00 XXX   0 X    0.00 XXX   0 X   -0.81 ARG  28 B
GLU  35 B                                            0.00 XXX   0 X    0.00 XXX   0 X   -0.68 ARG  38 B

GLU  45 B   3.49     0 %    0.32  280   0.00    0   -0.84 ARG  47 B    0.00 XXX   0 X   -0.09 LYS  64 B
GLU  45 B                                            0.00 XXX   0 X    0.00 XXX   0 X   -0.08 ARG  71 B
GLU  45 B                                            0.00 XXX   0 X    0.00 XXX   0 X   -0.31 ARG  47 B

GLU  51 B   2.96     0 %    0.31  163   0.00    0   -1.46 ARG  54 B    0.00 XXX   0 X   -0.38 ARG  54 B

GLU  58 B   4.63     0 %    0.25  221   0.00    0    0.00 XXX   0 X    0.00 XXX   0 X   -0.15 ARG  54 B
GLU  58 B                                            0.00 XXX   0 X    0.00 XXX   0 X    0.04 GLU  51 B

GLU  68 B   4.27     0 %    0.24  210   0.00    0   -0.21 ARG  71 B    0.00 XXX   0 X   -0.26 ARG  71 B

GLU  86 B   4.84     6 %    0.42  299   0.01    0   -0.06 GLN  91 B    0.00 XXX   0 X   -0.03 HIS   2 A

GLU 127 B   4.68     0 %    0.24  234   0.00    0   -0.04 ARG 129 B    0.00 XXX   0 X   -0.32 ARG 129 B
GLU 127 B                                            0.00 XXX   0 X    0.00 XXX   0 X    0.03 GLU 136 B
GLU 127 B                                            0.00 XXX   0 X    0.00 XXX   0 X    0.28 GLU 175 B

GLU 136 B   4.09     0 %    0.45  239   0.00    0   -0.26 ARG 129 B    0.00 XXX   0 X   -0.29 LYS 138 B
GLU 136 B                                            0.00 XXX   0 X    0.00 XXX   0 X   -0.30 ARG 129 B

GLU 137 B   4.86     7 %    0.46  300   0.05    0    0.00 XXX   0 X    0.00 XXX   0 X   -0.22 ARG 132 B
GLU 137 B                                            0.00 XXX   0 X    0.00 XXX   0 X    0.01 GLU 136 B
GLU 137 B                                            0.00 XXX   0 X    0.00 XXX   0 X    0.05 GLU 168 B

GLU 161 B   4.59     0 %    0.23  247   0.00    0    0.00 XXX   0 X    0.00 XXX   0 X   -0.14 HIS 111 B

GLU 168 B   2.39     0 %    0.68  271   0.00    0   -0.73 ARG 132 B   -0.75 ARG 165 B   -0.21 ARG 165 B
GLU 168 B                                           -0.72 TYR 170 B    0.00 XXX   0 X   -0.38 ARG 132 B

GLU 175 B   4.19     0 %    0.31  242   0.00    0   -0.15 GLN 173 B    0.00 XXX   0 X    0.03 GLU 136 B
GLU 175 B                                           -0.28 ARG 129 B    0.00 XXX   0 X   -0.23 ARG 129 B

GLU 186 B   4.52     0 %    0.24  234   0.00    0    0.00 XXX   0 X    0.00 XXX   0 X   -0.22 ARG 188 B

C-  189 B   3.49     0 %    0.30  206   0.00    0    0.00 XXX   0 X    0.00 XXX   0 X   -0.04 ARG 188 B
C-  189 B                                            0.00 XXX   0 X    0.00 XXX   0 X    0.03 GLU 168 B

HIS  15 B   6.92    62 %   -1.58  454   0.00    0    1.60 GLU  13 B    0.00 XXX   0 X   -0.08 N+    1 A
HIS  15 B                                            0.00 XXX   0 X    0.00 XXX   0 X   -0.01 ARG  22 B
HIS  15 B                                            0.00 XXX   0 X    0.00 XXX   0 X   -0.22 ARG  24 B
HIS  15 B                                            0.00 XXX   0 X    0.00 XXX   0 X   -0.13 ARG  28 B
HIS  15 B                                            0.00 XXX   0 X    0.00 XXX   0 X   -0.02 ARG  38 B
HIS  15 B                                            0.00 XXX   0 X    0.00 XXX   0 X    0.01 ASP  24 A
HIS  15 B                                            0.00 XXX   0 X    0.00 XXX   0 X    0.06 GLU 138 A
HIS  15 B                                            0.00 XXX   0 X    0.00 XXX   0 X    0.06 ASP  40 B
HIS  15 B                                            0.00 XXX   0 X    0.00 XXX   0 X    0.02 ASP  42 B
HIS  15 B                                            0.00 XXX   0 X    0.00 XXX   0 X    0.70 GLU  13 B

HIS  31 B   6.79    86 %   -2.63  522   0.00    0    1.60 GLU   8 B    0.00 XXX   0 X   -0.06 ARG  73 A
HIS  31 B                                            0.00 XXX   0 X    0.00 XXX   0 X    0.06 GLU  34 B
HIS  31 B                                            0.00 XXX   0 X    0.00 XXX   0 X    1.33 GLU   8 B

HIS  80 B   6.64    18 %   -0.67  332   0.00    0    0.00 XXX   0 X    0.81 CYS   3 C    0.00 XXX   0 X

HIS  95 B   6.28     0 %   -0.21  259   0.00    0    0.00 XXX   0 X    0.00 XXX   0 X   -0.01 LYS  97 B

HIS 110 B   6.29     0 %   -0.19  158   0.00    0    0.00 XXX   0 X    0.00 XXX   0 X   -0.02 ARG 165 B

HIS 111 B   6.12     0 %   -0.38  234   0.00    0    0.00 XXX   0 X    0.00 XXX   0 X   -0.14 HIS 110 B
HIS 111 B                                            0.00 XXX   0 X    0.00 XXX   0 X    0.14 GLU 161 B

HIS 148 B   6.43    96 %   -2.62  551   0.00    0    1.60 ASP  26 A    0.00 XXX   0 X   -0.04 ARG  41 A
HIS 148 B                                            0.00 XXX   0 X    0.00 XXX   0 X   -1.13 ARG 143 A
HIS 148 B                                            0.00 XXX   0 X    0.00 XXX   0 X    0.21 ASP 151 B
HIS 148 B                                            0.00 XXX   0 X    0.00 XXX   0 X    1.90 ASP  26 A

HIS 176 B   5.29    42 %   -1.90  400   0.00    0    0.00 XXX   0 X    0.82 PRO 123 B   -0.10 ARG  93 B
HIS 176 B                                            0.00 XXX   0 X    0.00 XXX   0 X   -0.03 HIS  95 B

CYS  14 B  99.99     0 %    0.00    0   0.00    0    0.00 XXX   0 X    0.00 XXX   0 X    0.00 XXX   0 X

CYS  78 B  99.99     0 %    0.00    0   0.00    0    0.00 XXX   0 X    0.00 XXX   0 X    0.00 XXX   0 X

CYS 116 B  99.99     0 %    0.00    0   0.00    0    0.00 XXX   0 X    0.00 XXX   0 X    0.00 XXX   0 X

CYS 172 B  99.99     0 %    0.00    0   0.00    0    0.00 XXX   0 X    0.00 XXX   0 X    0.00 XXX   0 X

TYR   9 B  13.64   100 %    3.24  618   0.00    0    0.00 XXX   0 X    0.00 XXX   0 X    0.22 ASP  22 A
TYR   9 B                                            0.00 XXX   0 X    0.00 XXX   0 X    0.04 ASP 139 A
TYR   9 B                                            0.00 XXX   0 X    0.00 XXX   0 X   -0.09 ARG 143 A
TYR   9 B                                            0.00 XXX   0 X    0.00 XXX   0 X    0.42 GLU  13 B
TYR   9 B                                            0.00 XXX   0 X    0.00 XXX   0 X   -0.19 ARG  28 B

TYR  25 B  13.97   100 %    3.60  601   0.00    0   -0.56 SER  12 B    0.00 XXX   0 X    0.03 GLU   8 A
TYR  25 B                                           -0.01 ARG  73 B    0.00 XXX   0 X   -0.65 ARG  73 B
TYR  25 B                                            0.30 ASP  27 B    0.00 XXX   0 X   -0.77 ARG   9 C
TYR  25 B                                            0.00 XXX   0 X    0.00 XXX   0 X    2.03 ASP  27 B

TYR  29 B  15.07   100 %    4.10  653   0.00    0   -0.68 ARG   9 C   -0.79 GLN  10 C    0.36 GLU   8 A
TYR  29 B                                            0.65 ASP  27 B    0.00 XXX   0 X    0.34 ASP  63 A
TYR  29 B                                            0.00 XXX   0 X    0.00 XXX   0 X    0.09 GLU   8 B
TYR  29 B                                            0.00 XXX   0 X    0.00 XXX   0 X    0.05 ASP  56 B
TYR  29 B                                            0.00 XXX   0 X    0.00 XXX   0 X   -0.01 ARG  73 B
TYR  29 B                                            0.00 XXX   0 X    0.00 XXX   0 X   -1.75 ARG   9 C
TYR  29 B                                            0.00 XXX   0 X    0.00 XXX   0 X    0.67 TYR  25 B
TYR  29 B                                            0.00 XXX   0 X    0.00 XXX   0 X    2.03 ASP  27 B

TYR  59 B  10.24     0 %    0.29  263   0.00    0   -0.03 GLN  63 B    0.00 XXX   0 X    0.00 ASP  56 B
TYR  59 B                                            0.00 XXX   0 X    0.00 XXX   0 X    0.00 ASP  65 B
TYR  59 B                                            0.00 XXX   0 X    0.00 XXX   0 X   -0.03 ARG  11 C

TYR  77 B  14.88   100 %    4.12  637   0.00    0    0.00 XXX   0 X    0.00 XXX   0 X    0.26 GLU   8 A
TYR  77 B                                            0.00 XXX   0 X    0.00 XXX   0 X    0.02 GLU  13 B
TYR  77 B                                            0.00 XXX   0 X    0.00 XXX   0 X    0.29 ASP  27 B
TYR  77 B                                            0.00 XXX   0 X    0.00 XXX   0 X   -0.21 ARG  73 B
TYR  77 B                                            0.00 XXX   0 X    0.00 XXX   0 X   -0.48 ARG   9 C
TYR  77 B                                            0.00 XXX   0 X    0.00 XXX   0 X    0.87 TYR  25 B

TYR  82 B  11.56    23 %    1.00  347   0.00    0    0.00 XXX   0 X    0.00 XXX   0 X    0.18 GLU   1 A
TYR  82 B                                            0.00 XXX   0 X    0.00 XXX   0 X    0.06 ASP  24 A
TYR  82 B                                            0.00 XXX   0 X    0.00 XXX   0 X    0.31 GLU  86 B

TYR 101 B  11.38    56 %    1.38  437   0.00    0    0.00 XXX   0 X    0.00 XXX   0 X    0.00 XXX   0 X

TYR 122 B  14.21    81 %    2.89  509   0.00    0    0.00 XXX   0 X    0.00 XXX   0 X    0.15 ASP  22 A
TYR 122 B                                            0.00 XXX   0 X    0.00 XXX   0 X   -0.25 ARG  92 B
TYR 122 B                                            0.00 XXX   0 X    0.00 XXX   0 X   -0.06 ARG  93 B
TYR 122 B                                            0.00 XXX   0 X    0.00 XXX   0 X    0.62 ASP  24 A
TYR 122 B                                            0.00 XXX   0 X    0.00 XXX   0 X    0.85 ASP  26 A

TYR 170 B  11.37    23 %    1.40  346   0.00    0   -0.01 ARG 132 B    0.00 XXX   0 X   -0.36 ARG 132 B
TYR 170 B                                           -0.85 THR 162 B    0.00 XXX   0 X    0.13 GLU 137 B
TYR 170 B                                            0.72 GLU 168 B    0.00 XXX   0 X   -0.09 ARG 165 B
TYR 170 B                                            0.00 XXX   0 X    0.00 XXX   0 X    0.02 C-  189 B
TYR 170 B                                            0.00 XXX   0 X    0.00 XXX   0 X    0.42 GLU 168 B

LYS  64 B  10.27     0 %   -0.22  201   0.00    0    0.00 XXX   0 X    0.00 XXX   0 X    0.09 GLU  45 B
LYS  64 B                                            0.00 XXX   0 X    0.00 XXX   0 X   -0.10 ARG  71 B

LYS  70 B   8.56   100 %   -3.49  589   0.00    0    0.84 ASP  27 B    0.00 XXX   0 X    0.02 GLU   8 A
LYS  70 B                                            0.00 XXX   0 X    0.00 XXX   0 X   -0.56 ARG  73 B
LYS  70 B                                            0.00 XXX   0 X    0.00 XXX   0 X   -0.78 ARG   9 C
LYS  70 B                                            0.00 XXX   0 X    0.00 XXX   0 X    2.03 ASP  27 B

LYS  97 B  10.39     0 %   -0.15  264   0.00    0    0.00 XXX   0 X    0.00 XXX   0 X    0.05 GLU  95 A

LYS 104 B  10.81     0 %   -0.15  193   0.00    0    0.00 XXX   0 X    0.00 XXX   0 X    0.00 GLU 176 A
LYS 104 B                                            0.00 XXX   0 X    0.00 XXX   0 X    0.18 ASP 178 A
LYS 104 B                                            0.00 XXX   0 X    0.00 XXX   0 X    0.27 C-  178 A

LYS 138 B  10.59     0 %   -0.11  139   0.00    0    0.00 XXX   0 X    0.00 XXX   0 X   -0.09 ARG 129 B
LYS 138 B                                            0.00 XXX   0 X    0.00 XXX   0 X    0.29 GLU 136 B

ARG   3 B  12.09     0 %   -0.31  184   0.00    0    0.00 XXX   0 X    0.00 XXX   0 X    0.13 ASP  14 A
ARG   3 B                                            0.00 XXX   0 X    0.00 XXX   0 X   -0.23 ARG   5 B

ARG   5 B  13.22    13 %   -1.18  318   0.00    0    1.44 ASP  14 A    0.00 XXX   0 X    0.45 ASP  14 A

ARG  22 B  12.22     0 %   -0.37  211   0.00    0    0.00 XXX   0 X    0.00 XXX   0 X    0.15 ASP  42 B
ARG  22 B                                            0.00 XXX   0 X    0.00 XXX   0 X   -0.05 ARG  24 B

ARG  24 B  14.03    20 %   -0.66  337   0.00    0    1.38 ASP  40 B    0.00 XXX   0 X    0.09 GLU  13 B
ARG  24 B                                            0.00 XXX   0 X    0.00 XXX   0 X    0.02 GLU  35 B
ARG  24 B                                            0.00 XXX   0 X    0.00 XXX   0 X    0.29 ASP  42 B
ARG  24 B                                            0.00 XXX   0 X    0.00 XXX   0 X   -0.07 ARG  28 B
ARG  24 B                                            0.00 XXX   0 X    0.00 XXX   0 X    0.48 ASP  40 B

ARG  28 B  14.96    63 %   -1.85  457   0.00    0    0.57 GLU  13 B    0.00 XXX   0 X    0.02 GLU 138 A
ARG  28 B                                            1.68 GLU  35 B    0.00 XXX   0 X    0.19 TYR   9 B
ARG  28 B                                            0.00 XXX   0 X    0.00 XXX   0 X    0.02 ASP  40 B
ARG  28 B                                            0.00 XXX   0 X    0.00 XXX   0 X    1.01 GLU  13 B
ARG  28 B                                            0.00 XXX   0 X    0.00 XXX   0 X    0.81 GLU  35 B

ARG  38 B  13.24    41 %   -1.00  397   0.00    0    1.35 GLU  35 B    0.00 XXX   0 X    0.17 GLU  13 B
ARG  38 B                                            0.00 XXX   0 X    0.00 XXX   0 X    0.21 ASP  40 B
ARG  38 B                                            0.00 XXX   0 X    0.00 XXX   0 X   -0.19 ARG  24 B
ARG  38 B                                            0.00 XXX   0 X    0.00 XXX   0 X   -0.48 ARG  28 B
ARG  38 B                                            0.00 XXX   0 X    0.00 XXX   0 X    0.68 GLU  35 B

ARG  47 B  13.37     0 %   -0.31  259   0.00    0    0.84 GLU  45 B    0.00 XXX   0 X    0.02 ASP  40 B
ARG  47 B                                            0.00 XXX   0 X    0.00 XXX   0 X    0.31 GLU  45 B

ARG  54 B  14.28     0 %   -0.22  191   0.00    0    1.46 GLU  51 B    0.00 XXX   0 X    0.15 GLU  58 B
ARG  54 B                                            0.00 XXX   0 X    0.00 XXX   0 X    0.38 GLU  51 B

ARG  71 B  12.66     0 %   -0.39  260   0.00    0    0.21 GLU  68 B    0.00 XXX   0 X    0.08 GLU  45 B
ARG  71 B                                            0.00 XXX   0 X    0.00 XXX   0 X    0.26 GLU  68 B

ARG  73 B  12.37    58 %   -1.25  444   0.00    0    0.01 TYR  25 B    0.00 XXX   0 X    0.65 TYR  25 B
ARG  73 B                                            0.00 XXX   0 X    0.00 XXX   0 X    0.25 ASP  27 B
ARG  73 B                                            0.00 XXX   0 X    0.00 XXX   0 X    0.01 TYR  29 B
ARG  73 B                                            0.00 XXX   0 X    0.00 XXX   0 X    0.21 TYR  77 B
ARG  73 B                                            0.00 XXX   0 X    0.00 XXX   0 X   -0.01 ARG   9 C

ARG  79 B  12.66     7 %   -0.56  302   0.00    0    0.34 ASP  75 B    0.00 XXX   0 X    0.08 GLU  21 B
ARG  79 B                                            0.00 XXX   0 X    0.00 XXX   0 X    0.30 ASP  75 B

ARG  92 B  11.66    57 %   -1.74  441   0.00    0    0.00 XXX   0 X    0.00 XXX   0 X    0.19 ASP  26 A
ARG  92 B                                            0.00 XXX   0 X    0.00 XXX   0 X    0.32 GLU  44 A
ARG  92 B                                            0.00 XXX   0 X    0.00 XXX   0 X    0.25 TYR 122 B
ARG  92 B                                            0.00 XXX   0 X    0.00 XXX   0 X    0.14 ASP 151 B

ARG  93 B  12.03    13 %   -0.54  318   0.00    0    0.00 XXX   0 X    0.00 XXX   0 X    0.01 GLU   1 A
ARG  93 B                                            0.00 XXX   0 X    0.00 XXX   0 X    0.06 TYR 122 B

ARG 129 B  13.65     0 %   -0.29  255   0.00    0    0.04 GLU 127 B    0.00 XXX   0 X    0.32 GLU 127 B
ARG 129 B                                            0.26 GLU 136 B    0.00 XXX   0 X    0.30 GLU 136 B
ARG 129 B                                            0.28 GLU 175 B    0.00 XXX   0 X    0.23 GLU 175 B

ARG 132 B  13.85     0 %   -0.34  267   0.00    0    0.01 TYR 170 B    0.00 XXX   0 X    0.22 GLU 137 B
ARG 132 B                                            0.73 GLU 168 B    0.00 XXX   0 X    0.36 TYR 170 B
ARG 132 B                                            0.00 XXX   0 X    0.00 XXX   0 X    0.38 GLU 168 B

ARG 165 B  12.44     0 %   -0.16  174   0.00    0    0.00 XXX   0 X    0.00 XXX   0 X    0.21 GLU 168 B
ARG 165 B                                            0.00 XXX   0 X    0.00 XXX   0 X    0.09 TYR 170 B
ARG 165 B                                            0.00 XXX   0 X    0.00 XXX   0 X   -0.20 ARG 132 B

ARG 188 B  12.55     0 %   -0.21  164   0.00    0    0.00 XXX   0 X    0.00 XXX   0 X    0.22 GLU 186 B
ARG 188 B                                            0.00 XXX   0 X    0.00 XXX   0 X    0.04 C-  189 B

N+    1 B   7.62     0 %   -0.21  185   0.00    0    0.00 XXX   0 X    0.00 XXX   0 X    0.02 ASP  14 A
N+    1 B                                            0.00 XXX   0 X    0.00 XXX   0 X    0.00 GLU 163 A
N+    1 B                                            0.00 XXX   0 X    0.00 XXX   0 X   -0.07 ARG   3 B
N+    1 B                                            0.00 XXX   0 X    0.00 XXX   0 X   -0.11 ARG   5 B

ASP  14 C   3.02     0 %    0.37  239   0.00    0   -0.70 LYS  72 A    0.00 XXX   0 X   -0.07 ARG  73 A
ASP  14 C                                            0.00 XXX   0 X    0.00 XXX   0 X   -0.38 LYS  72 A

C-   15 C   3.40     0 %    0.21  212   0.00    0    0.00 XXX   0 X    0.00 XXX   0 X   -0.14 LYS  72 A
C-   15 C                                            0.00 XXX   0 X    0.00 XXX   0 X   -0.11 ARG  73 A
C-   15 C                                            0.00 XXX   0 X    0.00 XXX   0 X    0.24 ASP  14 C

CYS   3 C   8.41     0 %    0.35  258   0.00    0   -0.85 SER  50 A    0.00 XXX   0 X   -0.12 N+    1 C
CYS   3 C                                            0.00 XXX   0 X    0.00 XXX   0 X    0.02 GLU  52 A

ARG   9 C  18.14   100 %   -3.29  652   0.00    0    0.68 TYR  29 B    0.00 XXX   0 X    0.97 ASP  63 A
ARG   9 C                                            0.35 GLU   8 A    0.00 XXX   0 X    0.00 GLU   8 B
ARG   9 C                                            0.31 ASP  27 B    0.00 XXX   0 X    0.77 TYR  25 B
ARG   9 C                                            0.00 XXX   0 X    0.00 XXX   0 X    1.75 TYR  29 B
ARG   9 C                                            0.00 XXX   0 X    0.00 XXX   0 X    0.48 TYR  77 B
ARG   9 C                                            0.00 XXX   0 X    0.00 XXX   0 X    1.93 GLU   8 A
ARG   9 C                                            0.00 XXX   0 X    0.00 XXX   0 X    1.71 ASP  27 B

ARG  11 C  12.23     3 %   -0.30  290   0.00    0    0.00 XXX   0 X    0.00 XXX   0 X    0.03 TYR  59 B

N+    1 C   7.95     0 %   -0.17  176   0.00    0    0.00 XXX   0 X    0.00 XXX   0 X    0.12 CYS   3 C

Coupled residues (marked *) were detected.Please rerun PropKa with the --display-coupled-residues 
or -d option for detailed information.

2026-08-30 00:13:37,672 INFO:output.py:227:print_pka_section:pKa summary:
--------------------------------------------------------------------------------------------------------
SUMMARY OF THIS PREDICTION
       Group      pKa  model-pKa   ligand atom-type
   ASP  14 A     2.74       3.80                      
   ASP  22 A     7.39       3.80                      
   ASP  24 A     4.22       3.80                      
   ASP  26 A     3.67       3.80                      
   ASP  32 A     2.76       3.80                      
   ASP  63 A    11.39       3.80                      
   ASP 107 A     4.63       3.80                      
   ASP 139 A     2.09       3.80                      
   ASP 156 A     2.78       3.80                      
   ASP 159 A     3.89       3.80                      
   ASP 168 A     3.92       3.80                      
   ASP 178 A     4.41       3.80                      
   ASP  27 B     1.60       3.80                      
   ASP  40 B     2.36       3.80                      
   ASP  42 B     4.19       3.80                      
   ASP  56 B     4.89       3.80                      
   ASP  65 B     3.44       3.80                      
   ASP  75 B     3.49       3.80                      
   ASP 151 B     4.74       3.80                      
   ASP  14 C     3.02       3.80                      
   GLU   1 A     3.69       4.50                      
   GLU   8 A     4.42       4.50                      
   GLU  18 A     7.54       4.50                      
   GLU  27 A     4.55       4.50                      
   GLU  37 A     4.65       4.50                      
   GLU  43 A     4.42       4.50                      
   GLU  44 A     4.63       4.50                      
   GLU  52 A     4.11       4.50                      
   GLU  68 A     4.26       4.50                      
   GLU  85 A     4.15       4.50                      
   GLU  95 A     4.65       4.50                      
   GLU  98 A     4.85       4.50                      
   GLU 131 A     1.69       4.50                      
   GLU 138 A     4.68       4.50                      
   GLU 155 A     4.16       4.50                      
   GLU 163 A     4.62       4.50                      
   GLU 169 A     4.61       4.50                      
   GLU 176 A     3.74       4.50                      
   GLU   8 B     6.32       4.50                      
   GLU  13 B     2.81       4.50                      
   GLU  21 B     4.55       4.50                      
   GLU  34 B     4.84       4.50                      
   GLU  35 B     2.51       4.50                      
   GLU  45 B     3.49       4.50                      
   GLU  51 B     2.96       4.50                      
   GLU  58 B     4.63       4.50                      
   GLU  68 B     4.27       4.50                      
   GLU  86 B     4.84       4.50                      
   GLU 127 B     4.68       4.50                      
   GLU 136 B     4.09       4.50                      
   GLU 137 B     4.86       4.50                      
   GLU 161 B     4.59       4.50                      
   GLU 168 B     2.39       4.50                      
   GLU 175 B     4.19       4.50                      
   GLU 186 B     4.52       4.50                      
   C-  178 A     3.24       3.20                      
   C-  189 B     3.49       3.20                      
   C-   15 C     3.40       3.20                      
   HIS   2 A     7.41       6.50                      
   HIS  30 A     7.67       6.50                      
   HIS 140 A     4.91       6.50                      
   HIS 146 A     5.27       6.50                      
   HIS 164 A     4.68       6.50                      
   HIS 174 A     8.16       6.50                      
   HIS  15 B     6.92       6.50                      
   HIS  31 B     6.79       6.50                      
   HIS  80 B     6.64       6.50                      
   HIS  95 B     6.28       6.50                      
   HIS 110 B     6.29       6.50                      
   HIS 111 B     6.12       6.50                      
   HIS 148 B     6.43       6.50                      
   HIS 176 B     5.29       6.50                      
   CYS 104 A    99.99       9.00                      
   CYS 160 A    99.99       9.00                      
   CYS  14 B    99.99       9.00                      
   CYS  78 B    99.99       9.00                      
   CYS 116 B    99.99       9.00                      
   CYS 172 B    99.99       9.00                      
   CYS   3 C     8.41       9.00                      
   TYR  10 A    10.25      10.00                      
   TYR  76 A    10.19      10.00                      
   TYR 147 A    13.31      10.00                      
   TYR 158 A    10.72      10.00                      
   TYR   9 B    13.64      10.00                      
   TYR  25 B    13.97      10.00                      
   TYR  29 B    15.07      10.00                      
   TYR  59 B    10.24      10.00                      
   TYR  77 B    14.88      10.00                      
   TYR  82 B    11.56      10.00                      
   TYR 101 B    11.38      10.00                      
   TYR 122 B    14.21      10.00                      
   TYR 170 B    11.37      10.00                      
   LYS  35 A    10.78      10.50                      
   LYS  36 A    10.36      10.50                      
   LYS  64 A    11.29      10.50                      
   LYS  72 A    11.65      10.50                      
   LYS 108 A    10.96      10.50                      
   LYS 123 A    10.43      10.50                      
   LYS 144 A     9.49      10.50                      
   LYS 173 A    10.29      10.50                      
   LYS  64 B    10.27      10.50                      
   LYS  70 B     8.56      10.50                      
   LYS  97 B    10.39      10.50                      
   LYS 104 B    10.81      10.50                      
   LYS 138 B    10.59      10.50                      
   ARG  41 A    13.33      12.50                      
   ARG  47 A    12.54      12.50                      
   ARG  73 A    13.40      12.50                      
   ARG  97 A    12.41      12.50                      
   ARG 120 A    13.19      12.50                      
   ARG 137 A    14.29      12.50                      
   ARG 143 A    11.75      12.50                      
   ARG 161 A    12.38      12.50                      
   ARG   3 B    12.09      12.50                      
   ARG   5 B    13.22      12.50                      
   ARG  22 B    12.22      12.50                      
   ARG  24 B    14.03      12.50                      
   ARG  28 B    14.96      12.50                      
   ARG  38 B    13.24      12.50                      
   ARG  47 B    13.37      12.50                      
   ARG  54 B    14.28      12.50                      
   ARG  71 B    12.66      12.50                      
   ARG  73 B    12.37      12.50                      
   ARG  79 B    12.66      12.50                      
   ARG  92 B    11.66      12.50                      
   ARG  93 B    12.03      12.50                      
   ARG 129 B    13.65      12.50                      
   ARG 132 B    13.85      12.50                      
   ARG 165 B    12.44      12.50                      
   ARG 188 B    12.55      12.50                      
   ARG   9 C    18.14      12.50                      
   ARG  11 C    12.23      12.50                      
   N+    1 A     7.67       8.00                      
   N+    1 B     7.62       8.00                      
   N+    1 C     7.95       8.00                      

2026-08-30 00:13:37,707 INFO:main.py:648:non_trivial:PROPKA information:
--------------------------------------------------------------------------------------------------------
Free energy of   folding (kcal/mol) as a function of pH (using neutral reference)
  0.00     38.67
  1.00     37.42
  2.00     33.83
  3.00     25.23
  4.00     15.51
  5.00     13.92
  6.00     15.62
  7.00     19.02
  8.00     22.75
  9.00     24.15
 10.00     27.68
 11.00     38.31
 12.00     50.06
 13.00     63.91
 14.00     78.55

The pH of optimum stability is  4.7 for which the free energy is   13.6 kcal/mol at 298K
Could not determine pH values where the free energy is within 80 % of minimum
Could not determine the pH-range where the free energy is negative


Protein charge of folded and unfolded state as a function of pH
    pH  unfolded  folded
  0.00     56.99   56.53
  0.10     56.99   56.45
  0.20     56.99   56.37
  0.30     56.99   56.28
  0.40     56.98   56.19
  0.50     56.98   56.09
  0.60     56.97   55.98
  0.70     56.97   55.87
  0.80     56.96   55.74
  0.90     56.95   55.60
  1.00     56.94   55.44
  1.10     56.92   55.27
  1.20     56.90   55.07
  1.30     56.87   54.84
  1.40     56.84   54.57
  1.50     56.80   54.28
  1.60     56.75   53.94
  1.70     56.69   53.57
  1.80     56.61   53.15
  1.90     56.51   52.68
  2.00     56.38   52.16
  2.10     56.23   51.59
  2.20     56.04   50.97
  2.30     55.80   50.29
  2.40     55.51   49.55
  2.50     55.15   48.74
  2.60     54.71   47.88
  2.70     54.19   46.96
  2.80     53.55   45.97
  2.90     52.79   44.93
  3.00     51.89   43.81
  3.10     50.83   42.64
  3.20     49.61   41.39
  3.30     48.20   40.07
  3.40     46.59   38.68
  3.50     44.79   37.20
  3.60     42.80   35.65
  3.70     40.61   34.00
  3.80     38.25   32.27
  3.90     35.73   30.45
  4.00     33.08   28.54
  4.10     30.32   26.56
  4.20     27.50   24.51
  4.30     24.64   22.41
  4.40     21.79   20.27
  4.50     19.00   18.14
  4.60     16.31   16.02
  4.70     13.76   13.96
  4.80     11.39   11.97
  4.90      9.22   10.09
  5.00      7.27    8.33
  5.10      5.53    6.71
  5.20      3.98    5.22
  5.30      2.62    3.87
  5.40      1.41    2.65
  5.50      0.32    1.55
  5.60     -0.66    0.56
  5.70     -1.58   -0.35
  5.80     -2.46   -1.19
  5.90     -3.32   -1.98
  6.00     -4.19   -2.72
  6.10     -5.06   -3.44
  6.20     -5.95   -4.14
  6.30     -6.87   -4.82
  6.40     -7.79   -5.50
  6.50     -8.71   -6.17
  6.60     -9.62   -6.83
  6.70    -10.49   -7.49
  6.80    -11.32   -8.14
  6.90    -12.10   -8.79
  7.00    -12.81   -9.44
  7.10    -13.46  -10.08
  7.20    -14.05  -10.72
  7.30    -14.58  -11.36
  7.40    -15.05  -12.00
  7.50    -15.49  -12.64
  7.60    -15.90  -13.27
  7.70    -16.28  -13.89
  7.80    -16.64  -14.49
  7.90    -16.99  -15.07
  8.00    -17.32  -15.63
  8.10    -17.65  -16.17
  8.20    -17.96  -16.67
  8.30    -18.28  -17.15
  8.40    -18.59  -17.60
  8.50    -18.91  -18.03
  8.60    -19.23  -18.42
  8.70    -19.57  -18.80
  8.80    -19.94  -19.15
  8.90    -20.33  -19.49
  9.00    -20.77  -19.83
  9.10    -21.26  -20.16
  9.20    -21.82  -20.50
  9.30    -22.45  -20.86
  9.40    -23.17  -21.24
  9.50    -23.99  -21.64
  9.60    -24.90  -22.09
  9.70    -25.93  -22.58
  9.80    -27.05  -23.13
  9.90    -28.28  -23.73
 10.00    -29.58  -24.38
 10.10    -30.95  -25.10
 10.20    -32.36  -25.87
 10.30    -33.79  -26.69
 10.40    -35.21  -27.56
 10.50    -36.60  -28.46
 10.60    -37.94  -29.39
 10.70    -39.20  -30.34
 10.80    -40.39  -31.31
 10.90    -41.49  -32.28
 11.00    -42.51  -33.27
 11.10    -43.46  -34.26
 11.20    -44.35  -35.26
 11.30    -45.20  -36.27
 11.40    -46.03  -37.29
 11.50    -46.87  -38.31
 11.60    -47.74  -39.35
 11.70    -48.67  -40.40
 11.80    -49.67  -41.47
 11.90    -50.76  -42.54
 12.00    -51.96  -43.62
 12.10    -53.27  -44.72
 12.20    -54.68  -45.82
 12.30    -56.18  -46.92
 12.40    -57.74  -48.03
 12.50    -59.33  -49.13
 12.60    -60.91  -50.22
 12.70    -62.45  -51.31
 12.80    -63.90  -52.38
 12.90    -65.24  -53.43
 13.00    -66.46  -54.48
 13.10    -67.54  -55.51
 13.20    -68.47  -56.52
 13.30    -69.28  -57.52
 13.40    -69.96  -58.50
 13.50    -70.53  -59.46
 13.60    -71.00  -60.40
 13.70    -71.39  -61.30
 13.80    -71.70  -62.18
 13.90    -71.96  -63.02
 14.00    -72.17  -63.83
The pI is  5.66 (folded) and  5.53 (unfolded)

--------------------------------------------------------------------------------------------------------
2026-08-30 00:13:37,707 INFO:biomolecule.py:797:apply_pka_values:Applying pKa values at a pH of 7.40:
2026-08-30 00:13:37,711 INFO:main.py:661:non_trivial:Adding hydrogens to biomolecule.
2026-08-30 00:13:38,204 INFO:main.py:664:non_trivial:Debumping biomolecule (again).
2026-08-30 00:13:38,799 INFO:main.py:666:non_trivial:Optimizing hydrogen bonds
2026-08-30 00:13:39,694 INFO:main.py:678:non_trivial:Applying force field to biomolecule states.
2026-08-30 00:13:39,701 INFO:main.py:725:non_trivial:Regenerating headers.
2026-08-30 00:13:39,703 INFO:main.py:750:non_trivial:Regenerating PDB lines.
2026-08-30 00:13:39,739 WARNING:main.py:326:print_pqr:Ignoring 467 header lines in output.
