2026-08-30 00:19:17,878 INFO:main.py:246:print_splash_screen:PDB2PQR v3.7.1: biomolecular structure conversion software.
2026-08-30 00:19:17,878 INFO:main.py:248:print_splash_screen:Please cite:  Jurrus E, et al.  Improvements to the APBS biomolecular solvation software suite.  Protein Sci 27 112-128 (2018).
2026-08-30 00:19:17,878 INFO:main.py:248:print_splash_screen:Please cite:  Dolinsky TJ, et al.  PDB2PQR: expanding and upgrading automated preparation of biomolecular structures for molecular simulations. Nucleic Acids Res 35 W522-W525 (2007).
2026-08-30 00:19:17,878 INFO:main.py:770:main_driver:Checking and transforming input arguments.
2026-08-30 00:19:17,878 INFO:main.py:774:main_driver:Loading topology files.
2026-08-30 00:19:17,921 INFO:main.py:776:main_driver:Loading molecule: /Users/anishsharma/Library/Mobile Documents/com~apple~CloudDocs/ebv_ms_publication/processed/pmhc_surface_electrostatics_sequence_expansion_2026-08-30/prepared_structures/HY13_SEQ_01/HY13_SEQ_01__ebv__EBV_IEDB_2fbac9820d7d__s1__full.pdb
2026-08-30 00:19:17,935 INFO:main.py:781:main_driver:Setting up molecule.
2026-08-30 00:19:17,952 INFO:main.py:423:setup_molecule:Created biomolecule object with 382 residues and 3154 atoms.
2026-08-30 00:19:17,952 INFO:main.py:785:main_driver:Setting termini states for biomolecule chains.
2026-08-30 00:19:17,957 INFO:main.py:616:non_trivial:Loading forcefield.
2026-08-30 00:19:17,964 INFO:main.py:620:non_trivial:Loading hydrogen topology definitions.
2026-08-30 00:19:17,966 INFO:main.py:474:is_repairable:This biomolecule is clean.  No repair needed.
2026-08-30 00:19:17,966 INFO:main.py:635:non_trivial:Updating disulfide bridges.
2026-08-30 00:19:17,967 INFO:main.py:638:non_trivial:Debumping biomolecule.
2026-08-30 00:19:18,045 INFO:main.py:645:non_trivial:Assigning titration states with PROPKA.
2026-08-30 00:19:18,064 INFO:output.py:74:print_header:
propka3.5.1                                                                                  2026-08-30

-------------------------------------------------------------------------------
--                                                                           --
--  PROPKA: A PROTEIN PKA PREDICTOR                                          --
--                                                                           --
--  VERSION 1.0,  04/25/2004,  IOWA CITY                                     --
--  BY HUI LI                                                                --
--                                                                           --
--  VERSION 2.0,  11/05/2007, IOWA CITY/COPENHAGEN                           --
--  BY DELPHINE C. BAS AND DAVID M. ROGERS                                   --
--                                                                           --
--  VERSION 3.0,  01/06/2011, COPENHAGEN                                     --
--  BY MATS H.M. OLSSON AND CHRESTEN R. SONDERGARD                           --
--                                                                           --
--  VERSION 3.1,  07/01/2011, COPENHAGEN                                     --
--  BY CHRESTEN R. SONDERGARD AND MATS H.M. OLSSON                           --
--                                                                           --
--  VERSION 3.2,  06/17/2020, PLANET EARTH                                   --
--  SEE ABOVE FOR AUTHORS                                                    --
--                                                                           --
-------------------------------------------------------------------------------


-------------------------------------------------------------------------------
References:

Very Fast Empirical Prediction and Rationalization of Protein pKa Values.
Hui Li, Andrew D. Robertson and Jan H. Jensen. PROTEINS: Structure, Function,
and Bioinformatics. 61:704-721 (2005)

Very Fast Prediction and Rationalization of pKa Values for Protein-Ligand
Complexes.  Delphine C. Bas, David M. Rogers and Jan H. Jensen.  PROTEINS:
Structure, Function, and Bioinformatics 73:765-783 (2008)

PROPKA3: Consistent Treatment of Internal and Surface Residues in Empirical
pKa predictions.  Mats H.M. Olsson, Chresten R. Sondergard, Michal Rostkowski,
and Jan H. Jensen.  Journal of Chemical Theory and Computation, 7(2):525-537
(2011)

Improved Treatment of Ligands and Coupling Effects in Empirical Calculation
and Rationalization of pKa Values.  Chresten R. Sondergaard, Mats H.M. Olsson,
Michal Rostkowski, and Jan H. Jensen.  Journal of Chemical Theory and
Computation, (2011)
-------------------------------------------------------------------------------



2026-08-30 00:19:18,178 INFO:conformation_container.py:124:find_covalently_coupled_groups:Coupling map:
Covalent coupling map for Conformation container 1A with 3762 atoms and 960 groups
            N+    1 B | ASP   1 B | 
N+    1 B             |     X     | 
ASP   1 B       X     |           | 
2026-08-30 00:19:18,178 INFO:conformation_container.py:213:calculate_pka:Calculating pKas for Conformation container 1A with 3762 atoms and 960 groups
2026-08-30 00:19:19,062 INFO:conformation_container.py:235:calculate_pka:Removing penalised groups!!!
2026-08-30 00:19:19,150 INFO:output.py:225:print_pka_section:pKa determinants:

---------  -----   ------   ---------------------    --------------    --------------    --------------
                            DESOLVATION  EFFECTS       SIDECHAIN          BACKBONE        COULOMBIC
 RESIDUE    pKa    BURIED     REGULAR      RE        HYDROGEN BOND     HYDROGEN BOND      INTERACTION
---------  -----   ------   ---------   ---------    --------------    --------------    --------------

ASP  14 A   2.73    25 %    1.35  351   0.04    0   -1.44 ARG   5 B   -0.42 ASP  14 A   -0.01 N+    1 B
ASP  14 A                                            0.00 XXX   0 X    0.00 XXX   0 X   -0.15 ARG   3 B
ASP  14 A                                            0.00 XXX   0 X    0.00 XXX   0 X   -0.45 ARG   5 B

ASP  22 A   6.92   100 %    3.32  630   0.88    0    0.00 XXX   0 X   -0.69 GLY  25 A    0.37 ASP  24 A
ASP  22 A                                            0.00 XXX   0 X    0.00 XXX   0 X    0.13 GLU  27 A
ASP  22 A                                            0.00 XXX   0 X    0.00 XXX   0 X    0.01 GLU  13 B
ASP  22 A                                            0.00 XXX   0 X    0.00 XXX   0 X   -0.38 HIS 148 B
ASP  22 A                                            0.00 XXX   0 X    0.00 XXX   0 X    0.56 ASP  26 A
ASP  22 A                                            0.00 XXX   0 X    0.00 XXX   0 X   -1.08 ARG 143 A

ASP  24 A   4.19    82 %    2.72  512   0.78    0   -1.60 HIS   2 A   -0.79 VAL   3 A   -0.17 N+    1 A
ASP  24 A                                            0.00 XXX   0 X    0.00 XXX   0 X    0.06 GLU   1 A
ASP  24 A                                            0.00 XXX   0 X    0.00 XXX   0 X    0.15 ASP  26 A
ASP  24 A                                            0.00 XXX   0 X    0.00 XXX   0 X   -0.02 HIS  15 B
ASP  24 A                                            0.00 XXX   0 X    0.00 XXX   0 X   -0.02 HIS 148 B
ASP  24 A                                            0.00 XXX   0 X    0.00 XXX   0 X   -0.74 HIS   2 A

ASP  26 A   3.75   100 %    4.02  563   0.64    0   -1.60 HIS 148 B   -0.37 TRP 152 B   -0.22 ARG  41 A
ASP  26 A                                            0.00 XXX   0 X    0.00 XXX   0 X   -0.46 ARG 143 A
ASP  26 A                                            0.00 XXX   0 X    0.00 XXX   0 X   -0.21 ARG  92 B
ASP  26 A                                            0.00 XXX   0 X    0.00 XXX   0 X   -1.85 HIS 148 B

ASP  32 A   2.81     0 %    0.47  269   0.00    0    0.00 XXX   0 X   -0.28 ALA  34 A   -0.19 LYS  35 A
ASP  32 A                                            0.00 XXX   0 X   -0.84 LYS  35 A   -0.15 HIS  30 A

ASP  63 A  11.93*  100 %    3.61  594   0.80    0    1.16 GLU   8 A    0.00 XXX   0 X   -0.01 ARG  10 C
ASP  63 A                                            0.00 XXX   0 X    0.00 XXX   0 X    0.02 ASP  27 B
ASP  63 A                                            0.00 XXX   0 X    0.00 XXX   0 X    2.03 GLU   8 A
ASP  63 A                                            0.00 XXX   0 X    0.00 XXX   0 X    0.51 GLU   8 B

ASP 107 A   4.63    52 %    2.20  427   0.15    0   -0.32 ARG 137 A   -0.45 LYS 108 A   -0.24 LYS 108 A
ASP 107 A                                            0.00 XXX   0 X    0.00 XXX   0 X   -0.30 ARG 143 A
ASP 107 A                                            0.00 XXX   0 X    0.00 XXX   0 X    0.19 GLU  85 A
ASP 107 A                                            0.00 XXX   0 X    0.00 XXX   0 X    0.16 ASP 139 A
ASP 107 A                                            0.00 XXX   0 X    0.00 XXX   0 X   -0.56 ARG 137 A

ASP 139 A   2.08    23 %    1.25  345   0.00    0   -1.37 ARG 137 A   -0.13 ASP 139 A   -0.10 LYS 108 A
ASP 139 A                                            0.00 XXX   0 X   -0.72 LEU 141 A   -0.01 ARG 143 A
ASP 139 A                                            0.00 XXX   0 X    0.00 XXX   0 X   -0.16 HIS 140 A
ASP 139 A                                            0.00 XXX   0 X    0.00 XXX   0 X   -0.48 ARG 137 A

ASP 156 A   2.73     3 %    0.47  290   0.00    0   -0.82 ASN 121 A    0.00 XXX   0 X   -0.17 ARG 120 A
ASP 156 A                                           -0.56 SER 153 A    0.00 XXX   0 X    0.00 XXX   0 X

ASP 159 A   3.89    18 %    0.95  333   0.24    0   -0.73 HIS 174 A    0.00 XXX   0 X   -0.00 ARG 161 A
ASP 159 A                                            0.00 XXX   0 X    0.00 XXX   0 X    0.03 GLU 176 A
ASP 159 A                                            0.00 XXX   0 X    0.00 XXX   0 X   -0.40 HIS 174 A

ASP 168 A   3.92     0 %    0.12  145   0.00    0    0.00 XXX   0 X    0.00 XXX   0 X    0.00 XXX   0 X

ASP 178 A   5.36*    0 %    0.39  250   0.00    0    0.61 GLU 176 A    0.00 XXX   0 X   -0.08 HIS 174 A
ASP 178 A                                            0.00 XXX   0 X    0.00 XXX   0 X    0.26 C-  178 A
ASP 178 A                                            0.00 XXX   0 X    0.00 XXX   0 X    0.38 GLU 176 A

GLU   1 A   3.66     0 %    0.30  274   0.00    0    0.00 XXX   0 X   -0.59 GLY  19 B   -0.22 N+    1 A
GLU   1 A                                            0.00 XXX   0 X    0.00 XXX   0 X   -0.01 ARG  93 B
GLU   1 A                                            0.00 XXX   0 X    0.00 XXX   0 X   -0.32 HIS   2 A

GLU   8 A   5.86*  100 %    3.81  634   0.65    0   -0.77 GLN   6 A    0.00 XXX   0 X   -0.13 LYS  70 B
GLU   8 A                                           -0.63 ASN  59 A    0.00 XXX   0 X    0.28 ASP  27 B
GLU   8 A                                           -0.71 THR   8 C    0.00 XXX   0 X    0.00 XXX   0 X
GLU   8 A                                           -1.16 ASP  63 A    0.00 XXX   0 X    0.00 XXX   0 X

GLU  18 A   8.72   100 %    3.82  614   0.80    0    0.00 XXX   0 X   -0.60 PHE 134 A   -0.26 LYS 144 A
GLU  18 A                                            0.00 XXX   0 X    0.00 XXX   0 X    0.47 GLU  27 A

GLU  27 A   4.61   100 %    3.20  568   0.26    0   -1.60 HIS  30 A    0.00 XXX   0 X   -0.03 LYS 144 A
GLU  27 A                                            0.00 XXX   0 X    0.00 XXX   0 X    0.02 ASP  26 A
GLU  27 A                                            0.00 XXX   0 X    0.00 XXX   0 X   -1.18 HIS  30 A
GLU  27 A                                            0.00 XXX   0 X    0.00 XXX   0 X   -0.57 ARG  41 A

GLU  37 A   4.71     0 %    0.28  202   0.00    0    0.00 XXX   0 X    0.00 XXX   0 X   -0.23 LYS  35 A
GLU  37 A                                            0.00 XXX   0 X    0.00 XXX   0 X    0.16 ASP  32 A

GLU  43 A   4.63     0 %    0.09  152   0.00    0    0.00 XXX   0 X    0.00 XXX   0 X   -0.04 ARG  47 A
GLU  43 A                                            0.00 XXX   0 X    0.00 XXX   0 X    0.08 GLU  44 A

GLU  44 A   3.92     7 %    0.50  302   0.00    0    0.00 XXX   0 X   -0.78 GLU  44 A   -0.00 ARG  41 A
GLU  44 A                                            0.00 XXX   0 X    0.00 XXX   0 X   -0.12 ARG  47 A
GLU  44 A                                            0.00 XXX   0 X    0.00 XXX   0 X   -0.17 ARG  92 B

GLU  52 A   3.99     0 %    0.26  246   0.00    0    0.00 XXX   0 X   -0.77 GLN  54 A    0.00 XXX   0 X

GLU  68 A   4.70    10 %    0.38  309   0.08    0    0.00 XXX   0 X    0.00 XXX   0 X   -0.26 LYS  64 A

GLU  85 A   4.08     0 %    0.34  275   0.00    0   -0.29 LYS 108 A    0.00 XXX   0 X   -0.10 ARG 137 A
GLU  85 A                                            0.00 XXX   0 X    0.00 XXX   0 X   -0.02 LYS 173 A
GLU  85 A                                            0.00 XXX   0 X    0.00 XXX   0 X    0.02 ASP 139 A
GLU  85 A                                            0.00 XXX   0 X    0.00 XXX   0 X   -0.38 LYS 108 A

GLU  95 A   4.29*    0 %    0.27  247   0.00    0   -0.48 GLU  98 A    0.00 XXX   0 X    0.00 XXX   0 X

GLU  98 A   5.68*    0 %    0.34  195   0.00    0    0.48 GLU  95 A    0.00 XXX   0 X   -0.01 ARG  97 A
GLU  98 A                                            0.00 XXX   0 X    0.00 XXX   0 X    0.38 GLU  95 A

GLU 131 A   1.69    46 %    0.95  410   0.14    0   -0.85 LYS 144 A    0.00 XXX   0 X   -0.82 LYS 144 A
GLU 131 A                                           -1.60 HIS 146 A    0.00 XXX   0 X   -0.64 HIS 146 A

GLU 138 A   4.68    15 %    0.22  323   0.00    0    0.00 XXX   0 X    0.00 XXX   0 X   -0.05 ARG 137 A
GLU 138 A                                            0.00 XXX   0 X    0.00 XXX   0 X   -0.04 ARG  28 B
GLU 138 A                                            0.00 XXX   0 X    0.00 XXX   0 X    0.05 ASP 139 A
GLU 138 A                                            0.00 XXX   0 X    0.00 XXX   0 X   -0.03 HIS 140 A
GLU 138 A                                            0.00 XXX   0 X    0.00 XXX   0 X    0.09 GLU  13 B
GLU 138 A                                            0.00 XXX   0 X    0.00 XXX   0 X   -0.07 HIS  15 B

GLU 155 A   4.75     0 %    0.11  151   0.00    0    0.00 XXX   0 X    0.00 XXX   0 X   -0.01 ARG  97 A
GLU 155 A                                            0.00 XXX   0 X    0.00 XXX   0 X    0.15 ASP 156 A

GLU 163 A   4.63     0 %    0.33  282   0.00    0    0.00 XXX   0 X    0.00 XXX   0 X   -0.20 ARG 161 A
GLU 163 A                                            0.00 XXX   0 X    0.00 XXX   0 X   -0.00 N+    1 B

GLU 169 A   4.61     0 %    0.11  128   0.00    0    0.00 XXX   0 X    0.00 XXX   0 X    0.00 XXX   0 X

GLU 176 A   3.13*    0 %    0.31  216   0.00    0   -0.81 HIS 174 A    0.00 XXX   0 X   -0.27 HIS 174 A
GLU 176 A                                           -0.61 ASP 178 A    0.00 XXX   0 X    0.00 XXX   0 X

C-  178 A   3.58     0 %    0.35  278   0.00    0    0.00 XXX   0 X    0.00 XXX   0 X   -0.03 LYS 104 B
C-  178 A                                            0.00 XXX   0 X    0.00 XXX   0 X    0.06 GLU 176 A

HIS   2 A   7.40    50 %   -1.50  421   0.00    0    1.60 ASP  24 A    0.00 XXX   0 X   -0.21 N+    1 A
HIS   2 A                                            0.00 XXX   0 X    0.00 XXX   0 X   -0.07 ARG  93 B
HIS   2 A                                            0.00 XXX   0 X    0.00 XXX   0 X    0.32 GLU   1 A
HIS   2 A                                            0.00 XXX   0 X    0.00 XXX   0 X    0.02 GLU  86 B
HIS   2 A                                            0.00 XXX   0 X    0.00 XXX   0 X    0.74 ASP  24 A

HIS  30 A   7.33    76 %   -2.03  493   0.00    0    1.60 GLU  27 A    0.00 XXX   0 X   -0.05 ARG  41 A
HIS  30 A                                            0.00 XXX   0 X    0.00 XXX   0 X   -0.01 LYS 144 A
HIS  30 A                                            0.00 XXX   0 X    0.00 XXX   0 X    0.15 ASP  32 A
HIS  30 A                                            0.00 XXX   0 X    0.00 XXX   0 X    1.18 GLU  27 A

HIS 140 A   4.82    56 %   -1.82  439   0.00    0    0.00 XXX   0 X    0.00 XXX   0 X   -0.00 ARG 137 A
HIS 140 A                                            0.00 XXX   0 X    0.00 XXX   0 X   -0.56 ARG  28 B
HIS 140 A                                            0.00 XXX   0 X    0.00 XXX   0 X   -0.07 ARG  38 B
HIS 140 A                                            0.00 XXX   0 X    0.00 XXX   0 X    0.03 GLU 138 A
HIS 140 A                                            0.00 XXX   0 X    0.00 XXX   0 X    0.16 ASP 139 A
HIS 140 A                                            0.00 XXX   0 X    0.00 XXX   0 X    0.21 GLU  13 B
HIS 140 A                                            0.00 XXX   0 X    0.00 XXX   0 X    0.37 GLU  35 B

HIS 146 A   5.26    74 %   -2.40  488   0.00    0    1.60 GLU 131 A    0.00 XXX   0 X   -1.08 LYS 144 A
HIS 146 A                                            0.00 XXX   0 X    0.00 XXX   0 X    0.64 GLU 131 A

HIS 164 A   4.68    73 %   -2.43  486   0.00    0    0.00 XXX   0 X    0.61 PRO 111 A    0.00 XXX   0 X

HIS 174 A   8.24     6 %   -0.54  298   0.00    0    0.73 ASP 159 A    0.00 XXX   0 X    0.08 ASP 178 A
HIS 174 A                                            0.81 GLU 176 A    0.00 XXX   0 X    0.40 ASP 159 A
HIS 174 A                                            0.00 XXX   0 X    0.00 XXX   0 X    0.27 GLU 176 A

CYS 104 A  99.99     0 %    0.00    0   0.00    0    0.00 XXX   0 X    0.00 XXX   0 X    0.00 XXX   0 X

CYS 160 A  99.99     0 %    0.00    0   0.00    0    0.00 XXX   0 X    0.00 XXX   0 X    0.00 XXX   0 X

TYR  10 A  10.16    19 %    1.02  335   0.00    0   -0.53 LYS  64 A    0.00 XXX   0 X    0.01 ASP  14 A
TYR  10 A                                            0.00 XXX   0 X    0.00 XXX   0 X    0.07 GLU  68 A
TYR  10 A                                            0.00 XXX   0 X    0.00 XXX   0 X   -0.42 LYS  64 A

TYR  76 A  10.08     0 %    0.22  196   0.00    0    0.00 XXX   0 X    0.00 XXX   0 X    0.00 GLU  68 A
TYR  76 A                                            0.00 XXX   0 X    0.00 XXX   0 X   -0.14 LYS  72 A

TYR 147 A  13.34    89 %    3.53  531   0.00    0   -0.44 ARG  41 A    0.00 XXX   0 X    0.24 ASP  26 A
TYR 147 A                                            0.00 XXX   0 X    0.00 XXX   0 X    0.09 GLU  27 A
TYR 147 A                                            0.00 XXX   0 X    0.00 XXX   0 X   -0.86 ARG  41 A
TYR 147 A                                            0.00 XXX   0 X    0.00 XXX   0 X   -0.04 ARG 143 A
TYR 147 A                                            0.00 XXX   0 X    0.00 XXX   0 X    0.82 ASP 151 B

TYR 158 A  10.66    36 %    1.49  381   0.00    0   -0.74 ARG 120 A    0.00 XXX   0 X   -0.44 ARG 120 A
TYR 158 A                                            0.00 XXX   0 X    0.00 XXX   0 X    0.36 ASP 156 A

LYS  35 A  10.82     0 %   -0.10  127   0.00    0    0.00 XXX   0 X    0.00 XXX   0 X    0.19 ASP  32 A
LYS  35 A                                            0.00 XXX   0 X    0.00 XXX   0 X    0.23 GLU  37 A

LYS  36 A  10.37     0 %   -0.13  156   0.00    0    0.00 XXX   0 X    0.00 XXX   0 X    0.00 XXX   0 X

LYS  64 A  11.32     0 %   -0.39  281   0.00    0    0.53 TYR  10 A    0.00 XXX   0 X    0.26 GLU  68 A
LYS  64 A                                            0.00 XXX   0 X    0.00 XXX   0 X    0.42 TYR  10 A

LYS  72 A  10.70     0 %   -0.10  166   0.00    0    0.00 XXX   0 X    0.00 XXX   0 X    0.15 CYS  13 C
LYS  72 A                                            0.00 XXX   0 X    0.00 XXX   0 X    0.14 TYR  76 A

LYS 108 A  11.03     0 %   -0.26  244   0.00    0    0.29 GLU  85 A    0.00 XXX   0 X    0.24 ASP 107 A
LYS 108 A                                            0.00 XXX   0 X    0.00 XXX   0 X   -0.23 ARG 137 A
LYS 108 A                                            0.00 XXX   0 X    0.00 XXX   0 X    0.10 ASP 139 A
LYS 108 A                                            0.00 XXX   0 X    0.00 XXX   0 X    0.38 GLU  85 A

LYS 123 A  10.44     0 %   -0.06  107   0.00    0    0.00 XXX   0 X    0.00 XXX   0 X    0.00 XXX   0 X

LYS 144 A   9.26    85 %   -3.19  518   0.00    0    0.85 GLU 131 A    0.00 XXX   0 X    0.26 GLU  18 A
LYS 144 A                                            0.00 XXX   0 X    0.00 XXX   0 X    0.03 GLU  27 A
LYS 144 A                                            0.00 XXX   0 X    0.00 XXX   0 X    0.82 GLU 131 A

LYS 173 A  10.30     0 %   -0.22  278   0.00    0    0.00 XXX   0 X    0.00 XXX   0 X    0.02 GLU  85 A

ARG  41 A  13.27    75 %   -1.75  490   0.00    0    0.44 TYR 147 A    0.00 XXX   0 X    0.22 ASP  26 A
ARG  41 A                                            0.00 XXX   0 X    0.00 XXX   0 X    0.00 GLU  44 A
ARG  41 A                                            0.00 XXX   0 X    0.00 XXX   0 X    0.86 TYR 147 A
ARG  41 A                                            0.00 XXX   0 X    0.00 XXX   0 X    0.43 ASP 151 B
ARG  41 A                                            0.00 XXX   0 X    0.00 XXX   0 X    0.57 GLU  27 A

ARG  47 A  12.42     0 %   -0.25  174   0.00    0    0.00 XXX   0 X    0.00 XXX   0 X    0.04 GLU  43 A
ARG  47 A                                            0.00 XXX   0 X    0.00 XXX   0 X    0.12 GLU  44 A

ARG  73 A  11.43    54 %   -1.64  433   0.00    0    0.00 XXX   0 X    0.00 XXX   0 X    0.14 GLU   8 B
ARG  73 A                                            0.00 XXX   0 X    0.00 XXX   0 X    0.39 TYR  36 B
ARG  73 A                                            0.00 XXX   0 X    0.00 XXX   0 X    0.05 CYS  13 C

ARG  97 A  12.35     0 %   -0.18  131   0.00    0    0.00 XXX   0 X    0.00 XXX   0 X    0.01 GLU  98 A
ARG  97 A                                            0.00 XXX   0 X    0.00 XXX   0 X    0.01 GLU 155 A

ARG 120 A  13.27    15 %   -0.59  323   0.00    0    0.74 TYR 158 A    0.00 XXX   0 X    0.17 ASP 156 A
ARG 120 A                                            0.00 XXX   0 X    0.00 XXX   0 X    0.44 TYR 158 A

ARG 137 A  14.29    26 %   -1.08  354   0.00    0    0.32 ASP 107 A    0.00 XXX   0 X    0.10 GLU  85 A
ARG 137 A                                            1.37 ASP 139 A    0.00 XXX   0 X    0.05 GLU 138 A
ARG 137 A                                            0.00 XXX   0 X    0.00 XXX   0 X    0.56 ASP 107 A
ARG 137 A                                            0.00 XXX   0 X    0.00 XXX   0 X    0.48 ASP 139 A

ARG 143 A  11.80   100 %   -2.52  570   0.00    0    0.00 XXX   0 X    0.00 XXX   0 X    0.46 ASP  26 A
ARG 143 A                                            0.00 XXX   0 X    0.00 XXX   0 X    0.30 ASP 107 A
ARG 143 A                                            0.00 XXX   0 X    0.00 XXX   0 X    0.01 ASP 139 A
ARG 143 A                                            0.00 XXX   0 X    0.00 XXX   0 X    0.04 TYR 147 A
ARG 143 A                                            0.00 XXX   0 X    0.00 XXX   0 X    0.12 TYR   9 B
ARG 143 A                                            0.00 XXX   0 X    0.00 XXX   0 X   -0.17 ARG 137 A
ARG 143 A                                            0.00 XXX   0 X    0.00 XXX   0 X    1.08 ASP  22 A

ARG 161 A  12.38     0 %   -0.33  265   0.00    0    0.00 XXX   0 X    0.00 XXX   0 X    0.00 ASP 159 A
ARG 161 A                                            0.00 XXX   0 X    0.00 XXX   0 X    0.20 GLU 163 A

N+    1 A   7.65     7 %   -0.67  301   0.00    0    0.00 XXX   0 X    0.00 XXX   0 X    0.22 GLU   1 A
N+    1 A                                            0.00 XXX   0 X    0.00 XXX   0 X    0.17 ASP  24 A
N+    1 A                                            0.00 XXX   0 X    0.00 XXX   0 X   -0.06 ARG  22 B

ASP  27 B   3.53   100 %    3.63  658   0.64    0   -0.80 SER  12 B    0.00 XXX   0 X    0.03 GLU  13 B
ASP  27 B                                           -0.69 TYR  29 B    0.00 XXX   0 X   -2.03 LYS  70 B
ASP  27 B                                           -0.55 TYR  46 B    0.00 XXX   0 X    0.00 XXX   0 X
ASP  27 B                                           -0.49 LYS  70 B    0.00 XXX   0 X    0.00 XXX   0 X

ASP  40 B   2.42    26 %    1.32  354   0.08    0   -1.29 ARG  24 B   -0.79 ASP  42 B   -0.02 ARG  28 B
ASP  40 B                                            0.00 XXX   0 X    0.00 XXX   0 X   -0.17 ARG  38 B
ASP  40 B                                            0.00 XXX   0 X    0.00 XXX   0 X   -0.02 ARG  47 B
ASP  40 B                                            0.00 XXX   0 X    0.00 XXX   0 X   -0.05 HIS  15 B
ASP  40 B                                            0.00 XXX   0 X    0.00 XXX   0 X   -0.45 ARG  24 B

ASP  42 B   4.07     3 %    0.45  291   0.00    0    0.00 XXX   0 X    0.00 XXX   0 X   -0.13 ARG  22 B
ASP  42 B                                            0.00 XXX   0 X    0.00 XXX   0 X   -0.38 ARG  24 B
ASP  42 B                                            0.00 XXX   0 X    0.00 XXX   0 X   -0.01 HIS  15 B
ASP  42 B                                            0.00 XXX   0 X    0.00 XXX   0 X    0.33 ASP  40 B

ASP  65 B   3.54     0 %    0.34  242   0.00    0    0.00 XXX   0 X   -0.31 ASP  65 B   -0.04 ARG  12 C
ASP  65 B                                            0.00 XXX   0 X   -0.26 ILE  66 B    0.00 XXX   0 X

ASP  69 B   4.43    40 %    0.89  394   0.16    0    0.00 XXX   0 X    0.00 XXX   0 X    0.12 ASP  27 B
ASP  69 B                                            0.00 XXX   0 X    0.00 XXX   0 X    0.04 ASP  65 B
ASP  69 B                                            0.00 XXX   0 X    0.00 XXX   0 X   -0.59 LYS  70 B

ASP  75 B   3.45     0 %    0.32  268   0.00    0   -0.37 ARG  79 B    0.00 XXX   0 X   -0.30 ARG  79 B

ASP 151 B   4.76    87 %    2.31  525   0.27    0   -0.85 THR 153 B   -0.23 ASP 151 B   -0.43 ARG  41 A
ASP 151 B                                            0.00 XXX   0 X   -0.10 THR 153 B   -0.15 ARG  92 B
ASP 151 B                                            0.00 XXX   0 X    0.00 XXX   0 X   -0.02 LYS  97 B
ASP 151 B                                            0.00 XXX   0 X    0.00 XXX   0 X    0.36 ASP  26 A
ASP 151 B                                            0.00 XXX   0 X    0.00 XXX   0 X   -0.22 HIS 148 B

GLU   8 B   8.53   100 %    3.68  641   1.33    0   -0.84 TYR  36 B    0.00 XXX   0 X   -0.14 ARG  73 A

GLU  13 B   3.03    95 %    2.70  546   0.32    0   -0.52 THR  11 B    0.00 XXX   0 X   -0.01 ARG  24 B
GLU  13 B                                           -1.60 HIS  15 B    0.00 XXX   0 X   -0.13 ARG  38 B
GLU  13 B                                           -0.60 ARG  28 B    0.00 XXX   0 X   -0.21 HIS 140 A
GLU  13 B                                            0.00 XXX   0 X    0.00 XXX   0 X    0.27 GLU  35 B
GLU  13 B                                            0.00 XXX   0 X    0.00 XXX   0 X    0.01 ASP  40 B
GLU  13 B                                            0.00 XXX   0 X    0.00 XXX   0 X   -0.69 HIS  15 B
GLU  13 B                                            0.00 XXX   0 X    0.00 XXX   0 X   -1.00 ARG  28 B

GLU  21 B   4.44     0 %    0.21  126   0.00    0   -0.26 ASN  18 B    0.00 XXX   0 X   -0.01 ARG  79 B

GLU  34 B   4.63    29 %    0.87  362   0.11    0   -0.85 THR  50 B    0.00 XXX   0 X    0.00 XXX   0 X

GLU  35 B   2.46    67 %    2.66  470   0.25    0   -1.66 ARG  28 B    0.00 XXX   0 X   -0.37 HIS 140 A
GLU  35 B                                           -1.44 ARG  38 B    0.00 XXX   0 X    0.02 ASP  40 B
GLU  35 B                                            0.00 XXX   0 X    0.00 XXX   0 X   -0.83 ARG  28 B
GLU  35 B                                            0.00 XXX   0 X    0.00 XXX   0 X   -0.67 ARG  38 B

GLU  45 B   3.52     0 %    0.31  275   0.00    0   -0.83 ARG  47 B    0.00 XXX   0 X   -0.05 LYS  64 B
GLU  45 B                                            0.00 XXX   0 X    0.00 XXX   0 X   -0.10 ARG  71 B
GLU  45 B                                            0.00 XXX   0 X    0.00 XXX   0 X   -0.32 ARG  47 B

GLU  51 B   3.30     0 %    0.35  161   0.00    0   -1.17 ARG  54 B    0.00 XXX   0 X   -0.38 ARG  54 B

GLU  58 B   4.63     0 %    0.13  215   0.00    0    0.00 XXX   0 X    0.00 XXX   0 X    0.00 XXX   0 X

GLU  68 B   4.67     0 %    0.16  150   0.00    0    0.00 XXX   0 X    0.00 XXX   0 X   -0.02 LYS  64 B
GLU  68 B                                            0.00 XXX   0 X    0.00 XXX   0 X   -0.05 ARG  71 B
GLU  68 B                                            0.00 XXX   0 X    0.00 XXX   0 X    0.07 ASP  65 B
GLU  68 B                                            0.00 XXX   0 X    0.00 XXX   0 X    0.01 ASP  69 B

GLU  86 B   4.94     7 %    0.44  301   0.02    0    0.00 XXX   0 X    0.00 XXX   0 X   -0.02 HIS   2 A

GLU 127 B   4.64     0 %    0.24  238   0.00    0   -0.05 ARG 129 B    0.00 XXX   0 X   -0.36 ARG 129 B
GLU 127 B                                            0.00 XXX   0 X    0.00 XXX   0 X    0.04 GLU 136 B
GLU 127 B                                            0.00 XXX   0 X    0.00 XXX   0 X    0.26 GLU 175 B

GLU 136 B   4.10     0 %    0.50  241   0.00    0   -0.26 ARG 129 B    0.00 XXX   0 X   -0.33 LYS 138 B
GLU 136 B                                            0.00 XXX   0 X    0.00 XXX   0 X    0.01 GLU 137 B
GLU 136 B                                            0.00 XXX   0 X    0.00 XXX   0 X   -0.31 ARG 129 B

GLU 137 B   4.06     5 %    0.56  295   0.02    0   -0.67 ARG 132 B    0.00 XXX   0 X   -0.03 ARG 165 B
GLU 137 B                                            0.00 XXX   0 X    0.00 XXX   0 X    0.06 GLU 168 B
GLU 137 B                                            0.00 XXX   0 X    0.00 XXX   0 X   -0.38 ARG 132 B

GLU 161 B   4.71     0 %    0.21  242   0.00    0    0.00 XXX   0 X    0.00 XXX   0 X    0.00 XXX   0 X

GLU 168 B   2.69     0 %    0.67  272   0.00    0   -0.29 ARG 165 B   -0.78 ARG 165 B   -0.23 ARG 132 B
GLU 168 B                                           -0.80 TYR 170 B    0.00 XXX   0 X   -0.38 ARG 165 B

GLU 175 B   4.19     0 %    0.31  246   0.00    0   -0.12 GLN 173 B    0.00 XXX   0 X    0.03 GLU 136 B
GLU 175 B                                           -0.30 ARG 129 B    0.00 XXX   0 X   -0.24 ARG 129 B

GLU 186 B   3.99     0 %    0.28  231   0.00    0   -0.43 ARG 188 B    0.00 XXX   0 X   -0.35 ARG 188 B

C-  189 B   3.29     0 %    0.32  218   0.00    0    0.00 XXX   0 X   -0.23 GLY 167 B   -0.02 ARG 188 B
C-  189 B                                            0.00 XXX   0 X    0.00 XXX   0 X   -0.02 HIS 111 B
C-  189 B                                            0.00 XXX   0 X    0.00 XXX   0 X    0.03 GLU 168 B

HIS  15 B   7.03    62 %   -1.56  454   0.00    0    1.60 GLU  13 B    0.00 XXX   0 X   -0.08 N+    1 A
HIS  15 B                                            0.00 XXX   0 X    0.00 XXX   0 X   -0.01 ARG  22 B
HIS  15 B                                            0.00 XXX   0 X    0.00 XXX   0 X   -0.13 ARG  24 B
HIS  15 B                                            0.00 XXX   0 X    0.00 XXX   0 X   -0.12 ARG  28 B
HIS  15 B                                            0.00 XXX   0 X    0.00 XXX   0 X    0.02 ASP  24 A
HIS  15 B                                            0.00 XXX   0 X    0.00 XXX   0 X    0.07 GLU 138 A
HIS  15 B                                            0.00 XXX   0 X    0.00 XXX   0 X    0.05 ASP  40 B
HIS  15 B                                            0.00 XXX   0 X    0.00 XXX   0 X    0.01 ASP  42 B
HIS  15 B                                            0.00 XXX   0 X    0.00 XXX   0 X    0.69 GLU  13 B

HIS  80 B   6.41    22 %   -0.69  342   0.00    0    0.00 XXX   0 X    0.60 ILE   3 C    0.00 XXX   0 X

HIS  95 B   5.98     0 %   -0.23  260   0.00    0    0.00 XXX   0 X    0.00 XXX   0 X   -0.28 LYS  97 B

HIS 110 B   6.04     0 %   -0.23  157   0.00    0    0.00 XXX   0 X    0.00 XXX   0 X   -0.23 LYS 104 B

HIS 111 B   5.77     0 %   -0.39  261   0.00    0    0.00 XXX   0 X    0.00 XXX   0 X   -0.19 LYS 104 B
HIS 111 B                                            0.00 XXX   0 X    0.00 XXX   0 X   -0.17 HIS 110 B
HIS 111 B                                            0.00 XXX   0 X    0.00 XXX   0 X    0.02 C-  189 B

HIS 148 B   6.93    94 %   -2.63  544   0.00    0    1.60 ASP  26 A    0.00 XXX   0 X   -0.03 ARG  41 A
HIS 148 B                                            0.00 XXX   0 X    0.00 XXX   0 X   -0.97 ARG 143 A
HIS 148 B                                            0.00 XXX   0 X    0.00 XXX   0 X    0.38 ASP  22 A
HIS 148 B                                            0.00 XXX   0 X    0.00 XXX   0 X    0.02 ASP  24 A
HIS 148 B                                            0.00 XXX   0 X    0.00 XXX   0 X    0.22 ASP 151 B
HIS 148 B                                            0.00 XXX   0 X    0.00 XXX   0 X    1.85 ASP  26 A

HIS 176 B   5.31    42 %   -1.88  398   0.00    0    0.00 XXX   0 X    0.82 PRO 123 B   -0.10 ARG  93 B
HIS 176 B                                            0.00 XXX   0 X    0.00 XXX   0 X   -0.01 LYS  97 B
HIS 176 B                                            0.00 XXX   0 X    0.00 XXX   0 X   -0.03 HIS  95 B

CYS  14 B  99.99     0 %    0.00    0   0.00    0    0.00 XXX   0 X    0.00 XXX   0 X    0.00 XXX   0 X

CYS  78 B  99.99     0 %    0.00    0   0.00    0    0.00 XXX   0 X    0.00 XXX   0 X    0.00 XXX   0 X

CYS 116 B  99.99     0 %    0.00    0   0.00    0    0.00 XXX   0 X    0.00 XXX   0 X    0.00 XXX   0 X

CYS 172 B  99.99     0 %    0.00    0   0.00    0    0.00 XXX   0 X    0.00 XXX   0 X    0.00 XXX   0 X

TYR   9 B  13.97   100 %    3.36  626   0.00    0    0.00 XXX   0 X    0.00 XXX   0 X    0.29 GLU  18 A
TYR   9 B                                            0.00 XXX   0 X    0.00 XXX   0 X    0.20 ASP  22 A
TYR   9 B                                            0.00 XXX   0 X    0.00 XXX   0 X    0.06 ASP 139 A
TYR   9 B                                            0.00 XXX   0 X    0.00 XXX   0 X   -0.12 ARG 143 A
TYR   9 B                                            0.00 XXX   0 X    0.00 XXX   0 X    0.34 GLU  13 B
TYR   9 B                                            0.00 XXX   0 X    0.00 XXX   0 X   -0.17 ARG  28 B

TYR  29 B  19.61   100 %    4.14  656   0.00    0    0.18 TYR  46 B   -0.76 VAL   9 C    0.46 GLU   8 A
TYR  29 B                                            0.69 ASP  27 B    0.00 XXX   0 X    0.37 ASP  63 A
TYR  29 B                                            0.00 XXX   0 X    0.00 XXX   0 X    0.21 GLU   8 B
TYR  29 B                                            0.00 XXX   0 X    0.00 XXX   0 X    0.02 ASP  69 B
TYR  29 B                                            0.00 XXX   0 X    0.00 XXX   0 X    0.47 TYR  36 B
TYR  29 B                                            0.00 XXX   0 X    0.00 XXX   0 X    1.80 TYR  46 B
TYR  29 B                                            0.00 XXX   0 X    0.00 XXX   0 X    2.03 ASP  27 B

TYR  31 B  10.98    51 %    2.45  423   0.00    0   -0.61 THR  71 A    0.00 XXX   0 X    0.17 GLU   8 B
TYR  31 B                                           -0.85 SER  74 A    0.00 XXX   0 X    0.03 GLU  34 B
TYR  31 B                                           -0.23 ASN  32 B    0.00 XXX   0 X    0.02 TYR  76 A

TYR  36 B  16.75   100 %    4.09  603   0.00    0    0.84 GLU   8 B    0.00 XXX   0 X    0.16 ASP  63 A
TYR  36 B                                            0.00 XXX   0 X    0.00 XXX   0 X   -0.39 ARG  73 A
TYR  36 B                                            0.00 XXX   0 X    0.00 XXX   0 X    0.01 ASP  27 B
TYR  36 B                                            0.00 XXX   0 X    0.00 XXX   0 X    2.03 GLU   8 B

TYR  46 B  17.17   100 %    4.67  581   0.00    0   -0.18 TYR  29 B    0.00 XXX   0 X    0.14 ASP  69 B
TYR  46 B                                            0.55 ASP  27 B    0.00 XXX   0 X    1.99 ASP  27 B

TYR  59 B  10.50     0 %    0.62  263   0.00    0   -0.02 GLN  14 C    0.00 XXX   0 X    0.06 ASP  65 B
TYR  59 B                                            0.00 XXX   0 X    0.00 XXX   0 X   -0.17 ARG  12 C
TYR  59 B                                            0.00 XXX   0 X    0.00 XXX   0 X    0.00 CYS  13 C

TYR  77 B  15.17   100 %    4.05  639   0.00    0    0.00 XXX   0 X    0.00 XXX   0 X    0.29 GLU   8 A
TYR  77 B                                            0.00 XXX   0 X    0.00 XXX   0 X    0.00 GLU  13 B
TYR  77 B                                            0.00 XXX   0 X    0.00 XXX   0 X    0.36 ASP  27 B
TYR  77 B                                            0.00 XXX   0 X    0.00 XXX   0 X    0.47 CYS   6 C

TYR  82 B  11.57    25 %    1.02  352   0.00    0    0.00 XXX   0 X    0.00 XXX   0 X    0.19 GLU   1 A
TYR  82 B                                            0.00 XXX   0 X    0.00 XXX   0 X    0.06 ASP  24 A
TYR  82 B                                            0.00 XXX   0 X    0.00 XXX   0 X    0.31 GLU  86 B
TYR  82 B                                            0.00 XXX   0 X    0.00 XXX   0 X   -0.00 ARG  93 B

TYR 101 B  11.37    60 %    1.37  450   0.00    0    0.00 XXX   0 X    0.00 XXX   0 X    0.00 XXX   0 X

TYR 122 B  14.49    85 %    3.05  519   0.00    0    0.00 XXX   0 X    0.00 XXX   0 X    0.17 ASP  22 A
TYR 122 B                                            0.00 XXX   0 X    0.00 XXX   0 X   -0.26 ARG  92 B
TYR 122 B                                            0.00 XXX   0 X    0.00 XXX   0 X   -0.06 ARG  93 B
TYR 122 B                                            0.00 XXX   0 X    0.00 XXX   0 X    0.67 ASP  24 A
TYR 122 B                                            0.00 XXX   0 X    0.00 XXX   0 X    0.93 ASP  26 A

TYR 170 B  11.47    22 %    1.38  343   0.00    0   -0.85 THR 162 B    0.00 XXX   0 X   -0.25 ARG 132 B
TYR 170 B                                            0.80 GLU 168 B    0.00 XXX   0 X    0.12 GLU 137 B
TYR 170 B                                            0.00 XXX   0 X    0.00 XXX   0 X   -0.18 ARG 165 B
TYR 170 B                                            0.00 XXX   0 X    0.00 XXX   0 X    0.02 C-  189 B
TYR 170 B                                            0.00 XXX   0 X    0.00 XXX   0 X    0.41 GLU 168 B

LYS  64 B  10.24     0 %   -0.20  186   0.00    0    0.00 XXX   0 X    0.00 XXX   0 X    0.05 GLU  45 B
LYS  64 B                                            0.00 XXX   0 X    0.00 XXX   0 X    0.02 GLU  68 B
LYS  64 B                                            0.00 XXX   0 X    0.00 XXX   0 X   -0.12 ARG  71 B

LYS  70 B  10.47   100 %   -3.40  601   0.00    0    0.49 ASP  27 B    0.00 XXX   0 X    0.13 GLU   8 A
LYS  70 B                                            0.00 XXX   0 X    0.00 XXX   0 X    0.12 CYS   6 C
LYS  70 B                                            0.00 XXX   0 X    0.00 XXX   0 X    2.03 ASP  27 B
LYS  70 B                                            0.00 XXX   0 X    0.00 XXX   0 X    0.59 ASP  69 B

LYS  97 B   9.76    24 %   -0.73  348   0.00    0    0.00 XXX   0 X    0.00 XXX   0 X   -0.03 ARG  92 B
LYS  97 B                                            0.00 XXX   0 X    0.00 XXX   0 X    0.02 ASP 151 B

LYS 104 B  10.36     0 %   -0.17  188   0.00    0    0.00 XXX   0 X    0.00 XXX   0 X    0.03 C-  178 A

LYS 138 B  10.60     0 %   -0.14  156   0.00    0    0.00 XXX   0 X    0.00 XXX   0 X   -0.09 ARG 129 B
LYS 138 B                                            0.00 XXX   0 X    0.00 XXX   0 X    0.33 GLU 136 B

ARG   3 B  12.07     0 %   -0.32  184   0.00    0    0.00 XXX   0 X    0.00 XXX   0 X    0.15 ASP  14 A
ARG   3 B                                            0.00 XXX   0 X    0.00 XXX   0 X   -0.26 ARG   5 B

ARG   5 B  13.24    12 %   -1.16  315   0.00    0    1.44 ASP  14 A    0.00 XXX   0 X    0.45 ASP  14 A

ARG  22 B  12.18     0 %   -0.38  209   0.00    0    0.00 XXX   0 X    0.00 XXX   0 X    0.13 ASP  42 B
ARG  22 B                                            0.00 XXX   0 X    0.00 XXX   0 X   -0.07 ARG  24 B

ARG  24 B  14.14     8 %   -0.47  305   0.00    0    1.29 ASP  40 B    0.00 XXX   0 X    0.01 GLU  13 B
ARG  24 B                                            0.00 XXX   0 X    0.00 XXX   0 X    0.38 ASP  42 B
ARG  24 B                                            0.00 XXX   0 X    0.00 XXX   0 X   -0.01 ARG  28 B
ARG  24 B                                            0.00 XXX   0 X    0.00 XXX   0 X    0.45 ASP  40 B

ARG  28 B  14.98    65 %   -1.84  462   0.00    0    0.60 GLU  13 B    0.00 XXX   0 X    0.04 GLU 138 A
ARG  28 B                                            1.66 GLU  35 B    0.00 XXX   0 X    0.17 TYR   9 B
ARG  28 B                                            0.00 XXX   0 X    0.00 XXX   0 X    0.02 ASP  40 B
ARG  28 B                                            0.00 XXX   0 X    0.00 XXX   0 X    1.00 GLU  13 B
ARG  28 B                                            0.00 XXX   0 X    0.00 XXX   0 X    0.83 GLU  35 B

ARG  38 B  13.49    38 %   -0.90  388   0.00    0    1.44 GLU  35 B    0.00 XXX   0 X    0.13 GLU  13 B
ARG  38 B                                            0.00 XXX   0 X    0.00 XXX   0 X    0.17 ASP  40 B
ARG  38 B                                            0.00 XXX   0 X    0.00 XXX   0 X   -0.09 ARG  24 B
ARG  38 B                                            0.00 XXX   0 X    0.00 XXX   0 X   -0.42 ARG  28 B
ARG  38 B                                            0.00 XXX   0 X    0.00 XXX   0 X    0.67 GLU  35 B

ARG  47 B  13.36     0 %   -0.30  254   0.00    0    0.83 GLU  45 B    0.00 XXX   0 X    0.02 ASP  40 B
ARG  47 B                                            0.00 XXX   0 X    0.00 XXX   0 X    0.32 GLU  45 B

ARG  54 B  13.82     0 %   -0.23  181   0.00    0    1.17 GLU  51 B    0.00 XXX   0 X    0.38 GLU  51 B

ARG  71 B  12.28     0 %   -0.37  258   0.00    0    0.00 XXX   0 X    0.00 XXX   0 X    0.10 GLU  45 B
ARG  71 B                                            0.00 XXX   0 X    0.00 XXX   0 X    0.05 GLU  68 B

ARG  79 B  12.63     7 %   -0.56  300   0.00    0    0.37 ASP  75 B    0.00 XXX   0 X    0.01 GLU  21 B
ARG  79 B                                            0.00 XXX   0 X    0.00 XXX   0 X    0.30 ASP  75 B

ARG  92 B  11.51    58 %   -1.76  444   0.00    0    0.00 XXX   0 X    0.00 XXX   0 X    0.21 ASP  26 A
ARG  92 B                                            0.00 XXX   0 X    0.00 XXX   0 X    0.17 GLU  44 A
ARG  92 B                                            0.00 XXX   0 X    0.00 XXX   0 X    0.26 TYR 122 B
ARG  92 B                                            0.00 XXX   0 X    0.00 XXX   0 X    0.15 ASP 151 B

ARG  93 B  12.02    14 %   -0.55  320   0.00    0    0.00 XXX   0 X    0.00 XXX   0 X    0.01 GLU   1 A
ARG  93 B                                            0.00 XXX   0 X    0.00 XXX   0 X    0.00 TYR  82 B
ARG  93 B                                            0.00 XXX   0 X    0.00 XXX   0 X    0.06 TYR 122 B

ARG 129 B  13.73     0 %   -0.29  249   0.00    0    0.05 GLU 127 B    0.00 XXX   0 X    0.36 GLU 127 B
ARG 129 B                                            0.26 GLU 136 B    0.00 XXX   0 X    0.31 GLU 136 B
ARG 129 B                                            0.30 GLU 175 B    0.00 XXX   0 X    0.24 GLU 175 B

ARG 132 B  13.69     0 %   -0.34  261   0.00    0    0.67 GLU 137 B    0.00 XXX   0 X    0.23 GLU 168 B
ARG 132 B                                            0.00 XXX   0 X    0.00 XXX   0 X    0.25 TYR 170 B
ARG 132 B                                            0.00 XXX   0 X    0.00 XXX   0 X    0.38 GLU 137 B

ARG 165 B  12.95     0 %   -0.23  200   0.00    0    0.29 GLU 168 B    0.00 XXX   0 X    0.03 GLU 137 B
ARG 165 B                                            0.00 XXX   0 X    0.00 XXX   0 X    0.18 TYR 170 B
ARG 165 B                                            0.00 XXX   0 X    0.00 XXX   0 X   -0.20 ARG 132 B
ARG 165 B                                            0.00 XXX   0 X    0.00 XXX   0 X    0.38 GLU 168 B

ARG 188 B  13.07     0 %   -0.23  174   0.00    0    0.43 GLU 186 B    0.00 XXX   0 X    0.02 C-  189 B
ARG 188 B                                            0.00 XXX   0 X    0.00 XXX   0 X    0.35 GLU 186 B

N+    1 B   7.62     0 %   -0.21  190   0.00    0    0.00 XXX   0 X    0.00 XXX   0 X    0.01 ASP  14 A
N+    1 B                                            0.00 XXX   0 X    0.00 XXX   0 X    0.00 GLU 163 A
N+    1 B                                            0.00 XXX   0 X    0.00 XXX   0 X   -0.07 ARG   3 B
N+    1 B                                            0.00 XXX   0 X    0.00 XXX   0 X   -0.11 ARG   5 B

GLU   1 C   4.41     0 %    0.25  209   0.00    0   -0.14 SER  50 A    0.00 XXX   0 X   -0.21 N+    1 C
GLU   1 C                                            0.00 XXX   0 X    0.00 XXX   0 X    0.01 GLU  52 A

C-   15 C   3.34     0 %    0.14  101   0.00    0    0.00 XXX   0 X    0.00 XXX   0 X    0.00 XXX   0 X

HIS  11 C   2.94    93 %   -3.09  541   0.00    0    0.00 XXX   0 X    0.00 XXX   0 X   -0.47 ARG  73 A

CYS   6 C  13.52    88 %    3.35  528   0.00    0   -0.01 GLN   6 A    0.00 XXX   0 X   -0.12 LYS  70 B
CYS   6 C                                           -0.06 ASN  59 A    0.00 XXX   0 X   -0.03 ARG  10 C
CYS   6 C                                            0.00 XXX   0 X    0.00 XXX   0 X    0.25 ASP  63 A
CYS   6 C                                            0.00 XXX   0 X    0.00 XXX   0 X    1.14 GLU   8 A

CYS  13 C   9.21     0 %    0.30  265   0.00    0    0.00 XXX   0 X    0.00 XXX   0 X   -0.15 LYS  72 A
CYS  13 C                                            0.00 XXX   0 X    0.00 XXX   0 X   -0.05 ARG  73 A
CYS  13 C                                            0.00 XXX   0 X    0.00 XXX   0 X    0.03 GLU  68 A
CYS  13 C                                            0.00 XXX   0 X    0.00 XXX   0 X    0.08 C-   15 C

ARG  10 C  11.91    16 %   -0.43  326   0.00    0    0.00 XXX   0 X    0.00 XXX   0 X    0.01 ASP  63 A
ARG  10 C                                            0.00 XXX   0 X    0.00 XXX   0 X    0.03 CYS   6 C
ARG  10 C                                            0.00 XXX   0 X    0.00 XXX   0 X   -0.20 ARG  12 C

ARG  12 C  12.45     0 %   -0.25  259   0.00    0    0.00 XXX   0 X    0.00 XXX   0 X    0.17 TYR  59 B
ARG  12 C                                            0.00 XXX   0 X    0.00 XXX   0 X    0.04 ASP  65 B

N+    1 C   8.03     0 %   -0.18  163   0.00    0    0.00 XXX   0 X    0.00 XXX   0 X    0.21 GLU   1 C

Coupled residues (marked *) were detected.Please rerun PropKa with the --display-coupled-residues 
or -d option for detailed information.

2026-08-30 00:19:19,151 INFO:output.py:227:print_pka_section:pKa summary:
--------------------------------------------------------------------------------------------------------
SUMMARY OF THIS PREDICTION
       Group      pKa  model-pKa   ligand atom-type
   ASP  14 A     2.73       3.80                      
   ASP  22 A     6.92       3.80                      
   ASP  24 A     4.19       3.80                      
   ASP  26 A     3.75       3.80                      
   ASP  32 A     2.81       3.80                      
   ASP  63 A    11.93       3.80                      
   ASP 107 A     4.63       3.80                      
   ASP 139 A     2.08       3.80                      
   ASP 156 A     2.73       3.80                      
   ASP 159 A     3.89       3.80                      
   ASP 168 A     3.92       3.80                      
   ASP 178 A     5.36       3.80                      
   ASP  27 B     3.53       3.80                      
   ASP  40 B     2.42       3.80                      
   ASP  42 B     4.07       3.80                      
   ASP  65 B     3.54       3.80                      
   ASP  69 B     4.43       3.80                      
   ASP  75 B     3.45       3.80                      
   ASP 151 B     4.76       3.80                      
   GLU   1 A     3.66       4.50                      
   GLU   8 A     5.86       4.50                      
   GLU  18 A     8.72       4.50                      
   GLU  27 A     4.61       4.50                      
   GLU  37 A     4.71       4.50                      
   GLU  43 A     4.63       4.50                      
   GLU  44 A     3.92       4.50                      
   GLU  52 A     3.99       4.50                      
   GLU  68 A     4.70       4.50                      
   GLU  85 A     4.08       4.50                      
   GLU  95 A     4.29       4.50                      
   GLU  98 A     5.68       4.50                      
   GLU 131 A     1.69       4.50                      
   GLU 138 A     4.68       4.50                      
   GLU 155 A     4.75       4.50                      
   GLU 163 A     4.63       4.50                      
   GLU 169 A     4.61       4.50                      
   GLU 176 A     3.13       4.50                      
   GLU   8 B     8.53       4.50                      
   GLU  13 B     3.03       4.50                      
   GLU  21 B     4.44       4.50                      
   GLU  34 B     4.63       4.50                      
   GLU  35 B     2.46       4.50                      
   GLU  45 B     3.52       4.50                      
   GLU  51 B     3.30       4.50                      
   GLU  58 B     4.63       4.50                      
   GLU  68 B     4.67       4.50                      
   GLU  86 B     4.94       4.50                      
   GLU 127 B     4.64       4.50                      
   GLU 136 B     4.10       4.50                      
   GLU 137 B     4.06       4.50                      
   GLU 161 B     4.71       4.50                      
   GLU 168 B     2.69       4.50                      
   GLU 175 B     4.19       4.50                      
   GLU 186 B     3.99       4.50                      
   GLU   1 C     4.41       4.50                      
   C-  178 A     3.58       3.20                      
   C-  189 B     3.29       3.20                      
   C-   15 C     3.34       3.20                      
   HIS   2 A     7.40       6.50                      
   HIS  30 A     7.33       6.50                      
   HIS 140 A     4.82       6.50                      
   HIS 146 A     5.26       6.50                      
   HIS 164 A     4.68       6.50                      
   HIS 174 A     8.24       6.50                      
   HIS  15 B     7.03       6.50                      
   HIS  80 B     6.41       6.50                      
   HIS  95 B     5.98       6.50                      
   HIS 110 B     6.04       6.50                      
   HIS 111 B     5.77       6.50                      
   HIS 148 B     6.93       6.50                      
   HIS 176 B     5.31       6.50                      
   HIS  11 C     2.94       6.50                      
   CYS 104 A    99.99       9.00                      
   CYS 160 A    99.99       9.00                      
   CYS  14 B    99.99       9.00                      
   CYS  78 B    99.99       9.00                      
   CYS 116 B    99.99       9.00                      
   CYS 172 B    99.99       9.00                      
   CYS   6 C    13.52       9.00                      
   CYS  13 C     9.21       9.00                      
   TYR  10 A    10.16      10.00                      
   TYR  76 A    10.08      10.00                      
   TYR 147 A    13.34      10.00                      
   TYR 158 A    10.66      10.00                      
   TYR   9 B    13.97      10.00                      
   TYR  29 B    19.61      10.00                      
   TYR  31 B    10.98      10.00                      
   TYR  36 B    16.75      10.00                      
   TYR  46 B    17.17      10.00                      
   TYR  59 B    10.50      10.00                      
   TYR  77 B    15.17      10.00                      
   TYR  82 B    11.57      10.00                      
   TYR 101 B    11.37      10.00                      
   TYR 122 B    14.49      10.00                      
   TYR 170 B    11.47      10.00                      
   LYS  35 A    10.82      10.50                      
   LYS  36 A    10.37      10.50                      
   LYS  64 A    11.32      10.50                      
   LYS  72 A    10.70      10.50                      
   LYS 108 A    11.03      10.50                      
   LYS 123 A    10.44      10.50                      
   LYS 144 A     9.26      10.50                      
   LYS 173 A    10.30      10.50                      
   LYS  64 B    10.24      10.50                      
   LYS  70 B    10.47      10.50                      
   LYS  97 B     9.76      10.50                      
   LYS 104 B    10.36      10.50                      
   LYS 138 B    10.60      10.50                      
   ARG  41 A    13.27      12.50                      
   ARG  47 A    12.42      12.50                      
   ARG  73 A    11.43      12.50                      
   ARG  97 A    12.35      12.50                      
   ARG 120 A    13.27      12.50                      
   ARG 137 A    14.29      12.50                      
   ARG 143 A    11.80      12.50                      
   ARG 161 A    12.38      12.50                      
   ARG   3 B    12.07      12.50                      
   ARG   5 B    13.24      12.50                      
   ARG  22 B    12.18      12.50                      
   ARG  24 B    14.14      12.50                      
   ARG  28 B    14.98      12.50                      
   ARG  38 B    13.49      12.50                      
   ARG  47 B    13.36      12.50                      
   ARG  54 B    13.82      12.50                      
   ARG  71 B    12.28      12.50                      
   ARG  79 B    12.63      12.50                      
   ARG  92 B    11.51      12.50                      
   ARG  93 B    12.02      12.50                      
   ARG 129 B    13.73      12.50                      
   ARG 132 B    13.69      12.50                      
   ARG 165 B    12.95      12.50                      
   ARG 188 B    13.07      12.50                      
   ARG  10 C    11.91      12.50                      
   ARG  12 C    12.45      12.50                      
   N+    1 A     7.65       8.00                      
   N+    1 B     7.62       8.00                      
   N+    1 C     8.03       8.00                      

2026-08-30 00:19:19,184 INFO:main.py:648:non_trivial:PROPKA information:
--------------------------------------------------------------------------------------------------------
Free energy of   folding (kcal/mol) as a function of pH (using neutral reference)
  0.00     40.69
  1.00     39.60
  2.00     36.70
  3.00     29.31
  4.00     19.56
  5.00     17.41
  6.00     19.04
  7.00     22.38
  8.00     27.51
  9.00     31.58
 10.00     37.84
 11.00     51.02
 12.00     64.50
 13.00     79.55
 14.00     95.41

The pH of optimum stability is  4.7 for which the free energy is   17.2 kcal/mol at 298K
Could not determine pH values where the free energy is within 80 % of minimum
Could not determine the pH-range where the free energy is negative


Protein charge of folded and unfolded state as a function of pH
    pH  unfolded  folded
  0.00     55.99   55.58
  0.10     55.99   55.51
  0.20     55.99   55.44
  0.30     55.99   55.36
  0.40     55.98   55.28
  0.50     55.98   55.19
  0.60     55.98   55.10
  0.70     55.97   55.01
  0.80     55.96   54.91
  0.90     55.95   54.80
  1.00     55.94   54.68
  1.10     55.92   54.54
  1.20     55.90   54.39
  1.30     55.88   54.21
  1.40     55.85   54.01
  1.50     55.81   53.78
  1.60     55.76   53.51
  1.70     55.69   53.21
  1.80     55.62   52.85
  1.90     55.52   52.45
  2.00     55.40   52.00
  2.10     55.24   51.48
  2.20     55.06   50.90
  2.30     54.82   50.26
  2.40     54.54   49.54
  2.50     54.19   48.74
  2.60     53.76   47.87
  2.70     53.24   46.93
  2.80     52.62   45.90
  2.90     51.88   44.79
  3.00     51.00   43.60
  3.10     49.96   42.32
  3.20     48.76   40.97
  3.30     47.38   39.53
  3.40     45.81   38.01
  3.50     44.04   36.41
  3.60     42.07   34.73
  3.70     39.92   32.97
  3.80     37.59   31.14
  3.90     35.09   29.24
  4.00     32.45   27.28
  4.10     29.71   25.27
  4.20     26.88   23.22
  4.30     24.01   21.15
  4.40     21.15   19.07
  4.50     18.33   17.00
  4.60     15.61   14.96
  4.70     13.04   12.97
  4.80     10.63   11.06
  4.90      8.44    9.24
  5.00      6.45    7.52
  5.10      4.68    5.92
  5.20      3.11    4.43
  5.30      1.72    3.05
  5.40      0.50    1.79
  5.50     -0.60    0.62
  5.60     -1.61   -0.45
  5.70     -2.54   -1.44
  5.80     -3.43   -2.35
  5.90     -4.30   -3.19
  6.00     -5.16   -3.98
  6.10     -6.04   -4.72
  6.20     -6.94   -5.40
  6.30     -7.86   -6.05
  6.40     -8.78   -6.67
  6.50     -9.71   -7.26
  6.60    -10.62   -7.83
  6.70    -11.49   -8.39
  6.80    -12.33   -8.94
  6.90    -13.11   -9.48
  7.00    -13.82  -10.02
  7.10    -14.47  -10.55
  7.20    -15.06  -11.09
  7.30    -15.60  -11.61
  7.40    -16.08  -12.14
  7.50    -16.53  -12.66
  7.60    -16.94  -13.17
  7.70    -17.34  -13.67
  7.80    -17.71  -14.16
  7.90    -18.07  -14.64
  8.00    -18.43  -15.10
  8.10    -18.78  -15.56
  8.20    -19.13  -16.01
  8.30    -19.48  -16.45
  8.40    -19.84  -16.88
  8.50    -20.21  -17.30
  8.60    -20.59  -17.73
  8.70    -21.00  -18.15
  8.80    -21.44  -18.57
  8.90    -21.92  -19.00
  9.00    -22.45  -19.43
  9.10    -23.04  -19.88
  9.20    -23.71  -20.35
  9.30    -24.45  -20.83
  9.40    -25.29  -21.34
  9.50    -26.22  -21.89
  9.60    -27.27  -22.47
  9.70    -28.43  -23.10
  9.80    -29.69  -23.78
  9.90    -31.05  -24.52
 10.00    -32.49  -25.31
 10.10    -33.99  -26.16
 10.20    -35.53  -27.06
 10.30    -37.07  -28.01
 10.40    -38.60  -29.01
 10.50    -40.08  -30.04
 10.60    -41.50  -31.09
 10.70    -42.84  -32.16
 10.80    -44.08  -33.24
 10.90    -45.23  -34.33
 11.00    -46.29  -35.42
 11.10    -47.26  -36.51
 11.20    -48.17  -37.61
 11.30    -49.04  -38.70
 11.40    -49.88  -39.79
 11.50    -50.71  -40.89
 11.60    -51.58  -41.99
 11.70    -52.49  -43.09
 11.80    -53.47  -44.19
 11.90    -54.53  -45.30
 12.00    -55.70  -46.40
 12.10    -56.96  -47.49
 12.20    -58.33  -48.58
 12.30    -59.78  -49.65
 12.40    -61.29  -50.72
 12.50    -62.82  -51.77
 12.60    -64.35  -52.81
 12.70    -65.83  -53.83
 12.80    -67.23  -54.84
 12.90    -68.53  -55.84
 13.00    -69.70  -56.84
 13.10    -70.74  -57.83
 13.20    -71.64  -58.81
 13.30    -72.41  -59.78
 13.40    -73.07  -60.73
 13.50    -73.62  -61.67
 13.60    -74.07  -62.58
 13.70    -74.45  -63.46
 13.80    -74.75  -64.31
 13.90    -75.00  -65.11
 14.00    -75.20  -65.87
The pI is  5.56 (folded) and  5.44 (unfolded)

--------------------------------------------------------------------------------------------------------
2026-08-30 00:19:19,184 INFO:biomolecule.py:797:apply_pka_values:Applying pKa values at a pH of 7.40:
2026-08-30 00:19:19,187 INFO:main.py:661:non_trivial:Adding hydrogens to biomolecule.
2026-08-30 00:19:19,560 INFO:main.py:664:non_trivial:Debumping biomolecule (again).
2026-08-30 00:19:19,882 INFO:main.py:666:non_trivial:Optimizing hydrogen bonds
2026-08-30 00:19:20,708 INFO:main.py:678:non_trivial:Applying force field to biomolecule states.
2026-08-30 00:19:20,712 INFO:main.py:725:non_trivial:Regenerating headers.
2026-08-30 00:19:20,712 INFO:main.py:750:non_trivial:Regenerating PDB lines.
2026-08-30 00:19:20,738 WARNING:main.py:326:print_pqr:Ignoring 467 header lines in output.
