2026-08-30 00:16:53,598 INFO:main.py:246:print_splash_screen:PDB2PQR v3.7.1: biomolecular structure conversion software.
2026-08-30 00:16:53,598 INFO:main.py:248:print_splash_screen:Please cite:  Jurrus E, et al.  Improvements to the APBS biomolecular solvation software suite.  Protein Sci 27 112-128 (2018).
2026-08-30 00:16:53,599 INFO:main.py:248:print_splash_screen:Please cite:  Dolinsky TJ, et al.  PDB2PQR: expanding and upgrading automated preparation of biomolecular structures for molecular simulations. Nucleic Acids Res 35 W522-W525 (2007).
2026-08-30 00:16:53,599 INFO:main.py:770:main_driver:Checking and transforming input arguments.
2026-08-30 00:16:53,599 INFO:main.py:774:main_driver:Loading topology files.
2026-08-30 00:16:53,758 INFO:main.py:776:main_driver:Loading molecule: /Users/anishsharma/Library/Mobile Documents/com~apple~CloudDocs/ebv_ms_publication/processed/pmhc_surface_electrostatics_sequence_expansion_2026-08-30/prepared_structures/HY03_SEQ_02/HY03_SEQ_02__self__SELF_IEDB_18eebcfe8ed0__s3__full.pdb
2026-08-30 00:16:53,774 INFO:main.py:781:main_driver:Setting up molecule.
2026-08-30 00:16:53,785 INFO:main.py:423:setup_molecule:Created biomolecule object with 382 residues and 3162 atoms.
2026-08-30 00:16:53,786 INFO:main.py:785:main_driver:Setting termini states for biomolecule chains.
2026-08-30 00:16:53,796 INFO:main.py:616:non_trivial:Loading forcefield.
2026-08-30 00:16:53,807 INFO:main.py:620:non_trivial:Loading hydrogen topology definitions.
2026-08-30 00:16:53,813 INFO:main.py:474:is_repairable:This biomolecule is clean.  No repair needed.
2026-08-30 00:16:53,813 INFO:main.py:635:non_trivial:Updating disulfide bridges.
2026-08-30 00:16:53,814 INFO:main.py:638:non_trivial:Debumping biomolecule.
2026-08-30 00:16:54,137 INFO:main.py:645:non_trivial:Assigning titration states with PROPKA.
2026-08-30 00:16:54,184 INFO:output.py:74:print_header:
propka3.5.1                                                                                  2026-08-30

-------------------------------------------------------------------------------
--                                                                           --
--  PROPKA: A PROTEIN PKA PREDICTOR                                          --
--                                                                           --
--  VERSION 1.0,  04/25/2004,  IOWA CITY                                     --
--  BY HUI LI                                                                --
--                                                                           --
--  VERSION 2.0,  11/05/2007, IOWA CITY/COPENHAGEN                           --
--  BY DELPHINE C. BAS AND DAVID M. ROGERS                                   --
--                                                                           --
--  VERSION 3.0,  01/06/2011, COPENHAGEN                                     --
--  BY MATS H.M. OLSSON AND CHRESTEN R. SONDERGARD                           --
--                                                                           --
--  VERSION 3.1,  07/01/2011, COPENHAGEN                                     --
--  BY CHRESTEN R. SONDERGARD AND MATS H.M. OLSSON                           --
--                                                                           --
--  VERSION 3.2,  06/17/2020, PLANET EARTH                                   --
--  SEE ABOVE FOR AUTHORS                                                    --
--                                                                           --
-------------------------------------------------------------------------------


-------------------------------------------------------------------------------
References:

Very Fast Empirical Prediction and Rationalization of Protein pKa Values.
Hui Li, Andrew D. Robertson and Jan H. Jensen. PROTEINS: Structure, Function,
and Bioinformatics. 61:704-721 (2005)

Very Fast Prediction and Rationalization of pKa Values for Protein-Ligand
Complexes.  Delphine C. Bas, David M. Rogers and Jan H. Jensen.  PROTEINS:
Structure, Function, and Bioinformatics 73:765-783 (2008)

PROPKA3: Consistent Treatment of Internal and Surface Residues in Empirical
pKa predictions.  Mats H.M. Olsson, Chresten R. Sondergard, Michal Rostkowski,
and Jan H. Jensen.  Journal of Chemical Theory and Computation, 7(2):525-537
(2011)

Improved Treatment of Ligands and Coupling Effects in Empirical Calculation
and Rationalization of pKa Values.  Chresten R. Sondergaard, Mats H.M. Olsson,
Michal Rostkowski, and Jan H. Jensen.  Journal of Chemical Theory and
Computation, (2011)
-------------------------------------------------------------------------------



2026-08-30 00:16:54,588 INFO:conformation_container.py:124:find_covalently_coupled_groups:Coupling map:
Covalent coupling map for Conformation container 1A with 3785 atoms and 959 groups
            N+    1 B | ASP   1 B | 
N+    1 B             |     X     | 
ASP   1 B       X     |           | 
2026-08-30 00:16:54,609 INFO:conformation_container.py:213:calculate_pka:Calculating pKas for Conformation container 1A with 3785 atoms and 959 groups
2026-08-30 00:16:57,548 INFO:conformation_container.py:235:calculate_pka:Removing penalised groups!!!
2026-08-30 00:16:57,727 INFO:output.py:225:print_pka_section:pKa determinants:

---------  -----   ------   ---------------------    --------------    --------------    --------------
                            DESOLVATION  EFFECTS       SIDECHAIN          BACKBONE        COULOMBIC
 RESIDUE    pKa    BURIED     REGULAR      RE        HYDROGEN BOND     HYDROGEN BOND      INTERACTION
---------  -----   ------   ---------   ---------    --------------    --------------    --------------

ASP  14 A   2.79    26 %    1.41  355   0.05    0   -1.47 ARG   5 B   -0.40 ASP  14 A   -0.02 N+    1 B
ASP  14 A                                            0.00 XXX   0 X    0.00 XXX   0 X   -0.13 ARG   3 B
ASP  14 A                                            0.00 XXX   0 X    0.00 XXX   0 X   -0.45 ARG   5 B

ASP  22 A   7.47   100 %    3.35  636   0.90    0    0.00 XXX   0 X   -0.69 GLY  25 A    0.37 ASP  24 A
ASP  22 A                                            0.00 XXX   0 X    0.00 XXX   0 X    0.13 GLU  27 A
ASP  22 A                                            0.00 XXX   0 X    0.00 XXX   0 X    0.02 GLU  13 B
ASP  22 A                                            0.00 XXX   0 X    0.00 XXX   0 X    0.57 ASP  26 A
ASP  22 A                                            0.00 XXX   0 X    0.00 XXX   0 X   -0.99 ARG 143 A

ASP  24 A   4.20    82 %    2.72  511   0.77    0   -1.60 HIS   2 A   -0.79 VAL   3 A   -0.17 N+    1 A
ASP  24 A                                            0.00 XXX   0 X    0.00 XXX   0 X    0.05 GLU   1 A
ASP  24 A                                            0.00 XXX   0 X    0.00 XXX   0 X    0.16 ASP  26 A
ASP  24 A                                            0.00 XXX   0 X    0.00 XXX   0 X   -0.02 HIS  15 B
ASP  24 A                                            0.00 XXX   0 X    0.00 XXX   0 X   -0.72 HIS   2 A

ASP  26 A   3.54    99 %    3.93  559   0.67    0   -1.60 HIS 148 B   -0.34 TRP 152 B   -0.21 ARG  41 A
ASP  26 A                                            0.00 XXX   0 X    0.00 XXX   0 X   -0.47 ARG 143 A
ASP  26 A                                            0.00 XXX   0 X    0.00 XXX   0 X   -0.20 ARG  92 B
ASP  26 A                                            0.00 XXX   0 X    0.00 XXX   0 X   -2.03 HIS 148 B

ASP  32 A   2.78     0 %    0.47  269   0.00    0    0.00 XXX   0 X   -0.28 ALA  34 A   -0.20 LYS  35 A
ASP  32 A                                            0.00 XXX   0 X   -0.84 LYS  35 A   -0.03 LYS  36 A
ASP  32 A                                            0.00 XXX   0 X    0.00 XXX   0 X   -0.15 HIS  30 A

ASP  63 A  12.28*  100 %    3.54  604   0.88    0    1.53 GLU   8 A    0.00 XXX   0 X   -0.08 ARG  13 C
ASP  63 A                                            0.00 XXX   0 X    0.00 XXX   0 X    0.04 ASP  27 B
ASP  63 A                                            0.00 XXX   0 X    0.00 XXX   0 X    2.03 GLU   8 A
ASP  63 A                                            0.00 XXX   0 X    0.00 XXX   0 X    0.54 GLU   8 B

ASP 107 A   4.68    53 %    2.28  429   0.15    0   -0.31 ARG 137 A   -0.45 LYS 108 A   -0.25 LYS 108 A
ASP 107 A                                            0.00 XXX   0 X    0.00 XXX   0 X   -0.32 ARG 143 A
ASP 107 A                                            0.00 XXX   0 X    0.00 XXX   0 X    0.20 GLU  85 A
ASP 107 A                                            0.00 XXX   0 X    0.00 XXX   0 X    0.16 ASP 139 A
ASP 107 A                                            0.00 XXX   0 X    0.00 XXX   0 X   -0.01 HIS 148 B
ASP 107 A                                            0.00 XXX   0 X    0.00 XXX   0 X   -0.57 ARG 137 A

ASP 139 A   2.06    24 %    1.27  348   0.00    0   -1.39 ARG 137 A   -0.15 ASP 139 A   -0.10 LYS 108 A
ASP 139 A                                            0.00 XXX   0 X   -0.71 LEU 141 A   -0.02 ARG 143 A
ASP 139 A                                            0.00 XXX   0 X    0.00 XXX   0 X   -0.16 HIS 140 A
ASP 139 A                                            0.00 XXX   0 X    0.00 XXX   0 X   -0.48 ARG 137 A

ASP 156 A   2.79     3 %    0.48  290   0.00    0   -0.81 ASN 121 A    0.00 XXX   0 X   -0.19 ARG 120 A
ASP 156 A                                           -0.50 SER 153 A    0.00 XXX   0 X    0.00 XXX   0 X

ASP 159 A   3.90    17 %    0.94  330   0.22    0   -0.69 HIS 174 A    0.00 XXX   0 X   -0.00 ARG 161 A
ASP 159 A                                            0.00 XXX   0 X    0.00 XXX   0 X    0.03 GLU 176 A
ASP 159 A                                            0.00 XXX   0 X    0.00 XXX   0 X   -0.40 HIS 174 A

ASP 168 A   3.93     0 %    0.13  144   0.00    0    0.00 XXX   0 X    0.00 XXX   0 X    0.00 XXX   0 X

ASP 178 A   4.41     0 %    0.26  263   0.00    0    0.00 XXX   0 X    0.00 XXX   0 X   -0.05 LYS 104 B
ASP 178 A                                            0.00 XXX   0 X    0.00 XXX   0 X   -0.03 HIS 174 A
ASP 178 A                                            0.00 XXX   0 X    0.00 XXX   0 X    0.19 GLU 176 A
ASP 178 A                                            0.00 XXX   0 X    0.00 XXX   0 X    0.25 C-  178 A

GLU   1 A   3.41     0 %    0.33  272   0.00    0    0.00 XXX   0 X   -0.07 ASN  18 B   -0.22 N+    1 A
GLU   1 A                                            0.00 XXX   0 X   -0.84 GLY  19 B   -0.30 HIS   2 A

GLU   8 A   5.71*  100 %    3.88  638   0.55    0   -0.80 GLN   6 A    0.00 XXX   0 X   -0.04 LYS  70 B
GLU   8 A                                           -0.54 ASN  59 A    0.00 XXX   0 X    0.26 ASP  27 B
GLU   8 A                                           -0.57 ASN   9 C    0.00 XXX   0 X    0.00 XXX   0 X
GLU   8 A                                           -1.53 ASP  63 A    0.00 XXX   0 X    0.00 XXX   0 X

GLU  18 A   8.73   100 %    3.90  618   0.80    0    0.00 XXX   0 X   -0.66 PHE 134 A   -0.29 LYS 144 A
GLU  18 A                                            0.00 XXX   0 X    0.00 XXX   0 X    0.48 GLU  27 A

GLU  27 A   4.63   100 %    3.22  567   0.24    0   -1.60 HIS  30 A    0.00 XXX   0 X   -0.04 LYS 144 A
GLU  27 A                                            0.00 XXX   0 X    0.00 XXX   0 X    0.03 ASP  26 A
GLU  27 A                                            0.00 XXX   0 X    0.00 XXX   0 X   -1.11 HIS  30 A
GLU  27 A                                            0.00 XXX   0 X    0.00 XXX   0 X   -0.61 ARG  41 A

GLU  37 A   4.70     0 %    0.28  204   0.00    0    0.00 XXX   0 X    0.00 XXX   0 X   -0.23 LYS  35 A
GLU  37 A                                            0.00 XXX   0 X    0.00 XXX   0 X   -0.01 HIS  30 A
GLU  37 A                                            0.00 XXX   0 X    0.00 XXX   0 X    0.16 ASP  32 A

GLU  43 A   4.65     0 %    0.16  160   0.00    0    0.00 XXX   0 X    0.00 XXX   0 X   -0.12 ARG  47 A
GLU  43 A                                            0.00 XXX   0 X    0.00 XXX   0 X    0.11 GLU  44 A

GLU  44 A   4.01     9 %    0.55  306   0.00    0    0.00 XXX   0 X   -0.75 GLU  44 A   -0.07 ARG  47 A
GLU  44 A                                            0.00 XXX   0 X    0.00 XXX   0 X   -0.21 ARG  92 B

GLU  52 A   4.03     0 %    0.27  264   0.00    0    0.00 XXX   0 X   -0.74 GLN  54 A    0.00 XXX   0 X

GLU  68 A   4.52     2 %    0.30  287   0.02    0    0.00 XXX   0 X    0.00 XXX   0 X   -0.17 LYS  64 A
GLU  68 A                                            0.00 XXX   0 X    0.00 XXX   0 X   -0.12 LYS  72 A

GLU  85 A   4.17     0 %    0.33  280   0.00    0   -0.20 LYS 108 A    0.00 XXX   0 X   -0.10 ARG 137 A
GLU  85 A                                            0.00 XXX   0 X    0.00 XXX   0 X   -0.01 LYS 173 A
GLU  85 A                                            0.00 XXX   0 X    0.00 XXX   0 X    0.02 ASP 139 A
GLU  85 A                                            0.00 XXX   0 X    0.00 XXX   0 X   -0.38 LYS 108 A

GLU  95 A   4.53     0 %    0.21  249   0.00    0    0.00 XXX   0 X    0.00 XXX   0 X   -0.18 LYS  97 B

GLU  98 A   4.84     0 %    0.20  151   0.00    0    0.00 XXX   0 X    0.00 XXX   0 X   -0.05 LYS  97 B
GLU  98 A                                            0.00 XXX   0 X    0.00 XXX   0 X    0.19 GLU  95 A

GLU 131 A   3.31*   48 %    1.03  416   0.15    0   -0.85 LYS 144 A    0.00 XXX   0 X   -0.84 LYS 144 A
GLU 131 A                                            0.00 XXX   0 X    0.00 XXX   0 X   -0.68 HIS 146 A

GLU 138 A   4.69    17 %    0.23  328   0.00    0    0.00 XXX   0 X    0.00 XXX   0 X   -0.05 ARG 137 A
GLU 138 A                                            0.00 XXX   0 X    0.00 XXX   0 X   -0.01 ARG 143 A
GLU 138 A                                            0.00 XXX   0 X    0.00 XXX   0 X   -0.02 ARG  28 B
GLU 138 A                                            0.00 XXX   0 X    0.00 XXX   0 X    0.05 ASP 139 A
GLU 138 A                                            0.00 XXX   0 X    0.00 XXX   0 X   -0.02 HIS 140 A
GLU 138 A                                            0.00 XXX   0 X    0.00 XXX   0 X    0.07 GLU  13 B
GLU 138 A                                            0.00 XXX   0 X    0.00 XXX   0 X   -0.06 HIS  15 B

GLU 155 A   4.41     0 %    0.13  143   0.00    0   -0.30 THR 154 A    0.00 XXX   0 X    0.08 ASP 156 A

GLU 163 A   4.62     0 %    0.33  282   0.00    0    0.00 XXX   0 X    0.00 XXX   0 X   -0.21 ARG 161 A

GLU 169 A   4.66     0 %    0.16  125   0.00    0    0.00 XXX   0 X    0.00 XXX   0 X    0.00 XXX   0 X

GLU 176 A   3.73     0 %    0.26  216   0.00    0   -0.82 HIS 174 A    0.00 XXX   0 X    0.04 C-  178 A
GLU 176 A                                            0.00 XXX   0 X    0.00 XXX   0 X   -0.26 HIS 174 A

C-  178 A   3.23     0 %    0.37  233   0.00    0    0.00 XXX   0 X    0.00 XXX   0 X   -0.34 LYS 104 B

HIS   2 A   7.48    48 %   -1.47  417   0.00    0    1.60 ASP  24 A    0.00 XXX   0 X   -0.20 N+    1 A
HIS   2 A                                            0.00 XXX   0 X    0.00 XXX   0 X    0.30 GLU   1 A
HIS   2 A                                            0.00 XXX   0 X    0.00 XXX   0 X    0.03 GLU  86 B
HIS   2 A                                            0.00 XXX   0 X    0.00 XXX   0 X    0.72 ASP  24 A

HIS  30 A   7.29    73 %   -2.00  487   0.00    0    1.60 GLU  27 A    0.00 XXX   0 X   -0.05 ARG  41 A
HIS  30 A                                            0.00 XXX   0 X    0.00 XXX   0 X   -0.02 LYS 144 A
HIS  30 A                                            0.00 XXX   0 X    0.00 XXX   0 X    0.15 ASP  32 A
HIS  30 A                                            0.00 XXX   0 X    0.00 XXX   0 X    0.01 GLU  37 A
HIS  30 A                                            0.00 XXX   0 X    0.00 XXX   0 X    1.11 GLU  27 A

HIS 140 A   4.88    57 %   -1.75  440   0.00    0    0.00 XXX   0 X    0.00 XXX   0 X   -0.00 ARG 137 A
HIS 140 A                                            0.00 XXX   0 X    0.00 XXX   0 X   -0.55 ARG  28 B
HIS 140 A                                            0.00 XXX   0 X    0.00 XXX   0 X   -0.08 ARG  38 B
HIS 140 A                                            0.00 XXX   0 X    0.00 XXX   0 X    0.02 GLU 138 A
HIS 140 A                                            0.00 XXX   0 X    0.00 XXX   0 X    0.16 ASP 139 A
HIS 140 A                                            0.00 XXX   0 X    0.00 XXX   0 X    0.22 GLU  13 B
HIS 140 A                                            0.00 XXX   0 X    0.00 XXX   0 X    0.36 GLU  35 B

HIS 146 A   3.55*   76 %   -2.49  495   0.00    0    0.00 XXX   0 X    0.00 XXX   0 X   -1.13 LYS 144 A
HIS 146 A                                            0.00 XXX   0 X    0.00 XXX   0 X    0.68 GLU 131 A

HIS 164 A   4.64    75 %   -2.48  490   0.00    0    0.00 XXX   0 X    0.62 PRO 111 A    0.00 XXX   0 X

HIS 174 A   8.17     6 %   -0.53  298   0.00    0    0.69 ASP 159 A    0.00 XXX   0 X    0.03 ASP 178 A
HIS 174 A                                            0.82 GLU 176 A    0.00 XXX   0 X    0.40 ASP 159 A
HIS 174 A                                            0.00 XXX   0 X    0.00 XXX   0 X    0.26 GLU 176 A

CYS 104 A  99.99     0 %    0.00    0   0.00    0    0.00 XXX   0 X    0.00 XXX   0 X    0.00 XXX   0 X

CYS 160 A  99.99     0 %    0.00    0   0.00    0    0.00 XXX   0 X    0.00 XXX   0 X    0.00 XXX   0 X

TYR  10 A  10.84    23 %    1.17  346   0.00    0   -0.02 LYS  64 A    0.00 XXX   0 X    0.01 ASP  14 A
TYR  10 A                                            0.00 XXX   0 X    0.00 XXX   0 X    0.08 GLU  68 A
TYR  10 A                                            0.00 XXX   0 X    0.00 XXX   0 X   -0.40 LYS  64 A

TYR  76 A  10.08     0 %    0.31  201   0.00    0    0.00 XXX   0 X    0.00 XXX   0 X    0.02 GLU  68 A
TYR  76 A                                            0.00 XXX   0 X    0.00 XXX   0 X   -0.24 LYS  72 A

TYR 147 A  13.51    91 %    3.71  536   0.00    0   -0.45 ARG  41 A    0.00 XXX   0 X    0.23 ASP  26 A
TYR 147 A                                            0.00 XXX   0 X    0.00 XXX   0 X    0.11 GLU  27 A
TYR 147 A                                            0.00 XXX   0 X    0.00 XXX   0 X   -0.91 ARG  41 A
TYR 147 A                                            0.00 XXX   0 X    0.00 XXX   0 X   -0.05 ARG 143 A
TYR 147 A                                            0.00 XXX   0 X    0.00 XXX   0 X    0.87 ASP 151 B

TYR 158 A  11.56    37 %    1.47  384   0.00    0   -0.03 ARG 120 A    0.00 XXX   0 X   -0.25 ARG 120 A
TYR 158 A                                            0.00 XXX   0 X    0.00 XXX   0 X    0.36 ASP 156 A

LYS  35 A  10.83     0 %   -0.10  127   0.00    0    0.00 XXX   0 X    0.00 XXX   0 X    0.20 ASP  32 A
LYS  35 A                                            0.00 XXX   0 X    0.00 XXX   0 X    0.23 GLU  37 A

LYS  36 A  10.34     0 %   -0.19  186   0.00    0    0.00 XXX   0 X    0.00 XXX   0 X    0.03 ASP  32 A

LYS  64 A  10.86     0 %   -0.23  252   0.00    0    0.02 TYR  10 A    0.00 XXX   0 X    0.17 GLU  68 A
LYS  64 A                                            0.00 XXX   0 X    0.00 XXX   0 X    0.40 TYR  10 A

LYS  72 A  10.73     0 %   -0.15  204   0.00    0    0.00 XXX   0 X    0.00 XXX   0 X    0.12 GLU  68 A
LYS  72 A                                            0.00 XXX   0 X    0.00 XXX   0 X    0.02 C-   15 C
LYS  72 A                                            0.00 XXX   0 X    0.00 XXX   0 X    0.24 TYR  76 A

LYS 108 A  10.94     0 %   -0.26  248   0.00    0    0.20 GLU  85 A    0.00 XXX   0 X    0.25 ASP 107 A
LYS 108 A                                            0.00 XXX   0 X    0.00 XXX   0 X   -0.24 ARG 137 A
LYS 108 A                                            0.00 XXX   0 X    0.00 XXX   0 X    0.10 ASP 139 A
LYS 108 A                                            0.00 XXX   0 X    0.00 XXX   0 X    0.38 GLU  85 A

LYS 123 A  10.43     0 %   -0.07  112   0.00    0    0.00 XXX   0 X    0.00 XXX   0 X    0.00 XXX   0 X

LYS 144 A   9.29    86 %   -3.23  522   0.00    0    0.85 GLU 131 A    0.00 XXX   0 X    0.29 GLU  18 A
LYS 144 A                                            0.00 XXX   0 X    0.00 XXX   0 X    0.04 GLU  27 A
LYS 144 A                                            0.00 XXX   0 X    0.00 XXX   0 X    0.84 GLU 131 A

LYS 173 A  10.30     0 %   -0.22  275   0.00    0    0.00 XXX   0 X    0.00 XXX   0 X    0.01 GLU  85 A

ARG  41 A  13.30    76 %   -1.83  495   0.00    0    0.45 TYR 147 A    0.00 XXX   0 X    0.21 ASP  26 A
ARG  41 A                                            0.00 XXX   0 X    0.00 XXX   0 X    0.91 TYR 147 A
ARG  41 A                                            0.00 XXX   0 X    0.00 XXX   0 X    0.45 ASP 151 B
ARG  41 A                                            0.00 XXX   0 X    0.00 XXX   0 X    0.61 GLU  27 A

ARG  47 A  12.52     0 %   -0.17  151   0.00    0    0.00 XXX   0 X    0.00 XXX   0 X    0.12 GLU  43 A
ARG  47 A                                            0.00 XXX   0 X    0.00 XXX   0 X    0.07 GLU  44 A

ARG  73 A  12.80    52 %   -1.76  426   0.00    0    1.45 ASP  56 B    0.00 XXX   0 X    0.16 GLU   8 B
ARG  73 A                                            0.00 XXX   0 X    0.00 XXX   0 X    0.19 C-   15 C
ARG  73 A                                            0.00 XXX   0 X    0.00 XXX   0 X   -0.49 ARG  13 C
ARG  73 A                                            0.00 XXX   0 X    0.00 XXX   0 X    0.76 ASP  56 B

ARG  97 A  12.40     0 %   -0.10  123   0.00    0    0.00 XXX   0 X    0.00 XXX   0 X    0.00 XXX   0 X

ARG 120 A  12.70     0 %   -0.26  272   0.00    0    0.03 TYR 158 A    0.00 XXX   0 X    0.19 ASP 156 A
ARG 120 A                                            0.00 XXX   0 X    0.00 XXX   0 X    0.25 TYR 158 A

ARG 137 A  14.28    27 %   -1.12  356   0.00    0    0.31 ASP 107 A    0.00 XXX   0 X    0.10 GLU  85 A
ARG 137 A                                            1.39 ASP 139 A    0.00 XXX   0 X    0.05 GLU 138 A
ARG 137 A                                            0.00 XXX   0 X    0.00 XXX   0 X    0.57 ASP 107 A
ARG 137 A                                            0.00 XXX   0 X    0.00 XXX   0 X    0.48 ASP 139 A

ARG 143 A  11.75   100 %   -2.51  574   0.00    0    0.00 XXX   0 X    0.00 XXX   0 X    0.47 ASP  26 A
ARG 143 A                                            0.00 XXX   0 X    0.00 XXX   0 X    0.32 ASP 107 A
ARG 143 A                                            0.00 XXX   0 X    0.00 XXX   0 X    0.01 GLU 138 A
ARG 143 A                                            0.00 XXX   0 X    0.00 XXX   0 X    0.02 ASP 139 A
ARG 143 A                                            0.00 XXX   0 X    0.00 XXX   0 X    0.05 TYR 147 A
ARG 143 A                                            0.00 XXX   0 X    0.00 XXX   0 X    0.09 TYR   9 B
ARG 143 A                                            0.00 XXX   0 X    0.00 XXX   0 X   -0.19 ARG 137 A
ARG 143 A                                            0.00 XXX   0 X    0.00 XXX   0 X    0.99 ASP  22 A

ARG 161 A  12.38     0 %   -0.34  265   0.00    0    0.00 XXX   0 X    0.00 XXX   0 X    0.00 ASP 159 A
ARG 161 A                                            0.00 XXX   0 X    0.00 XXX   0 X    0.21 GLU 163 A

N+    1 A   7.74     7 %   -0.60  300   0.00    0    0.00 XXX   0 X    0.00 XXX   0 X    0.22 GLU   1 A
N+    1 A                                            0.00 XXX   0 X    0.00 XXX   0 X    0.17 ASP  24 A
N+    1 A                                            0.00 XXX   0 X    0.00 XXX   0 X   -0.04 ARG  22 B

ASP  27 B   3.56   100 %    3.80  672   0.65    0   -0.69 SER  12 B    0.00 XXX   0 X   -0.28 ARG  73 B
ASP  27 B                                           -0.08 TYR  25 B    0.00 XXX   0 X    0.03 GLU  13 B
ASP  27 B                                           -0.78 TYR  29 B    0.00 XXX   0 X   -2.03 LYS  70 B
ASP  27 B                                           -0.85 LYS  70 B    0.00 XXX   0 X    0.00 XXX   0 X

ASP  40 B   2.36    30 %    1.42  364   0.09    0   -1.37 ARG  24 B   -0.79 ASP  42 B   -0.00 ARG  22 B
ASP  40 B                                            0.00 XXX   0 X    0.00 XXX   0 X   -0.02 ARG  28 B
ASP  40 B                                            0.00 XXX   0 X    0.00 XXX   0 X   -0.19 ARG  38 B
ASP  40 B                                            0.00 XXX   0 X    0.00 XXX   0 X   -0.02 ARG  47 B
ASP  40 B                                            0.00 XXX   0 X    0.00 XXX   0 X   -0.06 HIS  15 B
ASP  40 B                                            0.00 XXX   0 X    0.00 XXX   0 X   -0.48 ARG  24 B

ASP  42 B   4.17     7 %    0.49  301   0.01    0    0.00 XXX   0 X    0.00 XXX   0 X   -0.17 ARG  22 B
ASP  42 B                                            0.00 XXX   0 X    0.00 XXX   0 X   -0.28 ARG  24 B
ASP  42 B                                            0.00 XXX   0 X    0.00 XXX   0 X   -0.02 HIS  15 B
ASP  42 B                                            0.00 XXX   0 X    0.00 XXX   0 X    0.35 ASP  40 B

ASP  56 B   2.79    70 %    3.05  476   0.66    0   -1.45 ARG  73 A   -0.77 ARG  14 C   -0.03 ARG  14 C
ASP  56 B                                           -0.56 ARG  13 C    0.00 XXX   0 X   -0.76 ARG  73 A
ASP  56 B                                            0.00 XXX   0 X    0.00 XXX   0 X   -1.16 ARG  13 C

ASP  65 B   3.45     0 %    0.31  226   0.00    0    0.00 XXX   0 X   -0.34 ASP  65 B    0.00 XXX   0 X
ASP  65 B                                            0.00 XXX   0 X   -0.32 LEU  66 B    0.00 XXX   0 X

ASP  75 B   3.48     2 %    0.35  286   0.01    0   -0.37 ARG  79 B    0.00 XXX   0 X   -0.30 ARG  79 B

ASP 151 B   4.68    88 %    2.34  528   0.27    0   -0.85 THR 153 B   -0.23 ASP 151 B   -0.45 ARG  41 A
ASP 151 B                                            0.00 XXX   0 X   -0.11 THR 153 B   -0.15 ARG  92 B
ASP 151 B                                            0.00 XXX   0 X    0.00 XXX   0 X    0.34 ASP  26 A
ASP 151 B                                            0.00 XXX   0 X    0.00 XXX   0 X   -0.28 HIS 148 B

GLU   8 B   7.11   100 %    3.69  642   1.45    0   -0.69 ARG  13 C    0.00 XXX   0 X   -0.16 ARG  73 A
GLU   8 B                                            0.00 XXX   0 X    0.00 XXX   0 X    0.36 ASP  56 B
GLU   8 B                                            0.00 XXX   0 X    0.00 XXX   0 X   -2.03 ARG  13 C

GLU  13 B   2.51    96 %    2.79  549   0.17    0   -0.51 THR  11 B    0.00 XXX   0 X   -0.09 ARG  24 B
GLU  13 B                                           -1.60 HIS  15 B    0.00 XXX   0 X   -0.18 ARG  38 B
GLU  13 B                                           -0.63 ARG  28 B    0.00 XXX   0 X   -0.22 HIS 140 A
GLU  13 B                                            0.00 XXX   0 X    0.00 XXX   0 X    0.01 ASP  40 B
GLU  13 B                                            0.00 XXX   0 X    0.00 XXX   0 X   -0.70 HIS  15 B
GLU  13 B                                            0.00 XXX   0 X    0.00 XXX   0 X   -1.03 ARG  28 B

GLU  21 B   4.29     0 %    0.19  121   0.00    0   -0.39 ASN  18 B    0.00 XXX   0 X   -0.01 ARG  22 B
GLU  21 B                                            0.00 XXX   0 X    0.00 XXX   0 X   -0.01 ARG  79 B

GLU  34 B   4.77    25 %    0.67  350   0.10    0   -0.51 THR  50 B    0.00 XXX   0 X   -0.00 ARG  13 C

GLU  35 B   2.89    67 %    2.72  470   0.22    0   -1.68 ARG  28 B    0.00 XXX   0 X   -0.02 ARG  24 B
GLU  35 B                                           -1.29 ARG  38 B    0.00 XXX   0 X   -0.36 HIS 140 A
GLU  35 B                                            0.00 XXX   0 X    0.00 XXX   0 X    0.29 GLU  13 B
GLU  35 B                                            0.00 XXX   0 X    0.00 XXX   0 X    0.02 ASP  40 B
GLU  35 B                                            0.00 XXX   0 X    0.00 XXX   0 X   -0.82 ARG  28 B
GLU  35 B                                            0.00 XXX   0 X    0.00 XXX   0 X   -0.69 ARG  38 B

GLU  45 B   4.29     0 %    0.25  262   0.00    0    0.00 XXX   0 X    0.00 XXX   0 X   -0.18 ARG  47 B
GLU  45 B                                            0.00 XXX   0 X    0.00 XXX   0 X   -0.15 LYS  64 B
GLU  45 B                                            0.00 XXX   0 X    0.00 XXX   0 X   -0.14 ARG  71 B

GLU  51 B   3.75     0 %    0.37  170   0.00    0   -0.74 ARG  54 B    0.00 XXX   0 X   -0.38 ARG  54 B

GLU  58 B   4.55     0 %    0.22  222   0.00    0    0.00 XXX   0 X    0.00 XXX   0 X   -0.09 ARG  54 B
GLU  58 B                                            0.00 XXX   0 X    0.00 XXX   0 X   -0.11 ARG  14 C
GLU  58 B                                            0.00 XXX   0 X    0.00 XXX   0 X    0.03 GLU  51 B

GLU  68 B   3.94     0 %    0.26  209   0.00    0   -0.50 ARG  71 B    0.00 XXX   0 X   -0.02 LYS  64 B
GLU  68 B                                            0.00 XXX   0 X    0.00 XXX   0 X   -0.31 ARG  71 B

GLU  86 B   4.85     8 %    0.46  303   0.02    0   -0.11 GLN  91 B    0.00 XXX   0 X   -0.03 HIS   2 A

GLU 127 B   4.18     0 %    0.25  236   0.00    0   -0.24 ARG 129 B    0.00 XXX   0 X   -0.03 LYS 138 B
GLU 127 B                                            0.00 XXX   0 X    0.00 XXX   0 X    0.04 GLU 136 B
GLU 127 B                                            0.00 XXX   0 X    0.00 XXX   0 X   -0.34 ARG 129 B

GLU 136 B   3.44     0 %    0.46  240   0.00    0   -0.45 ARG 129 B    0.00 XXX   0 X   -0.33 ARG 129 B
GLU 136 B                                           -0.36 LYS 138 B    0.00 XXX   0 X   -0.38 LYS 138 B

GLU 137 B   4.53    11 %    0.57  313   0.05    0   -0.36 ARG 132 B    0.00 XXX   0 X   -0.00 ARG 165 B
GLU 137 B                                            0.00 XXX   0 X    0.00 XXX   0 X    0.01 GLU 136 B
GLU 137 B                                            0.00 XXX   0 X    0.00 XXX   0 X    0.06 GLU 168 B
GLU 137 B                                            0.00 XXX   0 X    0.00 XXX   0 X   -0.30 ARG 132 B

GLU 161 B   4.64     0 %    0.23  245   0.00    0    0.00 XXX   0 X    0.00 XXX   0 X   -0.10 HIS 111 B

GLU 168 B   3.08     5 %    0.74  296   0.05    0   -0.33 ARG 132 B   -0.65 ARG 165 B   -0.26 ARG 165 B
GLU 168 B                                           -0.69 TYR 170 B    0.00 XXX   0 X   -0.29 ARG 132 B

GLU 175 B   4.77     0 %    0.30  244   0.00    0   -0.13 ARG 129 B    0.00 XXX   0 X   -0.21 ARG 129 B
GLU 175 B                                            0.00 XXX   0 X    0.00 XXX   0 X    0.28 GLU 127 B
GLU 175 B                                            0.00 XXX   0 X    0.00 XXX   0 X    0.03 GLU 136 B

GLU 186 B   4.38     0 %    0.29  238   0.00    0   -0.06 ARG 188 B    0.00 XXX   0 X   -0.35 ARG 188 B

C-  189 B   3.31     0 %    0.32  228   0.00    0    0.00 XXX   0 X   -0.23 GLY 167 B   -0.01 ARG 188 B
C-  189 B                                            0.00 XXX   0 X    0.00 XXX   0 X    0.03 GLU 168 B

HIS  15 B   6.89    61 %   -1.59  453   0.00    0    1.60 GLU  13 B    0.00 XXX   0 X   -0.09 N+    1 A
HIS  15 B                                            0.00 XXX   0 X    0.00 XXX   0 X   -0.02 ARG  22 B
HIS  15 B                                            0.00 XXX   0 X    0.00 XXX   0 X   -0.22 ARG  24 B
HIS  15 B                                            0.00 XXX   0 X    0.00 XXX   0 X   -0.13 ARG  28 B
HIS  15 B                                            0.00 XXX   0 X    0.00 XXX   0 X   -0.02 ARG  38 B
HIS  15 B                                            0.00 XXX   0 X    0.00 XXX   0 X    0.02 ASP  24 A
HIS  15 B                                            0.00 XXX   0 X    0.00 XXX   0 X    0.06 GLU 138 A
HIS  15 B                                            0.00 XXX   0 X    0.00 XXX   0 X    0.06 ASP  40 B
HIS  15 B                                            0.00 XXX   0 X    0.00 XXX   0 X    0.02 ASP  42 B
HIS  15 B                                            0.00 XXX   0 X    0.00 XXX   0 X    0.70 GLU  13 B

HIS  31 B   3.16    87 %   -2.72  524   0.00    0    0.00 XXX   0 X    0.00 XXX   0 X   -0.07 ARG  73 A
HIS  31 B                                            0.00 XXX   0 X    0.00 XXX   0 X   -0.55 ARG  13 C

HIS  80 B   6.42    25 %   -0.84  351   0.00    0    0.00 XXX   0 X    0.76 LEU   4 C    0.00 XXX   0 X

HIS  95 B   6.29     0 %   -0.21  262   0.00    0    0.00 XXX   0 X    0.00 XXX   0 X    0.00 XXX   0 X

HIS 110 B   6.23     0 %   -0.21  132   0.00    0    0.00 XXX   0 X    0.00 XXX   0 X   -0.05 HIS 111 B

HIS 111 B   6.35     0 %   -0.22  215   0.00    0    0.00 XXX   0 X    0.00 XXX   0 X   -0.03 ARG 165 B
HIS 111 B                                            0.00 XXX   0 X    0.00 XXX   0 X    0.10 GLU 161 B

HIS 148 B   6.45   100 %   -2.77  562   0.00    0    1.60 ASP  26 A    0.06 GLY  25 A   -0.08 ARG  41 A
HIS 148 B                                            0.00 XXX   0 X    0.00 XXX   0 X   -1.19 ARG 143 A
HIS 148 B                                            0.00 XXX   0 X    0.00 XXX   0 X    0.01 ASP 107 A
HIS 148 B                                            0.00 XXX   0 X    0.00 XXX   0 X    0.28 ASP 151 B
HIS 148 B                                            0.00 XXX   0 X    0.00 XXX   0 X    2.03 ASP  26 A

HIS 176 B   5.34    42 %   -1.90  399   0.00    0    0.00 XXX   0 X    0.82 PRO 123 B   -0.05 ARG  93 B
HIS 176 B                                            0.00 XXX   0 X    0.00 XXX   0 X   -0.03 HIS  95 B

CYS  14 B  99.99     0 %    0.00    0   0.00    0    0.00 XXX   0 X    0.00 XXX   0 X    0.00 XXX   0 X

CYS  78 B  99.99     0 %    0.00    0   0.00    0    0.00 XXX   0 X    0.00 XXX   0 X    0.00 XXX   0 X

CYS 116 B  99.99     0 %    0.00    0   0.00    0    0.00 XXX   0 X    0.00 XXX   0 X    0.00 XXX   0 X

CYS 172 B  99.99     0 %    0.00    0   0.00    0    0.00 XXX   0 X    0.00 XXX   0 X    0.00 XXX   0 X

TYR   9 B  13.94   100 %    3.33  626   0.00    0    0.00 XXX   0 X    0.00 XXX   0 X    0.25 GLU  18 A
TYR   9 B                                            0.00 XXX   0 X    0.00 XXX   0 X    0.21 ASP  22 A
TYR   9 B                                            0.00 XXX   0 X    0.00 XXX   0 X    0.04 ASP 139 A
TYR   9 B                                            0.00 XXX   0 X    0.00 XXX   0 X   -0.09 ARG 143 A
TYR   9 B                                            0.00 XXX   0 X    0.00 XXX   0 X    0.38 GLU  13 B
TYR   9 B                                            0.00 XXX   0 X    0.00 XXX   0 X   -0.19 ARG  28 B

TYR  25 B  14.74   100 %    3.70  624   0.00    0   -0.36 SER  12 B    0.00 XXX   0 X    0.00 GLU   8 A
TYR  25 B                                           -0.03 ARG  73 B    0.00 XXX   0 X   -0.72 ARG  73 B
TYR  25 B                                            0.08 ASP  27 B    0.00 XXX   0 X    0.04 TYR   8 C
TYR  25 B                                            0.00 XXX   0 X    0.00 XXX   0 X    2.03 ASP  27 B

TYR  29 B  18.16   100 %    4.12  666   0.00    0    0.78 ASP  27 B    0.00 XXX   0 X    0.33 GLU   8 A
TYR  29 B                                            0.00 XXX   0 X    0.00 XXX   0 X    0.30 ASP  63 A
TYR  29 B                                            0.00 XXX   0 X    0.00 XXX   0 X    0.13 GLU   8 B
TYR  29 B                                            0.00 XXX   0 X    0.00 XXX   0 X    0.12 ASP  56 B
TYR  29 B                                            0.00 XXX   0 X    0.00 XXX   0 X   -0.06 ARG  73 B
TYR  29 B                                            0.00 XXX   0 X    0.00 XXX   0 X   -0.35 ARG  13 C
TYR  29 B                                            0.00 XXX   0 X    0.00 XXX   0 X    0.76 TYR  25 B
TYR  29 B                                            0.00 XXX   0 X    0.00 XXX   0 X    2.03 ASP  27 B

TYR  59 B  10.19     0 %    0.24  258   0.00    0    0.00 XXX   0 X    0.00 XXX   0 X    0.01 ASP  56 B
TYR  59 B                                            0.00 XXX   0 X    0.00 XXX   0 X   -0.07 ARG  14 C
TYR  59 B                                            0.00 XXX   0 X    0.00 XXX   0 X    0.02 C-   15 C

TYR  77 B  15.88   100 %    4.10  657   0.00    0   -0.11 SER  12 B    0.00 XXX   0 X    0.28 GLU   8 A
TYR  77 B                                            0.00 XXX   0 X    0.00 XXX   0 X    0.01 GLU  13 B
TYR  77 B                                            0.00 XXX   0 X    0.00 XXX   0 X    0.37 ASP  27 B
TYR  77 B                                            0.00 XXX   0 X    0.00 XXX   0 X   -0.14 ARG  73 B
TYR  77 B                                            0.00 XXX   0 X    0.00 XXX   0 X    0.51 CYS   7 C
TYR  77 B                                            0.00 XXX   0 X    0.00 XXX   0 X    0.85 TYR  25 B
TYR  77 B                                            0.00 XXX   0 X    0.00 XXX   0 X    0.03 TYR   8 C

TYR  82 B  11.63    25 %    1.05  352   0.00    0    0.00 XXX   0 X    0.00 XXX   0 X    0.19 GLU   1 A
TYR  82 B                                            0.00 XXX   0 X    0.00 XXX   0 X    0.07 ASP  24 A
TYR  82 B                                            0.00 XXX   0 X    0.00 XXX   0 X    0.32 GLU  86 B

TYR 101 B  11.32    55 %    1.32  434   0.00    0    0.00 XXX   0 X    0.00 XXX   0 X    0.00 XXX   0 X

TYR 122 B  14.45    82 %    3.01  511   0.00    0    0.00 XXX   0 X    0.00 XXX   0 X    0.18 ASP  22 A
TYR 122 B                                            0.00 XXX   0 X    0.00 XXX   0 X   -0.25 ARG  92 B
TYR 122 B                                            0.00 XXX   0 X    0.00 XXX   0 X    0.64 ASP  24 A
TYR 122 B                                            0.00 XXX   0 X    0.00 XXX   0 X    0.88 ASP  26 A

TYR 170 B  11.76    32 %    1.70  371   0.00    0   -0.85 THR 162 B    0.00 XXX   0 X   -0.25 ARG 132 B
TYR 170 B                                            0.69 GLU 168 B    0.00 XXX   0 X    0.15 GLU 137 B
TYR 170 B                                            0.00 XXX   0 X    0.00 XXX   0 X   -0.15 ARG 165 B
TYR 170 B                                            0.00 XXX   0 X    0.00 XXX   0 X    0.02 C-  189 B
TYR 170 B                                            0.00 XXX   0 X    0.00 XXX   0 X    0.45 GLU 168 B

LYS  64 B  10.34     0 %   -0.22  200   0.00    0    0.00 XXX   0 X    0.00 XXX   0 X    0.15 GLU  45 B
LYS  64 B                                            0.00 XXX   0 X    0.00 XXX   0 X    0.02 GLU  68 B
LYS  64 B                                            0.00 XXX   0 X    0.00 XXX   0 X   -0.10 ARG  71 B

LYS  70 B   9.07   100 %   -3.62  617   0.00    0    0.85 ASP  27 B    0.00 XXX   0 X    0.04 GLU   8 A
LYS  70 B                                            0.00 XXX   0 X    0.00 XXX   0 X   -0.74 ARG  73 B
LYS  70 B                                            0.00 XXX   0 X    0.00 XXX   0 X    2.03 ASP  27 B

LYS  97 B  10.51     3 %   -0.22  289   0.00    0    0.00 XXX   0 X    0.00 XXX   0 X    0.18 GLU  95 A
LYS  97 B                                            0.00 XXX   0 X    0.00 XXX   0 X    0.05 GLU  98 A

LYS 104 B  10.71     0 %   -0.18  227   0.00    0    0.00 XXX   0 X    0.00 XXX   0 X    0.05 ASP 178 A
LYS 104 B                                            0.00 XXX   0 X    0.00 XXX   0 X    0.34 C-  178 A

LYS 138 B  10.86     0 %   -0.21  194   0.00    0    0.36 GLU 136 B    0.00 XXX   0 X    0.03 GLU 127 B
LYS 138 B                                            0.00 XXX   0 X    0.00 XXX   0 X   -0.20 ARG 129 B
LYS 138 B                                            0.00 XXX   0 X    0.00 XXX   0 X    0.38 GLU 136 B

ARG   3 B  12.07     0 %   -0.33  185   0.00    0    0.00 XXX   0 X    0.00 XXX   0 X    0.13 ASP  14 A
ARG   3 B                                            0.00 XXX   0 X    0.00 XXX   0 X   -0.23 ARG   5 B

ARG   5 B  13.27    12 %   -1.15  314   0.00    0    1.47 ASP  14 A    0.00 XXX   0 X    0.45 ASP  14 A

ARG  22 B  12.27     0 %   -0.36  217   0.00    0    0.00 XXX   0 X    0.00 XXX   0 X    0.01 GLU  21 B
ARG  22 B                                            0.00 XXX   0 X    0.00 XXX   0 X    0.00 ASP  40 B
ARG  22 B                                            0.00 XXX   0 X    0.00 XXX   0 X    0.17 ASP  42 B
ARG  22 B                                            0.00 XXX   0 X    0.00 XXX   0 X   -0.06 ARG  24 B

ARG  24 B  14.02    19 %   -0.65  334   0.00    0    1.37 ASP  40 B    0.00 XXX   0 X    0.09 GLU  13 B
ARG  24 B                                            0.00 XXX   0 X    0.00 XXX   0 X    0.02 GLU  35 B
ARG  24 B                                            0.00 XXX   0 X    0.00 XXX   0 X    0.28 ASP  42 B
ARG  24 B                                            0.00 XXX   0 X    0.00 XXX   0 X   -0.07 ARG  28 B
ARG  24 B                                            0.00 XXX   0 X    0.00 XXX   0 X    0.48 ASP  40 B

ARG  28 B  15.04    63 %   -1.86  459   0.00    0    0.63 GLU  13 B    0.00 XXX   0 X    0.02 GLU 138 A
ARG  28 B                                            1.68 GLU  35 B    0.00 XXX   0 X    0.19 TYR   9 B
ARG  28 B                                            0.00 XXX   0 X    0.00 XXX   0 X    0.02 ASP  40 B
ARG  28 B                                            0.00 XXX   0 X    0.00 XXX   0 X    1.03 GLU  13 B
ARG  28 B                                            0.00 XXX   0 X    0.00 XXX   0 X    0.82 GLU  35 B

ARG  38 B  13.13    42 %   -1.03  399   0.00    0    1.29 GLU  35 B    0.00 XXX   0 X    0.18 GLU  13 B
ARG  38 B                                            0.00 XXX   0 X    0.00 XXX   0 X    0.19 ASP  40 B
ARG  38 B                                            0.00 XXX   0 X    0.00 XXX   0 X   -0.18 ARG  24 B
ARG  38 B                                            0.00 XXX   0 X    0.00 XXX   0 X   -0.51 ARG  28 B
ARG  38 B                                            0.00 XXX   0 X    0.00 XXX   0 X    0.69 GLU  35 B

ARG  47 B  12.44     0 %   -0.26  258   0.00    0    0.00 XXX   0 X    0.00 XXX   0 X    0.02 ASP  40 B
ARG  47 B                                            0.00 XXX   0 X    0.00 XXX   0 X    0.18 GLU  45 B

ARG  54 B  13.45     0 %   -0.25  204   0.00    0    0.74 GLU  51 B    0.00 XXX   0 X    0.09 GLU  58 B
ARG  54 B                                            0.00 XXX   0 X    0.00 XXX   0 X    0.38 GLU  51 B

ARG  71 B  13.03     0 %   -0.42  258   0.00    0    0.50 GLU  68 B    0.00 XXX   0 X    0.14 GLU  45 B
ARG  71 B                                            0.00 XXX   0 X    0.00 XXX   0 X    0.31 GLU  68 B

ARG  73 B  12.10    58 %   -2.05  443   0.00    0    0.03 TYR  25 B    0.00 XXX   0 X    0.72 TYR  25 B
ARG  73 B                                            0.00 XXX   0 X    0.00 XXX   0 X    0.28 ASP  27 B
ARG  73 B                                            0.00 XXX   0 X    0.00 XXX   0 X    0.06 TYR  29 B
ARG  73 B                                            0.00 XXX   0 X    0.00 XXX   0 X    0.14 TYR  77 B
ARG  73 B                                            0.00 XXX   0 X    0.00 XXX   0 X    0.42 TYR   8 C

ARG  79 B  12.59     9 %   -0.60  306   0.00    0    0.37 ASP  75 B    0.00 XXX   0 X    0.01 GLU  21 B
ARG  79 B                                            0.00 XXX   0 X    0.00 XXX   0 X    0.30 ASP  75 B

ARG  92 B  11.52    58 %   -1.79  443   0.00    0    0.00 XXX   0 X    0.00 XXX   0 X    0.20 ASP  26 A
ARG  92 B                                            0.00 XXX   0 X    0.00 XXX   0 X    0.21 GLU  44 A
ARG  92 B                                            0.00 XXX   0 X    0.00 XXX   0 X    0.25 TYR 122 B
ARG  92 B                                            0.00 XXX   0 X    0.00 XXX   0 X    0.15 ASP 151 B

ARG  93 B  12.29     0 %   -0.21  242   0.00    0    0.00 XXX   0 X    0.00 XXX   0 X    0.00 XXX   0 X

ARG 129 B  13.91     0 %   -0.28  249   0.00    0    0.13 GLU 175 B    0.00 XXX   0 X    0.21 GLU 175 B
ARG 129 B                                            0.24 GLU 127 B    0.00 XXX   0 X    0.34 GLU 127 B
ARG 129 B                                            0.45 GLU 136 B    0.00 XXX   0 X    0.33 GLU 136 B

ARG 132 B  13.74     0 %   -0.28  274   0.00    0    0.36 GLU 137 B    0.00 XXX   0 X    0.25 TYR 170 B
ARG 132 B                                            0.33 GLU 168 B    0.00 XXX   0 X    0.30 GLU 137 B
ARG 132 B                                            0.00 XXX   0 X    0.00 XXX   0 X    0.29 GLU 168 B

ARG 165 B  12.54     0 %   -0.24  226   0.00    0    0.00 XXX   0 X    0.00 XXX   0 X    0.00 GLU 137 B
ARG 165 B                                            0.00 XXX   0 X    0.00 XXX   0 X    0.26 GLU 168 B
ARG 165 B                                            0.00 XXX   0 X    0.00 XXX   0 X    0.15 TYR 170 B
ARG 165 B                                            0.00 XXX   0 X    0.00 XXX   0 X   -0.12 ARG 132 B

ARG 188 B  12.69     0 %   -0.23  184   0.00    0    0.06 GLU 186 B    0.00 XXX   0 X    0.35 GLU 186 B
ARG 188 B                                            0.00 XXX   0 X    0.00 XXX   0 X    0.01 C-  189 B

N+    1 B   7.62     0 %   -0.20  185   0.00    0    0.00 XXX   0 X    0.00 XXX   0 X    0.02 ASP  14 A
N+    1 B                                            0.00 XXX   0 X    0.00 XXX   0 X   -0.08 ARG   3 B
N+    1 B                                            0.00 XXX   0 X    0.00 XXX   0 X   -0.11 ARG   5 B

C-   15 C   3.24     0 %    0.29  250   0.00    0    0.00 XXX   0 X    0.00 XXX   0 X   -0.02 LYS  72 A
C-   15 C                                            0.00 XXX   0 X    0.00 XXX   0 X   -0.19 ARG  73 A
C-   15 C                                            0.00 XXX   0 X    0.00 XXX   0 X   -0.12 ARG  14 C
C-   15 C                                            0.00 XXX   0 X    0.00 XXX   0 X    0.08 ASP  56 B

HIS  12 C   5.92    22 %   -0.58  344   0.00    0    0.00 XXX   0 X    0.00 XXX   0 X    0.00 XXX   0 X

CYS   7 C  12.30    81 %    2.77  508   0.00    0    0.00 XXX   0 X   -0.05 CYS   7 C    0.02 GLU  52 A
CYS   7 C                                            0.00 XXX   0 X    0.00 XXX   0 X    0.56 GLU   8 A

TYR   8 C  10.37    27 %    0.71  357   0.00    0    0.00 XXX   0 X    0.00 XXX   0 X   -0.42 ARG  73 B
TYR   8 C                                            0.00 XXX   0 X    0.00 XXX   0 X    0.08 CYS   7 C

ARG  13 C  13.77   100 %   -3.62  597   0.00    0    0.69 GLU   8 B    0.00 XXX   0 X    0.08 ASP  63 A
ARG  13 C                                            0.56 ASP  56 B    0.00 XXX   0 X    0.35 TYR  29 B
ARG  13 C                                            0.00 XXX   0 X    0.00 XXX   0 X    0.00 GLU  34 B
ARG  13 C                                            0.00 XXX   0 X    0.00 XXX   0 X    2.03 GLU   8 B
ARG  13 C                                            0.00 XXX   0 X    0.00 XXX   0 X    1.16 ASP  56 B

ARG  14 C  12.60     0 %   -0.21  211   0.00    0    0.00 XXX   0 X    0.00 XXX   0 X    0.03 ASP  56 B
ARG  14 C                                            0.00 XXX   0 X    0.00 XXX   0 X    0.11 GLU  58 B
ARG  14 C                                            0.00 XXX   0 X    0.00 XXX   0 X    0.07 TYR  59 B
ARG  14 C                                            0.00 XXX   0 X    0.00 XXX   0 X    0.12 C-   15 C
ARG  14 C                                            0.00 XXX   0 X    0.00 XXX   0 X   -0.02 ARG  73 A

N+    1 C   7.84     0 %   -0.16  124   0.00    0    0.00 XXX   0 X    0.00 XXX   0 X    0.00 XXX   0 X

Coupled residues (marked *) were detected.Please rerun PropKa with the --display-coupled-residues 
or -d option for detailed information.

2026-08-30 00:16:57,728 INFO:output.py:227:print_pka_section:pKa summary:
--------------------------------------------------------------------------------------------------------
SUMMARY OF THIS PREDICTION
       Group      pKa  model-pKa   ligand atom-type
   ASP  14 A     2.79       3.80                      
   ASP  22 A     7.47       3.80                      
   ASP  24 A     4.20       3.80                      
   ASP  26 A     3.54       3.80                      
   ASP  32 A     2.78       3.80                      
   ASP  63 A    12.28       3.80                      
   ASP 107 A     4.68       3.80                      
   ASP 139 A     2.06       3.80                      
   ASP 156 A     2.79       3.80                      
   ASP 159 A     3.90       3.80                      
   ASP 168 A     3.93       3.80                      
   ASP 178 A     4.41       3.80                      
   ASP  27 B     3.56       3.80                      
   ASP  40 B     2.36       3.80                      
   ASP  42 B     4.17       3.80                      
   ASP  56 B     2.79       3.80                      
   ASP  65 B     3.45       3.80                      
   ASP  75 B     3.48       3.80                      
   ASP 151 B     4.68       3.80                      
   GLU   1 A     3.41       4.50                      
   GLU   8 A     5.71       4.50                      
   GLU  18 A     8.73       4.50                      
   GLU  27 A     4.63       4.50                      
   GLU  37 A     4.70       4.50                      
   GLU  43 A     4.65       4.50                      
   GLU  44 A     4.01       4.50                      
   GLU  52 A     4.03       4.50                      
   GLU  68 A     4.52       4.50                      
   GLU  85 A     4.17       4.50                      
   GLU  95 A     4.53       4.50                      
   GLU  98 A     4.84       4.50                      
   GLU 131 A     3.31       4.50                      
   GLU 138 A     4.69       4.50                      
   GLU 155 A     4.41       4.50                      
   GLU 163 A     4.62       4.50                      
   GLU 169 A     4.66       4.50                      
   GLU 176 A     3.73       4.50                      
   GLU   8 B     7.11       4.50                      
   GLU  13 B     2.51       4.50                      
   GLU  21 B     4.29       4.50                      
   GLU  34 B     4.77       4.50                      
   GLU  35 B     2.89       4.50                      
   GLU  45 B     4.29       4.50                      
   GLU  51 B     3.75       4.50                      
   GLU  58 B     4.55       4.50                      
   GLU  68 B     3.94       4.50                      
   GLU  86 B     4.85       4.50                      
   GLU 127 B     4.18       4.50                      
   GLU 136 B     3.44       4.50                      
   GLU 137 B     4.53       4.50                      
   GLU 161 B     4.64       4.50                      
   GLU 168 B     3.08       4.50                      
   GLU 175 B     4.77       4.50                      
   GLU 186 B     4.38       4.50                      
   C-  178 A     3.23       3.20                      
   C-  189 B     3.31       3.20                      
   C-   15 C     3.24       3.20                      
   HIS   2 A     7.48       6.50                      
   HIS  30 A     7.29       6.50                      
   HIS 140 A     4.88       6.50                      
   HIS 146 A     3.55       6.50                      
   HIS 164 A     4.64       6.50                      
   HIS 174 A     8.17       6.50                      
   HIS  15 B     6.89       6.50                      
   HIS  31 B     3.16       6.50                      
   HIS  80 B     6.42       6.50                      
   HIS  95 B     6.29       6.50                      
   HIS 110 B     6.23       6.50                      
   HIS 111 B     6.35       6.50                      
   HIS 148 B     6.45       6.50                      
   HIS 176 B     5.34       6.50                      
   HIS  12 C     5.92       6.50                      
   CYS 104 A    99.99       9.00                      
   CYS 160 A    99.99       9.00                      
   CYS  14 B    99.99       9.00                      
   CYS  78 B    99.99       9.00                      
   CYS 116 B    99.99       9.00                      
   CYS 172 B    99.99       9.00                      
   CYS   7 C    12.30       9.00                      
   TYR  10 A    10.84      10.00                      
   TYR  76 A    10.08      10.00                      
   TYR 147 A    13.51      10.00                      
   TYR 158 A    11.56      10.00                      
   TYR   9 B    13.94      10.00                      
   TYR  25 B    14.74      10.00                      
   TYR  29 B    18.16      10.00                      
   TYR  59 B    10.19      10.00                      
   TYR  77 B    15.88      10.00                      
   TYR  82 B    11.63      10.00                      
   TYR 101 B    11.32      10.00                      
   TYR 122 B    14.45      10.00                      
   TYR 170 B    11.76      10.00                      
   TYR   8 C    10.37      10.00                      
   LYS  35 A    10.83      10.50                      
   LYS  36 A    10.34      10.50                      
   LYS  64 A    10.86      10.50                      
   LYS  72 A    10.73      10.50                      
   LYS 108 A    10.94      10.50                      
   LYS 123 A    10.43      10.50                      
   LYS 144 A     9.29      10.50                      
   LYS 173 A    10.30      10.50                      
   LYS  64 B    10.34      10.50                      
   LYS  70 B     9.07      10.50                      
   LYS  97 B    10.51      10.50                      
   LYS 104 B    10.71      10.50                      
   LYS 138 B    10.86      10.50                      
   ARG  41 A    13.30      12.50                      
   ARG  47 A    12.52      12.50                      
   ARG  73 A    12.80      12.50                      
   ARG  97 A    12.40      12.50                      
   ARG 120 A    12.70      12.50                      
   ARG 137 A    14.28      12.50                      
   ARG 143 A    11.75      12.50                      
   ARG 161 A    12.38      12.50                      
   ARG   3 B    12.07      12.50                      
   ARG   5 B    13.27      12.50                      
   ARG  22 B    12.27      12.50                      
   ARG  24 B    14.02      12.50                      
   ARG  28 B    15.04      12.50                      
   ARG  38 B    13.13      12.50                      
   ARG  47 B    12.44      12.50                      
   ARG  54 B    13.45      12.50                      
   ARG  71 B    13.03      12.50                      
   ARG  73 B    12.10      12.50                      
   ARG  79 B    12.59      12.50                      
   ARG  92 B    11.52      12.50                      
   ARG  93 B    12.29      12.50                      
   ARG 129 B    13.91      12.50                      
   ARG 132 B    13.74      12.50                      
   ARG 165 B    12.54      12.50                      
   ARG 188 B    12.69      12.50                      
   ARG  13 C    13.77      12.50                      
   ARG  14 C    12.60      12.50                      
   N+    1 A     7.74       8.00                      
   N+    1 B     7.62       8.00                      
   N+    1 C     7.84       8.00                      

2026-08-30 00:16:57,780 INFO:main.py:648:non_trivial:PROPKA information:
--------------------------------------------------------------------------------------------------------
Free energy of   folding (kcal/mol) as a function of pH (using neutral reference)
  0.00     49.32
  1.00     48.27
  2.00     45.87
  3.00     39.21
  4.00     28.81
  5.00     24.61
  6.00     24.75
  7.00     27.51
  8.00     31.82
  9.00     34.85
 10.00     40.24
 11.00     53.00
 12.00     66.62
 13.00     80.92
 14.00     94.85

The pH of optimum stability is  5.3 for which the free energy is   24.5 kcal/mol at 298K
Could not determine pH values where the free energy is within 80 % of minimum
Could not determine the pH-range where the free energy is negative


Protein charge of folded and unfolded state as a function of pH
    pH  unfolded  folded
  0.00     57.99   57.56
  0.10     57.99   57.50
  0.20     57.99   57.43
  0.30     57.99   57.36
  0.40     57.98   57.29
  0.50     57.98   57.21
  0.60     57.98   57.14
  0.70     57.97   57.07
  0.80     57.96   56.99
  0.90     57.95   56.91
  1.00     57.94   56.82
  1.10     57.92   56.72
  1.20     57.90   56.61
  1.30     57.88   56.48
  1.40     57.85   56.32
  1.50     57.81   56.14
  1.60     57.76   55.92
  1.70     57.69   55.67
  1.80     57.62   55.36
  1.90     57.52   55.00
  2.00     57.40   54.59
  2.10     57.25   54.10
  2.20     57.06   53.54
  2.30     56.83   52.90
  2.40     56.55   52.18
  2.50     56.20   51.36
  2.60     55.77   50.45
  2.70     55.26   49.45
  2.80     54.64   48.34
  2.90     53.90   47.14
  3.00     53.03   45.84
  3.10     52.00   44.45
  3.20     50.81   42.96
  3.30     49.44   41.39
  3.40     47.88   39.73
  3.50     46.13   38.00
  3.60     44.18   36.20
  3.70     42.05   34.34
  3.80     39.75   32.41
  3.90     37.29   30.43
  4.00     34.69   28.40
  4.10     31.99   26.33
  4.20     29.21   24.23
  4.30     26.39   22.12
  4.40     23.58   20.01
  4.50     20.82   17.92
  4.60     18.16   15.88
  4.70     15.63   13.91
  4.80     13.28   12.04
  4.90     11.13   10.27
  5.00      9.18    8.64
  5.10      7.44    7.13
  5.20      5.90    5.75
  5.30      4.53    4.50
  5.40      3.31    3.37
  5.50      2.21    2.33
  5.60      1.21    1.39
  5.70      0.27    0.52
  5.80     -0.64   -0.30
  5.90     -1.53   -1.07
  6.00     -2.43   -1.80
  6.10     -3.35   -2.51
  6.20     -4.29   -3.19
  6.30     -5.26   -3.86
  6.40     -6.23   -4.52
  6.50     -7.21   -5.16
  6.60     -8.18   -5.79
  6.70     -9.11   -6.41
  6.80     -9.99   -7.02
  6.90    -10.82   -7.63
  7.00    -11.57   -8.23
  7.10    -12.26   -8.82
  7.20    -12.88   -9.41
  7.30    -13.44   -9.99
  7.40    -13.95  -10.57
  7.50    -14.41  -11.14
  7.60    -14.83  -11.70
  7.70    -15.23  -12.24
  7.80    -15.60  -12.76
  7.90    -15.96  -13.26
  8.00    -16.30  -13.73
  8.10    -16.63  -14.19
  8.20    -16.96  -14.62
  8.30    -17.28  -15.03
  8.40    -17.60  -15.41
  8.50    -17.93  -15.79
  8.60    -18.26  -16.15
  8.70    -18.61  -16.50
  8.80    -18.99  -16.86
  8.90    -19.40  -17.21
  9.00    -19.86  -17.56
  9.10    -20.37  -17.92
  9.20    -20.95  -18.30
  9.30    -21.62  -18.69
  9.40    -22.37  -19.10
  9.50    -23.22  -19.54
  9.60    -24.19  -20.02
  9.70    -25.26  -20.54
  9.80    -26.44  -21.10
  9.90    -27.72  -21.72
 10.00    -29.08  -22.40
 10.10    -30.51  -23.14
 10.20    -31.98  -23.93
 10.30    -33.46  -24.78
 10.40    -34.93  -25.68
 10.50    -36.36  -26.63
 10.60    -37.74  -27.60
 10.70    -39.04  -28.60
 10.80    -40.25  -29.62
 10.90    -41.38  -30.64
 11.00    -42.42  -31.67
 11.10    -43.38  -32.70
 11.20    -44.29  -33.73
 11.30    -45.15  -34.77
 11.40    -45.99  -35.81
 11.50    -46.84  -36.87
 11.60    -47.72  -37.94
 11.70    -48.65  -39.04
 11.80    -49.65  -40.17
 11.90    -50.75  -41.32
 12.00    -51.95  -42.51
 12.10    -53.26  -43.73
 12.20    -54.67  -44.98
 12.30    -56.17  -46.24
 12.40    -57.73  -47.52
 12.50    -59.33  -48.80
 12.60    -60.91  -50.08
 12.70    -62.45  -51.33
 12.80    -63.90  -52.55
 12.90    -65.24  -53.75
 13.00    -66.46  -54.90
 13.10    -67.54  -56.01
 13.20    -68.47  -57.08
 13.30    -69.28  -58.11
 13.40    -69.96  -59.10
 13.50    -70.53  -60.05
 13.60    -71.00  -60.96
 13.70    -71.39  -61.83
 13.80    -71.70  -62.66
 13.90    -71.96  -63.45
 14.00    -72.17  -64.20
The pI is  5.76 (folded) and  5.73 (unfolded)

--------------------------------------------------------------------------------------------------------
2026-08-30 00:16:57,781 INFO:biomolecule.py:797:apply_pka_values:Applying pKa values at a pH of 7.40:
2026-08-30 00:16:57,783 INFO:main.py:661:non_trivial:Adding hydrogens to biomolecule.
2026-08-30 00:16:58,342 INFO:main.py:664:non_trivial:Debumping biomolecule (again).
2026-08-30 00:16:58,792 INFO:main.py:666:non_trivial:Optimizing hydrogen bonds
2026-08-30 00:16:59,987 INFO:main.py:678:non_trivial:Applying force field to biomolecule states.
2026-08-30 00:16:59,995 INFO:main.py:725:non_trivial:Regenerating headers.
2026-08-30 00:16:59,997 INFO:main.py:750:non_trivial:Regenerating PDB lines.
2026-08-30 00:17:00,063 WARNING:main.py:326:print_pqr:Ignoring 467 header lines in output.
