2026-08-29 12:48:42,609 INFO:main.py:246:print_splash_screen:PDB2PQR v3.7.1: biomolecular structure conversion software.
2026-08-29 12:48:42,609 INFO:main.py:248:print_splash_screen:Please cite:  Jurrus E, et al.  Improvements to the APBS biomolecular solvation software suite.  Protein Sci 27 112-128 (2018).
2026-08-29 12:48:42,609 INFO:main.py:248:print_splash_screen:Please cite:  Dolinsky TJ, et al.  PDB2PQR: expanding and upgrading automated preparation of biomolecular structures for molecular simulations. Nucleic Acids Res 35 W522-W525 (2007).
2026-08-29 12:48:42,610 INFO:main.py:770:main_driver:Checking and transforming input arguments.
2026-08-29 12:48:42,610 INFO:main.py:774:main_driver:Loading topology files.
2026-08-29 12:48:42,639 INFO:main.py:776:main_driver:Loading molecule: /Users/anishsharma/Library/Mobile Documents/com~apple~CloudDocs/ebv_ms_publication/processed/pmhc_surface_electrostatics_pilot_2026-08-29/prepared_structures/HY13_SEQ_02/HY13_SEQ_02__self__SELF_CANON_TALDO1_0108_0122__s3__full.pdb
2026-08-29 12:48:42,645 INFO:main.py:781:main_driver:Setting up molecule.
2026-08-29 12:48:42,654 INFO:main.py:423:setup_molecule:Created biomolecule object with 382 residues and 3139 atoms.
2026-08-29 12:48:42,654 INFO:main.py:785:main_driver:Setting termini states for biomolecule chains.
2026-08-29 12:48:42,662 INFO:main.py:616:non_trivial:Loading forcefield.
2026-08-29 12:48:42,666 INFO:main.py:620:non_trivial:Loading hydrogen topology definitions.
2026-08-29 12:48:42,668 INFO:main.py:474:is_repairable:This biomolecule is clean.  No repair needed.
2026-08-29 12:48:42,668 INFO:main.py:635:non_trivial:Updating disulfide bridges.
2026-08-29 12:48:42,668 INFO:main.py:638:non_trivial:Debumping biomolecule.
2026-08-29 12:48:42,710 INFO:main.py:645:non_trivial:Assigning titration states with PROPKA.
2026-08-29 12:48:42,725 INFO:output.py:74:print_header:
propka3.5.1                                                                                  2026-08-29

-------------------------------------------------------------------------------
--                                                                           --
--  PROPKA: A PROTEIN PKA PREDICTOR                                          --
--                                                                           --
--  VERSION 1.0,  04/25/2004,  IOWA CITY                                     --
--  BY HUI LI                                                                --
--                                                                           --
--  VERSION 2.0,  11/05/2007, IOWA CITY/COPENHAGEN                           --
--  BY DELPHINE C. BAS AND DAVID M. ROGERS                                   --
--                                                                           --
--  VERSION 3.0,  01/06/2011, COPENHAGEN                                     --
--  BY MATS H.M. OLSSON AND CHRESTEN R. SONDERGARD                           --
--                                                                           --
--  VERSION 3.1,  07/01/2011, COPENHAGEN                                     --
--  BY CHRESTEN R. SONDERGARD AND MATS H.M. OLSSON                           --
--                                                                           --
--  VERSION 3.2,  06/17/2020, PLANET EARTH                                   --
--  SEE ABOVE FOR AUTHORS                                                    --
--                                                                           --
-------------------------------------------------------------------------------


-------------------------------------------------------------------------------
References:

Very Fast Empirical Prediction and Rationalization of Protein pKa Values.
Hui Li, Andrew D. Robertson and Jan H. Jensen. PROTEINS: Structure, Function,
and Bioinformatics. 61:704-721 (2005)

Very Fast Prediction and Rationalization of pKa Values for Protein-Ligand
Complexes.  Delphine C. Bas, David M. Rogers and Jan H. Jensen.  PROTEINS:
Structure, Function, and Bioinformatics 73:765-783 (2008)

PROPKA3: Consistent Treatment of Internal and Surface Residues in Empirical
pKa predictions.  Mats H.M. Olsson, Chresten R. Sondergard, Michal Rostkowski,
and Jan H. Jensen.  Journal of Chemical Theory and Computation, 7(2):525-537
(2011)

Improved Treatment of Ligands and Coupling Effects in Empirical Calculation
and Rationalization of pKa Values.  Chresten R. Sondergaard, Mats H.M. Olsson,
Michal Rostkowski, and Jan H. Jensen.  Journal of Chemical Theory and
Computation, (2011)
-------------------------------------------------------------------------------



2026-08-29 12:48:42,789 INFO:conformation_container.py:124:find_covalently_coupled_groups:Coupling map:
Covalent coupling map for Conformation container 1A with 3740 atoms and 958 groups
            N+    1 B | ASP   1 B | N+    1 C | ASP   1 C | 
N+    1 B             |     X     |           |           | 
ASP   1 B       X     |           |           |           | 
N+    1 C             |           |           |     X     | 
ASP   1 C             |           |     X     |           | 
2026-08-29 12:48:42,789 INFO:conformation_container.py:213:calculate_pka:Calculating pKas for Conformation container 1A with 3740 atoms and 958 groups
2026-08-29 12:48:44,124 INFO:conformation_container.py:235:calculate_pka:Removing penalised groups!!!
2026-08-29 12:48:44,178 INFO:output.py:225:print_pka_section:pKa determinants:

---------  -----   ------   ---------------------    --------------    --------------    --------------
                            DESOLVATION  EFFECTS       SIDECHAIN          BACKBONE        COULOMBIC
 RESIDUE    pKa    BURIED     REGULAR      RE        HYDROGEN BOND     HYDROGEN BOND      INTERACTION
---------  -----   ------   ---------   ---------    --------------    --------------    --------------

ASP  14 A   2.71    25 %    1.33  352   0.05    0   -1.47 ARG   5 B   -0.41 ASP  14 A   -0.01 N+    1 B
ASP  14 A                                            0.00 XXX   0 X    0.00 XXX   0 X   -0.14 ARG   3 B
ASP  14 A                                            0.00 XXX   0 X    0.00 XXX   0 X   -0.45 ARG   5 B

ASP  22 A   7.23   100 %    3.28  623   0.88    0    0.00 XXX   0 X   -0.69 GLY  25 A    0.36 ASP  24 A
ASP  22 A                                            0.00 XXX   0 X    0.00 XXX   0 X    0.14 GLU  27 A
ASP  22 A                                            0.00 XXX   0 X    0.00 XXX   0 X    0.55 ASP  26 A
ASP  22 A                                            0.00 XXX   0 X    0.00 XXX   0 X   -1.08 ARG 143 A

ASP  24 A   4.04    81 %    2.61  508   0.76    0   -1.60 HIS   2 A   -0.78 VAL   3 A   -0.15 N+    1 A
ASP  24 A                                            0.00 XXX   0 X    0.00 XXX   0 X    0.14 ASP  26 A
ASP  24 A                                            0.00 XXX   0 X    0.00 XXX   0 X   -0.01 HIS  15 B
ASP  24 A                                            0.00 XXX   0 X    0.00 XXX   0 X   -0.72 HIS   2 A

ASP  26 A   3.55    97 %    3.71  552   0.61    0   -1.60 HIS 148 B   -0.36 TRP 152 B   -0.21 ARG  41 A
ASP  26 A                                            0.00 XXX   0 X    0.00 XXX   0 X   -0.44 ARG 143 A
ASP  26 A                                            0.00 XXX   0 X    0.00 XXX   0 X   -0.19 ARG  92 B
ASP  26 A                                            0.00 XXX   0 X    0.00 XXX   0 X   -1.79 HIS 148 B

ASP  32 A   2.76     0 %    0.48  274   0.00    0    0.00 XXX   0 X   -0.32 ALA  34 A   -0.20 LYS  35 A
ASP  32 A                                            0.00 XXX   0 X   -0.84 LYS  35 A   -0.16 HIS  30 A

ASP  63 A  11.42*  100 %    3.52  590   0.77    0    1.05 GLU   8 A    0.00 XXX   0 X   -0.05 LYS   8 C
ASP  63 A                                            0.00 XXX   0 X    0.00 XXX   0 X   -0.34 ARG  14 C
ASP  63 A                                            0.00 XXX   0 X    0.00 XXX   0 X    0.04 ASP  27 B
ASP  63 A                                            0.00 XXX   0 X    0.00 XXX   0 X    2.03 GLU   8 A
ASP  63 A                                            0.00 XXX   0 X    0.00 XXX   0 X    0.58 GLU   8 B

ASP 107 A   4.52    49 %    2.09  418   0.13    0   -0.30 ARG 137 A   -0.45 LYS 108 A   -0.24 LYS 108 A
ASP 107 A                                            0.00 XXX   0 X    0.00 XXX   0 X   -0.29 ARG 143 A
ASP 107 A                                            0.00 XXX   0 X    0.00 XXX   0 X    0.19 GLU  85 A
ASP 107 A                                            0.00 XXX   0 X    0.00 XXX   0 X    0.15 ASP 139 A
ASP 107 A                                            0.00 XXX   0 X    0.00 XXX   0 X   -0.01 HIS 148 B
ASP 107 A                                            0.00 XXX   0 X    0.00 XXX   0 X   -0.55 ARG 137 A

ASP 139 A   2.05    21 %    1.19  340   0.00    0   -1.36 ARG 137 A   -0.13 ASP 139 A   -0.09 LYS 108 A
ASP 139 A                                            0.00 XXX   0 X   -0.72 LEU 141 A   -0.01 ARG 143 A
ASP 139 A                                            0.00 XXX   0 X    0.00 XXX   0 X   -0.15 HIS 140 A
ASP 139 A                                            0.00 XXX   0 X    0.00 XXX   0 X   -0.47 ARG 137 A

ASP 156 A   2.68     2 %    0.48  288   0.00    0   -0.81 ASN 121 A    0.00 XXX   0 X   -0.17 ARG 120 A
ASP 156 A                                           -0.61 SER 153 A    0.00 XXX   0 X   -0.01 LYS 123 A

ASP 159 A   3.89    18 %    0.93  331   0.22    0   -0.70 HIS 174 A    0.00 XXX   0 X   -0.00 ARG 161 A
ASP 159 A                                            0.00 XXX   0 X    0.00 XXX   0 X    0.03 GLU 176 A
ASP 159 A                                            0.00 XXX   0 X    0.00 XXX   0 X   -0.40 HIS 174 A

ASP 168 A   3.92     0 %    0.12  147   0.00    0    0.00 XXX   0 X    0.00 XXX   0 X    0.00 XXX   0 X

ASP 178 A   4.59     0 %    0.34  256   0.00    0    0.00 XXX   0 X    0.00 XXX   0 X   -0.02 LYS 104 B
ASP 178 A                                            0.00 XXX   0 X    0.00 XXX   0 X   -0.06 HIS 174 A
ASP 178 A                                            0.00 XXX   0 X    0.00 XXX   0 X    0.27 GLU 176 A
ASP 178 A                                            0.00 XXX   0 X    0.00 XXX   0 X    0.26 C-  178 A

GLU   1 A   4.14     0 %    0.28  241   0.00    0    0.00 XXX   0 X   -0.22 GLY  19 B   -0.25 N+    1 A
GLU   1 A                                            0.00 XXX   0 X    0.00 XXX   0 X   -0.20 HIS   2 A
GLU   1 A                                            0.00 XXX   0 X    0.00 XXX   0 X    0.02 ASP  24 A

GLU   8 A   5.73*  100 %    3.68  622   0.22    0   -0.76 GLN   6 A    0.00 XXX   0 X   -0.13 LYS  70 B
GLU   8 A                                           -0.60 ASN  59 A    0.00 XXX   0 X   -0.40 LYS   8 C
GLU   8 A                                           -1.05 ASP  63 A    0.00 XXX   0 X    0.26 ASP  27 B

GLU  18 A   8.71   100 %    3.82  611   0.80    0    0.00 XXX   0 X   -0.63 PHE 134 A   -0.26 LYS 144 A
GLU  18 A                                            0.00 XXX   0 X    0.00 XXX   0 X    0.48 GLU  27 A

GLU  27 A   4.56   100 %    3.16  568   0.23    0   -1.60 HIS  30 A    0.00 XXX   0 X   -0.03 LYS 144 A
GLU  27 A                                            0.00 XXX   0 X    0.00 XXX   0 X    0.02 ASP  26 A
GLU  27 A                                            0.00 XXX   0 X    0.00 XXX   0 X   -1.14 HIS  30 A
GLU  27 A                                            0.00 XXX   0 X    0.00 XXX   0 X   -0.58 ARG  41 A

GLU  37 A   4.70     0 %    0.29  210   0.00    0    0.00 XXX   0 X    0.00 XXX   0 X   -0.24 LYS  35 A
GLU  37 A                                            0.00 XXX   0 X    0.00 XXX   0 X   -0.01 HIS  30 A
GLU  37 A                                            0.00 XXX   0 X    0.00 XXX   0 X    0.16 ASP  32 A

GLU  43 A   4.57     0 %    0.10  154   0.00    0    0.00 XXX   0 X    0.00 XXX   0 X   -0.12 ARG  47 A
GLU  43 A                                            0.00 XXX   0 X    0.00 XXX   0 X    0.08 GLU  44 A

GLU  44 A   3.90     8 %    0.51  303   0.00    0    0.00 XXX   0 X   -0.77 GLU  44 A   -0.15 ARG  47 A
GLU  44 A                                            0.00 XXX   0 X    0.00 XXX   0 X   -0.19 ARG  92 B

GLU  52 A   3.95     0 %    0.26  250   0.00    0    0.00 XXX   0 X   -0.81 GLN  54 A    0.00 XXX   0 X

GLU  68 A   4.60     0 %    0.26  281   0.00    0    0.00 XXX   0 X    0.00 XXX   0 X   -0.17 LYS  64 A

GLU  85 A   4.12     0 %    0.34  276   0.00    0   -0.25 LYS 108 A    0.00 XXX   0 X   -0.09 ARG 137 A
GLU  85 A                                            0.00 XXX   0 X    0.00 XXX   0 X   -0.01 LYS 173 A
GLU  85 A                                            0.00 XXX   0 X    0.00 XXX   0 X    0.02 ASP 139 A
GLU  85 A                                            0.00 XXX   0 X    0.00 XXX   0 X   -0.38 LYS 108 A

GLU  95 A   4.85     0 %    0.21  256   0.00    0    0.00 XXX   0 X    0.00 XXX   0 X   -0.01 ARG  97 A
GLU  95 A                                            0.00 XXX   0 X    0.00 XXX   0 X   -0.02 LYS  97 B
GLU  95 A                                            0.00 XXX   0 X    0.00 XXX   0 X   -0.00 LYS 104 B
GLU  95 A                                            0.00 XXX   0 X    0.00 XXX   0 X    0.17 GLU  98 A

GLU  98 A   4.61     0 %    0.19  155   0.00    0    0.00 XXX   0 X    0.00 XXX   0 X   -0.09 ARG  97 A

GLU 131 A   3.31*   46 %    0.97  409   0.14    0   -0.84 LYS 144 A    0.00 XXX   0 X   -0.81 LYS 144 A
GLU 131 A                                            0.00 XXX   0 X    0.00 XXX   0 X   -0.64 HIS 146 A

GLU 138 A   4.67    12 %    0.21  315   0.00    0    0.00 XXX   0 X    0.00 XXX   0 X   -0.05 ARG 137 A
GLU 138 A                                            0.00 XXX   0 X    0.00 XXX   0 X   -0.03 ARG  28 B
GLU 138 A                                            0.00 XXX   0 X    0.00 XXX   0 X    0.05 ASP 139 A
GLU 138 A                                            0.00 XXX   0 X    0.00 XXX   0 X   -0.02 HIS 140 A
GLU 138 A                                            0.00 XXX   0 X    0.00 XXX   0 X    0.08 GLU  13 B
GLU 138 A                                            0.00 XXX   0 X    0.00 XXX   0 X   -0.06 HIS  15 B

GLU 155 A   4.84     0 %    0.12  159   0.00    0    0.00 XXX   0 X    0.00 XXX   0 X    0.22 ASP 156 A

GLU 163 A   4.62     0 %    0.33  280   0.00    0    0.00 XXX   0 X    0.00 XXX   0 X   -0.21 ARG 161 A

GLU 169 A   4.61     0 %    0.11  130   0.00    0    0.00 XXX   0 X    0.00 XXX   0 X    0.00 XXX   0 X

GLU 176 A   3.73     0 %    0.28  229   0.00    0   -0.81 HIS 174 A    0.00 XXX   0 X    0.03 C-  178 A
GLU 176 A                                            0.00 XXX   0 X    0.00 XXX   0 X   -0.26 HIS 174 A

C-  178 A   3.26     0 %    0.39  270   0.00    0    0.00 XXX   0 X    0.00 XXX   0 X   -0.34 LYS 104 B

HIS   2 A   7.37    49 %   -1.38  418   0.00    0    1.60 ASP  24 A    0.00 XXX   0 X   -0.23 N+    1 A
HIS   2 A                                            0.00 XXX   0 X    0.00 XXX   0 X   -0.06 ARG  93 B
HIS   2 A                                            0.00 XXX   0 X    0.00 XXX   0 X    0.20 GLU   1 A
HIS   2 A                                            0.00 XXX   0 X    0.00 XXX   0 X    0.02 GLU  86 B
HIS   2 A                                            0.00 XXX   0 X    0.00 XXX   0 X    0.72 ASP  24 A

HIS  30 A   7.33    75 %   -2.02  490   0.00    0    1.60 GLU  27 A    0.00 XXX   0 X   -0.05 ARG  41 A
HIS  30 A                                            0.00 XXX   0 X    0.00 XXX   0 X   -0.01 LYS 144 A
HIS  30 A                                            0.00 XXX   0 X    0.00 XXX   0 X    0.16 ASP  32 A
HIS  30 A                                            0.00 XXX   0 X    0.00 XXX   0 X    0.01 GLU  37 A
HIS  30 A                                            0.00 XXX   0 X    0.00 XXX   0 X    1.14 GLU  27 A

HIS 140 A   4.89    55 %   -1.74  436   0.00    0    0.00 XXX   0 X    0.00 XXX   0 X   -0.54 ARG  28 B
HIS 140 A                                            0.00 XXX   0 X    0.00 XXX   0 X   -0.08 ARG  38 B
HIS 140 A                                            0.00 XXX   0 X    0.00 XXX   0 X    0.02 GLU 138 A
HIS 140 A                                            0.00 XXX   0 X    0.00 XXX   0 X    0.15 ASP 139 A
HIS 140 A                                            0.00 XXX   0 X    0.00 XXX   0 X    0.21 GLU  13 B
HIS 140 A                                            0.00 XXX   0 X    0.00 XXX   0 X    0.35 GLU  35 B

HIS 146 A   3.67*   74 %   -2.40  489   0.00    0    0.00 XXX   0 X    0.00 XXX   0 X   -1.08 LYS 144 A
HIS 146 A                                            0.00 XXX   0 X    0.00 XXX   0 X    0.64 GLU 131 A

HIS 164 A   5.06    71 %   -2.35  480   0.00    0    0.00 XXX   0 X    0.01 VAL  82 A    0.00 XXX   0 X
HIS 164 A                                            0.00 XXX   0 X    0.44 THR 110 A    0.00 XXX   0 X
HIS 164 A                                            0.00 XXX   0 X    0.47 VAL 113 A    0.00 XXX   0 X

HIS 174 A   8.19     6 %   -0.53  299   0.00    0    0.70 ASP 159 A    0.00 XXX   0 X    0.06 ASP 178 A
HIS 174 A                                            0.81 GLU 176 A    0.00 XXX   0 X    0.40 ASP 159 A
HIS 174 A                                            0.00 XXX   0 X    0.00 XXX   0 X    0.26 GLU 176 A

CYS 104 A  99.99     0 %    0.00    0   0.00    0    0.00 XXX   0 X    0.00 XXX   0 X    0.00 XXX   0 X

CYS 160 A  99.99     0 %    0.00    0   0.00    0    0.00 XXX   0 X    0.00 XXX   0 X    0.00 XXX   0 X

TYR  10 A  10.75    21 %    1.10  339   0.00    0   -0.03 LYS  64 A    0.00 XXX   0 X    0.01 ASP  14 A
TYR  10 A                                            0.00 XXX   0 X    0.00 XXX   0 X    0.08 GLU  68 A
TYR  10 A                                            0.00 XXX   0 X    0.00 XXX   0 X   -0.39 LYS  64 A

TYR  76 A  10.07     0 %    0.23  183   0.00    0    0.00 XXX   0 X    0.00 XXX   0 X    0.01 GLU  68 A
TYR  76 A                                            0.00 XXX   0 X    0.00 XXX   0 X   -0.17 LYS  72 A

TYR 147 A  13.18    88 %    3.45  529   0.00    0   -0.42 ARG  41 A    0.00 XXX   0 X    0.20 ASP  26 A
TYR 147 A                                            0.00 XXX   0 X    0.00 XXX   0 X    0.10 GLU  27 A
TYR 147 A                                            0.00 XXX   0 X    0.00 XXX   0 X   -0.86 ARG  41 A
TYR 147 A                                            0.00 XXX   0 X    0.00 XXX   0 X   -0.03 ARG 143 A
TYR 147 A                                            0.00 XXX   0 X    0.00 XXX   0 X    0.75 ASP 151 B

TYR 158 A  11.15    36 %    1.40  381   0.00    0   -0.27 ARG 120 A    0.00 XXX   0 X   -0.33 ARG 120 A
TYR 158 A                                            0.00 XXX   0 X    0.00 XXX   0 X    0.01 GLU 155 A
TYR 158 A                                            0.00 XXX   0 X    0.00 XXX   0 X    0.35 ASP 156 A

LYS  35 A  10.83     0 %   -0.11  135   0.00    0    0.00 XXX   0 X    0.00 XXX   0 X    0.20 ASP  32 A
LYS  35 A                                            0.00 XXX   0 X    0.00 XXX   0 X    0.24 GLU  37 A

LYS  36 A  10.39     0 %   -0.11  154   0.00    0    0.00 XXX   0 X    0.00 XXX   0 X    0.00 XXX   0 X

LYS  64 A  10.86     0 %   -0.23  244   0.00    0    0.03 TYR  10 A    0.00 XXX   0 X    0.17 GLU  68 A
LYS  64 A                                            0.00 XXX   0 X    0.00 XXX   0 X    0.39 TYR  10 A

LYS  72 A  10.61     0 %   -0.08  144   0.00    0    0.00 XXX   0 X    0.00 XXX   0 X    0.02 C-   15 C
LYS  72 A                                            0.00 XXX   0 X    0.00 XXX   0 X    0.17 TYR  76 A

LYS 108 A  10.98     0 %   -0.26  243   0.00    0    0.25 GLU  85 A    0.00 XXX   0 X    0.24 ASP 107 A
LYS 108 A                                            0.00 XXX   0 X    0.00 XXX   0 X   -0.23 ARG 137 A
LYS 108 A                                            0.00 XXX   0 X    0.00 XXX   0 X    0.09 ASP 139 A
LYS 108 A                                            0.00 XXX   0 X    0.00 XXX   0 X    0.38 GLU  85 A

LYS 123 A  10.37     0 %   -0.09  128   0.00    0    0.00 XXX   0 X    0.00 XXX   0 X   -0.05 ARG 120 A
LYS 123 A                                            0.00 XXX   0 X    0.00 XXX   0 X    0.01 ASP 156 A

LYS 144 A   9.38    84 %   -3.06  516   0.00    0    0.84 GLU 131 A    0.00 XXX   0 X    0.26 GLU  18 A
LYS 144 A                                            0.00 XXX   0 X    0.00 XXX   0 X    0.03 GLU  27 A
LYS 144 A                                            0.00 XXX   0 X    0.00 XXX   0 X    0.81 GLU 131 A

LYS 173 A  10.29     0 %   -0.23  267   0.00    0    0.00 XXX   0 X    0.00 XXX   0 X    0.01 GLU  85 A

ARG  41 A  13.24    75 %   -1.76  492   0.00    0    0.42 TYR 147 A    0.00 XXX   0 X    0.21 ASP  26 A
ARG  41 A                                            0.00 XXX   0 X    0.00 XXX   0 X    0.86 TYR 147 A
ARG  41 A                                            0.00 XXX   0 X    0.00 XXX   0 X    0.43 ASP 151 B
ARG  41 A                                            0.00 XXX   0 X    0.00 XXX   0 X    0.58 GLU  27 A

ARG  47 A  12.50     0 %   -0.27  191   0.00    0    0.00 XXX   0 X    0.00 XXX   0 X    0.12 GLU  43 A
ARG  47 A                                            0.00 XXX   0 X    0.00 XXX   0 X    0.15 GLU  44 A

ARG  73 A  11.52    46 %   -1.52  410   0.00    0    0.14 C-   15 C    0.00 XXX   0 X    0.11 GLU   8 B
ARG  73 A                                            0.00 XXX   0 X    0.00 XXX   0 X    0.32 TYR  36 B
ARG  73 A                                            0.00 XXX   0 X    0.00 XXX   0 X    0.00 GLU  58 B
ARG  73 A                                            0.00 XXX   0 X    0.00 XXX   0 X    0.28 C-   15 C
ARG  73 A                                            0.00 XXX   0 X    0.00 XXX   0 X   -0.30 ARG  14 C

ARG  97 A  12.47     0 %   -0.13  126   0.00    0    0.00 XXX   0 X    0.00 XXX   0 X    0.01 GLU  95 A
ARG  97 A                                            0.00 XXX   0 X    0.00 XXX   0 X    0.09 GLU  98 A

ARG 120 A  12.90     5 %   -0.37  295   0.00    0    0.27 TYR 158 A    0.00 XXX   0 X    0.17 ASP 156 A
ARG 120 A                                            0.00 XXX   0 X    0.00 XXX   0 X    0.33 TYR 158 A

ARG 137 A  14.29    25 %   -1.04  350   0.00    0    0.30 ASP 107 A    0.00 XXX   0 X    0.09 GLU  85 A
ARG 137 A                                            1.36 ASP 139 A    0.00 XXX   0 X    0.05 GLU 138 A
ARG 137 A                                            0.00 XXX   0 X    0.00 XXX   0 X    0.55 ASP 107 A
ARG 137 A                                            0.00 XXX   0 X    0.00 XXX   0 X    0.47 ASP 139 A

ARG 143 A  11.74   100 %   -2.52  565   0.00    0    0.00 XXX   0 X    0.00 XXX   0 X    0.44 ASP  26 A
ARG 143 A                                            0.00 XXX   0 X    0.00 XXX   0 X    0.29 ASP 107 A
ARG 143 A                                            0.00 XXX   0 X    0.00 XXX   0 X    0.01 ASP 139 A
ARG 143 A                                            0.00 XXX   0 X    0.00 XXX   0 X    0.03 TYR 147 A
ARG 143 A                                            0.00 XXX   0 X    0.00 XXX   0 X    0.09 TYR   9 B
ARG 143 A                                            0.00 XXX   0 X    0.00 XXX   0 X   -0.17 ARG 137 A
ARG 143 A                                            0.00 XXX   0 X    0.00 XXX   0 X    1.08 ASP  22 A

ARG 161 A  12.38     0 %   -0.33  263   0.00    0    0.00 XXX   0 X    0.00 XXX   0 X    0.00 ASP 159 A
ARG 161 A                                            0.00 XXX   0 X    0.00 XXX   0 X    0.21 GLU 163 A

N+    1 A   7.67     6 %   -0.67  298   0.00    0    0.00 XXX   0 X    0.00 XXX   0 X    0.25 GLU   1 A
N+    1 A                                            0.00 XXX   0 X    0.00 XXX   0 X    0.15 ASP  24 A
N+    1 A                                            0.00 XXX   0 X    0.00 XXX   0 X   -0.07 ARG  22 B

ASP  27 B   2.58*  100 %    3.73  657   0.69    0   -0.62 SER  12 B    0.00 XXX   0 X   -0.11 ARG  14 C
ASP  27 B                                           -0.78 TYR  29 B    0.00 XXX   0 X   -2.03 LYS  70 B
ASP  27 B                                           -0.70 TYR  46 B    0.00 XXX   0 X    0.00 XXX   0 X
ASP  27 B                                           -0.47 LYS  70 B    0.00 XXX   0 X    0.00 XXX   0 X
ASP  27 B                                           -0.93 ASP   9 C    0.00 XXX   0 X    0.00 XXX   0 X

ASP  40 B   2.28    24 %    1.23  349   0.07    0   -1.33 ARG  24 B   -0.80 ASP  42 B   -0.01 ARG  28 B
ASP  40 B                                            0.00 XXX   0 X    0.00 XXX   0 X   -0.16 ARG  38 B
ASP  40 B                                            0.00 XXX   0 X    0.00 XXX   0 X   -0.01 ARG  47 B
ASP  40 B                                            0.00 XXX   0 X    0.00 XXX   0 X   -0.05 HIS  15 B
ASP  40 B                                            0.00 XXX   0 X    0.00 XXX   0 X   -0.45 ARG  24 B

ASP  42 B   4.14     2 %    0.40  288   0.00    0    0.00 XXX   0 X    0.00 XXX   0 X   -0.09 ARG  22 B
ASP  42 B                                            0.00 XXX   0 X    0.00 XXX   0 X   -0.30 ARG  24 B
ASP  42 B                                            0.00 XXX   0 X    0.00 XXX   0 X   -0.01 HIS  15 B
ASP  42 B                                            0.00 XXX   0 X    0.00 XXX   0 X    0.34 ASP  40 B

ASP  65 B   3.60     0 %    0.35  227   0.00    0    0.00 XXX   0 X   -0.26 ASP  65 B    0.00 XXX   0 X
ASP  65 B                                            0.00 XXX   0 X   -0.29 ILE  66 B    0.00 XXX   0 X

ASP  69 B   4.37    38 %    0.90  388   0.15    0    0.00 XXX   0 X    0.00 XXX   0 X   -0.06 LYS   8 C
ASP  69 B                                            0.00 XXX   0 X    0.00 XXX   0 X    0.12 ASP  27 B
ASP  69 B                                            0.00 XXX   0 X    0.00 XXX   0 X    0.04 ASP  65 B
ASP  69 B                                            0.00 XXX   0 X    0.00 XXX   0 X   -0.57 LYS  70 B

ASP  75 B   3.48     0 %    0.32  266   0.00    0   -0.35 ARG  79 B    0.00 XXX   0 X   -0.29 ARG  79 B

ASP 151 B   4.63    83 %    2.23  515   0.26    0   -0.85 THR 153 B   -0.21 ASP 151 B   -0.43 ARG  41 A
ASP 151 B                                            0.00 XXX   0 X   -0.12 THR 153 B   -0.13 ARG  92 B
ASP 151 B                                            0.00 XXX   0 X    0.00 XXX   0 X    0.31 ASP  26 A
ASP 151 B                                            0.00 XXX   0 X    0.00 XXX   0 X   -0.23 HIS 148 B

GLU   8 B   6.49   100 %    3.84  634   1.30    0   -0.77 TYR  36 B    0.00 XXX   0 X   -0.11 ARG  73 A
GLU   8 B                                           -0.25 ARG  14 C    0.00 XXX   0 X   -2.03 ARG  14 C

GLU  13 B   3.06    91 %    2.58  537   0.31    0   -0.54 THR  11 B    0.00 XXX   0 X   -0.05 ARG  24 B
GLU  13 B                                           -1.60 HIS  15 B    0.00 XXX   0 X   -0.15 ARG  38 B
GLU  13 B                                           -0.51 ARG  28 B    0.00 XXX   0 X   -0.21 HIS 140 A
GLU  13 B                                            0.00 XXX   0 X    0.00 XXX   0 X    0.03 ASP  27 B
GLU  13 B                                            0.00 XXX   0 X    0.00 XXX   0 X    0.24 GLU  35 B
GLU  13 B                                            0.00 XXX   0 X    0.00 XXX   0 X   -0.65 HIS  15 B
GLU  13 B                                            0.00 XXX   0 X    0.00 XXX   0 X   -0.90 ARG  28 B

GLU  21 B   4.49     0 %    0.20  121   0.00    0   -0.18 ASN  18 B    0.00 XXX   0 X   -0.04 ARG  22 B
GLU  21 B                                            0.00 XXX   0 X    0.00 XXX   0 X   -0.01 ARG  79 B
GLU  21 B                                            0.00 XXX   0 X    0.00 XXX   0 X    0.01 GLU   1 A

GLU  34 B   4.65    29 %    0.91  362   0.09    0   -0.85 THR  50 B    0.00 XXX   0 X    0.00 XXX   0 X

GLU  35 B   2.44    63 %    2.49  457   0.23    0   -1.69 ARG  28 B    0.00 XXX   0 X   -0.35 HIS 140 A
GLU  35 B                                           -1.32 ARG  38 B    0.00 XXX   0 X    0.01 ASP  40 B
GLU  35 B                                            0.00 XXX   0 X    0.00 XXX   0 X   -0.77 ARG  28 B
GLU  35 B                                            0.00 XXX   0 X    0.00 XXX   0 X   -0.65 ARG  38 B

GLU  45 B   4.40     0 %    0.25  259   0.00    0    0.00 XXX   0 X    0.00 XXX   0 X   -0.18 ARG  47 B
GLU  45 B                                            0.00 XXX   0 X    0.00 XXX   0 X   -0.17 ARG  71 B

GLU  51 B   2.91     0 %    0.29  163   0.00    0   -1.49 ARG  54 B    0.00 XXX   0 X   -0.38 ARG  54 B

GLU  58 B   4.61     0 %    0.22  207   0.00    0    0.00 XXX   0 X    0.00 XXX   0 X   -0.00 ARG  73 A
GLU  58 B                                            0.00 XXX   0 X    0.00 XXX   0 X   -0.13 ARG  54 B
GLU  58 B                                            0.00 XXX   0 X    0.00 XXX   0 X    0.02 GLU  51 B

GLU  68 B   4.70     0 %    0.18  155   0.00    0    0.00 XXX   0 X    0.00 XXX   0 X   -0.06 ARG  71 B
GLU  68 B                                            0.00 XXX   0 X    0.00 XXX   0 X    0.07 ASP  65 B

GLU  86 B   4.88     5 %    0.39  296   0.02    0    0.00 XXX   0 X    0.00 XXX   0 X   -0.02 HIS   2 A

GLU 127 B   3.89     0 %    0.24  232   0.00    0   -0.51 ARG 129 B    0.00 XXX   0 X   -0.34 ARG 129 B

GLU 136 B   4.49     0 %    0.46  237   0.00    0    0.00 XXX   0 X    0.00 XXX   0 X   -0.25 ARG 129 B
GLU 136 B                                            0.00 XXX   0 X    0.00 XXX   0 X   -0.28 LYS 138 B
GLU 136 B                                            0.00 XXX   0 X    0.00 XXX   0 X    0.03 GLU 127 B
GLU 136 B                                            0.00 XXX   0 X    0.00 XXX   0 X    0.03 GLU 175 B

GLU 137 B   4.76     8 %    0.59  305   0.06    0   -0.06 ARG 132 B    0.00 XXX   0 X   -0.40 ARG 132 B
GLU 137 B                                            0.00 XXX   0 X    0.00 XXX   0 X   -0.02 ARG 165 B
GLU 137 B                                            0.00 XXX   0 X    0.00 XXX   0 X    0.01 GLU 136 B
GLU 137 B                                            0.00 XXX   0 X    0.00 XXX   0 X    0.07 GLU 168 B

GLU 161 B   4.37     0 %    0.32  236   0.00    0    0.00 XXX   0 X    0.00 XXX   0 X   -0.11 HIS 110 B
GLU 161 B                                            0.00 XXX   0 X    0.00 XXX   0 X   -0.34 HIS 111 B

GLU 168 B   3.36     0 %    0.75  274   0.00    0   -0.77 TYR 170 B   -0.55 ARG 165 B   -0.29 ARG 132 B
GLU 168 B                                            0.00 XXX   0 X    0.00 XXX   0 X   -0.28 ARG 165 B

GLU 175 B   4.45     0 %    0.35  243   0.00    0   -0.10 GLN 173 B    0.00 XXX   0 X    0.29 GLU 127 B
GLU 175 B                                           -0.25 ARG 129 B    0.00 XXX   0 X   -0.33 ARG 129 B

GLU 186 B   4.09     0 %    0.26  231   0.00    0   -0.39 ARG 188 B    0.00 XXX   0 X   -0.28 ARG 188 B

C-  189 B   3.42     0 %    0.23  187   0.00    0    0.00 XXX   0 X    0.00 XXX   0 X   -0.01 ARG 188 B

HIS  15 B   7.02    60 %   -1.51  448   0.00    0    1.60 GLU  13 B    0.00 XXX   0 X   -0.06 N+    1 A
HIS  15 B                                            0.00 XXX   0 X    0.00 XXX   0 X   -0.00 ARG  22 B
HIS  15 B                                            0.00 XXX   0 X    0.00 XXX   0 X   -0.17 ARG  24 B
HIS  15 B                                            0.00 XXX   0 X    0.00 XXX   0 X   -0.11 ARG  28 B
HIS  15 B                                            0.00 XXX   0 X    0.00 XXX   0 X   -0.00 ARG  38 B
HIS  15 B                                            0.00 XXX   0 X    0.00 XXX   0 X    0.01 ASP  24 A
HIS  15 B                                            0.00 XXX   0 X    0.00 XXX   0 X    0.06 GLU 138 A
HIS  15 B                                            0.00 XXX   0 X    0.00 XXX   0 X    0.05 ASP  40 B
HIS  15 B                                            0.00 XXX   0 X    0.00 XXX   0 X    0.01 ASP  42 B
HIS  15 B                                            0.00 XXX   0 X    0.00 XXX   0 X    0.65 GLU  13 B

HIS  80 B   6.96    25 %   -0.80  351   0.00    0    0.00 XXX   0 X    0.77 SER   5 C    0.49 ASP   7 C

HIS  95 B   6.68     0 %   -0.22  264   0.00    0    0.00 XXX   0 X    0.01 HIS  95 B   -0.06 LYS  97 B
HIS  95 B                                            0.00 XXX   0 X    0.45 PRO  96 B    0.00 XXX   0 X

HIS 110 B   5.86     0 %   -0.37  151   0.00    0    0.00 XXX   0 X    0.00 XXX   0 X   -0.38 HIS 111 B
HIS 110 B                                            0.00 XXX   0 X    0.00 XXX   0 X    0.11 GLU 161 B

HIS 111 B   6.33     0 %   -0.51  223   0.00    0    0.00 XXX   0 X    0.00 XXX   0 X    0.34 GLU 161 B

HIS 148 B   6.34    96 %   -2.58  550   0.00    0    1.60 ASP  26 A    0.00 XXX   0 X   -0.07 ARG  41 A
HIS 148 B                                            0.00 XXX   0 X    0.00 XXX   0 X   -1.14 ARG 143 A
HIS 148 B                                            0.00 XXX   0 X    0.00 XXX   0 X    0.01 ASP 107 A
HIS 148 B                                            0.00 XXX   0 X    0.00 XXX   0 X    0.23 ASP 151 B
HIS 148 B                                            0.00 XXX   0 X    0.00 XXX   0 X    1.79 ASP  26 A

HIS 176 B   5.51    42 %   -1.86  398   0.00    0    0.00 XXX   0 X    0.69 TYR 122 B   -0.09 ARG  93 B
HIS 176 B                                            0.00 XXX   0 X    0.31 SER 125 B   -0.03 HIS  95 B

CYS  14 B  99.99     0 %    0.00    0   0.00    0    0.00 XXX   0 X    0.00 XXX   0 X    0.00 XXX   0 X

CYS  78 B  99.99     0 %    0.00    0   0.00    0    0.00 XXX   0 X    0.00 XXX   0 X    0.00 XXX   0 X

CYS 116 B  99.99     0 %    0.00    0   0.00    0    0.00 XXX   0 X    0.00 XXX   0 X    0.00 XXX   0 X

CYS 172 B  99.99     0 %    0.00    0   0.00    0    0.00 XXX   0 X    0.00 XXX   0 X    0.00 XXX   0 X

TYR   9 B  13.89   100 %    3.29  617   0.00    0    0.00 XXX   0 X    0.00 XXX   0 X    0.26 GLU  18 A
TYR   9 B                                            0.00 XXX   0 X    0.00 XXX   0 X    0.19 ASP  22 A
TYR   9 B                                            0.00 XXX   0 X    0.00 XXX   0 X    0.05 ASP 139 A
TYR   9 B                                            0.00 XXX   0 X    0.00 XXX   0 X   -0.09 ARG 143 A
TYR   9 B                                            0.00 XXX   0 X    0.00 XXX   0 X    0.34 GLU  13 B
TYR   9 B                                            0.00 XXX   0 X    0.00 XXX   0 X   -0.14 ARG  28 B

TYR  29 B  20.09   100 %    3.26  650   0.00    0    0.33 TYR  46 B    0.00 XXX   0 X    0.43 GLU   8 A
TYR  29 B                                            0.78 ASP  27 B    0.00 XXX   0 X    0.39 ASP  63 A
TYR  29 B                                            0.00 XXX   0 X    0.00 XXX   0 X    0.22 GLU   8 B
TYR  29 B                                            0.00 XXX   0 X    0.00 XXX   0 X    0.03 ASP  69 B
TYR  29 B                                            0.00 XXX   0 X    0.00 XXX   0 X   -0.71 ARG  14 C
TYR  29 B                                            0.00 XXX   0 X    0.00 XXX   0 X    0.44 TYR  36 B
TYR  29 B                                            0.00 XXX   0 X    0.00 XXX   0 X    1.95 TYR  46 B
TYR  29 B                                            0.00 XXX   0 X    0.00 XXX   0 X    2.03 ASP  27 B
TYR  29 B                                            0.00 XXX   0 X    0.00 XXX   0 X    0.92 ASP   9 C

TYR  31 B  10.98    51 %    2.44  425   0.00    0   -0.61 THR  71 A    0.00 XXX   0 X    0.14 GLU   8 B
TYR  31 B                                           -0.85 SER  74 A    0.00 XXX   0 X    0.03 GLU  34 B
TYR  31 B                                           -0.17 ASN  32 B    0.00 XXX   0 X    0.02 TYR  76 A

TYR  36 B  15.69   100 %    5.02  590   0.00    0    0.77 GLU   8 B    0.00 XXX   0 X    0.18 ASP  63 A
TYR  36 B                                            0.00 XXX   0 X    0.00 XXX   0 X   -0.32 ARG  73 A
TYR  36 B                                            0.00 XXX   0 X    0.00 XXX   0 X    0.03 ASP  27 B
TYR  36 B                                            0.00 XXX   0 X    0.00 XXX   0 X    0.02 GLU  34 B
TYR  36 B                                            0.00 XXX   0 X    0.00 XXX   0 X   -2.03 ARG  14 C
TYR  36 B                                            0.00 XXX   0 X    0.00 XXX   0 X    2.03 GLU   8 B

TYR  46 B  17.18   100 %    4.01  570   0.00    0   -0.33 TYR  29 B    0.00 XXX   0 X    0.15 ASP  69 B
TYR  46 B                                            0.70 ASP  27 B    0.00 XXX   0 X   -0.14 ARG  14 C
TYR  46 B                                            0.00 XXX   0 X    0.00 XXX   0 X    2.03 ASP  27 B
TYR  46 B                                            0.00 XXX   0 X    0.00 XXX   0 X    0.77 ASP   9 C

TYR  59 B  10.45     0 %    0.31  251   0.00    0    0.00 XXX   0 X    0.00 XXX   0 X    0.04 ASP  65 B
TYR  59 B                                            0.00 XXX   0 X    0.00 XXX   0 X    0.09 C-   15 C

TYR  77 B  16.08   100 %    4.18  639   0.00    0   -0.02 SER  12 B    0.00 XXX   0 X    0.32 GLU   8 A
TYR  77 B                                            0.00 XXX   0 X    0.00 XXX   0 X    0.33 ASP  27 B
TYR  77 B                                            0.00 XXX   0 X    0.00 XXX   0 X    0.08 ASP   7 C
TYR  77 B                                            0.00 XXX   0 X    0.00 XXX   0 X    1.20 ASP   9 C

TYR  82 B  11.43    23 %    0.96  345   0.00    0    0.00 XXX   0 X    0.00 XXX   0 X    0.14 GLU   1 A
TYR  82 B                                            0.00 XXX   0 X    0.00 XXX   0 X    0.06 ASP  24 A
TYR  82 B                                            0.00 XXX   0 X    0.00 XXX   0 X    0.29 GLU  86 B

TYR 101 B  11.31    52 %    1.31  426   0.00    0    0.00 XXX   0 X    0.00 XXX   0 X    0.00 C-  178 A

TYR 122 B  14.17    81 %    2.88  507   0.00    0    0.00 XXX   0 X    0.00 XXX   0 X    0.16 ASP  22 A
TYR 122 B                                            0.00 XXX   0 X    0.00 XXX   0 X   -0.24 ARG  92 B
TYR 122 B                                            0.00 XXX   0 X    0.00 XXX   0 X   -0.05 ARG  93 B
TYR 122 B                                            0.00 XXX   0 X    0.00 XXX   0 X    0.61 ASP  24 A
TYR 122 B                                            0.00 XXX   0 X    0.00 XXX   0 X    0.81 ASP  26 A

TYR 170 B  11.37    21 %    1.32  340   0.00    0   -0.03 ARG 132 B    0.00 XXX   0 X   -0.30 ARG 132 B
TYR 170 B                                           -0.85 THR 162 B    0.00 XXX   0 X    0.13 GLU 137 B
TYR 170 B                                            0.77 GLU 168 B    0.00 XXX   0 X   -0.08 ARG 165 B
TYR 170 B                                            0.00 XXX   0 X    0.00 XXX   0 X    0.41 GLU 168 B

LYS  64 B  10.42     0 %   -0.05  102   0.00    0    0.00 XXX   0 X    0.00 XXX   0 X   -0.02 ARG  71 B

LYS  70 B  12.92   100 %   -3.48  592   0.00    0    0.47 ASP  27 B    0.00 XXX   0 X    0.13 GLU   8 A
LYS  70 B                                            0.67 ASP   9 C    0.00 XXX   0 X    2.03 ASP  27 B
LYS  70 B                                            0.00 XXX   0 X    0.00 XXX   0 X    0.57 ASP  69 B
LYS  70 B                                            0.00 XXX   0 X    0.00 XXX   0 X    2.03 ASP   9 C

LYS  97 B  10.40     0 %   -0.12  228   0.00    0    0.00 XXX   0 X    0.00 XXX   0 X    0.02 GLU  95 A

LYS 104 B  10.57     0 %   -0.29  256   0.00    0    0.00 XXX   0 X    0.00 XXX   0 X    0.00 GLU  95 A
LYS 104 B                                            0.00 XXX   0 X    0.00 XXX   0 X    0.02 ASP 178 A
LYS 104 B                                            0.00 XXX   0 X    0.00 XXX   0 X    0.34 C-  178 A

LYS 138 B  10.62     0 %   -0.11  134   0.00    0    0.00 XXX   0 X    0.00 XXX   0 X   -0.05 ARG 129 B
LYS 138 B                                            0.00 XXX   0 X    0.00 XXX   0 X    0.28 GLU 136 B

ARG   3 B  12.08     0 %   -0.32  185   0.00    0    0.00 XXX   0 X    0.00 XXX   0 X    0.14 ASP  14 A
ARG   3 B                                            0.00 XXX   0 X    0.00 XXX   0 X   -0.25 ARG   5 B

ARG   5 B  13.34    10 %   -1.07  310   0.00    0    1.47 ASP  14 A    0.00 XXX   0 X    0.45 ASP  14 A

ARG  22 B  12.20     0 %   -0.39  198   0.00    0    0.00 XXX   0 X    0.00 XXX   0 X    0.04 GLU  21 B
ARG  22 B                                            0.00 XXX   0 X    0.00 XXX   0 X    0.09 ASP  42 B
ARG  22 B                                            0.00 XXX   0 X    0.00 XXX   0 X   -0.04 ARG  24 B

ARG  24 B  14.08    13 %   -0.52  319   0.00    0    1.33 ASP  40 B    0.00 XXX   0 X    0.05 GLU  13 B
ARG  24 B                                            0.00 XXX   0 X    0.00 XXX   0 X    0.30 ASP  42 B
ARG  24 B                                            0.00 XXX   0 X    0.00 XXX   0 X   -0.04 ARG  28 B
ARG  24 B                                            0.00 XXX   0 X    0.00 XXX   0 X    0.45 ASP  40 B

ARG  28 B  14.83    60 %   -1.72  450   0.00    0    0.51 GLU  13 B    0.00 XXX   0 X    0.03 GLU 138 A
ARG  28 B                                            1.69 GLU  35 B    0.00 XXX   0 X    0.14 TYR   9 B
ARG  28 B                                            0.00 XXX   0 X    0.00 XXX   0 X    0.01 ASP  40 B
ARG  28 B                                            0.00 XXX   0 X    0.00 XXX   0 X    0.90 GLU  13 B
ARG  28 B                                            0.00 XXX   0 X    0.00 XXX   0 X    0.77 GLU  35 B

ARG  38 B  13.29    37 %   -0.90  385   0.00    0    1.32 GLU  35 B    0.00 XXX   0 X    0.15 GLU  13 B
ARG  38 B                                            0.00 XXX   0 X    0.00 XXX   0 X    0.16 ASP  40 B
ARG  38 B                                            0.00 XXX   0 X    0.00 XXX   0 X   -0.13 ARG  24 B
ARG  38 B                                            0.00 XXX   0 X    0.00 XXX   0 X   -0.47 ARG  28 B
ARG  38 B                                            0.00 XXX   0 X    0.00 XXX   0 X    0.65 GLU  35 B

ARG  47 B  12.45     0 %   -0.24  250   0.00    0    0.00 XXX   0 X    0.00 XXX   0 X    0.01 ASP  40 B
ARG  47 B                                            0.00 XXX   0 X    0.00 XXX   0 X    0.18 GLU  45 B

ARG  54 B  14.28     0 %   -0.22  193   0.00    0    1.49 GLU  51 B    0.00 XXX   0 X    0.13 GLU  58 B
ARG  54 B                                            0.00 XXX   0 X    0.00 XXX   0 X    0.38 GLU  51 B

ARG  71 B  12.36     0 %   -0.37  255   0.00    0    0.00 XXX   0 X    0.00 XXX   0 X    0.17 GLU  45 B
ARG  71 B                                            0.00 XXX   0 X    0.00 XXX   0 X    0.06 GLU  68 B

ARG  79 B  12.62     6 %   -0.53  297   0.00    0    0.35 ASP  75 B    0.00 XXX   0 X    0.01 GLU  21 B
ARG  79 B                                            0.00 XXX   0 X    0.00 XXX   0 X    0.29 ASP  75 B

ARG  92 B  11.51    57 %   -1.74  441   0.00    0    0.00 XXX   0 X    0.00 XXX   0 X    0.19 ASP  26 A
ARG  92 B                                            0.00 XXX   0 X    0.00 XXX   0 X    0.19 GLU  44 A
ARG  92 B                                            0.00 XXX   0 X    0.00 XXX   0 X    0.24 TYR 122 B
ARG  92 B                                            0.00 XXX   0 X    0.00 XXX   0 X    0.13 ASP 151 B

ARG  93 B  12.03    12 %   -0.52  315   0.00    0    0.00 XXX   0 X    0.00 XXX   0 X    0.05 TYR 122 B

ARG 129 B  13.85     0 %   -0.33  264   0.00    0    0.51 GLU 127 B    0.00 XXX   0 X    0.25 GLU 136 B
ARG 129 B                                            0.25 GLU 175 B    0.00 XXX   0 X    0.34 GLU 127 B
ARG 129 B                                            0.00 XXX   0 X    0.00 XXX   0 X    0.33 GLU 175 B

ARG 132 B  13.18     1 %   -0.39  284   0.00    0    0.06 GLU 137 B    0.00 XXX   0 X    0.40 GLU 137 B
ARG 132 B                                            0.03 TYR 170 B    0.00 XXX   0 X    0.29 GLU 168 B
ARG 132 B                                            0.00 XXX   0 X    0.00 XXX   0 X    0.30 TYR 170 B

ARG 165 B  12.57     0 %   -0.15  174   0.00    0    0.00 XXX   0 X    0.00 XXX   0 X    0.02 GLU 137 B
ARG 165 B                                            0.00 XXX   0 X    0.00 XXX   0 X    0.28 GLU 168 B
ARG 165 B                                            0.00 XXX   0 X    0.00 XXX   0 X    0.08 TYR 170 B
ARG 165 B                                            0.00 XXX   0 X    0.00 XXX   0 X   -0.17 ARG 132 B

ARG 188 B  12.96     0 %   -0.22  162   0.00    0    0.39 GLU 186 B    0.00 XXX   0 X    0.01 C-  189 B
ARG 188 B                                            0.00 XXX   0 X    0.00 XXX   0 X    0.28 GLU 186 B

N+    1 B   7.63     0 %   -0.20  180   0.00    0    0.00 XXX   0 X    0.00 XXX   0 X    0.01 ASP  14 A
N+    1 B                                            0.00 XXX   0 X    0.00 XXX   0 X   -0.08 ARG   3 B
N+    1 B                                            0.00 XXX   0 X    0.00 XXX   0 X   -0.11 ARG   5 B

ASP   7 C   4.58    30 %    0.99  364   0.28    0    0.00 XXX   0 X    0.00 XXX   0 X   -0.02 LYS   8 C
ASP   7 C                                            0.00 XXX   0 X    0.00 XXX   0 X    0.01 ASP  69 B
ASP   7 C                                            0.00 XXX   0 X    0.00 XXX   0 X   -0.49 HIS  80 B

ASP   9 C   7.57*  100 %    3.48  613   0.59    0   -0.85 SER  12 B   -0.08 ALA  10 C   -0.28 LYS   8 C
ASP   9 C                                            0.93 ASP  27 B    0.00 XXX   0 X    0.32 GLU   8 A
ASP   9 C                                           -0.67 LYS  70 B    0.00 XXX   0 X    0.45 ASP  69 B
ASP   9 C                                            0.00 XXX   0 X    0.00 XXX   0 X    1.92 ASP  27 B
ASP   9 C                                            0.00 XXX   0 X    0.00 XXX   0 X   -2.03 LYS  70 B

C-   15 C   3.19    10 %    0.50  310   0.00    0   -0.14 ARG  73 A    0.00 XXX   0 X   -0.02 LYS  72 A
C-   15 C                                            0.00 XXX   0 X    0.00 XXX   0 X   -0.28 ARG  73 A
C-   15 C                                            0.00 XXX   0 X    0.00 XXX   0 X   -0.07 ARG  14 C

LYS   8 C   9.66    59 %   -1.49  446   0.00    0    0.00 XXX   0 X    0.00 XXX   0 X    0.40 GLU   8 A
LYS   8 C                                            0.00 XXX   0 X    0.00 XXX   0 X    0.05 ASP  63 A
LYS   8 C                                            0.00 XXX   0 X    0.00 XXX   0 X    0.06 ASP  69 B
LYS   8 C                                            0.00 XXX   0 X    0.00 XXX   0 X    0.02 ASP   7 C
LYS   8 C                                            0.00 XXX   0 X    0.00 XXX   0 X    0.28 ASP   9 C
LYS   8 C                                            0.00 XXX   0 X    0.00 XXX   0 X   -0.15 LYS  70 B

ARG   3 C  12.19     0 %   -0.31  249   0.00    0    0.00 XXX   0 X    0.00 XXX   0 X    0.00 XXX   0 X

ARG  14 C  14.00   100 %   -4.17  577   0.00    0    0.25 GLU   8 B    0.00 XXX   0 X    0.34 ASP  63 A
ARG  14 C                                            0.00 XXX   0 X    0.00 XXX   0 X    0.11 ASP  27 B
ARG  14 C                                            0.00 XXX   0 X    0.00 XXX   0 X    0.71 TYR  29 B
ARG  14 C                                            0.00 XXX   0 X    0.00 XXX   0 X    2.03 TYR  36 B
ARG  14 C                                            0.00 XXX   0 X    0.00 XXX   0 X    0.14 TYR  46 B
ARG  14 C                                            0.00 XXX   0 X    0.00 XXX   0 X    0.07 C-   15 C
ARG  14 C                                            0.00 XXX   0 X    0.00 XXX   0 X    2.03 GLU   8 B

N+    1 C   7.88     0 %   -0.12   65   0.00    0    0.00 XXX   0 X    0.00 XXX   0 X    0.00 XXX   0 X

Coupled residues (marked *) were detected.Please rerun PropKa with the --display-coupled-residues 
or -d option for detailed information.

2026-08-29 12:48:44,181 INFO:output.py:227:print_pka_section:pKa summary:
--------------------------------------------------------------------------------------------------------
SUMMARY OF THIS PREDICTION
       Group      pKa  model-pKa   ligand atom-type
   ASP  14 A     2.71       3.80                      
   ASP  22 A     7.23       3.80                      
   ASP  24 A     4.04       3.80                      
   ASP  26 A     3.55       3.80                      
   ASP  32 A     2.76       3.80                      
   ASP  63 A    11.42       3.80                      
   ASP 107 A     4.52       3.80                      
   ASP 139 A     2.05       3.80                      
   ASP 156 A     2.68       3.80                      
   ASP 159 A     3.89       3.80                      
   ASP 168 A     3.92       3.80                      
   ASP 178 A     4.59       3.80                      
   ASP  27 B     2.58       3.80                      
   ASP  40 B     2.28       3.80                      
   ASP  42 B     4.14       3.80                      
   ASP  65 B     3.60       3.80                      
   ASP  69 B     4.37       3.80                      
   ASP  75 B     3.48       3.80                      
   ASP 151 B     4.63       3.80                      
   ASP   7 C     4.58       3.80                      
   ASP   9 C     7.57       3.80                      
   GLU   1 A     4.14       4.50                      
   GLU   8 A     5.73       4.50                      
   GLU  18 A     8.71       4.50                      
   GLU  27 A     4.56       4.50                      
   GLU  37 A     4.70       4.50                      
   GLU  43 A     4.57       4.50                      
   GLU  44 A     3.90       4.50                      
   GLU  52 A     3.95       4.50                      
   GLU  68 A     4.60       4.50                      
   GLU  85 A     4.12       4.50                      
   GLU  95 A     4.85       4.50                      
   GLU  98 A     4.61       4.50                      
   GLU 131 A     3.31       4.50                      
   GLU 138 A     4.67       4.50                      
   GLU 155 A     4.84       4.50                      
   GLU 163 A     4.62       4.50                      
   GLU 169 A     4.61       4.50                      
   GLU 176 A     3.73       4.50                      
   GLU   8 B     6.49       4.50                      
   GLU  13 B     3.06       4.50                      
   GLU  21 B     4.49       4.50                      
   GLU  34 B     4.65       4.50                      
   GLU  35 B     2.44       4.50                      
   GLU  45 B     4.40       4.50                      
   GLU  51 B     2.91       4.50                      
   GLU  58 B     4.61       4.50                      
   GLU  68 B     4.70       4.50                      
   GLU  86 B     4.88       4.50                      
   GLU 127 B     3.89       4.50                      
   GLU 136 B     4.49       4.50                      
   GLU 137 B     4.76       4.50                      
   GLU 161 B     4.37       4.50                      
   GLU 168 B     3.36       4.50                      
   GLU 175 B     4.45       4.50                      
   GLU 186 B     4.09       4.50                      
   C-  178 A     3.26       3.20                      
   C-  189 B     3.42       3.20                      
   C-   15 C     3.19       3.20                      
   HIS   2 A     7.37       6.50                      
   HIS  30 A     7.33       6.50                      
   HIS 140 A     4.89       6.50                      
   HIS 146 A     3.67       6.50                      
   HIS 164 A     5.06       6.50                      
   HIS 174 A     8.19       6.50                      
   HIS  15 B     7.02       6.50                      
   HIS  80 B     6.96       6.50                      
   HIS  95 B     6.68       6.50                      
   HIS 110 B     5.86       6.50                      
   HIS 111 B     6.33       6.50                      
   HIS 148 B     6.34       6.50                      
   HIS 176 B     5.51       6.50                      
   CYS 104 A    99.99       9.00                      
   CYS 160 A    99.99       9.00                      
   CYS  14 B    99.99       9.00                      
   CYS  78 B    99.99       9.00                      
   CYS 116 B    99.99       9.00                      
   CYS 172 B    99.99       9.00                      
   TYR  10 A    10.75      10.00                      
   TYR  76 A    10.07      10.00                      
   TYR 147 A    13.18      10.00                      
   TYR 158 A    11.15      10.00                      
   TYR   9 B    13.89      10.00                      
   TYR  29 B    20.09      10.00                      
   TYR  31 B    10.98      10.00                      
   TYR  36 B    15.69      10.00                      
   TYR  46 B    17.18      10.00                      
   TYR  59 B    10.45      10.00                      
   TYR  77 B    16.08      10.00                      
   TYR  82 B    11.43      10.00                      
   TYR 101 B    11.31      10.00                      
   TYR 122 B    14.17      10.00                      
   TYR 170 B    11.37      10.00                      
   LYS  35 A    10.83      10.50                      
   LYS  36 A    10.39      10.50                      
   LYS  64 A    10.86      10.50                      
   LYS  72 A    10.61      10.50                      
   LYS 108 A    10.98      10.50                      
   LYS 123 A    10.37      10.50                      
   LYS 144 A     9.38      10.50                      
   LYS 173 A    10.29      10.50                      
   LYS  64 B    10.42      10.50                      
   LYS  70 B    12.92      10.50                      
   LYS  97 B    10.40      10.50                      
   LYS 104 B    10.57      10.50                      
   LYS 138 B    10.62      10.50                      
   LYS   8 C     9.66      10.50                      
   ARG  41 A    13.24      12.50                      
   ARG  47 A    12.50      12.50                      
   ARG  73 A    11.52      12.50                      
   ARG  97 A    12.47      12.50                      
   ARG 120 A    12.90      12.50                      
   ARG 137 A    14.29      12.50                      
   ARG 143 A    11.74      12.50                      
   ARG 161 A    12.38      12.50                      
   ARG   3 B    12.08      12.50                      
   ARG   5 B    13.34      12.50                      
   ARG  22 B    12.20      12.50                      
   ARG  24 B    14.08      12.50                      
   ARG  28 B    14.83      12.50                      
   ARG  38 B    13.29      12.50                      
   ARG  47 B    12.45      12.50                      
   ARG  54 B    14.28      12.50                      
   ARG  71 B    12.36      12.50                      
   ARG  79 B    12.62      12.50                      
   ARG  92 B    11.51      12.50                      
   ARG  93 B    12.03      12.50                      
   ARG 129 B    13.85      12.50                      
   ARG 132 B    13.18      12.50                      
   ARG 165 B    12.57      12.50                      
   ARG 188 B    12.96      12.50                      
   ARG   3 C    12.19      12.50                      
   ARG  14 C    14.00      12.50                      
   N+    1 A     7.67       8.00                      
   N+    1 B     7.63       8.00                      
   N+    1 C     7.88       8.00                      

2026-08-29 12:48:44,202 INFO:main.py:648:non_trivial:PROPKA information:
--------------------------------------------------------------------------------------------------------
Free energy of   folding (kcal/mol) as a function of pH (using neutral reference)
  0.00     43.22
  1.00     42.17
  2.00     39.73
  3.00     33.45
  4.00     26.03
  5.00     26.37
  6.00     29.99
  7.00     35.08
  8.00     40.17
  9.00     43.30
 10.00     48.69
 11.00     61.58
 12.00     74.62
 13.00     88.90
 14.00    104.00

The pH of optimum stability is  4.4 for which the free energy is   25.2 kcal/mol at 298K
Could not determine pH values where the free energy is within 80 % of minimum
Could not determine the pH-range where the free energy is negative


Protein charge of folded and unfolded state as a function of pH
    pH  unfolded  folded
  0.00     55.99   55.56
  0.10     55.99   55.50
  0.20     55.99   55.43
  0.30     55.99   55.36
  0.40     55.98   55.29
  0.50     55.98   55.21
  0.60     55.97   55.14
  0.70     55.97   55.06
  0.80     55.96   54.98
  0.90     55.95   54.90
  1.00     55.93   54.80
  1.10     55.92   54.70
  1.20     55.90   54.58
  1.30     55.87   54.44
  1.40     55.83   54.28
  1.50     55.79   54.09
  1.60     55.74   53.86
  1.70     55.67   53.60
  1.80     55.59   53.29
  1.90     55.48   52.93
  2.00     55.35   52.51
  2.10     55.19   52.02
  2.20     54.99   51.48
  2.30     54.74   50.86
  2.40     54.43   50.17
  2.50     54.06   49.40
  2.60     53.60   48.56
  2.70     53.04   47.64
  2.80     52.37   46.64
  2.90     51.57   45.56
  3.00     50.62   44.40
  3.10     49.50   43.15
  3.20     48.21   41.81
  3.30     46.72   40.38
  3.40     45.03   38.85
  3.50     43.13   37.24
  3.60     41.03   35.53
  3.70     38.73   33.73
  3.80     36.25   31.83
  3.90     33.62   29.86
  4.00     30.86   27.81
  4.10     28.00   25.69
  4.20     25.07   23.52
  4.30     22.12   21.31
  4.40     19.20   19.09
  4.50     16.34   16.88
  4.60     13.59   14.70
  4.70     11.00   12.60
  4.80      8.59   10.58
  4.90      6.40    8.68
  5.00      4.42    6.91
  5.10      2.66    5.28
  5.20      1.11    3.79
  5.30     -0.26    2.44
  5.40     -1.47    1.22
  5.50     -2.55    0.12
  5.60     -3.52   -0.88
  5.70     -4.42   -1.79
  5.80     -5.28   -2.62
  5.90     -6.11   -3.40
  6.00     -6.93   -4.13
  6.10     -7.77   -4.82
  6.20     -8.61   -5.49
  6.30     -9.47   -6.14
  6.40    -10.34   -6.78
  6.50    -11.20   -7.41
  6.60    -12.05   -8.04
  6.70    -12.87   -8.67
  6.80    -13.65   -9.30
  6.90    -14.38   -9.94
  7.00    -15.04  -10.58
  7.10    -15.65  -11.22
  7.20    -16.20  -11.86
  7.30    -16.70  -12.50
  7.40    -17.15  -13.13
  7.50    -17.56  -13.75
  7.60    -17.94  -14.35
  7.70    -18.30  -14.93
  7.80    -18.64  -15.49
  7.90    -18.97  -16.01
  8.00    -19.28  -16.51
  8.10    -19.59  -16.97
  8.20    -19.88  -17.41
  8.30    -20.17  -17.81
  8.40    -20.46  -18.19
  8.50    -20.75  -18.55
  8.60    -21.04  -18.90
  8.70    -21.36  -19.23
  8.80    -21.69  -19.55
  8.90    -22.06  -19.88
  9.00    -22.49  -20.21
  9.10    -22.97  -20.54
  9.20    -23.53  -20.90
  9.30    -24.18  -21.28
  9.40    -24.93  -21.69
  9.50    -25.80  -22.14
  9.60    -26.79  -22.63
  9.70    -27.90  -23.18
  9.80    -29.13  -23.77
  9.90    -30.47  -24.43
 10.00    -31.91  -25.16
 10.10    -33.42  -25.95
 10.20    -34.98  -26.81
 10.30    -36.55  -27.73
 10.40    -38.12  -28.72
 10.50    -39.64  -29.75
 10.60    -41.11  -30.83
 10.70    -42.49  -31.95
 10.80    -43.78  -33.08
 10.90    -44.97  -34.24
 11.00    -46.07  -35.40
 11.10    -47.08  -36.56
 11.20    -48.02  -37.72
 11.30    -48.91  -38.88
 11.40    -49.77  -40.02
 11.50    -50.63  -41.16
 11.60    -51.51  -42.28
 11.70    -52.43  -43.40
 11.80    -53.42  -44.52
 11.90    -54.50  -45.63
 12.00    -55.67  -46.74
 12.10    -56.94  -47.85
 12.20    -58.31  -48.97
 12.30    -59.77  -50.08
 12.40    -61.28  -51.20
 12.50    -62.81  -52.31
 12.60    -64.34  -53.41
 12.70    -65.82  -54.49
 12.80    -67.23  -55.56
 12.90    -68.52  -56.61
 13.00    -69.69  -57.63
 13.10    -70.73  -58.62
 13.20    -71.64  -59.58
 13.30    -72.41  -60.51
 13.40    -73.07  -61.40
 13.50    -73.62  -62.26
 13.60    -74.07  -63.09
 13.70    -74.45  -63.88
 13.80    -74.75  -64.64
 13.90    -75.00  -65.37
 14.00    -75.20  -66.07
The pI is  5.51 (folded) and  5.28 (unfolded)

--------------------------------------------------------------------------------------------------------
2026-08-29 12:48:44,202 INFO:biomolecule.py:797:apply_pka_values:Applying pKa values at a pH of 7.40:
2026-08-29 12:48:44,204 INFO:main.py:661:non_trivial:Adding hydrogens to biomolecule.
2026-08-29 12:48:44,420 INFO:main.py:664:non_trivial:Debumping biomolecule (again).
2026-08-29 12:48:44,757 INFO:main.py:666:non_trivial:Optimizing hydrogen bonds
2026-08-29 12:48:45,185 INFO:main.py:678:non_trivial:Applying force field to biomolecule states.
2026-08-29 12:48:45,189 INFO:main.py:725:non_trivial:Regenerating headers.
2026-08-29 12:48:45,190 INFO:main.py:750:non_trivial:Regenerating PDB lines.
2026-08-29 12:48:45,210 WARNING:main.py:326:print_pqr:Ignoring 467 header lines in output.
