2026-08-29 12:48:17,541 INFO:main.py:246:print_splash_screen:PDB2PQR v3.7.1: biomolecular structure conversion software.
2026-08-29 12:48:17,541 INFO:main.py:248:print_splash_screen:Please cite:  Jurrus E, et al.  Improvements to the APBS biomolecular solvation software suite.  Protein Sci 27 112-128 (2018).
2026-08-29 12:48:17,541 INFO:main.py:248:print_splash_screen:Please cite:  Dolinsky TJ, et al.  PDB2PQR: expanding and upgrading automated preparation of biomolecular structures for molecular simulations. Nucleic Acids Res 35 W522-W525 (2007).
2026-08-29 12:48:17,541 INFO:main.py:770:main_driver:Checking and transforming input arguments.
2026-08-29 12:48:17,541 INFO:main.py:774:main_driver:Loading topology files.
2026-08-29 12:48:17,570 INFO:main.py:776:main_driver:Loading molecule: /Users/anishsharma/Library/Mobile Documents/com~apple~CloudDocs/ebv_ms_publication/processed/pmhc_surface_electrostatics_pilot_2026-08-29/prepared_structures/HY13_SEQ_02/HY13_SEQ_02__ebv__EBV_IEDB_35bb9c18fac4__s0__full.pdb
2026-08-29 12:48:17,576 INFO:main.py:781:main_driver:Setting up molecule.
2026-08-29 12:48:17,583 INFO:main.py:423:setup_molecule:Created biomolecule object with 382 residues and 3146 atoms.
2026-08-29 12:48:17,583 INFO:main.py:785:main_driver:Setting termini states for biomolecule chains.
2026-08-29 12:48:17,587 INFO:main.py:616:non_trivial:Loading forcefield.
2026-08-29 12:48:17,591 INFO:main.py:620:non_trivial:Loading hydrogen topology definitions.
2026-08-29 12:48:17,592 INFO:main.py:474:is_repairable:This biomolecule is clean.  No repair needed.
2026-08-29 12:48:17,592 INFO:main.py:635:non_trivial:Updating disulfide bridges.
2026-08-29 12:48:17,593 INFO:main.py:638:non_trivial:Debumping biomolecule.
2026-08-29 12:48:17,641 INFO:main.py:645:non_trivial:Assigning titration states with PROPKA.
2026-08-29 12:48:17,651 INFO:output.py:74:print_header:
propka3.5.1                                                                                  2026-08-29

-------------------------------------------------------------------------------
--                                                                           --
--  PROPKA: A PROTEIN PKA PREDICTOR                                          --
--                                                                           --
--  VERSION 1.0,  04/25/2004,  IOWA CITY                                     --
--  BY HUI LI                                                                --
--                                                                           --
--  VERSION 2.0,  11/05/2007, IOWA CITY/COPENHAGEN                           --
--  BY DELPHINE C. BAS AND DAVID M. ROGERS                                   --
--                                                                           --
--  VERSION 3.0,  01/06/2011, COPENHAGEN                                     --
--  BY MATS H.M. OLSSON AND CHRESTEN R. SONDERGARD                           --
--                                                                           --
--  VERSION 3.1,  07/01/2011, COPENHAGEN                                     --
--  BY CHRESTEN R. SONDERGARD AND MATS H.M. OLSSON                           --
--                                                                           --
--  VERSION 3.2,  06/17/2020, PLANET EARTH                                   --
--  SEE ABOVE FOR AUTHORS                                                    --
--                                                                           --
-------------------------------------------------------------------------------


-------------------------------------------------------------------------------
References:

Very Fast Empirical Prediction and Rationalization of Protein pKa Values.
Hui Li, Andrew D. Robertson and Jan H. Jensen. PROTEINS: Structure, Function,
and Bioinformatics. 61:704-721 (2005)

Very Fast Prediction and Rationalization of pKa Values for Protein-Ligand
Complexes.  Delphine C. Bas, David M. Rogers and Jan H. Jensen.  PROTEINS:
Structure, Function, and Bioinformatics 73:765-783 (2008)

PROPKA3: Consistent Treatment of Internal and Surface Residues in Empirical
pKa predictions.  Mats H.M. Olsson, Chresten R. Sondergard, Michal Rostkowski,
and Jan H. Jensen.  Journal of Chemical Theory and Computation, 7(2):525-537
(2011)

Improved Treatment of Ligands and Coupling Effects in Empirical Calculation
and Rationalization of pKa Values.  Chresten R. Sondergaard, Mats H.M. Olsson,
Michal Rostkowski, and Jan H. Jensen.  Journal of Chemical Theory and
Computation, (2011)
-------------------------------------------------------------------------------



2026-08-29 12:48:17,725 INFO:conformation_container.py:124:find_covalently_coupled_groups:Coupling map:
Covalent coupling map for Conformation container 1A with 3749 atoms and 960 groups
            N+    1 B | ASP   1 B | 
N+    1 B             |     X     | 
ASP   1 B       X     |           | 
2026-08-29 12:48:17,725 INFO:conformation_container.py:213:calculate_pka:Calculating pKas for Conformation container 1A with 3749 atoms and 960 groups
2026-08-29 12:48:18,246 INFO:conformation_container.py:235:calculate_pka:Removing penalised groups!!!
2026-08-29 12:48:18,284 INFO:output.py:225:print_pka_section:pKa determinants:

---------  -----   ------   ---------------------    --------------    --------------    --------------
                            DESOLVATION  EFFECTS       SIDECHAIN          BACKBONE        COULOMBIC
 RESIDUE    pKa    BURIED     REGULAR      RE        HYDROGEN BOND     HYDROGEN BOND      INTERACTION
---------  -----   ------   ---------   ---------    --------------    --------------    --------------

ASP  14 A   2.75    25 %    1.36  351   0.04    0   -1.46 ARG   5 B   -0.40 ASP  14 A   -0.01 N+    1 B
ASP  14 A                                            0.00 XXX   0 X    0.00 XXX   0 X   -0.14 ARG   3 B
ASP  14 A                                            0.00 XXX   0 X    0.00 XXX   0 X   -0.45 ARG   5 B

ASP  22 A   6.88   100 %    3.26  625   0.88    0    0.00 XXX   0 X   -0.70 GLY  25 A    0.37 ASP  24 A
ASP  22 A                                            0.00 XXX   0 X    0.00 XXX   0 X    0.13 GLU  27 A
ASP  22 A                                            0.00 XXX   0 X    0.00 XXX   0 X   -0.35 HIS 148 B
ASP  22 A                                            0.00 XXX   0 X    0.00 XXX   0 X    0.54 ASP  26 A
ASP  22 A                                            0.00 XXX   0 X    0.00 XXX   0 X   -1.05 ARG 143 A

ASP  24 A   4.12    80 %    2.65  506   0.75    0   -1.60 HIS   2 A   -0.80 VAL   3 A   -0.16 N+    1 A
ASP  24 A                                            0.00 XXX   0 X    0.00 XXX   0 X    0.07 GLU   1 A
ASP  24 A                                            0.00 XXX   0 X    0.00 XXX   0 X    0.14 ASP  26 A
ASP  24 A                                            0.00 XXX   0 X    0.00 XXX   0 X   -0.01 HIS  15 B
ASP  24 A                                            0.00 XXX   0 X    0.00 XXX   0 X   -0.72 HIS   2 A

ASP  26 A   3.67    97 %    3.79  554   0.60    0   -1.60 HIS 148 B   -0.34 TRP 152 B   -0.22 ARG  41 A
ASP  26 A                                            0.00 XXX   0 X    0.00 XXX   0 X   -0.46 ARG 143 A
ASP  26 A                                            0.00 XXX   0 X    0.00 XXX   0 X   -0.19 ARG  92 B
ASP  26 A                                            0.00 XXX   0 X    0.00 XXX   0 X   -1.72 HIS 148 B

ASP  32 A   2.79     0 %    0.47  275   0.00    0    0.00 XXX   0 X   -0.29 ALA  34 A   -0.20 LYS  35 A
ASP  32 A                                            0.00 XXX   0 X   -0.84 LYS  35 A   -0.16 HIS  30 A

ASP  63 A  11.78*  100 %    3.60  594   0.78    0    1.67 GLU   8 A    0.00 XXX   0 X   -0.72 LYS  10 C
ASP  63 A                                            0.00 XXX   0 X    0.00 XXX   0 X    0.06 ASP  27 B
ASP  63 A                                            0.00 XXX   0 X    0.00 XXX   0 X    2.03 GLU   8 A
ASP  63 A                                            0.00 XXX   0 X    0.00 XXX   0 X    0.56 GLU   8 B

ASP 107 A   4.59    49 %    2.12  419   0.14    0   -0.27 ARG 137 A   -0.46 LYS 108 A   -0.24 LYS 108 A
ASP 107 A                                            0.00 XXX   0 X    0.00 XXX   0 X   -0.29 ARG 143 A
ASP 107 A                                            0.00 XXX   0 X    0.00 XXX   0 X    0.19 GLU  85 A
ASP 107 A                                            0.00 XXX   0 X    0.00 XXX   0 X    0.15 ASP 139 A
ASP 107 A                                            0.00 XXX   0 X    0.00 XXX   0 X   -0.55 ARG 137 A

ASP 139 A   2.09    23 %    1.23  345   0.00    0   -1.35 ARG 137 A   -0.15 ASP 139 A   -0.10 LYS 108 A
ASP 139 A                                            0.00 XXX   0 X   -0.69 LEU 141 A   -0.01 ARG 143 A
ASP 139 A                                            0.00 XXX   0 X    0.00 XXX   0 X   -0.16 HIS 140 A
ASP 139 A                                            0.00 XXX   0 X    0.00 XXX   0 X   -0.47 ARG 137 A

ASP 156 A   2.80     3 %    0.47  290   0.00    0   -0.81 ASN 121 A    0.00 XXX   0 X   -0.04 ARG  97 A
ASP 156 A                                           -0.46 SER 153 A    0.00 XXX   0 X   -0.17 ARG 120 A

ASP 159 A   3.86    18 %    0.95  333   0.23    0   -0.75 HIS 174 A    0.00 XXX   0 X   -0.01 ARG 161 A
ASP 159 A                                            0.00 XXX   0 X    0.00 XXX   0 X    0.03 GLU 176 A
ASP 159 A                                            0.00 XXX   0 X    0.00 XXX   0 X   -0.40 HIS 174 A

ASP 168 A   3.92     0 %    0.12  146   0.00    0    0.00 XXX   0 X    0.00 XXX   0 X    0.00 XXX   0 X

ASP 178 A   5.59*    0 %    0.44  214   0.00    0    0.79 GLU 176 A    0.00 XXX   0 X   -0.08 HIS 174 A
ASP 178 A                                            0.00 XXX   0 X    0.00 XXX   0 X    0.26 C-  178 A
ASP 178 A                                            0.00 XXX   0 X    0.00 XXX   0 X    0.38 GLU 176 A

GLU   1 A   3.69     1 %    0.42  285   0.00    0   -0.04 HIS   2 A   -0.60 GLY  19 B   -0.22 N+    1 A
GLU   1 A                                            0.00 XXX   0 X    0.00 XXX   0 X   -0.00 ARG  93 B
GLU   1 A                                            0.00 XXX   0 X    0.00 XXX   0 X   -0.37 HIS   2 A

GLU   8 A   4.64*  100 %    4.05  632   0.47    0   -0.77 GLN   6 A    0.00 XXX   0 X   -0.08 LYS  70 B
GLU   8 A                                           -0.63 ASN  59 A    0.00 XXX   0 X    0.30 ASP  27 B
GLU   8 A                                           -1.67 ASP  63 A    0.00 XXX   0 X   -1.52 LYS  10 C

GLU  18 A   8.70   100 %    3.79  614   0.80    0    0.00 XXX   0 X   -0.61 PHE 134 A   -0.26 LYS 144 A
GLU  18 A                                            0.00 XXX   0 X    0.00 XXX   0 X    0.48 GLU  27 A

GLU  27 A   4.63   100 %    3.19  566   0.26    0   -1.60 HIS  30 A    0.00 XXX   0 X   -0.02 LYS 144 A
GLU  27 A                                            0.00 XXX   0 X    0.00 XXX   0 X    0.02 ASP  26 A
GLU  27 A                                            0.00 XXX   0 X    0.00 XXX   0 X   -1.15 HIS  30 A
GLU  27 A                                            0.00 XXX   0 X    0.00 XXX   0 X   -0.58 ARG  41 A

GLU  37 A   4.70     0 %    0.27  201   0.00    0    0.00 XXX   0 X    0.00 XXX   0 X   -0.22 LYS  35 A
GLU  37 A                                            0.00 XXX   0 X    0.00 XXX   0 X    0.15 ASP  32 A

GLU  43 A   4.54     0 %    0.11  145   0.00    0    0.00 XXX   0 X    0.00 XXX   0 X   -0.16 ARG  47 A
GLU  43 A                                            0.00 XXX   0 X    0.00 XXX   0 X    0.08 GLU  44 A

GLU  44 A   3.95    12 %    0.58  314   0.00    0    0.00 XXX   0 X   -0.77 GLU  44 A   -0.16 ARG  47 A
GLU  44 A                                            0.00 XXX   0 X    0.00 XXX   0 X   -0.21 ARG  92 B

GLU  52 A   4.00     0 %    0.27  253   0.00    0    0.00 XXX   0 X   -0.77 GLN  54 A    0.00 XXX   0 X

GLU  68 A   4.57     4 %    0.32  293   0.03    0    0.00 XXX   0 X    0.00 XXX   0 X   -0.29 LYS  64 A

GLU  85 A   4.14     0 %    0.34  275   0.00    0   -0.24 LYS 108 A    0.00 XXX   0 X   -0.10 ARG 137 A
GLU  85 A                                            0.00 XXX   0 X    0.00 XXX   0 X   -0.01 LYS 173 A
GLU  85 A                                            0.00 XXX   0 X    0.00 XXX   0 X    0.02 ASP 139 A
GLU  85 A                                            0.00 XXX   0 X    0.00 XXX   0 X   -0.38 LYS 108 A

GLU  95 A   4.65     0 %    0.21  256   0.00    0    0.00 XXX   0 X    0.00 XXX   0 X   -0.05 LYS 104 B

GLU  98 A   4.88     0 %    0.21  167   0.00    0    0.00 XXX   0 X    0.00 XXX   0 X    0.17 GLU  95 A

GLU 131 A   1.68    45 %    0.93  408   0.14    0   -0.85 LYS 144 A    0.00 XXX   0 X   -0.80 LYS 144 A
GLU 131 A                                           -1.60 HIS 146 A    0.00 XXX   0 X   -0.63 HIS 146 A

GLU 138 A   4.67    12 %    0.21  314   0.00    0    0.00 XXX   0 X    0.00 XXX   0 X   -0.05 ARG 137 A
GLU 138 A                                            0.00 XXX   0 X    0.00 XXX   0 X   -0.02 ARG  28 B
GLU 138 A                                            0.00 XXX   0 X    0.00 XXX   0 X    0.05 ASP 139 A
GLU 138 A                                            0.00 XXX   0 X    0.00 XXX   0 X   -0.03 HIS 140 A
GLU 138 A                                            0.00 XXX   0 X    0.00 XXX   0 X    0.08 GLU  13 B
GLU 138 A                                            0.00 XXX   0 X    0.00 XXX   0 X   -0.07 HIS  15 B

GLU 155 A   4.69     0 %    0.12  142   0.00    0   -0.01 THR 154 A    0.00 XXX   0 X   -0.00 ARG  97 A
GLU 155 A                                            0.00 XXX   0 X    0.00 XXX   0 X    0.09 ASP 156 A

GLU 163 A   3.99     0 %    0.34  280   0.00    0   -0.65 ASN 115 A    0.00 XXX   0 X   -0.21 ARG 161 A

GLU 169 A   4.61     0 %    0.11  131   0.00    0    0.00 XXX   0 X    0.00 XXX   0 X    0.00 XXX   0 X

GLU 176 A   2.96*    0 %    0.34  219   0.00    0   -0.82 HIS 174 A    0.00 XXX   0 X   -0.26 HIS 174 A
GLU 176 A                                           -0.79 ASP 178 A    0.00 XXX   0 X    0.00 XXX   0 X

C-  178 A   3.56     0 %    0.42  256   0.00    0    0.00 XXX   0 X    0.00 XXX   0 X   -0.12 LYS 104 B
C-  178 A                                            0.00 XXX   0 X    0.00 XXX   0 X    0.06 GLU 176 A

HIS   2 A   7.46    48 %   -1.53  417   0.00    0    0.04 GLU   1 A    0.00 XXX   0 X   -0.21 N+    1 A
HIS   2 A                                            1.60 ASP  24 A    0.00 XXX   0 X   -0.05 ARG  93 B
HIS   2 A                                            0.00 XXX   0 X    0.00 XXX   0 X    0.37 GLU   1 A
HIS   2 A                                            0.00 XXX   0 X    0.00 XXX   0 X    0.02 GLU  86 B
HIS   2 A                                            0.00 XXX   0 X    0.00 XXX   0 X    0.72 ASP  24 A

HIS  30 A   7.31    75 %   -2.03  491   0.00    0    1.60 GLU  27 A    0.00 XXX   0 X   -0.05 ARG  41 A
HIS  30 A                                            0.00 XXX   0 X    0.00 XXX   0 X   -0.01 LYS 144 A
HIS  30 A                                            0.00 XXX   0 X    0.00 XXX   0 X    0.16 ASP  32 A
HIS  30 A                                            0.00 XXX   0 X    0.00 XXX   0 X    1.15 GLU  27 A

HIS 140 A   4.82    59 %   -1.83  446   0.00    0    0.00 XXX   0 X    0.00 XXX   0 X   -0.00 ARG 137 A
HIS 140 A                                            0.00 XXX   0 X    0.00 XXX   0 X   -0.54 ARG  28 B
HIS 140 A                                            0.00 XXX   0 X    0.00 XXX   0 X   -0.06 ARG  38 B
HIS 140 A                                            0.00 XXX   0 X    0.00 XXX   0 X    0.03 GLU 138 A
HIS 140 A                                            0.00 XXX   0 X    0.00 XXX   0 X    0.16 ASP 139 A
HIS 140 A                                            0.00 XXX   0 X    0.00 XXX   0 X    0.24 GLU  13 B
HIS 140 A                                            0.00 XXX   0 X    0.00 XXX   0 X    0.33 GLU  35 B

HIS 146 A   5.33    73 %   -2.36  485   0.00    0    1.60 GLU 131 A    0.00 XXX   0 X   -1.05 LYS 144 A
HIS 146 A                                            0.00 XXX   0 X    0.00 XXX   0 X    0.63 GLU 131 A

HIS 164 A   4.97    72 %   -2.44  484   0.00    0    0.00 XXX   0 X    0.01 VAL  82 A    0.00 XXX   0 X
HIS 164 A                                            0.00 XXX   0 X    0.46 THR 110 A    0.00 XXX   0 X
HIS 164 A                                            0.00 XXX   0 X    0.44 VAL 113 A    0.00 XXX   0 X

HIS 174 A   8.27     6 %   -0.54  299   0.00    0    0.75 ASP 159 A    0.00 XXX   0 X    0.08 ASP 178 A
HIS 174 A                                            0.82 GLU 176 A    0.00 XXX   0 X    0.40 ASP 159 A
HIS 174 A                                            0.00 XXX   0 X    0.00 XXX   0 X    0.26 GLU 176 A

CYS 104 A  99.99     0 %    0.00    0   0.00    0    0.00 XXX   0 X    0.00 XXX   0 X    0.00 XXX   0 X

CYS 160 A  99.99     0 %    0.00    0   0.00    0    0.00 XXX   0 X    0.00 XXX   0 X    0.00 XXX   0 X

TYR  10 A  10.30    20 %    1.05  336   0.00    0   -0.43 LYS  64 A    0.00 XXX   0 X    0.01 ASP  14 A
TYR  10 A                                            0.00 XXX   0 X    0.00 XXX   0 X    0.08 GLU  68 A
TYR  10 A                                            0.00 XXX   0 X    0.00 XXX   0 X   -0.42 LYS  64 A

TYR  76 A  10.05     0 %    0.24  198   0.00    0    0.00 XXX   0 X    0.00 XXX   0 X    0.01 GLU  68 A
TYR  76 A                                            0.00 XXX   0 X    0.00 XXX   0 X   -0.20 LYS  72 A

TYR 147 A  13.28    89 %    3.46  530   0.00    0   -0.39 ARG  41 A    0.00 XXX   0 X    0.21 ASP  26 A
TYR 147 A                                            0.00 XXX   0 X    0.00 XXX   0 X    0.08 GLU  27 A
TYR 147 A                                            0.00 XXX   0 X    0.00 XXX   0 X   -0.87 ARG  41 A
TYR 147 A                                            0.00 XXX   0 X    0.00 XXX   0 X   -0.03 ARG 143 A
TYR 147 A                                            0.00 XXX   0 X    0.00 XXX   0 X    0.82 ASP 151 B

TYR 158 A  10.66    36 %    1.50  383   0.00    0   -0.75 ARG 120 A    0.00 XXX   0 X   -0.00 ARG  97 A
TYR 158 A                                            0.00 XXX   0 X    0.00 XXX   0 X   -0.44 ARG 120 A
TYR 158 A                                            0.00 XXX   0 X    0.00 XXX   0 X    0.36 ASP 156 A

LYS  35 A  10.81     0 %   -0.10  133   0.00    0    0.00 XXX   0 X    0.00 XXX   0 X    0.20 ASP  32 A
LYS  35 A                                            0.00 XXX   0 X    0.00 XXX   0 X    0.22 GLU  37 A

LYS  36 A  10.38     0 %   -0.12  159   0.00    0    0.00 XXX   0 X    0.00 XXX   0 X    0.00 XXX   0 X

LYS  64 A  11.24     0 %   -0.39  280   0.00    0    0.43 TYR  10 A    0.00 XXX   0 X    0.29 GLU  68 A
LYS  64 A                                            0.00 XXX   0 X    0.00 XXX   0 X    0.42 TYR  10 A

LYS  72 A  10.68     0 %   -0.09  155   0.00    0    0.00 XXX   0 X    0.00 XXX   0 X    0.07 C-   15 C
LYS  72 A                                            0.00 XXX   0 X    0.00 XXX   0 X    0.20 TYR  76 A

LYS 108 A  10.97     0 %   -0.25  243   0.00    0    0.24 GLU  85 A    0.00 XXX   0 X    0.24 ASP 107 A
LYS 108 A                                            0.00 XXX   0 X    0.00 XXX   0 X   -0.24 ARG 137 A
LYS 108 A                                            0.00 XXX   0 X    0.00 XXX   0 X    0.10 ASP 139 A
LYS 108 A                                            0.00 XXX   0 X    0.00 XXX   0 X    0.38 GLU  85 A

LYS 123 A  10.33     0 %   -0.13  137   0.00    0    0.00 XXX   0 X    0.00 XXX   0 X   -0.04 ARG 120 A

LYS 144 A   9.36    83 %   -3.07  513   0.00    0    0.85 GLU 131 A    0.00 XXX   0 X    0.26 GLU  18 A
LYS 144 A                                            0.00 XXX   0 X    0.00 XXX   0 X    0.02 GLU  27 A
LYS 144 A                                            0.00 XXX   0 X    0.00 XXX   0 X    0.80 GLU 131 A

LYS 173 A  10.29     0 %   -0.22  269   0.00    0    0.00 XXX   0 X    0.00 XXX   0 X    0.01 GLU  85 A

ARG  41 A  13.21    76 %   -1.78  493   0.00    0    0.39 TYR 147 A    0.00 XXX   0 X    0.22 ASP  26 A
ARG  41 A                                            0.00 XXX   0 X    0.00 XXX   0 X    0.87 TYR 147 A
ARG  41 A                                            0.00 XXX   0 X    0.00 XXX   0 X    0.44 ASP 151 B
ARG  41 A                                            0.00 XXX   0 X    0.00 XXX   0 X    0.58 GLU  27 A

ARG  47 A  12.54     0 %   -0.28  179   0.00    0    0.00 XXX   0 X    0.00 XXX   0 X    0.16 GLU  43 A
ARG  47 A                                            0.00 XXX   0 X    0.00 XXX   0 X    0.16 GLU  44 A

ARG  73 A  11.97    51 %   -1.79  425   0.00    0    0.12 GLU  14 C    0.00 XXX   0 X    0.14 GLU   8 B
ARG  73 A                                            0.00 XXX   0 X    0.00 XXX   0 X    0.37 TYR  36 B
ARG  73 A                                            0.00 XXX   0 X    0.00 XXX   0 X    0.06 C-   15 C
ARG  73 A                                            0.00 XXX   0 X    0.00 XXX   0 X   -0.02 ARG  54 B
ARG  73 A                                            0.00 XXX   0 X    0.00 XXX   0 X    0.60 GLU  14 C

ARG  97 A  12.33     0 %   -0.22  167   0.00    0    0.00 XXX   0 X    0.00 XXX   0 X    0.00 GLU 155 A
ARG  97 A                                            0.00 XXX   0 X    0.00 XXX   0 X    0.04 ASP 156 A
ARG  97 A                                            0.00 XXX   0 X    0.00 XXX   0 X    0.00 TYR 158 A

ARG 120 A  13.25    16 %   -0.61  327   0.00    0    0.75 TYR 158 A    0.00 XXX   0 X    0.17 ASP 156 A
ARG 120 A                                            0.00 XXX   0 X    0.00 XXX   0 X    0.44 TYR 158 A

ARG 137 A  14.24    25 %   -1.05  350   0.00    0    0.27 ASP 107 A    0.00 XXX   0 X    0.10 GLU  85 A
ARG 137 A                                            1.35 ASP 139 A    0.00 XXX   0 X    0.05 GLU 138 A
ARG 137 A                                            0.00 XXX   0 X    0.00 XXX   0 X    0.55 ASP 107 A
ARG 137 A                                            0.00 XXX   0 X    0.00 XXX   0 X    0.47 ASP 139 A

ARG 143 A  11.75   100 %   -2.52  564   0.00    0    0.00 XXX   0 X    0.00 XXX   0 X    0.46 ASP  26 A
ARG 143 A                                            0.00 XXX   0 X    0.00 XXX   0 X    0.29 ASP 107 A
ARG 143 A                                            0.00 XXX   0 X    0.00 XXX   0 X    0.01 ASP 139 A
ARG 143 A                                            0.00 XXX   0 X    0.00 XXX   0 X    0.03 TYR 147 A
ARG 143 A                                            0.00 XXX   0 X    0.00 XXX   0 X    0.11 TYR   9 B
ARG 143 A                                            0.00 XXX   0 X    0.00 XXX   0 X   -0.17 ARG 137 A
ARG 143 A                                            0.00 XXX   0 X    0.00 XXX   0 X    1.05 ASP  22 A

ARG 161 A  12.37     0 %   -0.34  266   0.00    0    0.00 XXX   0 X    0.00 XXX   0 X    0.01 ASP 159 A
ARG 161 A                                            0.00 XXX   0 X    0.00 XXX   0 X    0.21 GLU 163 A

N+    1 A   7.82     4 %   -0.55  293   0.00    0    0.00 XXX   0 X    0.00 XXX   0 X    0.22 GLU   1 A
N+    1 A                                            0.00 XXX   0 X    0.00 XXX   0 X    0.16 ASP  24 A

ASP  27 B   1.18   100 %    3.78  672   0.51    0   -0.80 SER  12 B    0.00 XXX   0 X   -0.28 HIS  11 C
ASP  27 B                                           -0.66 TYR  29 B    0.00 XXX   0 X   -1.75 LYS  70 B
ASP  27 B                                           -0.67 TYR  46 B    0.00 XXX   0 X   -2.03 LYS  10 C
ASP  27 B                                           -0.72 LYS  10 C    0.00 XXX   0 X    0.00 XXX   0 X

ASP  40 B   2.32    26 %    1.29  353   0.08    0   -1.32 ARG  24 B   -0.80 ASP  42 B   -0.02 ARG  22 B
ASP  40 B                                            0.00 XXX   0 X    0.00 XXX   0 X   -0.02 ARG  28 B
ASP  40 B                                            0.00 XXX   0 X    0.00 XXX   0 X   -0.18 ARG  38 B
ASP  40 B                                            0.00 XXX   0 X    0.00 XXX   0 X   -0.02 ARG  47 B
ASP  40 B                                            0.00 XXX   0 X    0.00 XXX   0 X   -0.04 HIS  15 B
ASP  40 B                                            0.00 XXX   0 X    0.00 XXX   0 X   -0.44 ARG  24 B

ASP  42 B   3.96     2 %    0.44  287   0.00    0    0.00 XXX   0 X    0.00 XXX   0 X   -0.25 ARG  22 B
ASP  42 B                                            0.00 XXX   0 X    0.00 XXX   0 X   -0.35 ARG  24 B
ASP  42 B                                            0.00 XXX   0 X    0.00 XXX   0 X   -0.01 HIS  15 B
ASP  42 B                                            0.00 XXX   0 X    0.00 XXX   0 X    0.33 ASP  40 B

ASP  65 B   3.34     0 %    0.37  239   0.00    0    0.00 XXX   0 X   -0.34 ASP  65 B   -0.00 LYS  70 B
ASP  65 B                                            0.00 XXX   0 X   -0.28 ILE  66 B   -0.06 LYS   9 C
ASP  65 B                                            0.00 XXX   0 X    0.00 XXX   0 X   -0.15 HIS  11 C

ASP  69 B   4.07    40 %    0.85  394   0.17    0    0.00 XXX   0 X    0.00 XXX   0 X   -0.07 LYS   9 C
ASP  69 B                                            0.00 XXX   0 X    0.00 XXX   0 X    0.09 ASP  27 B
ASP  69 B                                            0.00 XXX   0 X    0.00 XXX   0 X    0.04 ASP  65 B
ASP  69 B                                            0.00 XXX   0 X    0.00 XXX   0 X   -0.20 HIS  11 C
ASP  69 B                                            0.00 XXX   0 X    0.00 XXX   0 X   -0.61 LYS  70 B

ASP  75 B   3.48     0 %    0.32  279   0.00    0   -0.36 ARG  79 B    0.00 XXX   0 X   -0.29 ARG  79 B

ASP 151 B   4.70    87 %    2.28  524   0.27    0   -0.85 THR 153 B   -0.22 ASP 151 B   -0.44 ARG  41 A
ASP 151 B                                            0.00 XXX   0 X   -0.11 THR 153 B   -0.15 ARG  92 B
ASP 151 B                                            0.00 XXX   0 X    0.00 XXX   0 X    0.33 ASP  26 A
ASP 151 B                                            0.00 XXX   0 X    0.00 XXX   0 X   -0.21 HIS 148 B

GLU   8 B   8.33   100 %    3.61  653   1.28    0   -0.85 TYR  36 B    0.00 XXX   0 X   -0.14 ARG  73 A
GLU   8 B                                            0.00 XXX   0 X    0.00 XXX   0 X   -0.08 LYS  10 C
GLU   8 B                                            0.00 XXX   0 X    0.00 XXX   0 X    0.01 GLU   8 A

GLU  13 B   3.12    93 %    2.62  541   0.35    0   -0.56 THR  11 B    0.00 XXX   0 X   -0.02 ARG  24 B
GLU  13 B                                           -1.60 HIS  15 B    0.00 XXX   0 X   -0.15 ARG  38 B
GLU  13 B                                           -0.50 ARG  28 B    0.00 XXX   0 X   -0.24 HIS 140 A
GLU  13 B                                            0.00 XXX   0 X    0.00 XXX   0 X    0.03 ASP  27 B
GLU  13 B                                            0.00 XXX   0 X    0.00 XXX   0 X    0.24 GLU  35 B
GLU  13 B                                            0.00 XXX   0 X    0.00 XXX   0 X    0.01 ASP  40 B
GLU  13 B                                            0.00 XXX   0 X    0.00 XXX   0 X   -0.65 HIS  15 B
GLU  13 B                                            0.00 XXX   0 X    0.00 XXX   0 X   -0.90 ARG  28 B

GLU  21 B   4.39     0 %    0.23  123   0.00    0   -0.35 ASN  18 B    0.00 XXX   0 X   -0.01 ARG  79 B
GLU  21 B                                            0.00 XXX   0 X    0.00 XXX   0 X    0.01 GLU   1 A

GLU  34 B   4.62    28 %    0.86  360   0.09    0   -0.85 THR  50 B    0.00 XXX   0 X    0.02 GLU  51 B

GLU  35 B   2.49    61 %    2.39  451   0.21    0   -1.69 ARG  28 B    0.00 XXX   0 X   -0.33 HIS 140 A
GLU  35 B                                           -1.21 ARG  38 B    0.00 XXX   0 X    0.01 ASP  40 B
GLU  35 B                                            0.00 XXX   0 X    0.00 XXX   0 X   -0.75 ARG  28 B
GLU  35 B                                            0.00 XXX   0 X    0.00 XXX   0 X   -0.63 ARG  38 B

GLU  45 B   3.51     0 %    0.32  271   0.00    0   -0.83 ARG  47 B    0.00 XXX   0 X   -0.06 LYS  64 B
GLU  45 B                                            0.00 XXX   0 X    0.00 XXX   0 X   -0.09 ARG  71 B
GLU  45 B                                            0.00 XXX   0 X    0.00 XXX   0 X   -0.32 ARG  47 B

GLU  51 B   4.40     0 %    0.09  140   0.00    0    0.00 XXX   0 X    0.00 XXX   0 X   -0.19 ARG  54 B

GLU  58 B   4.60     0 %    0.24  220   0.00    0    0.00 XXX   0 X    0.00 XXX   0 X   -0.13 ARG  54 B

GLU  68 B   4.09     0 %    0.30  211   0.00    0   -0.33 ARG  71 B    0.00 XXX   0 X   -0.07 LYS  64 B
GLU  68 B                                            0.00 XXX   0 X    0.00 XXX   0 X   -0.30 ARG  71 B

GLU  86 B   4.88     8 %    0.44  304   0.03    0   -0.03 GLN  91 B    0.00 XXX   0 X   -0.05 N+    1 C
GLU  86 B                                            0.00 XXX   0 X    0.00 XXX   0 X    0.02 GLU   1 A
GLU  86 B                                            0.00 XXX   0 X    0.00 XXX   0 X   -0.02 HIS   2 A

GLU 127 B   4.22     0 %    0.22  280   0.00    0   -0.24 ARG 129 B    0.00 XXX   0 X   -0.27 ARG 129 B

GLU 136 B   4.43     0 %    0.44  239   0.00    0    0.00 XXX   0 X    0.00 XXX   0 X   -0.28 ARG 129 B
GLU 136 B                                            0.00 XXX   0 X    0.00 XXX   0 X   -0.26 LYS 138 B
GLU 136 B                                            0.00 XXX   0 X    0.00 XXX   0 X    0.02 GLU 127 B

GLU 137 B   4.72     8 %    0.53  303   0.03    0    0.00 XXX   0 X    0.00 XXX   0 X   -0.42 ARG 132 B
GLU 137 B                                            0.00 XXX   0 X    0.00 XXX   0 X    0.01 GLU 136 B
GLU 137 B                                            0.00 XXX   0 X    0.00 XXX   0 X    0.06 GLU 168 B

GLU 161 B   4.68     0 %    0.22  235   0.00    0    0.00 XXX   0 X    0.00 XXX   0 X   -0.03 HIS 111 B

GLU 168 B   3.30     3 %    0.72  290   0.03    0   -0.78 TYR 170 B   -0.72 ARG 165 B   -0.32 ARG 132 B
GLU 168 B                                            0.00 XXX   0 X    0.00 XXX   0 X   -0.18 ARG 165 B
GLU 168 B                                            0.00 XXX   0 X    0.00 XXX   0 X    0.04 C-  189 B

GLU 175 B   4.70     0 %    0.28  242   0.00    0    0.00 XXX   0 X    0.00 XXX   0 X   -0.22 ARG 129 B
GLU 175 B                                            0.00 XXX   0 X    0.00 XXX   0 X    0.11 GLU 127 B
GLU 175 B                                            0.00 XXX   0 X    0.00 XXX   0 X    0.03 GLU 136 B

GLU 186 B   4.36     0 %    0.29  236   0.00    0   -0.10 ARG 188 B    0.00 XXX   0 X   -0.33 ARG 188 B

C-  189 B   3.14     0 %    0.34  226   0.00    0    0.00 XXX   0 X   -0.37 GLY 167 B   -0.02 ARG 188 B

HIS  15 B   7.11    58 %   -1.45  443   0.00    0    1.60 GLU  13 B    0.00 XXX   0 X   -0.07 N+    1 A
HIS  15 B                                            0.00 XXX   0 X    0.00 XXX   0 X   -0.13 ARG  24 B
HIS  15 B                                            0.00 XXX   0 X    0.00 XXX   0 X   -0.11 ARG  28 B
HIS  15 B                                            0.00 XXX   0 X    0.00 XXX   0 X   -0.00 ARG  38 B
HIS  15 B                                            0.00 XXX   0 X    0.00 XXX   0 X    0.01 ASP  24 A
HIS  15 B                                            0.00 XXX   0 X    0.00 XXX   0 X    0.07 GLU 138 A
HIS  15 B                                            0.00 XXX   0 X    0.00 XXX   0 X    0.04 ASP  40 B
HIS  15 B                                            0.00 XXX   0 X    0.00 XXX   0 X    0.01 ASP  42 B
HIS  15 B                                            0.00 XXX   0 X    0.00 XXX   0 X    0.65 GLU  13 B

HIS  80 B   5.92    21 %   -0.92  340   0.00    0    0.00 XXX   0 X    0.81 VAL   4 C   -0.47 HIS   6 C

HIS  95 B   6.01     0 %   -0.24  263   0.00    0    0.00 XXX   0 X    0.00 XXX   0 X   -0.25 LYS  97 B

HIS 110 B   6.21     0 %   -0.19  138   0.00    0    0.00 XXX   0 X    0.00 XXX   0 X   -0.10 HIS 111 B

HIS 111 B   6.32     0 %   -0.21  186   0.00    0    0.00 XXX   0 X    0.00 XXX   0 X    0.03 GLU 161 B

HIS 148 B   6.88    93 %   -2.48  542   0.00    0    1.60 ASP  26 A    0.00 XXX   0 X   -0.04 ARG  41 A
HIS 148 B                                            0.00 XXX   0 X    0.00 XXX   0 X   -0.97 ARG 143 A
HIS 148 B                                            0.00 XXX   0 X    0.00 XXX   0 X    0.35 ASP  22 A
HIS 148 B                                            0.00 XXX   0 X    0.00 XXX   0 X    0.21 ASP 151 B
HIS 148 B                                            0.00 XXX   0 X    0.00 XXX   0 X    1.72 ASP  26 A

HIS 176 B   5.32    42 %   -1.88  399   0.00    0    0.00 XXX   0 X    0.82 PRO 123 B   -0.10 ARG  93 B
HIS 176 B                                            0.00 XXX   0 X    0.00 XXX   0 X   -0.03 HIS  95 B

CYS  14 B  99.99     0 %    0.00    0   0.00    0    0.00 XXX   0 X    0.00 XXX   0 X    0.00 XXX   0 X

CYS  78 B  99.99     0 %    0.00    0   0.00    0    0.00 XXX   0 X    0.00 XXX   0 X    0.00 XXX   0 X

CYS 116 B  99.99     0 %    0.00    0   0.00    0    0.00 XXX   0 X    0.00 XXX   0 X    0.00 XXX   0 X

CYS 172 B  99.99     0 %    0.00    0   0.00    0    0.00 XXX   0 X    0.00 XXX   0 X    0.00 XXX   0 X

TYR   9 B  13.99   100 %    3.37  618   0.00    0    0.00 XXX   0 X    0.00 XXX   0 X    0.28 GLU  18 A
TYR   9 B                                            0.00 XXX   0 X    0.00 XXX   0 X    0.19 ASP  22 A
TYR   9 B                                            0.00 XXX   0 X    0.00 XXX   0 X    0.06 ASP 139 A
TYR   9 B                                            0.00 XXX   0 X    0.00 XXX   0 X   -0.11 ARG 143 A
TYR   9 B                                            0.00 XXX   0 X    0.00 XXX   0 X    0.30 GLU  13 B
TYR   9 B                                            0.00 XXX   0 X    0.00 XXX   0 X   -0.11 ARG  28 B

TYR  29 B  20.24   100 %    3.57  663   0.00    0    0.41 TYR  46 B    0.00 XXX   0 X    0.43 GLU   8 A
TYR  29 B                                            0.66 ASP  27 B    0.00 XXX   0 X    0.39 ASP  63 A
TYR  29 B                                            0.00 XXX   0 X    0.00 XXX   0 X    0.25 GLU   8 B
TYR  29 B                                            0.00 XXX   0 X    0.00 XXX   0 X    0.00 ASP  69 B
TYR  29 B                                            0.00 XXX   0 X    0.00 XXX   0 X    0.47 TYR  36 B
TYR  29 B                                            0.00 XXX   0 X    0.00 XXX   0 X    2.02 TYR  46 B
TYR  29 B                                            0.00 XXX   0 X    0.00 XXX   0 X    2.03 ASP  27 B

TYR  31 B  11.10    53 %    2.52  430   0.00    0   -0.60 THR  71 A    0.00 XXX   0 X    0.16 GLU   8 B
TYR  31 B                                           -0.85 SER  74 A    0.00 XXX   0 X    0.03 GLU  34 B
TYR  31 B                                           -0.17 ASN  32 B    0.00 XXX   0 X    0.02 TYR  76 A

TYR  36 B  17.30   100 %    4.45  610   0.00    0    0.85 GLU   8 B    0.00 XXX   0 X    0.17 ASP  63 A
TYR  36 B                                            0.00 XXX   0 X    0.00 XXX   0 X   -0.37 ARG  73 A
TYR  36 B                                            0.00 XXX   0 X    0.00 XXX   0 X    0.04 ASP  27 B
TYR  36 B                                            0.00 XXX   0 X    0.00 XXX   0 X    0.02 GLU  34 B
TYR  36 B                                            0.00 XXX   0 X    0.00 XXX   0 X    0.10 GLU  14 C
TYR  36 B                                            0.00 XXX   0 X    0.00 XXX   0 X    0.01 TYR  31 B
TYR  36 B                                            0.00 XXX   0 X    0.00 XXX   0 X    2.03 GLU   8 B

TYR  46 B  16.41   100 %    3.97  592   0.00    0   -0.41 TYR  29 B    0.00 XXX   0 X    0.14 ASP  69 B
TYR  46 B                                            0.67 ASP  27 B    0.00 XXX   0 X    2.03 ASP  27 B

TYR  59 B  10.41     0 %    0.27  246   0.00    0   -0.03 GLN  63 B    0.00 XXX   0 X    0.02 ASP  65 B
TYR  59 B                                            0.00 XXX   0 X    0.00 XXX   0 X    0.08 GLU  14 C
TYR  59 B                                            0.00 XXX   0 X    0.00 XXX   0 X    0.06 C-   15 C

TYR  77 B  14.73   100 %    4.13  659   0.00    0    0.00 XXX   0 X    0.00 XXX   0 X    0.23 GLU   8 A
TYR  77 B                                            0.00 XXX   0 X    0.00 XXX   0 X    0.05 GLU  13 B
TYR  77 B                                            0.00 XXX   0 X    0.00 XXX   0 X    0.32 ASP  27 B

TYR  82 B  11.68    25 %    1.02  350   0.00    0    0.00 XXX   0 X    0.00 XXX   0 X    0.31 GLU   1 A
TYR  82 B                                            0.00 XXX   0 X    0.00 XXX   0 X    0.06 ASP  24 A
TYR  82 B                                            0.00 XXX   0 X    0.00 XXX   0 X    0.28 GLU  86 B

TYR 101 B  11.46    57 %    1.46  442   0.00    0    0.00 XXX   0 X    0.00 XXX   0 X    0.00 XXX   0 X

TYR 122 B  14.15    81 %    2.89  509   0.00    0    0.00 XXX   0 X    0.00 XXX   0 X    0.15 ASP  22 A
TYR 122 B                                            0.00 XXX   0 X    0.00 XXX   0 X   -0.25 ARG  92 B
TYR 122 B                                            0.00 XXX   0 X    0.00 XXX   0 X   -0.05 ARG  93 B
TYR 122 B                                            0.00 XXX   0 X    0.00 XXX   0 X    0.60 ASP  24 A
TYR 122 B                                            0.00 XXX   0 X    0.00 XXX   0 X    0.82 ASP  26 A

TYR 170 B  11.65    30 %    1.66  364   0.00    0   -0.85 THR 162 B    0.00 XXX   0 X   -0.46 ARG 132 B
TYR 170 B                                            0.78 GLU 168 B    0.00 XXX   0 X    0.13 GLU 137 B
TYR 170 B                                            0.00 XXX   0 X    0.00 XXX   0 X   -0.07 ARG 165 B
TYR 170 B                                            0.00 XXX   0 X    0.00 XXX   0 X    0.02 C-  189 B
TYR 170 B                                            0.00 XXX   0 X    0.00 XXX   0 X    0.44 GLU 168 B

LYS  64 B  10.26     0 %   -0.23  198   0.00    0    0.00 XXX   0 X    0.00 XXX   0 X    0.06 GLU  45 B
LYS  64 B                                            0.00 XXX   0 X    0.00 XXX   0 X    0.07 GLU  68 B
LYS  64 B                                            0.00 XXX   0 X    0.00 XXX   0 X   -0.15 ARG  71 B

LYS  70 B   8.80   100 %   -3.22  579   0.00    0    0.00 XXX   0 X    0.00 XXX   0 X    0.08 GLU   8 A
LYS  70 B                                            0.00 XXX   0 X    0.00 XXX   0 X    0.00 ASP  65 B
LYS  70 B                                            0.00 XXX   0 X    0.00 XXX   0 X   -0.06 LYS   9 C
LYS  70 B                                            0.00 XXX   0 X    0.00 XXX   0 X   -0.86 LYS  10 C
LYS  70 B                                            0.00 XXX   0 X    0.00 XXX   0 X    1.75 ASP  27 B
LYS  70 B                                            0.00 XXX   0 X    0.00 XXX   0 X    0.61 ASP  69 B

LYS  97 B  10.34     0 %   -0.16  222   0.00    0    0.00 XXX   0 X    0.00 XXX   0 X    0.00 XXX   0 X

LYS 104 B  10.23    15 %   -0.45  322   0.00    0    0.00 XXX   0 X    0.00 XXX   0 X    0.05 GLU  95 A
LYS 104 B                                            0.00 XXX   0 X    0.00 XXX   0 X    0.12 C-  178 A

LYS 138 B  10.60     0 %   -0.10  129   0.00    0    0.00 XXX   0 X    0.00 XXX   0 X   -0.05 ARG 129 B
LYS 138 B                                            0.00 XXX   0 X    0.00 XXX   0 X    0.26 GLU 136 B

ARG   3 B  12.07     0 %   -0.32  184   0.00    0    0.00 XXX   0 X    0.00 XXX   0 X    0.14 ASP  14 A
ARG   3 B                                            0.00 XXX   0 X    0.00 XXX   0 X   -0.24 ARG   5 B

ARG   5 B  13.30    11 %   -1.10  311   0.00    0    1.46 ASP  14 A    0.00 XXX   0 X    0.45 ASP  14 A

ARG  22 B  12.44     0 %   -0.23  219   0.00    0    0.00 XXX   0 X    0.00 XXX   0 X    0.02 ASP  40 B
ARG  22 B                                            0.00 XXX   0 X    0.00 XXX   0 X    0.25 ASP  42 B
ARG  22 B                                            0.00 XXX   0 X    0.00 XXX   0 X   -0.11 ARG  24 B

ARG  24 B  14.16     8 %   -0.46  303   0.00    0    1.32 ASP  40 B    0.00 XXX   0 X    0.02 GLU  13 B
ARG  24 B                                            0.00 XXX   0 X    0.00 XXX   0 X    0.35 ASP  42 B
ARG  24 B                                            0.00 XXX   0 X    0.00 XXX   0 X   -0.02 ARG  28 B
ARG  24 B                                            0.00 XXX   0 X    0.00 XXX   0 X    0.44 ASP  40 B

ARG  28 B  14.78    60 %   -1.72  450   0.00    0    0.50 GLU  13 B    0.00 XXX   0 X    0.02 GLU 138 A
ARG  28 B                                            1.69 GLU  35 B    0.00 XXX   0 X    0.11 TYR   9 B
ARG  28 B                                            0.00 XXX   0 X    0.00 XXX   0 X    0.02 ASP  40 B
ARG  28 B                                            0.00 XXX   0 X    0.00 XXX   0 X    0.90 GLU  13 B
ARG  28 B                                            0.00 XXX   0 X    0.00 XXX   0 X    0.75 GLU  35 B

ARG  38 B  13.21    36 %   -0.88  383   0.00    0    1.21 GLU  35 B    0.00 XXX   0 X    0.15 GLU  13 B
ARG  38 B                                            0.00 XXX   0 X    0.00 XXX   0 X    0.18 ASP  40 B
ARG  38 B                                            0.00 XXX   0 X    0.00 XXX   0 X   -0.11 ARG  24 B
ARG  38 B                                            0.00 XXX   0 X    0.00 XXX   0 X   -0.46 ARG  28 B
ARG  38 B                                            0.00 XXX   0 X    0.00 XXX   0 X    0.63 GLU  35 B

ARG  47 B  13.36     0 %   -0.31  251   0.00    0    0.83 GLU  45 B    0.00 XXX   0 X    0.02 ASP  40 B
ARG  47 B                                            0.00 XXX   0 X    0.00 XXX   0 X    0.32 GLU  45 B

ARG  54 B  12.61     0 %   -0.21  200   0.00    0    0.00 XXX   0 X    0.00 XXX   0 X    0.19 GLU  51 B
ARG  54 B                                            0.00 XXX   0 X    0.00 XXX   0 X    0.13 GLU  58 B

ARG  71 B  12.85     0 %   -0.38  256   0.00    0    0.33 GLU  68 B    0.00 XXX   0 X    0.09 GLU  45 B
ARG  71 B                                            0.00 XXX   0 X    0.00 XXX   0 X    0.30 GLU  68 B

ARG  79 B  12.62     6 %   -0.54  297   0.00    0    0.36 ASP  75 B    0.00 XXX   0 X    0.01 GLU  21 B
ARG  79 B                                            0.00 XXX   0 X    0.00 XXX   0 X    0.29 ASP  75 B

ARG  92 B  11.45    60 %   -1.85  450   0.00    0    0.00 XXX   0 X    0.00 XXX   0 X    0.19 ASP  26 A
ARG  92 B                                            0.00 XXX   0 X    0.00 XXX   0 X    0.21 GLU  44 A
ARG  92 B                                            0.00 XXX   0 X    0.00 XXX   0 X    0.25 TYR 122 B
ARG  92 B                                            0.00 XXX   0 X    0.00 XXX   0 X    0.15 ASP 151 B

ARG  93 B  12.01    13 %   -0.55  319   0.00    0    0.00 XXX   0 X    0.00 XXX   0 X    0.00 GLU   1 A
ARG  93 B                                            0.00 XXX   0 X    0.00 XXX   0 X    0.05 TYR 122 B

ARG 129 B  13.25     0 %   -0.26  262   0.00    0    0.24 GLU 127 B    0.00 XXX   0 X    0.28 GLU 136 B
ARG 129 B                                            0.00 XXX   0 X    0.00 XXX   0 X    0.22 GLU 175 B
ARG 129 B                                            0.00 XXX   0 X    0.00 XXX   0 X    0.27 GLU 127 B

ARG 132 B  13.12    12 %   -0.57  315   0.00    0    0.00 XXX   0 X    0.00 XXX   0 X    0.42 GLU 137 B
ARG 132 B                                            0.00 XXX   0 X    0.00 XXX   0 X    0.32 GLU 168 B
ARG 132 B                                            0.00 XXX   0 X    0.00 XXX   0 X    0.46 TYR 170 B

ARG 165 B  12.53     0 %   -0.13  173   0.00    0    0.00 XXX   0 X    0.00 XXX   0 X    0.18 GLU 168 B
ARG 165 B                                            0.00 XXX   0 X    0.00 XXX   0 X    0.07 TYR 170 B
ARG 165 B                                            0.00 XXX   0 X    0.00 XXX   0 X   -0.09 ARG 132 B

ARG 188 B  12.73     0 %   -0.23  166   0.00    0    0.10 GLU 186 B    0.00 XXX   0 X    0.33 GLU 186 B
ARG 188 B                                            0.00 XXX   0 X    0.00 XXX   0 X    0.02 C-  189 B

N+    1 B   7.63     0 %   -0.20  181   0.00    0    0.00 XXX   0 X    0.00 XXX   0 X    0.01 ASP  14 A
N+    1 B                                            0.00 XXX   0 X    0.00 XXX   0 X   -0.07 ARG   3 B
N+    1 B                                            0.00 XXX   0 X    0.00 XXX   0 X   -0.11 ARG   5 B

GLU  14 C   5.19    36 %    1.70  383   0.25    0   -0.12 ARG  73 A   -0.70 GLU  14 C    0.04 GLU  58 B
GLU  14 C                                            0.00 XXX   0 X    0.00 XXX   0 X    0.12 C-   15 C
GLU  14 C                                            0.00 XXX   0 X    0.00 XXX   0 X   -0.60 ARG  73 A

C-   15 C   3.34     0 %    0.26  241   0.00    0    0.00 XXX   0 X    0.00 XXX   0 X   -0.07 LYS  72 A
C-   15 C                                            0.00 XXX   0 X    0.00 XXX   0 X   -0.06 ARG  73 A

HIS   6 C   6.46    23 %   -0.85  346   0.00    0    0.00 XXX   0 X    0.81 THR  76 B    0.00 XXX   0 X

HIS  11 C   4.30    60 %   -1.62  449   0.00    0    0.00 XXX   0 X    0.00 XXX   0 X   -0.79 LYS  70 B
HIS  11 C                                            0.00 XXX   0 X    0.00 XXX   0 X   -0.28 LYS   9 C
HIS  11 C                                            0.00 XXX   0 X    0.00 XXX   0 X   -0.14 LYS  10 C
HIS  11 C                                            0.00 XXX   0 X    0.00 XXX   0 X    0.28 ASP  27 B
HIS  11 C                                            0.00 XXX   0 X    0.00 XXX   0 X    0.15 ASP  65 B
HIS  11 C                                            0.00 XXX   0 X    0.00 XXX   0 X    0.20 ASP  69 B

HIS  13 C   2.59    97 %   -3.35  552   0.00    0    0.00 XXX   0 X    0.00 XXX   0 X   -0.56 ARG  73 A

TYR   5 C  13.32    95 %    3.32  547   0.00    0    0.00 XXX   0 X    0.00 XXX   0 X    0.00 XXX   0 X

LYS   9 C  10.43     4 %   -0.21  293   0.00    0    0.00 XXX   0 X    0.00 XXX   0 X    0.06 ASP  65 B
LYS   9 C                                            0.00 XXX   0 X    0.00 XXX   0 X    0.07 ASP  69 B

LYS  10 C  11.57   100 %   -3.99  675   0.00    0    0.72 ASP  27 B    0.00 XXX   0 X    0.72 ASP  63 A
LYS  10 C                                            0.00 XXX   0 X    0.00 XXX   0 X    0.08 GLU   8 B
LYS  10 C                                            0.00 XXX   0 X    0.00 XXX   0 X    1.52 GLU   8 A
LYS  10 C                                            0.00 XXX   0 X    0.00 XXX   0 X    2.03 ASP  27 B

N+    1 C   7.53     0 %   -0.52  277   0.00    0    0.00 XXX   0 X    0.00 XXX   0 X    0.05 GLU  86 B

Coupled residues (marked *) were detected.Please rerun PropKa with the --display-coupled-residues 
or -d option for detailed information.

2026-08-29 12:48:18,284 INFO:output.py:227:print_pka_section:pKa summary:
--------------------------------------------------------------------------------------------------------
SUMMARY OF THIS PREDICTION
       Group      pKa  model-pKa   ligand atom-type
   ASP  14 A     2.75       3.80                      
   ASP  22 A     6.88       3.80                      
   ASP  24 A     4.12       3.80                      
   ASP  26 A     3.67       3.80                      
   ASP  32 A     2.79       3.80                      
   ASP  63 A    11.78       3.80                      
   ASP 107 A     4.59       3.80                      
   ASP 139 A     2.09       3.80                      
   ASP 156 A     2.80       3.80                      
   ASP 159 A     3.86       3.80                      
   ASP 168 A     3.92       3.80                      
   ASP 178 A     5.59       3.80                      
   ASP  27 B     1.18       3.80                      
   ASP  40 B     2.32       3.80                      
   ASP  42 B     3.96       3.80                      
   ASP  65 B     3.34       3.80                      
   ASP  69 B     4.07       3.80                      
   ASP  75 B     3.48       3.80                      
   ASP 151 B     4.70       3.80                      
   GLU   1 A     3.69       4.50                      
   GLU   8 A     4.64       4.50                      
   GLU  18 A     8.70       4.50                      
   GLU  27 A     4.63       4.50                      
   GLU  37 A     4.70       4.50                      
   GLU  43 A     4.54       4.50                      
   GLU  44 A     3.95       4.50                      
   GLU  52 A     4.00       4.50                      
   GLU  68 A     4.57       4.50                      
   GLU  85 A     4.14       4.50                      
   GLU  95 A     4.65       4.50                      
   GLU  98 A     4.88       4.50                      
   GLU 131 A     1.68       4.50                      
   GLU 138 A     4.67       4.50                      
   GLU 155 A     4.69       4.50                      
   GLU 163 A     3.99       4.50                      
   GLU 169 A     4.61       4.50                      
   GLU 176 A     2.96       4.50                      
   GLU   8 B     8.33       4.50                      
   GLU  13 B     3.12       4.50                      
   GLU  21 B     4.39       4.50                      
   GLU  34 B     4.62       4.50                      
   GLU  35 B     2.49       4.50                      
   GLU  45 B     3.51       4.50                      
   GLU  51 B     4.40       4.50                      
   GLU  58 B     4.60       4.50                      
   GLU  68 B     4.09       4.50                      
   GLU  86 B     4.88       4.50                      
   GLU 127 B     4.22       4.50                      
   GLU 136 B     4.43       4.50                      
   GLU 137 B     4.72       4.50                      
   GLU 161 B     4.68       4.50                      
   GLU 168 B     3.30       4.50                      
   GLU 175 B     4.70       4.50                      
   GLU 186 B     4.36       4.50                      
   GLU  14 C     5.19       4.50                      
   C-  178 A     3.56       3.20                      
   C-  189 B     3.14       3.20                      
   C-   15 C     3.34       3.20                      
   HIS   2 A     7.46       6.50                      
   HIS  30 A     7.31       6.50                      
   HIS 140 A     4.82       6.50                      
   HIS 146 A     5.33       6.50                      
   HIS 164 A     4.97       6.50                      
   HIS 174 A     8.27       6.50                      
   HIS  15 B     7.11       6.50                      
   HIS  80 B     5.92       6.50                      
   HIS  95 B     6.01       6.50                      
   HIS 110 B     6.21       6.50                      
   HIS 111 B     6.32       6.50                      
   HIS 148 B     6.88       6.50                      
   HIS 176 B     5.32       6.50                      
   HIS   6 C     6.46       6.50                      
   HIS  11 C     4.30       6.50                      
   HIS  13 C     2.59       6.50                      
   CYS 104 A    99.99       9.00                      
   CYS 160 A    99.99       9.00                      
   CYS  14 B    99.99       9.00                      
   CYS  78 B    99.99       9.00                      
   CYS 116 B    99.99       9.00                      
   CYS 172 B    99.99       9.00                      
   TYR  10 A    10.30      10.00                      
   TYR  76 A    10.05      10.00                      
   TYR 147 A    13.28      10.00                      
   TYR 158 A    10.66      10.00                      
   TYR   9 B    13.99      10.00                      
   TYR  29 B    20.24      10.00                      
   TYR  31 B    11.10      10.00                      
   TYR  36 B    17.30      10.00                      
   TYR  46 B    16.41      10.00                      
   TYR  59 B    10.41      10.00                      
   TYR  77 B    14.73      10.00                      
   TYR  82 B    11.68      10.00                      
   TYR 101 B    11.46      10.00                      
   TYR 122 B    14.15      10.00                      
   TYR 170 B    11.65      10.00                      
   TYR   5 C    13.32      10.00                      
   LYS  35 A    10.81      10.50                      
   LYS  36 A    10.38      10.50                      
   LYS  64 A    11.24      10.50                      
   LYS  72 A    10.68      10.50                      
   LYS 108 A    10.97      10.50                      
   LYS 123 A    10.33      10.50                      
   LYS 144 A     9.36      10.50                      
   LYS 173 A    10.29      10.50                      
   LYS  64 B    10.26      10.50                      
   LYS  70 B     8.80      10.50                      
   LYS  97 B    10.34      10.50                      
   LYS 104 B    10.23      10.50                      
   LYS 138 B    10.60      10.50                      
   LYS   9 C    10.43      10.50                      
   LYS  10 C    11.57      10.50                      
   ARG  41 A    13.21      12.50                      
   ARG  47 A    12.54      12.50                      
   ARG  73 A    11.97      12.50                      
   ARG  97 A    12.33      12.50                      
   ARG 120 A    13.25      12.50                      
   ARG 137 A    14.24      12.50                      
   ARG 143 A    11.75      12.50                      
   ARG 161 A    12.37      12.50                      
   ARG   3 B    12.07      12.50                      
   ARG   5 B    13.30      12.50                      
   ARG  22 B    12.44      12.50                      
   ARG  24 B    14.16      12.50                      
   ARG  28 B    14.78      12.50                      
   ARG  38 B    13.21      12.50                      
   ARG  47 B    13.36      12.50                      
   ARG  54 B    12.61      12.50                      
   ARG  71 B    12.85      12.50                      
   ARG  79 B    12.62      12.50                      
   ARG  92 B    11.45      12.50                      
   ARG  93 B    12.01      12.50                      
   ARG 129 B    13.25      12.50                      
   ARG 132 B    13.12      12.50                      
   ARG 165 B    12.53      12.50                      
   ARG 188 B    12.73      12.50                      
   N+    1 A     7.82       8.00                      
   N+    1 B     7.63       8.00                      
   N+    1 C     7.53       8.00                      

2026-08-29 12:48:18,300 INFO:main.py:648:non_trivial:PROPKA information:
--------------------------------------------------------------------------------------------------------
Free energy of   folding (kcal/mol) as a function of pH (using neutral reference)
  0.00     52.68
  1.00     51.34
  2.00     47.56
  3.00     39.10
  4.00     28.90
  5.00     25.92
  6.00     25.95
  7.00     28.39
  8.00     32.99
  9.00     36.01
 10.00     40.90
 11.00     54.03
 12.00     68.61
 13.00     83.48
 14.00     97.39

The pH of optimum stability is  5.0 for which the free energy is   25.9 kcal/mol at 298K
Could not determine pH values where the free energy is within 80 % of minimum
Could not determine the pH-range where the free energy is negative


Protein charge of folded and unfolded state as a function of pH
    pH  unfolded  folded
  0.00     57.99   57.53
  0.10     57.99   57.45
  0.20     57.99   57.36
  0.30     57.99   57.26
  0.40     57.98   57.15
  0.50     57.98   57.03
  0.60     57.98   56.91
  0.70     57.97   56.77
  0.80     57.96   56.62
  0.90     57.95   56.46
  1.00     57.94   56.29
  1.10     57.92   56.10
  1.20     57.90   55.88
  1.30     57.88   55.65
  1.40     57.85   55.39
  1.50     57.81   55.11
  1.60     57.76   54.79
  1.70     57.69   54.44
  1.80     57.62   54.06
  1.90     57.52   53.63
  2.00     57.40   53.15
  2.10     57.24   52.62
  2.20     57.06   52.04
  2.30     56.82   51.40
  2.40     56.54   50.69
  2.50     56.19   49.92
  2.60     55.76   49.08
  2.70     55.24   48.17
  2.80     54.62   47.19
  2.90     53.88   46.13
  3.00     52.99   45.00
  3.10     51.96   43.79
  3.20     50.76   42.50
  3.30     49.38   41.12
  3.40     47.80   39.66
  3.50     46.04   38.11
  3.60     44.07   36.47
  3.70     41.92   34.75
  3.80     39.58   32.93
  3.90     37.09   31.03
  4.00     34.45   29.05
  4.10     31.70   27.00
  4.20     28.87   24.90
  4.30     26.00   22.75
  4.40     23.13   20.57
  4.50     20.31   18.40
  4.60     17.59   16.25
  4.70     15.00   14.15
  4.80     12.60   12.13
  4.90     10.39   10.20
  5.00      8.39    8.39
  5.10      6.60    6.69
  5.20      5.01    5.13
  5.30      3.61    3.70
  5.40      2.35    2.39
  5.50      1.21    1.20
  5.60      0.17    0.10
  5.70     -0.81   -0.90
  5.80     -1.76   -1.82
  5.90     -2.70   -2.67
  6.00     -3.64   -3.47
  6.10     -4.61   -4.22
  6.20     -5.61   -4.93
  6.30     -6.63   -5.62
  6.40     -7.66   -6.27
  6.50     -8.70   -6.91
  6.60     -9.72   -7.53
  6.70    -10.71   -8.14
  6.80    -11.65   -8.74
  6.90    -12.52   -9.33
  7.00    -13.32   -9.92
  7.10    -14.05  -10.50
  7.20    -14.70  -11.08
  7.30    -15.29  -11.66
  7.40    -15.81  -12.22
  7.50    -16.29  -12.78
  7.60    -16.73  -13.32
  7.70    -17.13  -13.86
  7.80    -17.51  -14.38
  7.90    -17.86  -14.88
  8.00    -18.20  -15.37
  8.10    -18.53  -15.85
  8.20    -18.84  -16.31
  8.30    -19.15  -16.75
  8.40    -19.45  -17.19
  8.50    -19.76  -17.61
  8.60    -20.07  -18.03
  8.70    -20.40  -18.44
  8.80    -20.76  -18.84
  8.90    -21.15  -19.24
  9.00    -21.60  -19.64
  9.10    -22.11  -20.05
  9.20    -22.71  -20.47
  9.30    -23.40  -20.91
  9.40    -24.20  -21.37
  9.50    -25.12  -21.87
  9.60    -26.18  -22.41
  9.70    -27.36  -23.00
  9.80    -28.68  -23.65
  9.90    -30.11  -24.36
 10.00    -31.64  -25.14
 10.10    -33.26  -25.98
 10.20    -34.92  -26.88
 10.30    -36.59  -27.83
 10.40    -38.26  -28.83
 10.50    -39.88  -29.86
 10.60    -41.44  -30.92
 10.70    -42.90  -31.99
 10.80    -44.27  -33.07
 10.90    -45.52  -34.14
 11.00    -46.67  -35.22
 11.10    -47.73  -36.30
 11.20    -48.70  -37.37
 11.30    -49.61  -38.45
 11.40    -50.47  -39.53
 11.50    -51.33  -40.62
 11.60    -52.19  -41.71
 11.70    -53.08  -42.81
 11.80    -54.03  -43.92
 11.90    -55.04  -45.03
 12.00    -56.15  -46.16
 12.10    -57.34  -47.28
 12.20    -58.62  -48.42
 12.30    -59.97  -49.55
 12.40    -61.37  -50.69
 12.50    -62.80  -51.83
 12.60    -64.22  -52.97
 12.70    -65.59  -54.11
 12.80    -66.89  -55.23
 12.90    -68.09  -56.34
 13.00    -69.17  -57.43
 13.10    -70.13  -58.50
 13.20    -70.97  -59.54
 13.30    -71.68  -60.54
 13.40    -72.29  -61.49
 13.50    -72.80  -62.40
 13.60    -73.22  -63.26
 13.70    -73.56  -64.07
 13.80    -73.84  -64.83
 13.90    -74.07  -65.54
 14.00    -74.26  -66.20
The pI is  5.61 (folded) and  5.62 (unfolded)

--------------------------------------------------------------------------------------------------------
2026-08-29 12:48:18,300 INFO:biomolecule.py:797:apply_pka_values:Applying pKa values at a pH of 7.40:
2026-08-29 12:48:18,301 INFO:main.py:661:non_trivial:Adding hydrogens to biomolecule.
2026-08-29 12:48:18,488 INFO:main.py:664:non_trivial:Debumping biomolecule (again).
2026-08-29 12:48:18,773 INFO:main.py:666:non_trivial:Optimizing hydrogen bonds
2026-08-29 12:48:19,204 INFO:main.py:678:non_trivial:Applying force field to biomolecule states.
2026-08-29 12:48:19,207 INFO:main.py:725:non_trivial:Regenerating headers.
2026-08-29 12:48:19,207 INFO:main.py:750:non_trivial:Regenerating PDB lines.
2026-08-29 12:48:19,227 WARNING:main.py:326:print_pqr:Ignoring 467 header lines in output.
