2026-08-29 12:48:17,580 INFO:main.py:246:print_splash_screen:PDB2PQR v3.7.1: biomolecular structure conversion software.
2026-08-29 12:48:17,580 INFO:main.py:248:print_splash_screen:Please cite:  Jurrus E, et al.  Improvements to the APBS biomolecular solvation software suite.  Protein Sci 27 112-128 (2018).
2026-08-29 12:48:17,580 INFO:main.py:248:print_splash_screen:Please cite:  Dolinsky TJ, et al.  PDB2PQR: expanding and upgrading automated preparation of biomolecular structures for molecular simulations. Nucleic Acids Res 35 W522-W525 (2007).
2026-08-29 12:48:17,580 INFO:main.py:770:main_driver:Checking and transforming input arguments.
2026-08-29 12:48:17,580 INFO:main.py:774:main_driver:Loading topology files.
2026-08-29 12:48:17,614 INFO:main.py:776:main_driver:Loading molecule: /Users/anishsharma/Library/Mobile Documents/com~apple~CloudDocs/ebv_ms_publication/processed/pmhc_surface_electrostatics_pilot_2026-08-29/prepared_structures/HY13_SEQ_02/HY13_SEQ_02__ebv__EBV_IEDB_35bb9c18fac4__s0__hla_only.pdb
2026-08-29 12:48:17,621 INFO:main.py:781:main_driver:Setting up molecule.
2026-08-29 12:48:17,626 INFO:main.py:423:setup_molecule:Created biomolecule object with 367 residues and 3023 atoms.
2026-08-29 12:48:17,626 INFO:main.py:785:main_driver:Setting termini states for biomolecule chains.
2026-08-29 12:48:17,630 INFO:main.py:616:non_trivial:Loading forcefield.
2026-08-29 12:48:17,636 INFO:main.py:620:non_trivial:Loading hydrogen topology definitions.
2026-08-29 12:48:17,638 INFO:main.py:474:is_repairable:This biomolecule is clean.  No repair needed.
2026-08-29 12:48:17,638 INFO:main.py:635:non_trivial:Updating disulfide bridges.
2026-08-29 12:48:17,638 INFO:main.py:638:non_trivial:Debumping biomolecule.
2026-08-29 12:48:17,687 INFO:main.py:645:non_trivial:Assigning titration states with PROPKA.
2026-08-29 12:48:17,702 INFO:output.py:74:print_header:
propka3.5.1                                                                                  2026-08-29

-------------------------------------------------------------------------------
--                                                                           --
--  PROPKA: A PROTEIN PKA PREDICTOR                                          --
--                                                                           --
--  VERSION 1.0,  04/25/2004,  IOWA CITY                                     --
--  BY HUI LI                                                                --
--                                                                           --
--  VERSION 2.0,  11/05/2007, IOWA CITY/COPENHAGEN                           --
--  BY DELPHINE C. BAS AND DAVID M. ROGERS                                   --
--                                                                           --
--  VERSION 3.0,  01/06/2011, COPENHAGEN                                     --
--  BY MATS H.M. OLSSON AND CHRESTEN R. SONDERGARD                           --
--                                                                           --
--  VERSION 3.1,  07/01/2011, COPENHAGEN                                     --
--  BY CHRESTEN R. SONDERGARD AND MATS H.M. OLSSON                           --
--                                                                           --
--  VERSION 3.2,  06/17/2020, PLANET EARTH                                   --
--  SEE ABOVE FOR AUTHORS                                                    --
--                                                                           --
-------------------------------------------------------------------------------


-------------------------------------------------------------------------------
References:

Very Fast Empirical Prediction and Rationalization of Protein pKa Values.
Hui Li, Andrew D. Robertson and Jan H. Jensen. PROTEINS: Structure, Function,
and Bioinformatics. 61:704-721 (2005)

Very Fast Prediction and Rationalization of pKa Values for Protein-Ligand
Complexes.  Delphine C. Bas, David M. Rogers and Jan H. Jensen.  PROTEINS:
Structure, Function, and Bioinformatics 73:765-783 (2008)

PROPKA3: Consistent Treatment of Internal and Surface Residues in Empirical
pKa predictions.  Mats H.M. Olsson, Chresten R. Sondergard, Michal Rostkowski,
and Jan H. Jensen.  Journal of Chemical Theory and Computation, 7(2):525-537
(2011)

Improved Treatment of Ligands and Coupling Effects in Empirical Calculation
and Rationalization of pKa Values.  Chresten R. Sondergaard, Mats H.M. Olsson,
Michal Rostkowski, and Jan H. Jensen.  Journal of Chemical Theory and
Computation, (2011)
-------------------------------------------------------------------------------



2026-08-29 12:48:17,770 INFO:conformation_container.py:124:find_covalently_coupled_groups:Coupling map:
Covalent coupling map for Conformation container 1A with 3600 atoms and 921 groups
            N+    1 B | ASP   1 B | 
N+    1 B             |     X     | 
ASP   1 B       X     |           | 
2026-08-29 12:48:17,770 INFO:conformation_container.py:213:calculate_pka:Calculating pKas for Conformation container 1A with 3600 atoms and 921 groups
2026-08-29 12:48:18,236 INFO:conformation_container.py:235:calculate_pka:Removing penalised groups!!!
2026-08-29 12:48:18,267 INFO:output.py:225:print_pka_section:pKa determinants:

---------  -----   ------   ---------------------    --------------    --------------    --------------
                            DESOLVATION  EFFECTS       SIDECHAIN          BACKBONE        COULOMBIC
 RESIDUE    pKa    BURIED     REGULAR      RE        HYDROGEN BOND     HYDROGEN BOND      INTERACTION
---------  -----   ------   ---------   ---------    --------------    --------------    --------------

ASP  14 A   2.75    25 %    1.36  351   0.04    0   -1.46 ARG   5 B   -0.40 ASP  14 A   -0.01 N+    1 B
ASP  14 A                                            0.00 XXX   0 X    0.00 XXX   0 X   -0.14 ARG   3 B
ASP  14 A                                            0.00 XXX   0 X    0.00 XXX   0 X   -0.45 ARG   5 B

ASP  22 A   6.83   100 %    3.24  614   0.88    0    0.00 XXX   0 X   -0.70 GLY  25 A    0.35 ASP  24 A
ASP  22 A                                            0.00 XXX   0 X    0.00 XXX   0 X    0.13 GLU  27 A
ASP  22 A                                            0.00 XXX   0 X    0.00 XXX   0 X   -0.35 HIS 148 B
ASP  22 A                                            0.00 XXX   0 X    0.00 XXX   0 X    0.54 ASP  26 A
ASP  22 A                                            0.00 XXX   0 X    0.00 XXX   0 X   -1.05 ARG 143 A

ASP  24 A   4.05    78 %    2.58  499   0.73    0   -1.60 HIS   2 A   -0.80 VAL   3 A   -0.15 N+    1 A
ASP  24 A                                            0.00 XXX   0 X    0.00 XXX   0 X    0.07 GLU   1 A
ASP  24 A                                            0.00 XXX   0 X    0.00 XXX   0 X    0.13 ASP  26 A
ASP  24 A                                            0.00 XXX   0 X    0.00 XXX   0 X   -0.01 HIS  15 B
ASP  24 A                                            0.00 XXX   0 X    0.00 XXX   0 X   -0.69 HIS   2 A

ASP  26 A   3.68    96 %    3.74  550   0.59    0   -1.60 HIS 148 B   -0.34 TRP 152 B   -0.21 ARG  41 A
ASP  26 A                                            0.00 XXX   0 X    0.00 XXX   0 X   -0.44 ARG 143 A
ASP  26 A                                            0.00 XXX   0 X    0.00 XXX   0 X   -0.19 ARG  92 B
ASP  26 A                                            0.00 XXX   0 X    0.00 XXX   0 X   -1.67 HIS 148 B

ASP  32 A   2.79     0 %    0.47  275   0.00    0    0.00 XXX   0 X   -0.29 ALA  34 A   -0.20 LYS  35 A
ASP  32 A                                            0.00 XXX   0 X   -0.84 LYS  35 A   -0.16 HIS  30 A

ASP  63 A  11.13*   87 %    2.89  526   0.68    0    1.61 GLU   8 A    0.00 XXX   0 X    0.06 ASP  27 B
ASP  63 A                                            0.00 XXX   0 X    0.00 XXX   0 X    1.55 GLU   8 A
ASP  63 A                                            0.00 XXX   0 X    0.00 XXX   0 X    0.54 GLU   8 B

ASP 107 A   4.59    49 %    2.12  419   0.14    0   -0.27 ARG 137 A   -0.46 LYS 108 A   -0.24 LYS 108 A
ASP 107 A                                            0.00 XXX   0 X    0.00 XXX   0 X   -0.29 ARG 143 A
ASP 107 A                                            0.00 XXX   0 X    0.00 XXX   0 X    0.19 GLU  85 A
ASP 107 A                                            0.00 XXX   0 X    0.00 XXX   0 X    0.15 ASP 139 A
ASP 107 A                                            0.00 XXX   0 X    0.00 XXX   0 X   -0.55 ARG 137 A

ASP 139 A   2.09    23 %    1.23  345   0.00    0   -1.35 ARG 137 A   -0.15 ASP 139 A   -0.10 LYS 108 A
ASP 139 A                                            0.00 XXX   0 X   -0.69 LEU 141 A   -0.01 ARG 143 A
ASP 139 A                                            0.00 XXX   0 X    0.00 XXX   0 X   -0.16 HIS 140 A
ASP 139 A                                            0.00 XXX   0 X    0.00 XXX   0 X   -0.47 ARG 137 A

ASP 156 A   2.80     3 %    0.47  290   0.00    0   -0.81 ASN 121 A    0.00 XXX   0 X   -0.04 ARG  97 A
ASP 156 A                                           -0.46 SER 153 A    0.00 XXX   0 X   -0.17 ARG 120 A

ASP 159 A   3.86    18 %    0.95  333   0.23    0   -0.75 HIS 174 A    0.00 XXX   0 X   -0.01 ARG 161 A
ASP 159 A                                            0.00 XXX   0 X    0.00 XXX   0 X    0.03 GLU 176 A
ASP 159 A                                            0.00 XXX   0 X    0.00 XXX   0 X   -0.40 HIS 174 A

ASP 168 A   3.92     0 %    0.12  146   0.00    0    0.00 XXX   0 X    0.00 XXX   0 X    0.00 XXX   0 X

ASP 178 A   5.59*    0 %    0.44  214   0.00    0    0.79 GLU 176 A    0.00 XXX   0 X   -0.08 HIS 174 A
ASP 178 A                                            0.00 XXX   0 X    0.00 XXX   0 X    0.26 C-  178 A
ASP 178 A                                            0.00 XXX   0 X    0.00 XXX   0 X    0.38 GLU 176 A

GLU   1 A   3.70     1 %    0.42  285   0.00    0   -0.04 HIS   2 A   -0.60 GLY  19 B   -0.22 N+    1 A
GLU   1 A                                            0.00 XXX   0 X    0.00 XXX   0 X   -0.00 ARG  93 B
GLU   1 A                                            0.00 XXX   0 X    0.00 XXX   0 X   -0.36 HIS   2 A

GLU   8 A   5.02*   97 %    3.07  554   0.22    0   -0.77 GLN   6 A    0.00 XXX   0 X   -0.06 LYS  70 B
GLU   8 A                                           -0.63 ASN  59 A    0.00 XXX   0 X    0.30 ASP  27 B
GLU   8 A                                           -1.61 ASP  63 A    0.00 XXX   0 X    0.00 XXX   0 X

GLU  18 A   8.68   100 %    3.77  609   0.80    0    0.00 XXX   0 X   -0.61 PHE 134 A   -0.26 LYS 144 A
GLU  18 A                                            0.00 XXX   0 X    0.00 XXX   0 X    0.48 GLU  27 A

GLU  27 A   4.70    98 %    3.14  557   0.26    0   -1.60 HIS  30 A    0.00 XXX   0 X   -0.02 LYS 144 A
GLU  27 A                                            0.00 XXX   0 X    0.00 XXX   0 X    0.02 ASP  26 A
GLU  27 A                                            0.00 XXX   0 X    0.00 XXX   0 X   -1.05 HIS  30 A
GLU  27 A                                            0.00 XXX   0 X    0.00 XXX   0 X   -0.55 ARG  41 A

GLU  37 A   4.70     0 %    0.27  201   0.00    0    0.00 XXX   0 X    0.00 XXX   0 X   -0.22 LYS  35 A
GLU  37 A                                            0.00 XXX   0 X    0.00 XXX   0 X    0.15 ASP  32 A

GLU  43 A   4.53     0 %    0.11  145   0.00    0    0.00 XXX   0 X    0.00 XXX   0 X   -0.16 ARG  47 A
GLU  43 A                                            0.00 XXX   0 X    0.00 XXX   0 X    0.08 GLU  44 A

GLU  44 A   3.91     8 %    0.53  304   0.00    0    0.00 XXX   0 X   -0.77 GLU  44 A   -0.16 ARG  47 A
GLU  44 A                                            0.00 XXX   0 X    0.00 XXX   0 X   -0.20 ARG  92 B

GLU  52 A   3.98     0 %    0.25  200   0.00    0    0.00 XXX   0 X   -0.77 GLN  54 A    0.00 XXX   0 X

GLU  68 A   4.49     0 %    0.27  256   0.00    0    0.00 XXX   0 X    0.00 XXX   0 X   -0.28 LYS  64 A

GLU  85 A   4.14     0 %    0.34  275   0.00    0   -0.24 LYS 108 A    0.00 XXX   0 X   -0.10 ARG 137 A
GLU  85 A                                            0.00 XXX   0 X    0.00 XXX   0 X   -0.01 LYS 173 A
GLU  85 A                                            0.00 XXX   0 X    0.00 XXX   0 X    0.02 ASP 139 A
GLU  85 A                                            0.00 XXX   0 X    0.00 XXX   0 X   -0.38 LYS 108 A

GLU  95 A   4.65     0 %    0.21  256   0.00    0    0.00 XXX   0 X    0.00 XXX   0 X   -0.05 LYS 104 B

GLU  98 A   4.88     0 %    0.21  167   0.00    0    0.00 XXX   0 X    0.00 XXX   0 X    0.17 GLU  95 A

GLU 131 A   1.68    45 %    0.93  408   0.14    0   -0.85 LYS 144 A    0.00 XXX   0 X   -0.80 LYS 144 A
GLU 131 A                                           -1.60 HIS 146 A    0.00 XXX   0 X   -0.63 HIS 146 A

GLU 138 A   4.67    12 %    0.21  314   0.00    0    0.00 XXX   0 X    0.00 XXX   0 X   -0.05 ARG 137 A
GLU 138 A                                            0.00 XXX   0 X    0.00 XXX   0 X   -0.02 ARG  28 B
GLU 138 A                                            0.00 XXX   0 X    0.00 XXX   0 X    0.05 ASP 139 A
GLU 138 A                                            0.00 XXX   0 X    0.00 XXX   0 X   -0.03 HIS 140 A
GLU 138 A                                            0.00 XXX   0 X    0.00 XXX   0 X    0.08 GLU  13 B
GLU 138 A                                            0.00 XXX   0 X    0.00 XXX   0 X   -0.06 HIS  15 B

GLU 155 A   4.69     0 %    0.12  142   0.00    0   -0.01 THR 154 A    0.00 XXX   0 X   -0.00 ARG  97 A
GLU 155 A                                            0.00 XXX   0 X    0.00 XXX   0 X    0.09 ASP 156 A

GLU 163 A   3.99     0 %    0.34  280   0.00    0   -0.65 ASN 115 A    0.00 XXX   0 X   -0.21 ARG 161 A

GLU 169 A   4.61     0 %    0.11  131   0.00    0    0.00 XXX   0 X    0.00 XXX   0 X    0.00 XXX   0 X

GLU 176 A   2.96*    0 %    0.34  219   0.00    0   -0.82 HIS 174 A    0.00 XXX   0 X   -0.26 HIS 174 A
GLU 176 A                                           -0.79 ASP 178 A    0.00 XXX   0 X    0.00 XXX   0 X

C-  178 A   3.56     0 %    0.42  256   0.00    0    0.00 XXX   0 X    0.00 XXX   0 X   -0.12 LYS 104 B
C-  178 A                                            0.00 XXX   0 X    0.00 XXX   0 X    0.06 GLU 176 A

HIS   2 A   7.48    46 %   -1.48  410   0.00    0    0.04 GLU   1 A    0.00 XXX   0 X   -0.20 N+    1 A
HIS   2 A                                            1.60 ASP  24 A    0.00 XXX   0 X   -0.05 ARG  93 B
HIS   2 A                                            0.00 XXX   0 X    0.00 XXX   0 X    0.36 GLU   1 A
HIS   2 A                                            0.00 XXX   0 X    0.00 XXX   0 X    0.02 GLU  86 B
HIS   2 A                                            0.00 XXX   0 X    0.00 XXX   0 X    0.69 ASP  24 A

HIS  30 A   7.29    72 %   -1.95  482   0.00    0    1.60 GLU  27 A    0.00 XXX   0 X   -0.05 ARG  41 A
HIS  30 A                                            0.00 XXX   0 X    0.00 XXX   0 X   -0.01 LYS 144 A
HIS  30 A                                            0.00 XXX   0 X    0.00 XXX   0 X    0.16 ASP  32 A
HIS  30 A                                            0.00 XXX   0 X    0.00 XXX   0 X    1.05 GLU  27 A

HIS 140 A   4.83    58 %   -1.81  444   0.00    0    0.00 XXX   0 X    0.00 XXX   0 X   -0.00 ARG 137 A
HIS 140 A                                            0.00 XXX   0 X    0.00 XXX   0 X   -0.53 ARG  28 B
HIS 140 A                                            0.00 XXX   0 X    0.00 XXX   0 X   -0.06 ARG  38 B
HIS 140 A                                            0.00 XXX   0 X    0.00 XXX   0 X    0.03 GLU 138 A
HIS 140 A                                            0.00 XXX   0 X    0.00 XXX   0 X    0.16 ASP 139 A
HIS 140 A                                            0.00 XXX   0 X    0.00 XXX   0 X    0.22 GLU  13 B
HIS 140 A                                            0.00 XXX   0 X    0.00 XXX   0 X    0.32 GLU  35 B

HIS 146 A   5.33    73 %   -2.36  485   0.00    0    1.60 GLU 131 A    0.00 XXX   0 X   -1.05 LYS 144 A
HIS 146 A                                            0.00 XXX   0 X    0.00 XXX   0 X    0.63 GLU 131 A

HIS 164 A   4.97    72 %   -2.44  484   0.00    0    0.00 XXX   0 X    0.01 VAL  82 A    0.00 XXX   0 X
HIS 164 A                                            0.00 XXX   0 X    0.46 THR 110 A    0.00 XXX   0 X
HIS 164 A                                            0.00 XXX   0 X    0.44 VAL 113 A    0.00 XXX   0 X

HIS 174 A   8.27     6 %   -0.54  299   0.00    0    0.75 ASP 159 A    0.00 XXX   0 X    0.08 ASP 178 A
HIS 174 A                                            0.82 GLU 176 A    0.00 XXX   0 X    0.40 ASP 159 A
HIS 174 A                                            0.00 XXX   0 X    0.00 XXX   0 X    0.26 GLU 176 A

CYS 104 A  99.99     0 %    0.00    0   0.00    0    0.00 XXX   0 X    0.00 XXX   0 X    0.00 XXX   0 X

CYS 160 A  99.99     0 %    0.00    0   0.00    0    0.00 XXX   0 X    0.00 XXX   0 X    0.00 XXX   0 X

TYR  10 A  10.26    18 %    1.01  331   0.00    0   -0.43 LYS  64 A    0.00 XXX   0 X    0.01 ASP  14 A
TYR  10 A                                            0.00 XXX   0 X    0.00 XXX   0 X    0.08 GLU  68 A
TYR  10 A                                            0.00 XXX   0 X    0.00 XXX   0 X   -0.40 LYS  64 A

TYR  76 A  10.05     0 %    0.24  183   0.00    0    0.00 XXX   0 X    0.00 XXX   0 X    0.01 GLU  68 A
TYR  76 A                                            0.00 XXX   0 X    0.00 XXX   0 X   -0.20 LYS  72 A

TYR 147 A  13.28    89 %    3.46  530   0.00    0   -0.39 ARG  41 A    0.00 XXX   0 X    0.21 ASP  26 A
TYR 147 A                                            0.00 XXX   0 X    0.00 XXX   0 X    0.07 GLU  27 A
TYR 147 A                                            0.00 XXX   0 X    0.00 XXX   0 X   -0.86 ARG  41 A
TYR 147 A                                            0.00 XXX   0 X    0.00 XXX   0 X   -0.03 ARG 143 A
TYR 147 A                                            0.00 XXX   0 X    0.00 XXX   0 X    0.82 ASP 151 B

TYR 158 A  10.66    36 %    1.50  383   0.00    0   -0.75 ARG 120 A    0.00 XXX   0 X   -0.00 ARG  97 A
TYR 158 A                                            0.00 XXX   0 X    0.00 XXX   0 X   -0.44 ARG 120 A
TYR 158 A                                            0.00 XXX   0 X    0.00 XXX   0 X    0.36 ASP 156 A

LYS  35 A  10.81     0 %   -0.10  133   0.00    0    0.00 XXX   0 X    0.00 XXX   0 X    0.20 ASP  32 A
LYS  35 A                                            0.00 XXX   0 X    0.00 XXX   0 X    0.22 GLU  37 A

LYS  36 A  10.39     0 %   -0.11  159   0.00    0    0.00 XXX   0 X    0.00 XXX   0 X    0.00 XXX   0 X

LYS  64 A  11.23     0 %   -0.39  267   0.00    0    0.43 TYR  10 A    0.00 XXX   0 X    0.28 GLU  68 A
LYS  64 A                                            0.00 XXX   0 X    0.00 XXX   0 X    0.40 TYR  10 A

LYS  72 A  10.62     0 %   -0.08  125   0.00    0    0.00 XXX   0 X    0.00 XXX   0 X    0.20 TYR  76 A

LYS 108 A  10.97     0 %   -0.25  243   0.00    0    0.24 GLU  85 A    0.00 XXX   0 X    0.24 ASP 107 A
LYS 108 A                                            0.00 XXX   0 X    0.00 XXX   0 X   -0.24 ARG 137 A
LYS 108 A                                            0.00 XXX   0 X    0.00 XXX   0 X    0.10 ASP 139 A
LYS 108 A                                            0.00 XXX   0 X    0.00 XXX   0 X    0.38 GLU  85 A

LYS 123 A  10.33     0 %   -0.13  137   0.00    0    0.00 XXX   0 X    0.00 XXX   0 X   -0.04 ARG 120 A

LYS 144 A   9.35    83 %   -3.07  513   0.00    0    0.85 GLU 131 A    0.00 XXX   0 X    0.26 GLU  18 A
LYS 144 A                                            0.00 XXX   0 X    0.00 XXX   0 X    0.02 GLU  27 A
LYS 144 A                                            0.00 XXX   0 X    0.00 XXX   0 X    0.80 GLU 131 A

LYS 173 A  10.29     0 %   -0.22  269   0.00    0    0.00 XXX   0 X    0.00 XXX   0 X    0.01 GLU  85 A

ARG  41 A  13.18    75 %   -1.77  492   0.00    0    0.39 TYR 147 A    0.00 XXX   0 X    0.21 ASP  26 A
ARG  41 A                                            0.00 XXX   0 X    0.00 XXX   0 X    0.86 TYR 147 A
ARG  41 A                                            0.00 XXX   0 X    0.00 XXX   0 X    0.44 ASP 151 B
ARG  41 A                                            0.00 XXX   0 X    0.00 XXX   0 X    0.55 GLU  27 A

ARG  47 A  12.54     0 %   -0.27  162   0.00    0    0.00 XXX   0 X    0.00 XXX   0 X    0.16 GLU  43 A
ARG  47 A                                            0.00 XXX   0 X    0.00 XXX   0 X    0.16 GLU  44 A

ARG  73 A  11.73    35 %   -1.08  378   0.00    0    0.00 XXX   0 X    0.00 XXX   0 X    0.08 GLU   8 B
ARG  73 A                                            0.00 XXX   0 X    0.00 XXX   0 X    0.24 TYR  36 B
ARG  73 A                                            0.00 XXX   0 X    0.00 XXX   0 X   -0.02 ARG  54 B

ARG  97 A  12.33     0 %   -0.22  167   0.00    0    0.00 XXX   0 X    0.00 XXX   0 X    0.00 GLU 155 A
ARG  97 A                                            0.00 XXX   0 X    0.00 XXX   0 X    0.04 ASP 156 A
ARG  97 A                                            0.00 XXX   0 X    0.00 XXX   0 X    0.00 TYR 158 A

ARG 120 A  13.25    16 %   -0.61  327   0.00    0    0.75 TYR 158 A    0.00 XXX   0 X    0.17 ASP 156 A
ARG 120 A                                            0.00 XXX   0 X    0.00 XXX   0 X    0.44 TYR 158 A

ARG 137 A  14.24    25 %   -1.05  350   0.00    0    0.27 ASP 107 A    0.00 XXX   0 X    0.10 GLU  85 A
ARG 137 A                                            1.35 ASP 139 A    0.00 XXX   0 X    0.05 GLU 138 A
ARG 137 A                                            0.00 XXX   0 X    0.00 XXX   0 X    0.55 ASP 107 A
ARG 137 A                                            0.00 XXX   0 X    0.00 XXX   0 X    0.47 ASP 139 A

ARG 143 A  11.74   100 %   -2.52  564   0.00    0    0.00 XXX   0 X    0.00 XXX   0 X    0.44 ASP  26 A
ARG 143 A                                            0.00 XXX   0 X    0.00 XXX   0 X    0.29 ASP 107 A
ARG 143 A                                            0.00 XXX   0 X    0.00 XXX   0 X    0.01 ASP 139 A
ARG 143 A                                            0.00 XXX   0 X    0.00 XXX   0 X    0.03 TYR 147 A
ARG 143 A                                            0.00 XXX   0 X    0.00 XXX   0 X    0.11 TYR   9 B
ARG 143 A                                            0.00 XXX   0 X    0.00 XXX   0 X   -0.17 ARG 137 A
ARG 143 A                                            0.00 XXX   0 X    0.00 XXX   0 X    1.05 ASP  22 A

ARG 161 A  12.37     0 %   -0.34  266   0.00    0    0.00 XXX   0 X    0.00 XXX   0 X    0.01 ASP 159 A
ARG 161 A                                            0.00 XXX   0 X    0.00 XXX   0 X    0.21 GLU 163 A

N+    1 A   7.82     4 %   -0.55  293   0.00    0    0.00 XXX   0 X    0.00 XXX   0 X    0.22 GLU   1 A
N+    1 A                                            0.00 XXX   0 X    0.00 XXX   0 X    0.15 ASP  24 A

ASP  27 B   3.69   100 %    3.07  599   0.44    0   -0.80 SER  12 B    0.00 XXX   0 X    0.03 GLU  13 B
ASP  27 B                                           -0.66 TYR  29 B    0.00 XXX   0 X   -1.52 LYS  70 B
ASP  27 B                                           -0.67 TYR  46 B    0.00 XXX   0 X    0.00 XXX   0 X

ASP  40 B   2.29    24 %    1.25  349   0.07    0   -1.32 ARG  24 B   -0.80 ASP  42 B   -0.02 ARG  22 B
ASP  40 B                                            0.00 XXX   0 X    0.00 XXX   0 X   -0.02 ARG  28 B
ASP  40 B                                            0.00 XXX   0 X    0.00 XXX   0 X   -0.17 ARG  38 B
ASP  40 B                                            0.00 XXX   0 X    0.00 XXX   0 X   -0.02 ARG  47 B
ASP  40 B                                            0.00 XXX   0 X    0.00 XXX   0 X   -0.04 HIS  15 B
ASP  40 B                                            0.00 XXX   0 X    0.00 XXX   0 X   -0.44 ARG  24 B

ASP  42 B   3.96     2 %    0.44  287   0.00    0    0.00 XXX   0 X    0.00 XXX   0 X   -0.25 ARG  22 B
ASP  42 B                                            0.00 XXX   0 X    0.00 XXX   0 X   -0.35 ARG  24 B
ASP  42 B                                            0.00 XXX   0 X    0.00 XXX   0 X   -0.01 HIS  15 B
ASP  42 B                                            0.00 XXX   0 X    0.00 XXX   0 X    0.33 ASP  40 B

ASP  65 B   3.52     0 %    0.33  181   0.00    0    0.00 XXX   0 X   -0.34 ASP  65 B   -0.00 LYS  70 B
ASP  65 B                                            0.00 XXX   0 X   -0.28 ILE  66 B    0.00 XXX   0 X

ASP  69 B   3.99    15 %    0.43  324   0.06    0    0.00 XXX   0 X    0.00 XXX   0 X   -0.40 LYS  70 B
ASP  69 B                                            0.00 XXX   0 X    0.00 XXX   0 X    0.05 ASP  27 B
ASP  69 B                                            0.00 XXX   0 X    0.00 XXX   0 X    0.04 ASP  65 B

ASP  75 B   3.48     0 %    0.32  260   0.00    0   -0.36 ARG  79 B    0.00 XXX   0 X   -0.29 ARG  79 B

ASP 151 B   4.70    87 %    2.28  524   0.27    0   -0.85 THR 153 B   -0.22 ASP 151 B   -0.44 ARG  41 A
ASP 151 B                                            0.00 XXX   0 X   -0.11 THR 153 B   -0.14 ARG  92 B
ASP 151 B                                            0.00 XXX   0 X    0.00 XXX   0 X    0.32 ASP  26 A
ASP 151 B                                            0.00 XXX   0 X    0.00 XXX   0 X   -0.21 HIS 148 B

GLU   8 B   8.20   100 %    3.34  589   1.28    0   -0.85 TYR  36 B    0.00 XXX   0 X   -0.08 ARG  73 A
GLU   8 B                                            0.00 XXX   0 X    0.00 XXX   0 X    0.01 GLU   8 A

GLU  13 B   3.05    87 %    2.47  525   0.33    0   -0.56 THR  11 B    0.00 XXX   0 X   -0.02 ARG  24 B
GLU  13 B                                           -1.60 HIS  15 B    0.00 XXX   0 X   -0.14 ARG  38 B
GLU  13 B                                           -0.50 ARG  28 B    0.00 XXX   0 X   -0.22 HIS 140 A
GLU  13 B                                            0.00 XXX   0 X    0.00 XXX   0 X    0.21 GLU  35 B
GLU  13 B                                            0.00 XXX   0 X    0.00 XXX   0 X    0.01 ASP  40 B
GLU  13 B                                            0.00 XXX   0 X    0.00 XXX   0 X   -0.60 HIS  15 B
GLU  13 B                                            0.00 XXX   0 X    0.00 XXX   0 X   -0.82 ARG  28 B

GLU  21 B   4.39     0 %    0.23  123   0.00    0   -0.35 ASN  18 B    0.00 XXX   0 X   -0.01 ARG  79 B
GLU  21 B                                            0.00 XXX   0 X    0.00 XXX   0 X    0.01 GLU   1 A

GLU  34 B   4.56    25 %    0.81  351   0.08    0   -0.85 THR  50 B    0.00 XXX   0 X    0.02 GLU  51 B

GLU  35 B   2.43    56 %    2.27  439   0.19    0   -1.69 ARG  28 B    0.00 XXX   0 X   -0.32 HIS 140 A
GLU  35 B                                           -1.21 ARG  38 B    0.00 XXX   0 X    0.01 ASP  40 B
GLU  35 B                                            0.00 XXX   0 X    0.00 XXX   0 X   -0.71 ARG  28 B
GLU  35 B                                            0.00 XXX   0 X    0.00 XXX   0 X   -0.61 ARG  38 B

GLU  45 B   3.51     0 %    0.32  270   0.00    0   -0.83 ARG  47 B    0.00 XXX   0 X   -0.06 LYS  64 B
GLU  45 B                                            0.00 XXX   0 X    0.00 XXX   0 X   -0.09 ARG  71 B
GLU  45 B                                            0.00 XXX   0 X    0.00 XXX   0 X   -0.32 ARG  47 B

GLU  51 B   4.40     0 %    0.09  138   0.00    0    0.00 XXX   0 X    0.00 XXX   0 X   -0.19 ARG  54 B

GLU  58 B   4.59     0 %    0.23  192   0.00    0    0.00 XXX   0 X    0.00 XXX   0 X   -0.13 ARG  54 B

GLU  68 B   4.09     0 %    0.29  204   0.00    0   -0.33 ARG  71 B    0.00 XXX   0 X   -0.07 LYS  64 B
GLU  68 B                                            0.00 XXX   0 X    0.00 XXX   0 X   -0.30 ARG  71 B

GLU  86 B   4.80     0 %    0.34  275   0.00    0   -0.03 GLN  91 B    0.00 XXX   0 X    0.02 GLU   1 A
GLU  86 B                                            0.00 XXX   0 X    0.00 XXX   0 X   -0.02 HIS   2 A

GLU 127 B   4.22     0 %    0.22  280   0.00    0   -0.24 ARG 129 B    0.00 XXX   0 X   -0.27 ARG 129 B

GLU 136 B   4.43     0 %    0.44  239   0.00    0    0.00 XXX   0 X    0.00 XXX   0 X   -0.28 ARG 129 B
GLU 136 B                                            0.00 XXX   0 X    0.00 XXX   0 X   -0.26 LYS 138 B
GLU 136 B                                            0.00 XXX   0 X    0.00 XXX   0 X    0.02 GLU 127 B

GLU 137 B   4.72     8 %    0.53  303   0.03    0    0.00 XXX   0 X    0.00 XXX   0 X   -0.42 ARG 132 B
GLU 137 B                                            0.00 XXX   0 X    0.00 XXX   0 X    0.01 GLU 136 B
GLU 137 B                                            0.00 XXX   0 X    0.00 XXX   0 X    0.06 GLU 168 B

GLU 161 B   4.68     0 %    0.22  235   0.00    0    0.00 XXX   0 X    0.00 XXX   0 X   -0.03 HIS 111 B

GLU 168 B   3.30     3 %    0.72  290   0.03    0   -0.78 TYR 170 B   -0.72 ARG 165 B   -0.32 ARG 132 B
GLU 168 B                                            0.00 XXX   0 X    0.00 XXX   0 X   -0.18 ARG 165 B
GLU 168 B                                            0.00 XXX   0 X    0.00 XXX   0 X    0.04 C-  189 B

GLU 175 B   4.70     0 %    0.28  242   0.00    0    0.00 XXX   0 X    0.00 XXX   0 X   -0.22 ARG 129 B
GLU 175 B                                            0.00 XXX   0 X    0.00 XXX   0 X    0.11 GLU 127 B
GLU 175 B                                            0.00 XXX   0 X    0.00 XXX   0 X    0.03 GLU 136 B

GLU 186 B   4.36     0 %    0.29  236   0.00    0   -0.10 ARG 188 B    0.00 XXX   0 X   -0.33 ARG 188 B

C-  189 B   3.14     0 %    0.34  226   0.00    0    0.00 XXX   0 X   -0.37 GLY 167 B   -0.02 ARG 188 B

HIS  15 B   7.11    55 %   -1.40  436   0.00    0    1.60 GLU  13 B    0.00 XXX   0 X   -0.06 N+    1 A
HIS  15 B                                            0.00 XXX   0 X    0.00 XXX   0 X   -0.13 ARG  24 B
HIS  15 B                                            0.00 XXX   0 X    0.00 XXX   0 X   -0.11 ARG  28 B
HIS  15 B                                            0.00 XXX   0 X    0.00 XXX   0 X   -0.00 ARG  38 B
HIS  15 B                                            0.00 XXX   0 X    0.00 XXX   0 X    0.01 ASP  24 A
HIS  15 B                                            0.00 XXX   0 X    0.00 XXX   0 X    0.06 GLU 138 A
HIS  15 B                                            0.00 XXX   0 X    0.00 XXX   0 X    0.04 ASP  40 B
HIS  15 B                                            0.00 XXX   0 X    0.00 XXX   0 X    0.01 ASP  42 B
HIS  15 B                                            0.00 XXX   0 X    0.00 XXX   0 X    0.60 GLU  13 B

HIS  80 B   6.23     0 %   -0.27  275   0.00    0    0.00 XXX   0 X    0.00 XXX   0 X    0.00 XXX   0 X

HIS  95 B   6.01     0 %   -0.24  263   0.00    0    0.00 XXX   0 X    0.00 XXX   0 X   -0.25 LYS  97 B

HIS 110 B   6.21     0 %   -0.19  138   0.00    0    0.00 XXX   0 X    0.00 XXX   0 X   -0.10 HIS 111 B

HIS 111 B   6.32     0 %   -0.21  186   0.00    0    0.00 XXX   0 X    0.00 XXX   0 X    0.03 GLU 161 B

HIS 148 B   6.84    93 %   -2.48  542   0.00    0    1.60 ASP  26 A    0.00 XXX   0 X   -0.04 ARG  41 A
HIS 148 B                                            0.00 XXX   0 X    0.00 XXX   0 X   -0.97 ARG 143 A
HIS 148 B                                            0.00 XXX   0 X    0.00 XXX   0 X    0.35 ASP  22 A
HIS 148 B                                            0.00 XXX   0 X    0.00 XXX   0 X    0.21 ASP 151 B
HIS 148 B                                            0.00 XXX   0 X    0.00 XXX   0 X    1.67 ASP  26 A

HIS 176 B   5.32    42 %   -1.88  399   0.00    0    0.00 XXX   0 X    0.82 PRO 123 B   -0.10 ARG  93 B
HIS 176 B                                            0.00 XXX   0 X    0.00 XXX   0 X   -0.03 HIS  95 B

CYS  14 B  99.99     0 %    0.00    0   0.00    0    0.00 XXX   0 X    0.00 XXX   0 X    0.00 XXX   0 X

CYS  78 B  99.99     0 %    0.00    0   0.00    0    0.00 XXX   0 X    0.00 XXX   0 X    0.00 XXX   0 X

CYS 116 B  99.99     0 %    0.00    0   0.00    0    0.00 XXX   0 X    0.00 XXX   0 X    0.00 XXX   0 X

CYS 172 B  99.99     0 %    0.00    0   0.00    0    0.00 XXX   0 X    0.00 XXX   0 X    0.00 XXX   0 X

TYR   9 B  13.97   100 %    3.34  606   0.00    0    0.00 XXX   0 X    0.00 XXX   0 X    0.28 GLU  18 A
TYR   9 B                                            0.00 XXX   0 X    0.00 XXX   0 X    0.19 ASP  22 A
TYR   9 B                                            0.00 XXX   0 X    0.00 XXX   0 X    0.06 ASP 139 A
TYR   9 B                                            0.00 XXX   0 X    0.00 XXX   0 X   -0.11 ARG 143 A
TYR   9 B                                            0.00 XXX   0 X    0.00 XXX   0 X    0.30 GLU  13 B
TYR   9 B                                            0.00 XXX   0 X    0.00 XXX   0 X   -0.10 ARG  28 B

TYR  29 B  18.88   100 %    2.49  585   0.00    0    0.41 TYR  46 B    0.00 XXX   0 X    0.43 GLU   8 A
TYR  29 B                                            0.66 ASP  27 B    0.00 XXX   0 X    0.37 ASP  63 A
TYR  29 B                                            0.00 XXX   0 X    0.00 XXX   0 X    0.25 GLU   8 B
TYR  29 B                                            0.00 XXX   0 X    0.00 XXX   0 X    0.00 ASP  69 B
TYR  29 B                                            0.00 XXX   0 X    0.00 XXX   0 X    0.47 TYR  36 B
TYR  29 B                                            0.00 XXX   0 X    0.00 XXX   0 X    1.77 TYR  46 B
TYR  29 B                                            0.00 XXX   0 X    0.00 XXX   0 X    2.03 ASP  27 B

TYR  31 B  10.87    47 %    2.34  414   0.00    0   -0.60 THR  71 A    0.00 XXX   0 X    0.11 GLU   8 B
TYR  31 B                                           -0.85 SER  74 A    0.00 XXX   0 X    0.03 GLU  34 B
TYR  31 B                                           -0.17 ASN  32 B    0.00 XXX   0 X    0.02 TYR  76 A

TYR  36 B  16.19    95 %    3.37  546   0.00    0    0.85 GLU   8 B    0.00 XXX   0 X    0.13 ASP  63 A
TYR  36 B                                            0.00 XXX   0 X    0.00 XXX   0 X   -0.24 ARG  73 A
TYR  36 B                                            0.00 XXX   0 X    0.00 XXX   0 X    0.04 ASP  27 B
TYR  36 B                                            0.00 XXX   0 X    0.00 XXX   0 X    0.02 GLU  34 B
TYR  36 B                                            0.00 XXX   0 X    0.00 XXX   0 X    0.01 TYR  31 B
TYR  36 B                                            0.00 XXX   0 X    0.00 XXX   0 X    2.03 GLU   8 B

TYR  46 B  15.53    84 %    3.20  517   0.00    0   -0.41 TYR  29 B    0.00 XXX   0 X    0.09 ASP  69 B
TYR  46 B                                            0.67 ASP  27 B    0.00 XXX   0 X    1.97 ASP  27 B

TYR  59 B  10.15     0 %    0.16  188   0.00    0   -0.03 GLN  63 B    0.00 XXX   0 X    0.02 ASP  65 B

TYR  77 B  14.12   100 %    3.52  584   0.00    0    0.00 XXX   0 X    0.00 XXX   0 X    0.23 GLU   8 A
TYR  77 B                                            0.00 XXX   0 X    0.00 XXX   0 X    0.05 GLU  13 B
TYR  77 B                                            0.00 XXX   0 X    0.00 XXX   0 X    0.32 ASP  27 B

TYR  82 B  11.55    19 %    0.92  335   0.00    0    0.00 XXX   0 X    0.00 XXX   0 X    0.31 GLU   1 A
TYR  82 B                                            0.00 XXX   0 X    0.00 XXX   0 X    0.06 ASP  24 A
TYR  82 B                                            0.00 XXX   0 X    0.00 XXX   0 X    0.26 GLU  86 B

TYR 101 B  11.46    57 %    1.46  442   0.00    0    0.00 XXX   0 X    0.00 XXX   0 X    0.00 XXX   0 X

TYR 122 B  13.99    78 %    2.81  501   0.00    0    0.00 XXX   0 X    0.00 XXX   0 X    0.15 ASP  22 A
TYR 122 B                                            0.00 XXX   0 X    0.00 XXX   0 X   -0.24 ARG  92 B
TYR 122 B                                            0.00 XXX   0 X    0.00 XXX   0 X   -0.05 ARG  93 B
TYR 122 B                                            0.00 XXX   0 X    0.00 XXX   0 X    0.57 ASP  24 A
TYR 122 B                                            0.00 XXX   0 X    0.00 XXX   0 X    0.77 ASP  26 A

TYR 170 B  11.65    30 %    1.66  364   0.00    0   -0.85 THR 162 B    0.00 XXX   0 X   -0.46 ARG 132 B
TYR 170 B                                            0.78 GLU 168 B    0.00 XXX   0 X    0.13 GLU 137 B
TYR 170 B                                            0.00 XXX   0 X    0.00 XXX   0 X   -0.07 ARG 165 B
TYR 170 B                                            0.00 XXX   0 X    0.00 XXX   0 X    0.02 C-  189 B
TYR 170 B                                            0.00 XXX   0 X    0.00 XXX   0 X    0.44 GLU 168 B

LYS  64 B  10.26     0 %   -0.22  192   0.00    0    0.00 XXX   0 X    0.00 XXX   0 X    0.06 GLU  45 B
LYS  64 B                                            0.00 XXX   0 X    0.00 XXX   0 X    0.07 GLU  68 B
LYS  64 B                                            0.00 XXX   0 X    0.00 XXX   0 X   -0.15 ARG  71 B

LYS  70 B  10.96    78 %   -1.51  501   0.00    0    0.00 XXX   0 X    0.00 XXX   0 X    0.06 GLU   8 A
LYS  70 B                                            0.00 XXX   0 X    0.00 XXX   0 X    0.00 ASP  65 B
LYS  70 B                                            0.00 XXX   0 X    0.00 XXX   0 X    0.40 ASP  69 B
LYS  70 B                                            0.00 XXX   0 X    0.00 XXX   0 X    1.52 ASP  27 B

LYS  97 B  10.34     0 %   -0.16  222   0.00    0    0.00 XXX   0 X    0.00 XXX   0 X    0.00 XXX   0 X

LYS 104 B  10.23    15 %   -0.45  322   0.00    0    0.00 XXX   0 X    0.00 XXX   0 X    0.05 GLU  95 A
LYS 104 B                                            0.00 XXX   0 X    0.00 XXX   0 X    0.12 C-  178 A

LYS 138 B  10.60     0 %   -0.10  129   0.00    0    0.00 XXX   0 X    0.00 XXX   0 X   -0.05 ARG 129 B
LYS 138 B                                            0.00 XXX   0 X    0.00 XXX   0 X    0.26 GLU 136 B

ARG   3 B  12.07     0 %   -0.32  184   0.00    0    0.00 XXX   0 X    0.00 XXX   0 X    0.14 ASP  14 A
ARG   3 B                                            0.00 XXX   0 X    0.00 XXX   0 X   -0.24 ARG   5 B

ARG   5 B  13.30    11 %   -1.10  311   0.00    0    1.46 ASP  14 A    0.00 XXX   0 X    0.45 ASP  14 A

ARG  22 B  12.44     0 %   -0.23  219   0.00    0    0.00 XXX   0 X    0.00 XXX   0 X    0.02 ASP  40 B
ARG  22 B                                            0.00 XXX   0 X    0.00 XXX   0 X    0.25 ASP  42 B
ARG  22 B                                            0.00 XXX   0 X    0.00 XXX   0 X   -0.11 ARG  24 B

ARG  24 B  14.16     8 %   -0.46  303   0.00    0    1.32 ASP  40 B    0.00 XXX   0 X    0.02 GLU  13 B
ARG  24 B                                            0.00 XXX   0 X    0.00 XXX   0 X    0.35 ASP  42 B
ARG  24 B                                            0.00 XXX   0 X    0.00 XXX   0 X   -0.02 ARG  28 B
ARG  24 B                                            0.00 XXX   0 X    0.00 XXX   0 X    0.44 ASP  40 B

ARG  28 B  14.72    57 %   -1.65  441   0.00    0    0.50 GLU  13 B    0.00 XXX   0 X    0.02 GLU 138 A
ARG  28 B                                            1.69 GLU  35 B    0.00 XXX   0 X    0.10 TYR   9 B
ARG  28 B                                            0.00 XXX   0 X    0.00 XXX   0 X    0.02 ASP  40 B
ARG  28 B                                            0.00 XXX   0 X    0.00 XXX   0 X    0.82 GLU  13 B
ARG  28 B                                            0.00 XXX   0 X    0.00 XXX   0 X    0.71 GLU  35 B

ARG  38 B  13.21    35 %   -0.86  379   0.00    0    1.21 GLU  35 B    0.00 XXX   0 X    0.14 GLU  13 B
ARG  38 B                                            0.00 XXX   0 X    0.00 XXX   0 X    0.17 ASP  40 B
ARG  38 B                                            0.00 XXX   0 X    0.00 XXX   0 X   -0.11 ARG  24 B
ARG  38 B                                            0.00 XXX   0 X    0.00 XXX   0 X   -0.45 ARG  28 B
ARG  38 B                                            0.00 XXX   0 X    0.00 XXX   0 X    0.61 GLU  35 B

ARG  47 B  13.36     0 %   -0.31  251   0.00    0    0.83 GLU  45 B    0.00 XXX   0 X    0.02 ASP  40 B
ARG  47 B                                            0.00 XXX   0 X    0.00 XXX   0 X    0.32 GLU  45 B

ARG  54 B  12.62     0 %   -0.21  179   0.00    0    0.00 XXX   0 X    0.00 XXX   0 X    0.19 GLU  51 B
ARG  54 B                                            0.00 XXX   0 X    0.00 XXX   0 X    0.13 GLU  58 B

ARG  71 B  12.85     0 %   -0.38  249   0.00    0    0.33 GLU  68 B    0.00 XXX   0 X    0.09 GLU  45 B
ARG  71 B                                            0.00 XXX   0 X    0.00 XXX   0 X    0.30 GLU  68 B

ARG  79 B  12.64     4 %   -0.51  292   0.00    0    0.36 ASP  75 B    0.00 XXX   0 X    0.01 GLU  21 B
ARG  79 B                                            0.00 XXX   0 X    0.00 XXX   0 X    0.29 ASP  75 B

ARG  92 B  11.47    58 %   -1.81  445   0.00    0    0.00 XXX   0 X    0.00 XXX   0 X    0.19 ASP  26 A
ARG  92 B                                            0.00 XXX   0 X    0.00 XXX   0 X    0.20 GLU  44 A
ARG  92 B                                            0.00 XXX   0 X    0.00 XXX   0 X    0.24 TYR 122 B
ARG  92 B                                            0.00 XXX   0 X    0.00 XXX   0 X    0.14 ASP 151 B

ARG  93 B  12.02    13 %   -0.54  317   0.00    0    0.00 XXX   0 X    0.00 XXX   0 X    0.00 GLU   1 A
ARG  93 B                                            0.00 XXX   0 X    0.00 XXX   0 X    0.05 TYR 122 B

ARG 129 B  13.25     0 %   -0.26  262   0.00    0    0.24 GLU 127 B    0.00 XXX   0 X    0.28 GLU 136 B
ARG 129 B                                            0.00 XXX   0 X    0.00 XXX   0 X    0.22 GLU 175 B
ARG 129 B                                            0.00 XXX   0 X    0.00 XXX   0 X    0.27 GLU 127 B

ARG 132 B  13.12    12 %   -0.57  315   0.00    0    0.00 XXX   0 X    0.00 XXX   0 X    0.42 GLU 137 B
ARG 132 B                                            0.00 XXX   0 X    0.00 XXX   0 X    0.32 GLU 168 B
ARG 132 B                                            0.00 XXX   0 X    0.00 XXX   0 X    0.46 TYR 170 B

ARG 165 B  12.53     0 %   -0.13  173   0.00    0    0.00 XXX   0 X    0.00 XXX   0 X    0.18 GLU 168 B
ARG 165 B                                            0.00 XXX   0 X    0.00 XXX   0 X    0.07 TYR 170 B
ARG 165 B                                            0.00 XXX   0 X    0.00 XXX   0 X   -0.09 ARG 132 B

ARG 188 B  12.73     0 %   -0.23  166   0.00    0    0.10 GLU 186 B    0.00 XXX   0 X    0.33 GLU 186 B
ARG 188 B                                            0.00 XXX   0 X    0.00 XXX   0 X    0.02 C-  189 B

N+    1 B   7.63     0 %   -0.20  181   0.00    0    0.00 XXX   0 X    0.00 XXX   0 X    0.01 ASP  14 A
N+    1 B                                            0.00 XXX   0 X    0.00 XXX   0 X   -0.07 ARG   3 B
N+    1 B                                            0.00 XXX   0 X    0.00 XXX   0 X   -0.11 ARG   5 B

Coupled residues (marked *) were detected.Please rerun PropKa with the --display-coupled-residues 
or -d option for detailed information.

2026-08-29 12:48:18,268 INFO:output.py:227:print_pka_section:pKa summary:
--------------------------------------------------------------------------------------------------------
SUMMARY OF THIS PREDICTION
       Group      pKa  model-pKa   ligand atom-type
   ASP  14 A     2.75       3.80                      
   ASP  22 A     6.83       3.80                      
   ASP  24 A     4.05       3.80                      
   ASP  26 A     3.68       3.80                      
   ASP  32 A     2.79       3.80                      
   ASP  63 A    11.13       3.80                      
   ASP 107 A     4.59       3.80                      
   ASP 139 A     2.09       3.80                      
   ASP 156 A     2.80       3.80                      
   ASP 159 A     3.86       3.80                      
   ASP 168 A     3.92       3.80                      
   ASP 178 A     5.59       3.80                      
   ASP  27 B     3.69       3.80                      
   ASP  40 B     2.29       3.80                      
   ASP  42 B     3.96       3.80                      
   ASP  65 B     3.52       3.80                      
   ASP  69 B     3.99       3.80                      
   ASP  75 B     3.48       3.80                      
   ASP 151 B     4.70       3.80                      
   GLU   1 A     3.70       4.50                      
   GLU   8 A     5.02       4.50                      
   GLU  18 A     8.68       4.50                      
   GLU  27 A     4.70       4.50                      
   GLU  37 A     4.70       4.50                      
   GLU  43 A     4.53       4.50                      
   GLU  44 A     3.91       4.50                      
   GLU  52 A     3.98       4.50                      
   GLU  68 A     4.49       4.50                      
   GLU  85 A     4.14       4.50                      
   GLU  95 A     4.65       4.50                      
   GLU  98 A     4.88       4.50                      
   GLU 131 A     1.68       4.50                      
   GLU 138 A     4.67       4.50                      
   GLU 155 A     4.69       4.50                      
   GLU 163 A     3.99       4.50                      
   GLU 169 A     4.61       4.50                      
   GLU 176 A     2.96       4.50                      
   GLU   8 B     8.20       4.50                      
   GLU  13 B     3.05       4.50                      
   GLU  21 B     4.39       4.50                      
   GLU  34 B     4.56       4.50                      
   GLU  35 B     2.43       4.50                      
   GLU  45 B     3.51       4.50                      
   GLU  51 B     4.40       4.50                      
   GLU  58 B     4.59       4.50                      
   GLU  68 B     4.09       4.50                      
   GLU  86 B     4.80       4.50                      
   GLU 127 B     4.22       4.50                      
   GLU 136 B     4.43       4.50                      
   GLU 137 B     4.72       4.50                      
   GLU 161 B     4.68       4.50                      
   GLU 168 B     3.30       4.50                      
   GLU 175 B     4.70       4.50                      
   GLU 186 B     4.36       4.50                      
   C-  178 A     3.56       3.20                      
   C-  189 B     3.14       3.20                      
   HIS   2 A     7.48       6.50                      
   HIS  30 A     7.29       6.50                      
   HIS 140 A     4.83       6.50                      
   HIS 146 A     5.33       6.50                      
   HIS 164 A     4.97       6.50                      
   HIS 174 A     8.27       6.50                      
   HIS  15 B     7.11       6.50                      
   HIS  80 B     6.23       6.50                      
   HIS  95 B     6.01       6.50                      
   HIS 110 B     6.21       6.50                      
   HIS 111 B     6.32       6.50                      
   HIS 148 B     6.84       6.50                      
   HIS 176 B     5.32       6.50                      
   CYS 104 A    99.99       9.00                      
   CYS 160 A    99.99       9.00                      
   CYS  14 B    99.99       9.00                      
   CYS  78 B    99.99       9.00                      
   CYS 116 B    99.99       9.00                      
   CYS 172 B    99.99       9.00                      
   TYR  10 A    10.26      10.00                      
   TYR  76 A    10.05      10.00                      
   TYR 147 A    13.28      10.00                      
   TYR 158 A    10.66      10.00                      
   TYR   9 B    13.97      10.00                      
   TYR  29 B    18.88      10.00                      
   TYR  31 B    10.87      10.00                      
   TYR  36 B    16.19      10.00                      
   TYR  46 B    15.53      10.00                      
   TYR  59 B    10.15      10.00                      
   TYR  77 B    14.12      10.00                      
   TYR  82 B    11.55      10.00                      
   TYR 101 B    11.46      10.00                      
   TYR 122 B    13.99      10.00                      
   TYR 170 B    11.65      10.00                      
   LYS  35 A    10.81      10.50                      
   LYS  36 A    10.39      10.50                      
   LYS  64 A    11.23      10.50                      
   LYS  72 A    10.62      10.50                      
   LYS 108 A    10.97      10.50                      
   LYS 123 A    10.33      10.50                      
   LYS 144 A     9.35      10.50                      
   LYS 173 A    10.29      10.50                      
   LYS  64 B    10.26      10.50                      
   LYS  70 B    10.96      10.50                      
   LYS  97 B    10.34      10.50                      
   LYS 104 B    10.23      10.50                      
   LYS 138 B    10.60      10.50                      
   ARG  41 A    13.18      12.50                      
   ARG  47 A    12.54      12.50                      
   ARG  73 A    11.73      12.50                      
   ARG  97 A    12.33      12.50                      
   ARG 120 A    13.25      12.50                      
   ARG 137 A    14.24      12.50                      
   ARG 143 A    11.74      12.50                      
   ARG 161 A    12.37      12.50                      
   ARG   3 B    12.07      12.50                      
   ARG   5 B    13.30      12.50                      
   ARG  22 B    12.44      12.50                      
   ARG  24 B    14.16      12.50                      
   ARG  28 B    14.72      12.50                      
   ARG  38 B    13.21      12.50                      
   ARG  47 B    13.36      12.50                      
   ARG  54 B    12.62      12.50                      
   ARG  71 B    12.85      12.50                      
   ARG  79 B    12.64      12.50                      
   ARG  92 B    11.47      12.50                      
   ARG  93 B    12.02      12.50                      
   ARG 129 B    13.25      12.50                      
   ARG 132 B    13.12      12.50                      
   ARG 165 B    12.53      12.50                      
   ARG 188 B    12.73      12.50                      
   N+    1 A     7.82       8.00                      
   N+    1 B     7.63       8.00                      

2026-08-29 12:48:18,286 INFO:main.py:648:non_trivial:PROPKA information:
--------------------------------------------------------------------------------------------------------
Free energy of   folding (kcal/mol) as a function of pH (using neutral reference)
  0.00     32.60
  1.00     31.54
  2.00     28.72
  3.00     21.97
  4.00     13.75
  5.00     12.73
  6.00     15.06
  7.00     19.05
  8.00     24.26
  9.00     27.79
 10.00     33.08
 11.00     45.01
 12.00     57.16
 13.00     70.37
 14.00     83.33

The pH of optimum stability is  4.6 for which the free energy is   12.2 kcal/mol at 298K
Could not determine pH values where the free energy is within 80 % of minimum
Could not determine the pH-range where the free energy is negative


Protein charge of folded and unfolded state as a function of pH
    pH  unfolded  folded
  0.00     51.99   51.59
  0.10     51.99   51.53
  0.20     51.99   51.46
  0.30     51.99   51.38
  0.40     51.99   51.30
  0.50     51.98   51.21
  0.60     51.98   51.12
  0.70     51.97   51.03
  0.80     51.97   50.93
  0.90     51.96   50.82
  1.00     51.94   50.71
  1.10     51.93   50.57
  1.20     51.91   50.43
  1.30     51.89   50.26
  1.40     51.86   50.07
  1.50     51.83   49.85
  1.60     51.78   49.60
  1.70     51.73   49.31
  1.80     51.66   48.99
  1.90     51.57   48.62
  2.00     51.46   48.21
  2.10     51.32   47.75
  2.20     51.15   47.24
  2.30     50.94   46.67
  2.40     50.68   46.05
  2.50     50.36   45.36
  2.60     49.97   44.61
  2.70     49.50   43.79
  2.80     48.93   42.90
  2.90     48.24   41.93
  3.00     47.41   40.89
  3.10     46.44   39.76
  3.20     45.31   38.54
  3.30     43.99   37.23
  3.40     42.49   35.84
  3.50     40.80   34.34
  3.60     38.90   32.76
  3.70     36.82   31.08
  3.80     34.55   29.31
  3.90     32.13   27.46
  4.00     29.56   25.54
  4.10     26.88   23.56
  4.20     24.13   21.52
  4.30     21.33   19.46
  4.40     18.54   17.38
  4.50     15.79   15.30
  4.60     13.14   13.26
  4.70     10.63   11.26
  4.80      8.30    9.35
  4.90      6.16    7.53
  5.00      4.23    5.82
  5.10      2.51    4.23
  5.20      0.98    2.77
  5.30     -0.36    1.43
  5.40     -1.55    0.21
  5.50     -2.61   -0.89
  5.60     -3.57   -1.89
  5.70     -4.46   -2.81
  5.80     -5.30   -3.65
  5.90     -6.13   -4.42
  6.00     -6.94   -5.15
  6.10     -7.77   -5.83
  6.20     -8.61   -6.47
  6.30     -9.46   -7.08
  6.40    -10.32   -7.67
  6.50    -11.18   -8.25
  6.60    -12.02   -8.80
  6.70    -12.83   -9.34
  6.80    -13.60   -9.87
  6.90    -14.31  -10.40
  7.00    -14.95  -10.91
  7.10    -15.54  -11.42
  7.20    -16.06  -11.92
  7.30    -16.53  -12.41
  7.40    -16.95  -12.90
  7.50    -17.32  -13.38
  7.60    -17.66  -13.85
  7.70    -17.97  -14.30
  7.80    -18.25  -14.75
  7.90    -18.52  -15.18
  8.00    -18.78  -15.60
  8.10    -19.03  -16.00
  8.20    -19.26  -16.39
  8.30    -19.50  -16.77
  8.40    -19.74  -17.13
  8.50    -19.98  -17.48
  8.60    -20.23  -17.82
  8.70    -20.51  -18.15
  8.80    -20.81  -18.48
  8.90    -21.15  -18.81
  9.00    -21.55  -19.14
  9.10    -22.00  -19.48
  9.20    -22.54  -19.85
  9.30    -23.17  -20.24
  9.40    -23.89  -20.66
  9.50    -24.73  -21.12
  9.60    -25.70  -21.63
  9.70    -26.78  -22.20
  9.80    -27.98  -22.83
  9.90    -29.28  -23.53
 10.00    -30.67  -24.29
 10.10    -32.14  -25.12
 10.20    -33.64  -26.02
 10.30    -35.16  -26.97
 10.40    -36.66  -27.96
 10.50    -38.13  -29.00
 10.60    -39.53  -30.06
 10.70    -40.85  -31.14
 10.80    -42.07  -32.22
 10.90    -43.21  -33.31
 11.00    -44.25  -34.40
 11.10    -45.20  -35.48
 11.20    -46.09  -36.55
 11.30    -46.93  -37.61
 11.40    -47.74  -38.66
 11.50    -48.54  -39.70
 11.60    -49.36  -40.74
 11.70    -50.22  -41.76
 11.80    -51.14  -42.79
 11.90    -52.13  -43.82
 12.00    -53.22  -44.84
 12.10    -54.40  -45.88
 12.20    -55.66  -46.91
 12.30    -57.01  -47.96
 12.40    -58.40  -49.01
 12.50    -59.82  -50.06
 12.60    -61.24  -51.13
 12.70    -62.60  -52.19
 12.80    -63.90  -53.24
 12.90    -65.10  -54.29
 13.00    -66.18  -55.32
 13.10    -67.14  -56.34
 13.20    -67.97  -57.32
 13.30    -68.69  -58.28
 13.40    -69.29  -59.20
 13.50    -69.80  -60.08
 13.60    -70.22  -60.92
 13.70    -70.56  -61.71
 13.80    -70.85  -62.46
 13.90    -71.07  -63.16
 14.00    -71.26  -63.83
The pI is  5.42 (folded) and  5.27 (unfolded)

--------------------------------------------------------------------------------------------------------
2026-08-29 12:48:18,287 INFO:biomolecule.py:797:apply_pka_values:Applying pKa values at a pH of 7.40:
2026-08-29 12:48:18,288 INFO:main.py:661:non_trivial:Adding hydrogens to biomolecule.
2026-08-29 12:48:18,442 INFO:main.py:664:non_trivial:Debumping biomolecule (again).
2026-08-29 12:48:18,653 INFO:main.py:666:non_trivial:Optimizing hydrogen bonds
2026-08-29 12:48:19,094 INFO:main.py:678:non_trivial:Applying force field to biomolecule states.
2026-08-29 12:48:19,097 INFO:main.py:725:non_trivial:Regenerating headers.
2026-08-29 12:48:19,097 INFO:main.py:750:non_trivial:Regenerating PDB lines.
2026-08-29 12:48:19,111 WARNING:main.py:326:print_pqr:Ignoring 467 header lines in output.
